
*** Running vivado
    with args -log top.vds -m64 -product Vivado -mode batch -messageDb vivado.pb -notrace -source top.tcl



****** Vivado v2023.1 (64-bit)
  **** SW Build 3865809 on Sun May  7 15:05:29 MDT 2023
  **** IP Build 3864474 on Sun May  7 20:36:21 MDT 2023
  **** SharedData Build 3865790 on Sun May 07 13:33:03 MDT 2023
    ** Copyright 1986-2022 Xilinx, Inc. All Rights Reserved.
    ** Copyright 2022-2023 Advanced Micro Devices, Inc. All Rights Reserved.

source top.tcl -notrace
INFO: [IP_Flow 19-234] Refreshing IP repositories
INFO: [IP_Flow 19-1704] No user IP repositories specified
INFO: [IP_Flow 19-2313] Loaded Vivado IP repository 'G:/Xilinx/Vivado/2023.1/data/ip'.
Command: synth_design -top top -part xc7a35tcpg236-1
Starting synth_design
Attempting to get a license for feature 'Synthesis' and/or device 'xc7a35t'
INFO: [Common 17-349] Got license for feature 'Synthesis' and/or device 'xc7a35t'
INFO: [Device 21-403] Loading part xc7a35tcpg236-1
INFO: [Synth 8-7079] Multithreading enabled for synth_design using a maximum of 2 processes.
INFO: [Synth 8-7078] Launching helper process for spawning children vivado processes
INFO: [Synth 8-7075] Helper process launched with PID 31252
---------------------------------------------------------------------------------
Starting RTL Elaboration : Time (s): cpu = 00:00:02 ; elapsed = 00:00:03 . Memory (MB): peak = 2308.602 ; gain = 408.227
---------------------------------------------------------------------------------
INFO: [Synth 8-6157] synthesizing module 'top' [D:/vivado_pj/spi_master_ip/spi_master_ip.srcs/sources_1/new/top.v:4]
INFO: [Synth 8-6157] synthesizing module 'spi' [d:/vivado_pj/spi_master_ip/spi_master_ip.gen/sources_1/bd/spi/synth/spi.v:657]
INFO: [Synth 8-6157] synthesizing module 'spi_axi_quad_spi_0_2' [D:/vivado_pj/spi_master_ip/spi_master_ip.runs/synth_1/.Xil/Vivado-30968-SmST12/realtime/spi_axi_quad_spi_0_2_stub.v:6]
INFO: [Synth 8-6155] done synthesizing module 'spi_axi_quad_spi_0_2' (0#1) [D:/vivado_pj/spi_master_ip/spi_master_ip.runs/synth_1/.Xil/Vivado-30968-SmST12/realtime/spi_axi_quad_spi_0_2_stub.v:6]
WARNING: [Synth 8-7071] port 'ip2intc_irpt' of module 'spi_axi_quad_spi_0_2' is unconnected for instance 'axi_quad_spi_0' [d:/vivado_pj/spi_master_ip/spi_master_ip.gen/sources_1/bd/spi/synth/spi.v:812]
WARNING: [Synth 8-7023] instance 'axi_quad_spi_0' of module 'spi_axi_quad_spi_0_2' has 33 connections declared, but only 32 given [d:/vivado_pj/spi_master_ip/spi_master_ip.gen/sources_1/bd/spi/synth/spi.v:812]
INFO: [Synth 8-6157] synthesizing module 'spi_axi_uartlite_0_1' [D:/vivado_pj/spi_master_ip/spi_master_ip.runs/synth_1/.Xil/Vivado-30968-SmST12/realtime/spi_axi_uartlite_0_1_stub.v:6]
INFO: [Synth 8-6155] done synthesizing module 'spi_axi_uartlite_0_1' (0#1) [D:/vivado_pj/spi_master_ip/spi_master_ip.runs/synth_1/.Xil/Vivado-30968-SmST12/realtime/spi_axi_uartlite_0_1_stub.v:6]
WARNING: [Synth 8-7071] port 'interrupt' of module 'spi_axi_uartlite_0_1' is unconnected for instance 'axi_uartlite_0' [d:/vivado_pj/spi_master_ip/spi_master_ip.gen/sources_1/bd/spi/synth/spi.v:845]
WARNING: [Synth 8-7023] instance 'axi_uartlite_0' of module 'spi_axi_uartlite_0_1' has 22 connections declared, but only 21 given [d:/vivado_pj/spi_master_ip/spi_master_ip.gen/sources_1/bd/spi/synth/spi.v:845]
INFO: [Synth 8-6157] synthesizing module 'spi_clk_wiz_1_2' [D:/vivado_pj/spi_master_ip/spi_master_ip.runs/synth_1/.Xil/Vivado-30968-SmST12/realtime/spi_clk_wiz_1_2_stub.v:6]
INFO: [Synth 8-6155] done synthesizing module 'spi_clk_wiz_1_2' (0#1) [D:/vivado_pj/spi_master_ip/spi_master_ip.runs/synth_1/.Xil/Vivado-30968-SmST12/realtime/spi_clk_wiz_1_2_stub.v:6]
INFO: [Synth 8-6157] synthesizing module 'spi_mdm_1_2' [D:/vivado_pj/spi_master_ip/spi_master_ip.runs/synth_1/.Xil/Vivado-30968-SmST12/realtime/spi_mdm_1_2_stub.v:6]
INFO: [Synth 8-6155] done synthesizing module 'spi_mdm_1_2' (0#1) [D:/vivado_pj/spi_master_ip/spi_master_ip.runs/synth_1/.Xil/Vivado-30968-SmST12/realtime/spi_mdm_1_2_stub.v:6]
INFO: [Synth 8-6157] synthesizing module 'spi_microblaze_0_2' [D:/vivado_pj/spi_master_ip/spi_master_ip.runs/synth_1/.Xil/Vivado-30968-SmST12/realtime/spi_microblaze_0_2_stub.v:6]
INFO: [Synth 8-6155] done synthesizing module 'spi_microblaze_0_2' (0#1) [D:/vivado_pj/spi_master_ip/spi_master_ip.runs/synth_1/.Xil/Vivado-30968-SmST12/realtime/spi_microblaze_0_2_stub.v:6]
WARNING: [Synth 8-7071] port 'Interrupt_Ack' of module 'spi_microblaze_0_2' is unconnected for instance 'microblaze_0' [d:/vivado_pj/spi_master_ip/spi_master_ip.gen/sources_1/bd/spi/synth/spi.v:885]
WARNING: [Synth 8-7023] instance 'microblaze_0' of module 'spi_microblaze_0_2' has 52 connections declared, but only 51 given [d:/vivado_pj/spi_master_ip/spi_master_ip.gen/sources_1/bd/spi/synth/spi.v:885]
INFO: [Synth 8-6157] synthesizing module 'spi_microblaze_0_axi_periph_6' [d:/vivado_pj/spi_master_ip/spi_master_ip.gen/sources_1/bd/spi/synth/spi.v:1032]
INFO: [Synth 8-6157] synthesizing module 'm00_couplers_imp_1745GJ1' [d:/vivado_pj/spi_master_ip/spi_master_ip.gen/sources_1/bd/spi/synth/spi.v:13]
INFO: [Synth 8-6155] done synthesizing module 'm00_couplers_imp_1745GJ1' (0#1) [d:/vivado_pj/spi_master_ip/spi_master_ip.gen/sources_1/bd/spi/synth/spi.v:13]
INFO: [Synth 8-6157] synthesizing module 'm01_couplers_imp_JORYI0' [d:/vivado_pj/spi_master_ip/spi_master_ip.gen/sources_1/bd/spi/synth/spi.v:145]
INFO: [Synth 8-6155] done synthesizing module 'm01_couplers_imp_JORYI0' (0#1) [d:/vivado_pj/spi_master_ip/spi_master_ip.gen/sources_1/bd/spi/synth/spi.v:145]
INFO: [Synth 8-6157] synthesizing module 's00_couplers_imp_DZWH5J' [d:/vivado_pj/spi_master_ip/spi_master_ip.gen/sources_1/bd/spi/synth/spi.v:511]
INFO: [Synth 8-6155] done synthesizing module 's00_couplers_imp_DZWH5J' (0#1) [d:/vivado_pj/spi_master_ip/spi_master_ip.gen/sources_1/bd/spi/synth/spi.v:511]
INFO: [Synth 8-6157] synthesizing module 'spi_xbar_1' [D:/vivado_pj/spi_master_ip/spi_master_ip.runs/synth_1/.Xil/Vivado-30968-SmST12/realtime/spi_xbar_1_stub.v:6]
INFO: [Synth 8-6155] done synthesizing module 'spi_xbar_1' (0#1) [D:/vivado_pj/spi_master_ip/spi_master_ip.runs/synth_1/.Xil/Vivado-30968-SmST12/realtime/spi_xbar_1_stub.v:6]
WARNING: [Synth 8-7071] port 'm_axi_awprot' of module 'spi_xbar_1' is unconnected for instance 'xbar' [d:/vivado_pj/spi_master_ip/spi_master_ip.gen/sources_1/bd/spi/synth/spi.v:1441]
WARNING: [Synth 8-7071] port 'm_axi_arprot' of module 'spi_xbar_1' is unconnected for instance 'xbar' [d:/vivado_pj/spi_master_ip/spi_master_ip.gen/sources_1/bd/spi/synth/spi.v:1441]
WARNING: [Synth 8-7023] instance 'xbar' of module 'spi_xbar_1' has 40 connections declared, but only 38 given [d:/vivado_pj/spi_master_ip/spi_master_ip.gen/sources_1/bd/spi/synth/spi.v:1441]
INFO: [Synth 8-6155] done synthesizing module 'spi_microblaze_0_axi_periph_6' (0#1) [d:/vivado_pj/spi_master_ip/spi_master_ip.gen/sources_1/bd/spi/synth/spi.v:1032]
INFO: [Synth 8-6157] synthesizing module 'microblaze_0_local_memory_imp_W13633' [d:/vivado_pj/spi_master_ip/spi_master_ip.gen/sources_1/bd/spi/synth/spi.v:277]
INFO: [Synth 8-6157] synthesizing module 'spi_dlmb_bram_if_cntlr_2' [D:/vivado_pj/spi_master_ip/spi_master_ip.runs/synth_1/.Xil/Vivado-30968-SmST12/realtime/spi_dlmb_bram_if_cntlr_2_stub.v:6]
INFO: [Synth 8-6155] done synthesizing module 'spi_dlmb_bram_if_cntlr_2' (0#1) [D:/vivado_pj/spi_master_ip/spi_master_ip.runs/synth_1/.Xil/Vivado-30968-SmST12/realtime/spi_dlmb_bram_if_cntlr_2_stub.v:6]
INFO: [Synth 8-6157] synthesizing module 'spi_dlmb_v10_2' [D:/vivado_pj/spi_master_ip/spi_master_ip.runs/synth_1/.Xil/Vivado-30968-SmST12/realtime/spi_dlmb_v10_2_stub.v:6]
INFO: [Synth 8-6155] done synthesizing module 'spi_dlmb_v10_2' (0#1) [D:/vivado_pj/spi_master_ip/spi_master_ip.runs/synth_1/.Xil/Vivado-30968-SmST12/realtime/spi_dlmb_v10_2_stub.v:6]
WARNING: [Synth 8-7071] port 'LMB_Rst' of module 'spi_dlmb_v10_2' is unconnected for instance 'dlmb_v10' [d:/vivado_pj/spi_master_ip/spi_master_ip.gen/sources_1/bd/spi/synth/spi.v:423]
WARNING: [Synth 8-7023] instance 'dlmb_v10' of module 'spi_dlmb_v10_2' has 25 connections declared, but only 24 given [d:/vivado_pj/spi_master_ip/spi_master_ip.gen/sources_1/bd/spi/synth/spi.v:423]
INFO: [Synth 8-6157] synthesizing module 'spi_ilmb_bram_if_cntlr_2' [D:/vivado_pj/spi_master_ip/spi_master_ip.runs/synth_1/.Xil/Vivado-30968-SmST12/realtime/spi_ilmb_bram_if_cntlr_2_stub.v:6]
INFO: [Synth 8-6155] done synthesizing module 'spi_ilmb_bram_if_cntlr_2' (0#1) [D:/vivado_pj/spi_master_ip/spi_master_ip.runs/synth_1/.Xil/Vivado-30968-SmST12/realtime/spi_ilmb_bram_if_cntlr_2_stub.v:6]
INFO: [Synth 8-6157] synthesizing module 'spi_ilmb_v10_2' [D:/vivado_pj/spi_master_ip/spi_master_ip.runs/synth_1/.Xil/Vivado-30968-SmST12/realtime/spi_ilmb_v10_2_stub.v:6]
INFO: [Synth 8-6155] done synthesizing module 'spi_ilmb_v10_2' (0#1) [D:/vivado_pj/spi_master_ip/spi_master_ip.runs/synth_1/.Xil/Vivado-30968-SmST12/realtime/spi_ilmb_v10_2_stub.v:6]
WARNING: [Synth 8-7071] port 'LMB_Rst' of module 'spi_ilmb_v10_2' is unconnected for instance 'ilmb_v10' [d:/vivado_pj/spi_master_ip/spi_master_ip.gen/sources_1/bd/spi/synth/spi.v:469]
WARNING: [Synth 8-7023] instance 'ilmb_v10' of module 'spi_ilmb_v10_2' has 25 connections declared, but only 24 given [d:/vivado_pj/spi_master_ip/spi_master_ip.gen/sources_1/bd/spi/synth/spi.v:469]
INFO: [Synth 8-6157] synthesizing module 'spi_lmb_bram_2' [D:/vivado_pj/spi_master_ip/spi_master_ip.runs/synth_1/.Xil/Vivado-30968-SmST12/realtime/spi_lmb_bram_2_stub.v:6]
INFO: [Synth 8-6155] done synthesizing module 'spi_lmb_bram_2' (0#1) [D:/vivado_pj/spi_master_ip/spi_master_ip.runs/synth_1/.Xil/Vivado-30968-SmST12/realtime/spi_lmb_bram_2_stub.v:6]
WARNING: [Synth 8-7071] port 'rsta_busy' of module 'spi_lmb_bram_2' is unconnected for instance 'lmb_bram' [d:/vivado_pj/spi_master_ip/spi_master_ip.gen/sources_1/bd/spi/synth/spi.v:494]
WARNING: [Synth 8-7071] port 'rstb_busy' of module 'spi_lmb_bram_2' is unconnected for instance 'lmb_bram' [d:/vivado_pj/spi_master_ip/spi_master_ip.gen/sources_1/bd/spi/synth/spi.v:494]
WARNING: [Synth 8-7023] instance 'lmb_bram' of module 'spi_lmb_bram_2' has 16 connections declared, but only 14 given [d:/vivado_pj/spi_master_ip/spi_master_ip.gen/sources_1/bd/spi/synth/spi.v:494]
INFO: [Synth 8-6155] done synthesizing module 'microblaze_0_local_memory_imp_W13633' (0#1) [d:/vivado_pj/spi_master_ip/spi_master_ip.gen/sources_1/bd/spi/synth/spi.v:277]
INFO: [Synth 8-6157] synthesizing module 'spi_rst_clk_wiz_1_100M_2' [D:/vivado_pj/spi_master_ip/spi_master_ip.runs/synth_1/.Xil/Vivado-30968-SmST12/realtime/spi_rst_clk_wiz_1_100M_2_stub.v:6]
INFO: [Synth 8-6155] done synthesizing module 'spi_rst_clk_wiz_1_100M_2' (0#1) [D:/vivado_pj/spi_master_ip/spi_master_ip.runs/synth_1/.Xil/Vivado-30968-SmST12/realtime/spi_rst_clk_wiz_1_100M_2_stub.v:6]
WARNING: [Synth 8-7071] port 'peripheral_reset' of module 'spi_rst_clk_wiz_1_100M_2' is unconnected for instance 'rst_clk_wiz_1_100M' [d:/vivado_pj/spi_master_ip/spi_master_ip.gen/sources_1/bd/spi/synth/spi.v:1021]
WARNING: [Synth 8-7071] port 'interconnect_aresetn' of module 'spi_rst_clk_wiz_1_100M_2' is unconnected for instance 'rst_clk_wiz_1_100M' [d:/vivado_pj/spi_master_ip/spi_master_ip.gen/sources_1/bd/spi/synth/spi.v:1021]
WARNING: [Synth 8-7023] instance 'rst_clk_wiz_1_100M' of module 'spi_rst_clk_wiz_1_100M_2' has 10 connections declared, but only 8 given [d:/vivado_pj/spi_master_ip/spi_master_ip.gen/sources_1/bd/spi/synth/spi.v:1021]
INFO: [Synth 8-6155] done synthesizing module 'spi' (0#1) [d:/vivado_pj/spi_master_ip/spi_master_ip.gen/sources_1/bd/spi/synth/spi.v:657]
INFO: [Synth 8-6155] done synthesizing module 'top' (0#1) [D:/vivado_pj/spi_master_ip/spi_master_ip.srcs/sources_1/new/top.v:4]
WARNING: [Synth 8-3848] Net spi_miso in module/entity top does not have driver. [D:/vivado_pj/spi_master_ip/spi_master_ip.srcs/sources_1/new/top.v:16]
WARNING: [Synth 8-7129] Port M_ACLK in module s00_couplers_imp_DZWH5J is either unconnected or has no load
WARNING: [Synth 8-7129] Port M_ARESETN in module s00_couplers_imp_DZWH5J is either unconnected or has no load
WARNING: [Synth 8-7129] Port S_ACLK in module s00_couplers_imp_DZWH5J is either unconnected or has no load
WARNING: [Synth 8-7129] Port S_ARESETN in module s00_couplers_imp_DZWH5J is either unconnected or has no load
WARNING: [Synth 8-7129] Port M_ACLK in module m01_couplers_imp_JORYI0 is either unconnected or has no load
WARNING: [Synth 8-7129] Port M_ARESETN in module m01_couplers_imp_JORYI0 is either unconnected or has no load
WARNING: [Synth 8-7129] Port S_ACLK in module m01_couplers_imp_JORYI0 is either unconnected or has no load
WARNING: [Synth 8-7129] Port S_ARESETN in module m01_couplers_imp_JORYI0 is either unconnected or has no load
WARNING: [Synth 8-7129] Port M_ACLK in module m00_couplers_imp_1745GJ1 is either unconnected or has no load
WARNING: [Synth 8-7129] Port M_ARESETN in module m00_couplers_imp_1745GJ1 is either unconnected or has no load
WARNING: [Synth 8-7129] Port S_ACLK in module m00_couplers_imp_1745GJ1 is either unconnected or has no load
WARNING: [Synth 8-7129] Port S_ARESETN in module m00_couplers_imp_1745GJ1 is either unconnected or has no load
WARNING: [Synth 8-7129] Port M00_ACLK in module spi_microblaze_0_axi_periph_6 is either unconnected or has no load
WARNING: [Synth 8-7129] Port M00_ARESETN in module spi_microblaze_0_axi_periph_6 is either unconnected or has no load
WARNING: [Synth 8-7129] Port M01_ACLK in module spi_microblaze_0_axi_periph_6 is either unconnected or has no load
WARNING: [Synth 8-7129] Port M01_ARESETN in module spi_microblaze_0_axi_periph_6 is either unconnected or has no load
WARNING: [Synth 8-7129] Port S00_ACLK in module spi_microblaze_0_axi_periph_6 is either unconnected or has no load
WARNING: [Synth 8-7129] Port S00_ARESETN in module spi_microblaze_0_axi_periph_6 is either unconnected or has no load
---------------------------------------------------------------------------------
Finished RTL Elaboration : Time (s): cpu = 00:00:03 ; elapsed = 00:00:04 . Memory (MB): peak = 2407.383 ; gain = 507.008
---------------------------------------------------------------------------------
---------------------------------------------------------------------------------
Start Handling Custom Attributes
---------------------------------------------------------------------------------
---------------------------------------------------------------------------------
Finished Handling Custom Attributes : Time (s): cpu = 00:00:03 ; elapsed = 00:00:04 . Memory (MB): peak = 2425.285 ; gain = 524.910
---------------------------------------------------------------------------------
---------------------------------------------------------------------------------
Finished RTL Optimization Phase 1 : Time (s): cpu = 00:00:03 ; elapsed = 00:00:04 . Memory (MB): peak = 2425.285 ; gain = 524.910
---------------------------------------------------------------------------------
Netlist sorting complete. Time (s): cpu = 00:00:00 ; elapsed = 00:00:00.011 . Memory (MB): peak = 2425.285 ; gain = 0.000
INFO: [Project 1-570] Preparing netlist for logic optimization

Processing XDC Constraints
Initializing timing engine
Parsing XDC File [d:/vivado_pj/spi_master_ip/spi_master_ip.gen/sources_1/bd/spi/ip/spi_microblaze_0_2/spi_microblaze_0_2/spi_microblaze_0_1_in_context.xdc] for cell 'spi_i/microblaze_0'
Finished Parsing XDC File [d:/vivado_pj/spi_master_ip/spi_master_ip.gen/sources_1/bd/spi/ip/spi_microblaze_0_2/spi_microblaze_0_2/spi_microblaze_0_1_in_context.xdc] for cell 'spi_i/microblaze_0'
Parsing XDC File [d:/vivado_pj/spi_master_ip/spi_master_ip.gen/sources_1/bd/spi/ip/spi_axi_quad_spi_0_2/spi_axi_quad_spi_0_2/spi_axi_quad_spi_0_2_in_context.xdc] for cell 'spi_i/axi_quad_spi_0'
Finished Parsing XDC File [d:/vivado_pj/spi_master_ip/spi_master_ip.gen/sources_1/bd/spi/ip/spi_axi_quad_spi_0_2/spi_axi_quad_spi_0_2/spi_axi_quad_spi_0_2_in_context.xdc] for cell 'spi_i/axi_quad_spi_0'
Parsing XDC File [d:/vivado_pj/spi_master_ip/spi_master_ip.gen/sources_1/bd/spi/ip/spi_axi_uartlite_0_1/spi_axi_uartlite_0_1/spi_axi_uartlite_0_0_in_context.xdc] for cell 'spi_i/axi_uartlite_0'
Finished Parsing XDC File [d:/vivado_pj/spi_master_ip/spi_master_ip.gen/sources_1/bd/spi/ip/spi_axi_uartlite_0_1/spi_axi_uartlite_0_1/spi_axi_uartlite_0_0_in_context.xdc] for cell 'spi_i/axi_uartlite_0'
Parsing XDC File [d:/vivado_pj/spi_master_ip/spi_master_ip.gen/sources_1/bd/spi/ip/spi_dlmb_v10_2/spi_dlmb_v10_2/spi_dlmb_v10_0_in_context.xdc] for cell 'spi_i/microblaze_0_local_memory/dlmb_v10'
Finished Parsing XDC File [d:/vivado_pj/spi_master_ip/spi_master_ip.gen/sources_1/bd/spi/ip/spi_dlmb_v10_2/spi_dlmb_v10_2/spi_dlmb_v10_0_in_context.xdc] for cell 'spi_i/microblaze_0_local_memory/dlmb_v10'
Parsing XDC File [d:/vivado_pj/spi_master_ip/spi_master_ip.gen/sources_1/bd/spi/ip/spi_ilmb_v10_2/spi_ilmb_v10_2/spi_dlmb_v10_0_in_context.xdc] for cell 'spi_i/microblaze_0_local_memory/ilmb_v10'
Finished Parsing XDC File [d:/vivado_pj/spi_master_ip/spi_master_ip.gen/sources_1/bd/spi/ip/spi_ilmb_v10_2/spi_ilmb_v10_2/spi_dlmb_v10_0_in_context.xdc] for cell 'spi_i/microblaze_0_local_memory/ilmb_v10'
Parsing XDC File [d:/vivado_pj/spi_master_ip/spi_master_ip.gen/sources_1/bd/spi/ip/spi_dlmb_bram_if_cntlr_2/spi_dlmb_bram_if_cntlr_2/spi_dlmb_bram_if_cntlr_0_in_context.xdc] for cell 'spi_i/microblaze_0_local_memory/dlmb_bram_if_cntlr'
Finished Parsing XDC File [d:/vivado_pj/spi_master_ip/spi_master_ip.gen/sources_1/bd/spi/ip/spi_dlmb_bram_if_cntlr_2/spi_dlmb_bram_if_cntlr_2/spi_dlmb_bram_if_cntlr_0_in_context.xdc] for cell 'spi_i/microblaze_0_local_memory/dlmb_bram_if_cntlr'
Parsing XDC File [d:/vivado_pj/spi_master_ip/spi_master_ip.gen/sources_1/bd/spi/ip/spi_ilmb_bram_if_cntlr_2/spi_ilmb_bram_if_cntlr_2/spi_ilmb_bram_if_cntlr_0_in_context.xdc] for cell 'spi_i/microblaze_0_local_memory/ilmb_bram_if_cntlr'
Finished Parsing XDC File [d:/vivado_pj/spi_master_ip/spi_master_ip.gen/sources_1/bd/spi/ip/spi_ilmb_bram_if_cntlr_2/spi_ilmb_bram_if_cntlr_2/spi_ilmb_bram_if_cntlr_0_in_context.xdc] for cell 'spi_i/microblaze_0_local_memory/ilmb_bram_if_cntlr'
Parsing XDC File [d:/vivado_pj/spi_master_ip/spi_master_ip.gen/sources_1/bd/spi/ip/spi_lmb_bram_2/spi_lmb_bram_2/spi_lmb_bram_2_in_context.xdc] for cell 'spi_i/microblaze_0_local_memory/lmb_bram'
Finished Parsing XDC File [d:/vivado_pj/spi_master_ip/spi_master_ip.gen/sources_1/bd/spi/ip/spi_lmb_bram_2/spi_lmb_bram_2/spi_lmb_bram_2_in_context.xdc] for cell 'spi_i/microblaze_0_local_memory/lmb_bram'
Parsing XDC File [d:/vivado_pj/spi_master_ip/spi_master_ip.gen/sources_1/bd/spi/ip/spi_mdm_1_2/spi_mdm_1_2/spi_mdm_1_0_in_context.xdc] for cell 'spi_i/mdm_1'
Finished Parsing XDC File [d:/vivado_pj/spi_master_ip/spi_master_ip.gen/sources_1/bd/spi/ip/spi_mdm_1_2/spi_mdm_1_2/spi_mdm_1_0_in_context.xdc] for cell 'spi_i/mdm_1'
Parsing XDC File [d:/vivado_pj/spi_master_ip/spi_master_ip.gen/sources_1/bd/spi/ip/spi_clk_wiz_1_2/spi_clk_wiz_1_2/spi_clk_wiz_1_2_in_context.xdc] for cell 'spi_i/clk_wiz_1'
Finished Parsing XDC File [d:/vivado_pj/spi_master_ip/spi_master_ip.gen/sources_1/bd/spi/ip/spi_clk_wiz_1_2/spi_clk_wiz_1_2/spi_clk_wiz_1_2_in_context.xdc] for cell 'spi_i/clk_wiz_1'
Parsing XDC File [d:/vivado_pj/spi_master_ip/spi_master_ip.gen/sources_1/bd/spi/ip/spi_rst_clk_wiz_1_100M_2/spi_rst_clk_wiz_1_100M_2/spi_rst_clk_wiz_1_100M_0_in_context.xdc] for cell 'spi_i/rst_clk_wiz_1_100M'
Finished Parsing XDC File [d:/vivado_pj/spi_master_ip/spi_master_ip.gen/sources_1/bd/spi/ip/spi_rst_clk_wiz_1_100M_2/spi_rst_clk_wiz_1_100M_2/spi_rst_clk_wiz_1_100M_0_in_context.xdc] for cell 'spi_i/rst_clk_wiz_1_100M'
Parsing XDC File [d:/vivado_pj/spi_master_ip/spi_master_ip.gen/sources_1/bd/spi/ip/spi_xbar_1/spi_xbar_1/spi_xbar_0_in_context.xdc] for cell 'spi_i/microblaze_0_axi_periph/xbar'
Finished Parsing XDC File [d:/vivado_pj/spi_master_ip/spi_master_ip.gen/sources_1/bd/spi/ip/spi_xbar_1/spi_xbar_1/spi_xbar_0_in_context.xdc] for cell 'spi_i/microblaze_0_axi_periph/xbar'
Parsing XDC File [D:/vivado_pj/spi_master_ip/spi_master_ip.srcs/constrs_1/new/spi_master_xdc.xdc]
WARNING: [Vivado 12-584] No ports matched 'resetn'. [D:/vivado_pj/spi_master_ip/spi_master_ip.srcs/constrs_1/new/spi_master_xdc.xdc:4]
Finished Parsing XDC File [D:/vivado_pj/spi_master_ip/spi_master_ip.srcs/constrs_1/new/spi_master_xdc.xdc]
WARNING: [Project 1-498] One or more constraints failed evaluation while reading constraint file [D:/vivado_pj/spi_master_ip/spi_master_ip.srcs/constrs_1/new/spi_master_xdc.xdc] and the design contains unresolved black boxes. These constraints will be read post-synthesis (as long as their source constraint file is marked as used_in_implementation) and should be applied correctly then. You should review the constraints listed in the file [.Xil/top_propImpl.xdc] and check the run log file to verify that these constraints were correctly applied.
INFO: [Project 1-236] Implementation specific constraints were found while reading constraint file [D:/vivado_pj/spi_master_ip/spi_master_ip.srcs/constrs_1/new/spi_master_xdc.xdc]. These constraints will be ignored for synthesis but will be used in implementation. Impacted constraints are listed in the file [.Xil/top_propImpl.xdc].
Resolution: To avoid this warning, move constraints listed in [.Xil/top_propImpl.xdc] to another XDC file and exclude this new file from synthesis with the used_in_synthesis property (File Properties dialog in GUI) and re-run elaboration/synthesis.
Parsing XDC File [D:/vivado_pj/spi_master_ip/spi_master_ip.runs/synth_1/dont_touch.xdc]
Finished Parsing XDC File [D:/vivado_pj/spi_master_ip/spi_master_ip.runs/synth_1/dont_touch.xdc]
Completed Processing XDC Constraints

Netlist sorting complete. Time (s): cpu = 00:00:00 ; elapsed = 00:00:00 . Memory (MB): peak = 2453.168 ; gain = 0.000
INFO: [Project 1-111] Unisim Transformation Summary:
No Unisim elements were transformed.

Constraint Validation Runtime : Time (s): cpu = 00:00:00 ; elapsed = 00:00:00.004 . Memory (MB): peak = 2453.168 ; gain = 0.000
WARNING: [Timing 38-316] Clock period '20.000' specified during out-of-context synthesis of instance 'spi_i/axi_quad_spi_0' at clock pin 'ext_spi_clk' is different from the actual clock period '10.000', this can lead to different synthesis results.
WARNING: [Timing 38-316] Clock period '20.000' specified during out-of-context synthesis of instance 'spi_i/microblaze_0_local_memory/lmb_bram' at clock pin 'clka' is different from the actual clock period '10.000', this can lead to different synthesis results.
---------------------------------------------------------------------------------
Finished Constraint Validation : Time (s): cpu = 00:00:08 ; elapsed = 00:00:09 . Memory (MB): peak = 2453.168 ; gain = 552.793
---------------------------------------------------------------------------------
---------------------------------------------------------------------------------
Start Loading Part and Timing Information
---------------------------------------------------------------------------------
Loading part: xc7a35tcpg236-1
---------------------------------------------------------------------------------
Finished Loading Part and Timing Information : Time (s): cpu = 00:00:08 ; elapsed = 00:00:09 . Memory (MB): peak = 2453.168 ; gain = 552.793
---------------------------------------------------------------------------------
---------------------------------------------------------------------------------
Start Applying 'set_property' XDC Constraints
---------------------------------------------------------------------------------
Applied set_property IO_BUFFER_TYPE = NONE for sys_clock. (constraint file  d:/vivado_pj/spi_master_ip/spi_master_ip.gen/sources_1/bd/spi/ip/spi_clk_wiz_1_2/spi_clk_wiz_1_2/spi_clk_wiz_1_2_in_context.xdc, line 3).
Applied set_property CLOCK_BUFFER_TYPE = NONE for sys_clock. (constraint file  d:/vivado_pj/spi_master_ip/spi_master_ip.gen/sources_1/bd/spi/ip/spi_clk_wiz_1_2/spi_clk_wiz_1_2/spi_clk_wiz_1_2_in_context.xdc, line 4).
Applied set_property KEEP_HIERARCHY = SOFT for spi_i. (constraint file  auto generated constraint).
Applied set_property KEEP_HIERARCHY = SOFT for spi_i/microblaze_0. (constraint file  auto generated constraint).
Applied set_property KEEP_HIERARCHY = SOFT for spi_i/axi_quad_spi_0. (constraint file  auto generated constraint).
Applied set_property KEEP_HIERARCHY = SOFT for spi_i/axi_uartlite_0. (constraint file  auto generated constraint).
Applied set_property KEEP_HIERARCHY = SOFT for spi_i/microblaze_0_local_memory/dlmb_v10. (constraint file  auto generated constraint).
Applied set_property KEEP_HIERARCHY = SOFT for spi_i/microblaze_0_local_memory/ilmb_v10. (constraint file  auto generated constraint).
Applied set_property KEEP_HIERARCHY = SOFT for spi_i/microblaze_0_local_memory/dlmb_bram_if_cntlr. (constraint file  auto generated constraint).
Applied set_property KEEP_HIERARCHY = SOFT for spi_i/microblaze_0_local_memory/ilmb_bram_if_cntlr. (constraint file  auto generated constraint).
Applied set_property KEEP_HIERARCHY = SOFT for spi_i/microblaze_0_local_memory/lmb_bram. (constraint file  auto generated constraint).
Applied set_property KEEP_HIERARCHY = SOFT for spi_i/mdm_1. (constraint file  auto generated constraint).
Applied set_property KEEP_HIERARCHY = SOFT for spi_i/clk_wiz_1. (constraint file  auto generated constraint).
Applied set_property KEEP_HIERARCHY = SOFT for spi_i/rst_clk_wiz_1_100M. (constraint file  auto generated constraint).
Applied set_property KEEP_HIERARCHY = SOFT for spi_i/microblaze_0_axi_periph/xbar. (constraint file  auto generated constraint).
Applied set_property KEEP_HIERARCHY = SOFT for spi_i/microblaze_0_axi_periph. (constraint file  auto generated constraint).
---------------------------------------------------------------------------------
Finished applying 'set_property' XDC Constraints : Time (s): cpu = 00:00:08 ; elapsed = 00:00:09 . Memory (MB): peak = 2453.168 ; gain = 552.793
---------------------------------------------------------------------------------
---------------------------------------------------------------------------------
Finished RTL Optimization Phase 2 : Time (s): cpu = 00:00:08 ; elapsed = 00:00:09 . Memory (MB): peak = 2453.168 ; gain = 552.793
---------------------------------------------------------------------------------
---------------------------------------------------------------------------------
Start RTL Component Statistics 
---------------------------------------------------------------------------------
Detailed RTL Component Info : 
---------------------------------------------------------------------------------
Finished RTL Component Statistics 
---------------------------------------------------------------------------------
---------------------------------------------------------------------------------
Start Part Resource Summary
---------------------------------------------------------------------------------
Part Resources:
DSPs: 90 (col length:60)
BRAMs: 100 (col length: RAMB18 60 RAMB36 30)
---------------------------------------------------------------------------------
Finished Part Resource Summary
---------------------------------------------------------------------------------
---------------------------------------------------------------------------------
Start Cross Boundary and Area Optimization
---------------------------------------------------------------------------------
WARNING: [Synth 8-7080] Parallel synthesis criteria is not met
WARNING: [Synth 8-7129] Port M00_ACLK in module spi_microblaze_0_axi_periph_6 is either unconnected or has no load
WARNING: [Synth 8-7129] Port M00_ARESETN in module spi_microblaze_0_axi_periph_6 is either unconnected or has no load
WARNING: [Synth 8-7129] Port M01_ACLK in module spi_microblaze_0_axi_periph_6 is either unconnected or has no load
WARNING: [Synth 8-7129] Port M01_ARESETN in module spi_microblaze_0_axi_periph_6 is either unconnected or has no load
WARNING: [Synth 8-7129] Port S00_ACLK in module spi_microblaze_0_axi_periph_6 is either unconnected or has no load
WARNING: [Synth 8-7129] Port S00_ARESETN in module spi_microblaze_0_axi_periph_6 is either unconnected or has no load
---------------------------------------------------------------------------------
Finished Cross Boundary and Area Optimization : Time (s): cpu = 00:00:09 ; elapsed = 00:00:10 . Memory (MB): peak = 2453.168 ; gain = 552.793
---------------------------------------------------------------------------------
---------------------------------------------------------------------------------
Start Applying XDC Timing Constraints
---------------------------------------------------------------------------------
---------------------------------------------------------------------------------
Finished Applying XDC Timing Constraints : Time (s): cpu = 00:00:12 ; elapsed = 00:00:13 . Memory (MB): peak = 2453.168 ; gain = 552.793
---------------------------------------------------------------------------------
---------------------------------------------------------------------------------
Start Timing Optimization
---------------------------------------------------------------------------------
---------------------------------------------------------------------------------
Finished Timing Optimization : Time (s): cpu = 00:00:12 ; elapsed = 00:00:13 . Memory (MB): peak = 2453.168 ; gain = 552.793
---------------------------------------------------------------------------------
---------------------------------------------------------------------------------
Start Technology Mapping
---------------------------------------------------------------------------------
---------------------------------------------------------------------------------
Finished Technology Mapping : Time (s): cpu = 00:00:12 ; elapsed = 00:00:13 . Memory (MB): peak = 2453.168 ; gain = 552.793
---------------------------------------------------------------------------------
---------------------------------------------------------------------------------
Start IO Insertion
---------------------------------------------------------------------------------
---------------------------------------------------------------------------------
Start Flattening Before IO Insertion
---------------------------------------------------------------------------------
---------------------------------------------------------------------------------
Finished Flattening Before IO Insertion
---------------------------------------------------------------------------------
---------------------------------------------------------------------------------
Start Final Netlist Cleanup
---------------------------------------------------------------------------------
---------------------------------------------------------------------------------
Finished Final Netlist Cleanup
---------------------------------------------------------------------------------
---------------------------------------------------------------------------------
Finished IO Insertion : Time (s): cpu = 00:00:14 ; elapsed = 00:00:16 . Memory (MB): peak = 2453.168 ; gain = 552.793
---------------------------------------------------------------------------------
---------------------------------------------------------------------------------
Start Renaming Generated Instances
---------------------------------------------------------------------------------
---------------------------------------------------------------------------------
Finished Renaming Generated Instances : Time (s): cpu = 00:00:14 ; elapsed = 00:00:16 . Memory (MB): peak = 2453.168 ; gain = 552.793
---------------------------------------------------------------------------------
---------------------------------------------------------------------------------
Start Rebuilding User Hierarchy
---------------------------------------------------------------------------------
---------------------------------------------------------------------------------
Finished Rebuilding User Hierarchy : Time (s): cpu = 00:00:14 ; elapsed = 00:00:16 . Memory (MB): peak = 2453.168 ; gain = 552.793
---------------------------------------------------------------------------------
---------------------------------------------------------------------------------
Start Renaming Generated Ports
---------------------------------------------------------------------------------
---------------------------------------------------------------------------------
Finished Renaming Generated Ports : Time (s): cpu = 00:00:14 ; elapsed = 00:00:16 . Memory (MB): peak = 2453.168 ; gain = 552.793
---------------------------------------------------------------------------------
---------------------------------------------------------------------------------
Start Handling Custom Attributes
---------------------------------------------------------------------------------
---------------------------------------------------------------------------------
Finished Handling Custom Attributes : Time (s): cpu = 00:00:14 ; elapsed = 00:00:16 . Memory (MB): peak = 2453.168 ; gain = 552.793
---------------------------------------------------------------------------------
---------------------------------------------------------------------------------
Start Renaming Generated Nets
---------------------------------------------------------------------------------
---------------------------------------------------------------------------------
Finished Renaming Generated Nets : Time (s): cpu = 00:00:14 ; elapsed = 00:00:16 . Memory (MB): peak = 2453.168 ; gain = 552.793
---------------------------------------------------------------------------------
---------------------------------------------------------------------------------
Start Writing Synthesis Report
---------------------------------------------------------------------------------

Report BlackBoxes: 
+------+-------------------------+----------+
|      |BlackBox name            |Instances |
+------+-------------------------+----------+
|1     |spi_xbar_1               |         1|
|2     |spi_axi_quad_spi_0_2     |         1|
|3     |spi_axi_uartlite_0_1     |         1|
|4     |spi_clk_wiz_1_2          |         1|
|5     |spi_mdm_1_2              |         1|
|6     |spi_microblaze_0_2       |         1|
|7     |spi_rst_clk_wiz_1_100M_2 |         1|
|8     |spi_dlmb_bram_if_cntlr_2 |         1|
|9     |spi_dlmb_v10_2           |         1|
|10    |spi_ilmb_bram_if_cntlr_2 |         1|
|11    |spi_ilmb_v10_2           |         1|
|12    |spi_lmb_bram_2           |         1|
+------+-------------------------+----------+

Report Cell Usage: 
+------+-----------------------+------+
|      |Cell                   |Count |
+------+-----------------------+------+
|1     |spi_axi_quad_spi_0     |     1|
|2     |spi_axi_uartlite_0     |     1|
|3     |spi_clk_wiz_1          |     1|
|4     |spi_dlmb_bram_if_cntlr |     1|
|5     |spi_dlmb_v10           |     1|
|6     |spi_ilmb_bram_if_cntlr |     1|
|7     |spi_ilmb_v10           |     1|
|8     |spi_lmb_bram           |     1|
|9     |spi_mdm_1              |     1|
|10    |spi_microblaze_0       |     1|
|11    |spi_rst_clk_wiz_1_100M |     1|
|12    |spi_xbar               |     1|
|13    |IBUF                   |     2|
|14    |OBUF                   |     3|
+------+-----------------------+------+
---------------------------------------------------------------------------------
Finished Writing Synthesis Report : Time (s): cpu = 00:00:14 ; elapsed = 00:00:16 . Memory (MB): peak = 2453.168 ; gain = 552.793
---------------------------------------------------------------------------------
Synthesis finished with 0 errors, 0 critical warnings and 7 warnings.
Synthesis Optimization Runtime : Time (s): cpu = 00:00:09 ; elapsed = 00:00:14 . Memory (MB): peak = 2453.168 ; gain = 524.910
Synthesis Optimization Complete : Time (s): cpu = 00:00:14 ; elapsed = 00:00:16 . Memory (MB): peak = 2453.168 ; gain = 552.793
INFO: [Project 1-571] Translating synthesized netlist
Netlist sorting complete. Time (s): cpu = 00:00:00 ; elapsed = 00:00:00.008 . Memory (MB): peak = 2453.168 ; gain = 0.000
INFO: [Project 1-570] Preparing netlist for logic optimization
INFO: [Opt 31-138] Pushed 0 inverter(s) to 0 load pin(s).
Netlist sorting complete. Time (s): cpu = 00:00:00 ; elapsed = 00:00:00 . Memory (MB): peak = 2453.168 ; gain = 0.000
INFO: [Project 1-111] Unisim Transformation Summary:
No Unisim elements were transformed.

Synth Design complete | Checksum: 513dbad3
INFO: [Common 17-83] Releasing license: Synthesis
54 Infos, 49 Warnings, 0 Critical Warnings and 0 Errors encountered.
synth_design completed successfully
synth_design: Time (s): cpu = 00:00:17 ; elapsed = 00:00:19 . Memory (MB): peak = 2453.168 ; gain = 949.832
INFO: [Common 17-1381] The checkpoint 'D:/vivado_pj/spi_master_ip/spi_master_ip.runs/synth_1/top.dcp' has been generated.
INFO: [runtcl-4] Executing : report_utilization -file top_utilization_synth.rpt -pb top_utilization_synth.pb
INFO: [Common 17-206] Exiting Vivado at Wed May 27 11:29:26 2026...
