Copyright 1986-2022 Xilinx, Inc. All Rights Reserved. Copyright 2022-2023 Advanced Micro Devices, Inc. All Rights Reserved.
---------------------------------------------------------------------------------------------------------------------------------------------
| Tool Version : Vivado v.2023.1 (win64) Build 3865809 Sun May  7 15:05:29 MDT 2023
| Date         : Thu Jun  4 16:03:04 2026
| Host         : SmST12 running 64-bit major release  (build 9200)
| Command      : upgrade_ip
| Device       : xc7a35tcpg236-1
---------------------------------------------------------------------------------------------------------------------------------------------

Upgrade Log for IP 'axi_fnd_axi_fnd_v1_0_0_4'

1. Summary
----------

SUCCESS in the upgrade of axi_fnd_axi_fnd_v1_0_0_4 (xilinx.com:user:axi_fnd_v1_0:1.0) from (Rev. 3) to (Rev. 4)






Copyright 1986-2022 Xilinx, Inc. All Rights Reserved. Copyright 2022-2023 Advanced Micro Devices, Inc. All Rights Reserved.
---------------------------------------------------------------------------------------------------------------------------------------------
| Tool Version : Vivado v.2023.1 (win64) Build 3865809 Sun May  7 15:05:29 MDT 2023
| Date         : Thu Jun  4 15:54:41 2026
| Host         : SmST12 running 64-bit major release  (build 9200)
| Command      : upgrade_ip
| Device       : xc7a35tcpg236-1
---------------------------------------------------------------------------------------------------------------------------------------------

Upgrade Log for IP 'axi_fnd_axi_fnd_v1_0_0_4'

1. Summary
----------

SUCCESS in the update of axi_fnd_axi_fnd_v1_0_0_4 (xilinx.com:user:axi_fnd_v1_0:1.0 (Rev. 3)) to current project options.

