14:20:43 **** Build of configuration Debug for project blaze_w5500 ****
make all 
'Building file: ../src/helloworld.c'
'Invoking: MicroBlaze gcc compiler'
mb-gcc -Wall -O0 -g3 -c -fmessage-length=0 -MT"src/helloworld.o" -ID:/vivado_pj/workspace_blaze_w5500_2023/blaze_W5500Top_2023/export/blaze_W5500Top_2023/sw/blaze_W5500Top_2023/standalone_microblaze_0/bspinclude/include -mlittle-endian -mcpu=v11.0 -mxl-soft-mul -Wl,--no-relax -ffunction-sections -fdata-sections -MMD -MP -MF"src/helloworld.d" -MT"src/helloworld.o" -o "src/helloworld.o" "../src/helloworld.c"
'Finished building: ../src/helloworld.c'
' '
'Building file: ../src/platform.c'
'Invoking: MicroBlaze gcc compiler'
mb-gcc -Wall -O0 -g3 -c -fmessage-length=0 -MT"src/platform.o" -ID:/vivado_pj/workspace_blaze_w5500_2023/blaze_W5500Top_2023/export/blaze_W5500Top_2023/sw/blaze_W5500Top_2023/standalone_microblaze_0/bspinclude/include -mlittle-endian -mcpu=v11.0 -mxl-soft-mul -Wl,--no-relax -ffunction-sections -fdata-sections -MMD -MP -MF"src/platform.d" -MT"src/platform.o" -o "src/platform.o" "../src/platform.c"
'Finished building: ../src/platform.c'
' '
'Building file: ../src/w5500.c'
'Invoking: MicroBlaze gcc compiler'
mb-gcc -Wall -O0 -g3 -c -fmessage-length=0 -MT"src/w5500.o" -ID:/vivado_pj/workspace_blaze_w5500_2023/blaze_W5500Top_2023/export/blaze_W5500Top_2023/sw/blaze_W5500Top_2023/standalone_microblaze_0/bspinclude/include -mlittle-endian -mcpu=v11.0 -mxl-soft-mul -Wl,--no-relax -ffunction-sections -fdata-sections -MMD -MP -MF"src/w5500.d" -MT"src/w5500.o" -o "src/w5500.o" "../src/w5500.c"
'Finished building: ../src/w5500.c'
' '
'Building file: ../src/w5500_loopback.c'
'Invoking: MicroBlaze gcc compiler'
mb-gcc -Wall -O0 -g3 -c -fmessage-length=0 -MT"src/w5500_loopback.o" -ID:/vivado_pj/workspace_blaze_w5500_2023/blaze_W5500Top_2023/export/blaze_W5500Top_2023/sw/blaze_W5500Top_2023/standalone_microblaze_0/bspinclude/include -mlittle-endian -mcpu=v11.0 -mxl-soft-mul -Wl,--no-relax -ffunction-sections -fdata-sections -MMD -MP -MF"src/w5500_loopback.d" -MT"src/w5500_loopback.o" -o "src/w5500_loopback.o" "../src/w5500_loopback.c"
'Finished building: ../src/w5500_loopback.c'
' '
'Building file: ../src/w5500_socket.c'
'Invoking: MicroBlaze gcc compiler'
mb-gcc -Wall -O0 -g3 -c -fmessage-length=0 -MT"src/w5500_socket.o" -ID:/vivado_pj/workspace_blaze_w5500_2023/blaze_W5500Top_2023/export/blaze_W5500Top_2023/sw/blaze_W5500Top_2023/standalone_microblaze_0/bspinclude/include -mlittle-endian -mcpu=v11.0 -mxl-soft-mul -Wl,--no-relax -ffunction-sections -fdata-sections -MMD -MP -MF"src/w5500_socket.d" -MT"src/w5500_socket.o" -o "src/w5500_socket.o" "../src/w5500_socket.c"
'Finished building: ../src/w5500_socket.c'
' '
'Building file: ../src/w5500_task.c'
'Invoking: MicroBlaze gcc compiler'
mb-gcc -Wall -O0 -g3 -c -fmessage-length=0 -MT"src/w5500_task.o" -ID:/vivado_pj/workspace_blaze_w5500_2023/blaze_W5500Top_2023/export/blaze_W5500Top_2023/sw/blaze_W5500Top_2023/standalone_microblaze_0/bspinclude/include -mlittle-endian -mcpu=v11.0 -mxl-soft-mul -Wl,--no-relax -ffunction-sections -fdata-sections -MMD -MP -MF"src/w5500_task.d" -MT"src/w5500_task.o" -o "src/w5500_task.o" "../src/w5500_task.c"
'Finished building: ../src/w5500_task.c'
' '
'Building target: blaze_w5500.elf'
'Invoking: MicroBlaze gcc linker'
mb-gcc -Wl,-T -Wl,../src/lscript.ld -LD:/vivado_pj/workspace_blaze_w5500_2023/blaze_W5500Top_2023/export/blaze_W5500Top_2023/sw/blaze_W5500Top_2023/standalone_microblaze_0/bsplib/lib -mlittle-endian -mcpu=v11.0 -mxl-soft-mul -Wl,--no-relax -Wl,--gc-sections -o "blaze_w5500.elf"  ./src/helloworld.o ./src/platform.o ./src/w5500.o ./src/w5500_loopback.o ./src/w5500_socket.o ./src/w5500_task.o   -Wl,--start-group,-lxil,-lgcc,-lc,--end-group
'Finished building target: blaze_w5500.elf'
' '
'Invoking: MicroBlaze Print Size'
mb-size blaze_w5500.elf  |tee "blaze_w5500.elf.size"
   text	   data	    bss	    dec	    hex	filename
  22740	    408	   4980	  28128	   6de0	blaze_w5500.elf
'Finished building: blaze_w5500.elf.size'
' '

14:20:46 Build Finished (took 2s.166ms)

