10:09:18 **** Incremental Build of configuration Debug for project pwm_test ****
make all 
'Building file: ../src/helloworld.c'
'Invoking: MicroBlaze gcc compiler'
mb-gcc -Wall -O0 -g3 -c -fmessage-length=0 -MT"src/helloworld.o" -IH:/pwm_control_ip/workspace/pwm_test_wrapper/export/pwm_test_wrapper/sw/pwm_test_wrapper/standalone_microblaze_0/bspinclude/include -mlittle-endian -mcpu=v11.0 -mxl-soft-mul -Wl,--no-relax -ffunction-sections -fdata-sections -MMD -MP -MF"src/helloworld.d" -MT"src/helloworld.o" -o "src/helloworld.o" "../src/helloworld.c"
'Finished building: ../src/helloworld.c'
' '
'Building file: ../src/platform.c'
'Invoking: MicroBlaze gcc compiler'
mb-gcc -Wall -O0 -g3 -c -fmessage-length=0 -MT"src/platform.o" -IH:/pwm_control_ip/workspace/pwm_test_wrapper/export/pwm_test_wrapper/sw/pwm_test_wrapper/standalone_microblaze_0/bspinclude/include -mlittle-endian -mcpu=v11.0 -mxl-soft-mul -Wl,--no-relax -ffunction-sections -fdata-sections -MMD -MP -MF"src/platform.d" -MT"src/platform.o" -o "src/platform.o" "../src/platform.c"
'Finished building: ../src/platform.c'
' '
'Building target: pwm_test.elf'
'Invoking: MicroBlaze gcc linker'
mb-gcc -Wl,-T -Wl,../src/lscript.ld -LH:/pwm_control_ip/workspace/pwm_test_wrapper/export/pwm_test_wrapper/sw/pwm_test_wrapper/standalone_microblaze_0/bsplib/lib -mlittle-endian -mcpu=v11.0 -mxl-soft-mul -Wl,--no-relax -Wl,--gc-sections -o "pwm_test.elf"  ./src/helloworld.o ./src/platform.o   -Wl,--start-group,-lxil,-lgcc,-lc,--end-group
'Finished building target: pwm_test.elf'
' '
'Invoking: MicroBlaze Print Size'
mb-size pwm_test.elf  |tee "pwm_test.elf.size"
   text	   data	    bss	    dec	    hex	filename
   6792	    340	   3284	  10416	   28b0	pwm_test.elf
'Finished building: pwm_test.elf.size'
' '

10:09:19 Build Finished (took 799ms)

