Copyright 1986-2022 Xilinx, Inc. All Rights Reserved. Copyright 2022-2023 Advanced Micro Devices, Inc. All Rights Reserved.
------------------------------------------------------------------------------------------------------------------------------------------------------------------------------------------------------------------------
| Tool Version : Vivado v.2023.1 (win64) Build 3865809 Sun May  7 15:05:29 MDT 2023
| Date         : Thu Jun 11 12:46:00 2026
| Host         : SmST12 running 64-bit major release  (build 9200)
| Command      : report_timing_summary -max_paths 10 -report_unconstrained -file TopModule_timing_summary_routed.rpt -pb TopModule_timing_summary_routed.pb -rpx TopModule_timing_summary_routed.rpx -warn_on_violation
| Design       : TopModule
| Device       : 7a35t-cpg236
| Speed File   : -1  PRODUCTION 1.23 2018-06-13
| Design State : Routed
------------------------------------------------------------------------------------------------------------------------------------------------------------------------------------------------------------------------

Timing Summary Report

------------------------------------------------------------------------------------------------
| Timer Settings
| --------------
------------------------------------------------------------------------------------------------

  Enable Multi Corner Analysis               :  Yes
  Enable Pessimism Removal                   :  Yes
  Pessimism Removal Resolution               :  Nearest Common Node
  Enable Input Delay Default Clock           :  No
  Enable Preset / Clear Arcs                 :  No
  Disable Flight Delays                      :  No
  Ignore I/O Paths                           :  No
  Timing Early Launch at Borrowing Latches   :  No
  Borrow Time for Max Delay Exceptions       :  Yes
  Merge Timing Exceptions                    :  Yes

  Corner  Analyze    Analyze    
  Name    Max Paths  Min Paths  
  ------  ---------  ---------  
  Slow    Yes        Yes        
  Fast    Yes        Yes        


------------------------------------------------------------------------------------------------
| Report Methodology
| ------------------
------------------------------------------------------------------------------------------------

Rule       Severity          Description                  Violations  
---------  ----------------  ---------------------------  ----------  
TIMING-17  Critical Warning  Non-clocked sequential cell  45          

Note: This report is based on the most recent report_methodology run and may not be up-to-date. Run report_methodology on the current design for the latest report.



check_timing report

Table of Contents
-----------------
1. checking no_clock (45)
2. checking constant_clock (0)
3. checking pulse_width_clock (0)
4. checking unconstrained_internal_endpoints (90)
5. checking no_input_delay (5)
6. checking no_output_delay (3)
7. checking multiple_clock (0)
8. checking generated_clocks (0)
9. checking loops (0)
10. checking partial_input_delay (0)
11. checking partial_output_delay (0)
12. checking latch_loops (0)

1. checking no_clock (45)
-------------------------
 There are 27 register/latch pins with no clock driven by root clock pin: clk (HIGH)

 There are 18 register/latch pins with no clock driven by root clock pin: clockdivider/clk10000hz_reg/Q (HIGH)


2. checking constant_clock (0)
------------------------------
 There are 0 register/latch pins with constant_clock.


3. checking pulse_width_clock (0)
---------------------------------
 There are 0 register/latch pins which need pulse_width check


4. checking unconstrained_internal_endpoints (90)
-------------------------------------------------
 There are 90 pins that are not constrained for maximum delay. (HIGH)

 There are 0 pins that are not constrained for maximum delay due to constant clock.


5. checking no_input_delay (5)
------------------------------
 There are 5 input ports with no input delay specified. (HIGH)

 There are 0 input ports with no input delay but user has a false path constraint.


6. checking no_output_delay (3)
-------------------------------
 There are 3 ports with no output delay specified. (HIGH)

 There are 0 ports with no output delay but user has a false path constraint

 There are 0 ports with no output delay but with a timing clock defined on it or propagating through it


7. checking multiple_clock (0)
------------------------------
 There are 0 register/latch pins with multiple clocks.


8. checking generated_clocks (0)
--------------------------------
 There are 0 generated clocks that are not connected to a clock source.


9. checking loops (0)
---------------------
 There are 0 combinational loops in the design.


10. checking partial_input_delay (0)
------------------------------------
 There are 0 input ports with partial input delay specified.


11. checking partial_output_delay (0)
-------------------------------------
 There are 0 ports with partial output delay specified.


12. checking latch_loops (0)
----------------------------
 There are 0 combinational latch loops in the design through latch input



------------------------------------------------------------------------------------------------
| Design Timing Summary
| ---------------------
------------------------------------------------------------------------------------------------

    WNS(ns)      TNS(ns)  TNS Failing Endpoints  TNS Total Endpoints      WHS(ns)      THS(ns)  THS Failing Endpoints  THS Total Endpoints     WPWS(ns)     TPWS(ns)  TPWS Failing Endpoints  TPWS Total Endpoints  
    -------      -------  ---------------------  -------------------      -------      -------  ---------------------  -------------------     --------     --------  ----------------------  --------------------  
        inf        0.000                      0                   93          inf        0.000                      0                   93           NA           NA                      NA                    NA  


There are no user specified timing constraints.


------------------------------------------------------------------------------------------------
| Clock Summary
| -------------
------------------------------------------------------------------------------------------------


------------------------------------------------------------------------------------------------
| Intra Clock Table
| -----------------
------------------------------------------------------------------------------------------------

Clock             WNS(ns)      TNS(ns)  TNS Failing Endpoints  TNS Total Endpoints      WHS(ns)      THS(ns)  THS Failing Endpoints  THS Total Endpoints     WPWS(ns)     TPWS(ns)  TPWS Failing Endpoints  TPWS Total Endpoints  
-----             -------      -------  ---------------------  -------------------      -------      -------  ---------------------  -------------------     --------     --------  ----------------------  --------------------  


------------------------------------------------------------------------------------------------
| Inter Clock Table
| -----------------
------------------------------------------------------------------------------------------------

From Clock    To Clock          WNS(ns)      TNS(ns)  TNS Failing Endpoints  TNS Total Endpoints      WHS(ns)      THS(ns)  THS Failing Endpoints  THS Total Endpoints  
----------    --------          -------      -------  ---------------------  -------------------      -------      -------  ---------------------  -------------------  


------------------------------------------------------------------------------------------------
| Other Path Groups Table
| -----------------------
------------------------------------------------------------------------------------------------

Path Group    From Clock    To Clock          WNS(ns)      TNS(ns)  TNS Failing Endpoints  TNS Total Endpoints      WHS(ns)      THS(ns)  THS Failing Endpoints  THS Total Endpoints  
----------    ----------    --------          -------      -------  ---------------------  -------------------      -------      -------  ---------------------  -------------------  


------------------------------------------------------------------------------------------------
| User Ignored Path Table
| -----------------------
------------------------------------------------------------------------------------------------

Path Group    From Clock    To Clock    
----------    ----------    --------    


------------------------------------------------------------------------------------------------
| Unconstrained Path Table
| ------------------------
------------------------------------------------------------------------------------------------

Path Group    From Clock    To Clock    
----------    ----------    --------    
(none)                                    


------------------------------------------------------------------------------------------------
| Timing Details
| --------------
------------------------------------------------------------------------------------------------


--------------------------------------------------------------------------------------
Path Group:  (none)
From Clock:  
  To Clock:  

Max Delay            93 Endpoints
Min Delay            93 Endpoints
--------------------------------------------------------------------------------------


Max Delay Paths
--------------------------------------------------------------------------------------
Slack:                    inf
  Source:                 reset
                            (input port)
  Destination:            servo/cnt_duty_reg[1]/CLR
  Path Group:             (none)
  Path Type:              Max at Slow Process Corner
  Data Path Delay:        6.974ns  (logic 1.580ns (22.658%)  route 5.394ns (77.342%))
  Logic Levels:           2  (IBUF=1 LUT1=1)

    Location             Delay type                Incr(ns)  Path(ns)    Netlist Resource(s)
  -------------------------------------------------------------------    -------------------
    R2                                                0.000     0.000 r  reset (IN)
                         net (fo=0)                   0.000     0.000    reset
    R2                   IBUF (Prop_ibuf_I_O)         1.456     1.456 r  reset_IBUF_inst/O
                         net (fo=1, routed)           3.388     4.844    clockdivider/reset_IBUF
    SLICE_X10Y29         LUT1 (Prop_lut1_I0_O)        0.124     4.968 f  clockdivider/cnt[25]_i_2/O
                         net (fo=45, routed)          2.006     6.974    servo/Servo_reg_0
    SLICE_X0Y21          FDCE                                         f  servo/cnt_duty_reg[1]/CLR
  -------------------------------------------------------------------    -------------------

Slack:                    inf
  Source:                 reset
                            (input port)
  Destination:            servo/cnt_duty_reg[3]/CLR
  Path Group:             (none)
  Path Type:              Max at Slow Process Corner
  Data Path Delay:        6.974ns  (logic 1.580ns (22.658%)  route 5.394ns (77.342%))
  Logic Levels:           2  (IBUF=1 LUT1=1)

    Location             Delay type                Incr(ns)  Path(ns)    Netlist Resource(s)
  -------------------------------------------------------------------    -------------------
    R2                                                0.000     0.000 r  reset (IN)
                         net (fo=0)                   0.000     0.000    reset
    R2                   IBUF (Prop_ibuf_I_O)         1.456     1.456 r  reset_IBUF_inst/O
                         net (fo=1, routed)           3.388     4.844    clockdivider/reset_IBUF
    SLICE_X10Y29         LUT1 (Prop_lut1_I0_O)        0.124     4.968 f  clockdivider/cnt[25]_i_2/O
                         net (fo=45, routed)          2.006     6.974    servo/Servo_reg_0
    SLICE_X0Y21          FDCE                                         f  servo/cnt_duty_reg[3]/CLR
  -------------------------------------------------------------------    -------------------

Slack:                    inf
  Source:                 reset
                            (input port)
  Destination:            servo/cnt_duty_reg[4]/CLR
  Path Group:             (none)
  Path Type:              Max at Slow Process Corner
  Data Path Delay:        6.974ns  (logic 1.580ns (22.658%)  route 5.394ns (77.342%))
  Logic Levels:           2  (IBUF=1 LUT1=1)

    Location             Delay type                Incr(ns)  Path(ns)    Netlist Resource(s)
  -------------------------------------------------------------------    -------------------
    R2                                                0.000     0.000 r  reset (IN)
                         net (fo=0)                   0.000     0.000    reset
    R2                   IBUF (Prop_ibuf_I_O)         1.456     1.456 r  reset_IBUF_inst/O
                         net (fo=1, routed)           3.388     4.844    clockdivider/reset_IBUF
    SLICE_X10Y29         LUT1 (Prop_lut1_I0_O)        0.124     4.968 f  clockdivider/cnt[25]_i_2/O
                         net (fo=45, routed)          2.006     6.974    servo/Servo_reg_0
    SLICE_X0Y21          FDCE                                         f  servo/cnt_duty_reg[4]/CLR
  -------------------------------------------------------------------    -------------------

Slack:                    inf
  Source:                 reset
                            (input port)
  Destination:            servo/mode_reg[0]_lopt_replica/CLR
  Path Group:             (none)
  Path Type:              Max at Slow Process Corner
  Data Path Delay:        6.974ns  (logic 1.580ns (22.658%)  route 5.394ns (77.342%))
  Logic Levels:           2  (IBUF=1 LUT1=1)

    Location             Delay type                Incr(ns)  Path(ns)    Netlist Resource(s)
  -------------------------------------------------------------------    -------------------
    R2                                                0.000     0.000 r  reset (IN)
                         net (fo=0)                   0.000     0.000    reset
    R2                   IBUF (Prop_ibuf_I_O)         1.456     1.456 r  reset_IBUF_inst/O
                         net (fo=1, routed)           3.388     4.844    clockdivider/reset_IBUF
    SLICE_X10Y29         LUT1 (Prop_lut1_I0_O)        0.124     4.968 f  clockdivider/cnt[25]_i_2/O
                         net (fo=45, routed)          2.006     6.974    servo/Servo_reg_0
    SLICE_X0Y21          FDCE                                         f  servo/mode_reg[0]_lopt_replica/CLR
  -------------------------------------------------------------------    -------------------

Slack:                    inf
  Source:                 reset
                            (input port)
  Destination:            servo/cnt_duty_reg[2]/CLR
  Path Group:             (none)
  Path Type:              Max at Slow Process Corner
  Data Path Delay:        6.970ns  (logic 1.580ns (22.672%)  route 5.389ns (77.328%))
  Logic Levels:           2  (IBUF=1 LUT1=1)

    Location             Delay type                Incr(ns)  Path(ns)    Netlist Resource(s)
  -------------------------------------------------------------------    -------------------
    R2                                                0.000     0.000 r  reset (IN)
                         net (fo=0)                   0.000     0.000    reset
    R2                   IBUF (Prop_ibuf_I_O)         1.456     1.456 r  reset_IBUF_inst/O
                         net (fo=1, routed)           3.388     4.844    clockdivider/reset_IBUF
    SLICE_X10Y29         LUT1 (Prop_lut1_I0_O)        0.124     4.968 f  clockdivider/cnt[25]_i_2/O
                         net (fo=45, routed)          2.002     6.970    servo/Servo_reg_0
    SLICE_X1Y21          FDCE                                         f  servo/cnt_duty_reg[2]/CLR
  -------------------------------------------------------------------    -------------------

Slack:                    inf
  Source:                 reset
                            (input port)
  Destination:            servo/cnt_duty_reg[5]/CLR
  Path Group:             (none)
  Path Type:              Max at Slow Process Corner
  Data Path Delay:        6.970ns  (logic 1.580ns (22.672%)  route 5.389ns (77.328%))
  Logic Levels:           2  (IBUF=1 LUT1=1)

    Location             Delay type                Incr(ns)  Path(ns)    Netlist Resource(s)
  -------------------------------------------------------------------    -------------------
    R2                                                0.000     0.000 r  reset (IN)
                         net (fo=0)                   0.000     0.000    reset
    R2                   IBUF (Prop_ibuf_I_O)         1.456     1.456 r  reset_IBUF_inst/O
                         net (fo=1, routed)           3.388     4.844    clockdivider/reset_IBUF
    SLICE_X10Y29         LUT1 (Prop_lut1_I0_O)        0.124     4.968 f  clockdivider/cnt[25]_i_2/O
                         net (fo=45, routed)          2.002     6.970    servo/Servo_reg_0
    SLICE_X1Y21          FDCE                                         f  servo/cnt_duty_reg[5]/CLR
  -------------------------------------------------------------------    -------------------

Slack:                    inf
  Source:                 reset
                            (input port)
  Destination:            servo/cnt_duty_reg[6]/CLR
  Path Group:             (none)
  Path Type:              Max at Slow Process Corner
  Data Path Delay:        6.970ns  (logic 1.580ns (22.672%)  route 5.389ns (77.328%))
  Logic Levels:           2  (IBUF=1 LUT1=1)

    Location             Delay type                Incr(ns)  Path(ns)    Netlist Resource(s)
  -------------------------------------------------------------------    -------------------
    R2                                                0.000     0.000 r  reset (IN)
                         net (fo=0)                   0.000     0.000    reset
    R2                   IBUF (Prop_ibuf_I_O)         1.456     1.456 r  reset_IBUF_inst/O
                         net (fo=1, routed)           3.388     4.844    clockdivider/reset_IBUF
    SLICE_X10Y29         LUT1 (Prop_lut1_I0_O)        0.124     4.968 f  clockdivider/cnt[25]_i_2/O
                         net (fo=45, routed)          2.002     6.970    servo/Servo_reg_0
    SLICE_X1Y21          FDCE                                         f  servo/cnt_duty_reg[6]/CLR
  -------------------------------------------------------------------    -------------------

Slack:                    inf
  Source:                 reset
                            (input port)
  Destination:            servo/cnt_duty_reg[7]/CLR
  Path Group:             (none)
  Path Type:              Max at Slow Process Corner
  Data Path Delay:        6.970ns  (logic 1.580ns (22.672%)  route 5.389ns (77.328%))
  Logic Levels:           2  (IBUF=1 LUT1=1)

    Location             Delay type                Incr(ns)  Path(ns)    Netlist Resource(s)
  -------------------------------------------------------------------    -------------------
    R2                                                0.000     0.000 r  reset (IN)
                         net (fo=0)                   0.000     0.000    reset
    R2                   IBUF (Prop_ibuf_I_O)         1.456     1.456 r  reset_IBUF_inst/O
                         net (fo=1, routed)           3.388     4.844    clockdivider/reset_IBUF
    SLICE_X10Y29         LUT1 (Prop_lut1_I0_O)        0.124     4.968 f  clockdivider/cnt[25]_i_2/O
                         net (fo=45, routed)          2.002     6.970    servo/Servo_reg_0
    SLICE_X1Y21          FDCE                                         f  servo/cnt_duty_reg[7]/CLR
  -------------------------------------------------------------------    -------------------

Slack:                    inf
  Source:                 reset
                            (input port)
  Destination:            servo/Servo_reg/CLR
  Path Group:             (none)
  Path Type:              Max at Slow Process Corner
  Data Path Delay:        6.687ns  (logic 1.580ns (23.630%)  route 5.107ns (76.370%))
  Logic Levels:           2  (IBUF=1 LUT1=1)

    Location             Delay type                Incr(ns)  Path(ns)    Netlist Resource(s)
  -------------------------------------------------------------------    -------------------
    R2                                                0.000     0.000 r  reset (IN)
                         net (fo=0)                   0.000     0.000    reset
    R2                   IBUF (Prop_ibuf_I_O)         1.456     1.456 r  reset_IBUF_inst/O
                         net (fo=1, routed)           3.388     4.844    clockdivider/reset_IBUF
    SLICE_X10Y29         LUT1 (Prop_lut1_I0_O)        0.124     4.968 f  clockdivider/cnt[25]_i_2/O
                         net (fo=45, routed)          1.719     6.687    servo/Servo_reg_0
    SLICE_X0Y22          FDCE                                         f  servo/Servo_reg/CLR
  -------------------------------------------------------------------    -------------------

Slack:                    inf
  Source:                 reset
                            (input port)
  Destination:            servo/mode_reg[0]/CLR
  Path Group:             (none)
  Path Type:              Max at Slow Process Corner
  Data Path Delay:        6.687ns  (logic 1.580ns (23.630%)  route 5.107ns (76.370%))
  Logic Levels:           2  (IBUF=1 LUT1=1)

    Location             Delay type                Incr(ns)  Path(ns)    Netlist Resource(s)
  -------------------------------------------------------------------    -------------------
    R2                                                0.000     0.000 r  reset (IN)
                         net (fo=0)                   0.000     0.000    reset
    R2                   IBUF (Prop_ibuf_I_O)         1.456     1.456 r  reset_IBUF_inst/O
                         net (fo=1, routed)           3.388     4.844    clockdivider/reset_IBUF
    SLICE_X10Y29         LUT1 (Prop_lut1_I0_O)        0.124     4.968 f  clockdivider/cnt[25]_i_2/O
                         net (fo=45, routed)          1.719     6.687    servo/Servo_reg_0
    SLICE_X0Y22          FDCE                                         f  servo/mode_reg[0]/CLR
  -------------------------------------------------------------------    -------------------





Min Delay Paths
--------------------------------------------------------------------------------------
Slack:                    inf
  Source:                 servo/cnt_duty_reg[7]/C
                            (rising edge-triggered cell FDCE)
  Destination:            servo/cnt_duty_reg[3]/D
  Path Group:             (none)
  Path Type:              Min at Fast Process Corner
  Data Path Delay:        0.289ns  (logic 0.186ns (64.421%)  route 0.103ns (35.579%))
  Logic Levels:           2  (FDCE=1 LUT6=1)

    Location             Delay type                Incr(ns)  Path(ns)    Netlist Resource(s)
  -------------------------------------------------------------------    -------------------
    SLICE_X1Y21          FDCE                         0.000     0.000 r  servo/cnt_duty_reg[7]/C
    SLICE_X1Y21          FDCE (Prop_fdce_C_Q)         0.141     0.141 f  servo/cnt_duty_reg[7]/Q
                         net (fo=8, routed)           0.103     0.244    servo/cnt_duty[7]
    SLICE_X0Y21          LUT6 (Prop_lut6_I3_O)        0.045     0.289 r  servo/cnt_duty[3]_i_1/O
                         net (fo=1, routed)           0.000     0.289    servo/cnt_duty[3]_i_1_n_0
    SLICE_X0Y21          FDCE                                         r  servo/cnt_duty_reg[3]/D
  -------------------------------------------------------------------    -------------------

Slack:                    inf
  Source:                 servo/cnt_duty_reg[3]/C
                            (rising edge-triggered cell FDCE)
  Destination:            servo/cnt_duty_reg[7]/D
  Path Group:             (none)
  Path Type:              Min at Fast Process Corner
  Data Path Delay:        0.293ns  (logic 0.186ns (63.422%)  route 0.107ns (36.578%))
  Logic Levels:           2  (FDCE=1 LUT6=1)

    Location             Delay type                Incr(ns)  Path(ns)    Netlist Resource(s)
  -------------------------------------------------------------------    -------------------
    SLICE_X0Y21          FDCE                         0.000     0.000 r  servo/cnt_duty_reg[3]/C
    SLICE_X0Y21          FDCE (Prop_fdce_C_Q)         0.141     0.141 r  servo/cnt_duty_reg[3]/Q
                         net (fo=10, routed)          0.107     0.248    servo/cnt_duty[3]
    SLICE_X1Y21          LUT6 (Prop_lut6_I2_O)        0.045     0.293 r  servo/cnt_duty[7]_i_1/O
                         net (fo=1, routed)           0.000     0.293    servo/cnt_duty[7]_i_1_n_0
    SLICE_X1Y21          FDCE                                         r  servo/cnt_duty_reg[7]/D
  -------------------------------------------------------------------    -------------------

Slack:                    inf
  Source:                 servo/mode_reg[0]/C
                            (rising edge-triggered cell FDCE)
  Destination:            servo/duty_reg[0]/D
  Path Group:             (none)
  Path Type:              Min at Fast Process Corner
  Data Path Delay:        0.295ns  (logic 0.186ns (63.075%)  route 0.109ns (36.925%))
  Logic Levels:           2  (FDCE=1 LUT2=1)

    Location             Delay type                Incr(ns)  Path(ns)    Netlist Resource(s)
  -------------------------------------------------------------------    -------------------
    SLICE_X0Y22          FDCE                         0.000     0.000 r  servo/mode_reg[0]/C
    SLICE_X0Y22          FDCE (Prop_fdce_C_Q)         0.141     0.141 f  servo/mode_reg[0]/Q
                         net (fo=5, routed)           0.109     0.250    servo/Q[0]
    SLICE_X1Y22          LUT2 (Prop_lut2_I1_O)        0.045     0.295 r  servo/duty[0]_i_1/O
                         net (fo=1, routed)           0.000     0.295    servo/duty[0]_i_1_n_0
    SLICE_X1Y22          FDCE                                         r  servo/duty_reg[0]/D
  -------------------------------------------------------------------    -------------------

Slack:                    inf
  Source:                 servo/cnt_duty_reg[4]/C
                            (rising edge-triggered cell FDCE)
  Destination:            servo/cnt_duty_reg[6]/D
  Path Group:             (none)
  Path Type:              Min at Fast Process Corner
  Data Path Delay:        0.296ns  (logic 0.186ns (62.754%)  route 0.110ns (37.246%))
  Logic Levels:           2  (FDCE=1 LUT6=1)

    Location             Delay type                Incr(ns)  Path(ns)    Netlist Resource(s)
  -------------------------------------------------------------------    -------------------
    SLICE_X0Y21          FDCE                         0.000     0.000 r  servo/cnt_duty_reg[4]/C
    SLICE_X0Y21          FDCE (Prop_fdce_C_Q)         0.141     0.141 r  servo/cnt_duty_reg[4]/Q
                         net (fo=9, routed)           0.110     0.251    servo/cnt_duty[4]
    SLICE_X1Y21          LUT6 (Prop_lut6_I5_O)        0.045     0.296 r  servo/cnt_duty[6]_i_1/O
                         net (fo=1, routed)           0.000     0.296    servo/cnt_duty[6]_i_1_n_0
    SLICE_X1Y21          FDCE                                         r  servo/cnt_duty_reg[6]/D
  -------------------------------------------------------------------    -------------------

Slack:                    inf
  Source:                 servo/cnt_duty_reg[4]/C
                            (rising edge-triggered cell FDCE)
  Destination:            servo/cnt_duty_reg[5]/D
  Path Group:             (none)
  Path Type:              Min at Fast Process Corner
  Data Path Delay:        0.297ns  (logic 0.186ns (62.543%)  route 0.111ns (37.457%))
  Logic Levels:           2  (FDCE=1 LUT6=1)

    Location             Delay type                Incr(ns)  Path(ns)    Netlist Resource(s)
  -------------------------------------------------------------------    -------------------
    SLICE_X0Y21          FDCE                         0.000     0.000 r  servo/cnt_duty_reg[4]/C
    SLICE_X0Y21          FDCE (Prop_fdce_C_Q)         0.141     0.141 r  servo/cnt_duty_reg[4]/Q
                         net (fo=9, routed)           0.111     0.252    servo/cnt_duty[4]
    SLICE_X1Y21          LUT6 (Prop_lut6_I2_O)        0.045     0.297 r  servo/cnt_duty[5]_i_1/O
                         net (fo=1, routed)           0.000     0.297    servo/cnt_duty[5]_i_1_n_0
    SLICE_X1Y21          FDCE                                         r  servo/cnt_duty_reg[5]/D
  -------------------------------------------------------------------    -------------------

Slack:                    inf
  Source:                 servo/mode_reg[0]/C
                            (rising edge-triggered cell FDCE)
  Destination:            servo/duty_reg[1]/D
  Path Group:             (none)
  Path Type:              Min at Fast Process Corner
  Data Path Delay:        0.299ns  (logic 0.190ns (63.569%)  route 0.109ns (36.431%))
  Logic Levels:           2  (FDCE=1 LUT2=1)

    Location             Delay type                Incr(ns)  Path(ns)    Netlist Resource(s)
  -------------------------------------------------------------------    -------------------
    SLICE_X0Y22          FDCE                         0.000     0.000 r  servo/mode_reg[0]/C
    SLICE_X0Y22          FDCE (Prop_fdce_C_Q)         0.141     0.141 r  servo/mode_reg[0]/Q
                         net (fo=5, routed)           0.109     0.250    servo/Q[0]
    SLICE_X1Y22          LUT2 (Prop_lut2_I0_O)        0.049     0.299 r  servo/duty[1]_i_1/O
                         net (fo=1, routed)           0.000     0.299    servo/duty[1]_i_1_n_0
    SLICE_X1Y22          FDCE                                         r  servo/duty_reg[1]/D
  -------------------------------------------------------------------    -------------------

Slack:                    inf
  Source:                 servo/cnt_duty_reg[7]/C
                            (rising edge-triggered cell FDCE)
  Destination:            servo/cnt_duty_reg[0]/D
  Path Group:             (none)
  Path Type:              Min at Fast Process Corner
  Data Path Delay:        0.346ns  (logic 0.186ns (53.692%)  route 0.160ns (46.308%))
  Logic Levels:           2  (FDCE=1 LUT6=1)

    Location             Delay type                Incr(ns)  Path(ns)    Netlist Resource(s)
  -------------------------------------------------------------------    -------------------
    SLICE_X1Y21          FDCE                         0.000     0.000 r  servo/cnt_duty_reg[7]/C
    SLICE_X1Y21          FDCE (Prop_fdce_C_Q)         0.141     0.141 f  servo/cnt_duty_reg[7]/Q
                         net (fo=8, routed)           0.160     0.301    servo/cnt_duty[7]
    SLICE_X1Y22          LUT6 (Prop_lut6_I1_O)        0.045     0.346 r  servo/cnt_duty[0]_i_1/O
                         net (fo=1, routed)           0.000     0.346    servo/cnt_duty[0]_i_1_n_0
    SLICE_X1Y22          FDCE                                         r  servo/cnt_duty_reg[0]/D
  -------------------------------------------------------------------    -------------------

Slack:                    inf
  Source:                 clockdivider/clk10000hz_reg/C
                            (rising edge-triggered cell FDCE)
  Destination:            clockdivider/clk10000hz_reg/D
  Path Group:             (none)
  Path Type:              Min at Fast Process Corner
  Data Path Delay:        0.366ns  (logic 0.186ns (50.759%)  route 0.180ns (49.241%))
  Logic Levels:           2  (FDCE=1 LUT2=1)

    Location             Delay type                Incr(ns)  Path(ns)    Netlist Resource(s)
  -------------------------------------------------------------------    -------------------
    SLICE_X3Y23          FDCE                         0.000     0.000 r  clockdivider/clk10000hz_reg/C
    SLICE_X3Y23          FDCE (Prop_fdce_C_Q)         0.141     0.141 r  clockdivider/clk10000hz_reg/Q
                         net (fo=19, routed)          0.180     0.321    clockdivider/clk10000hz
    SLICE_X3Y23          LUT2 (Prop_lut2_I1_O)        0.045     0.366 r  clockdivider/clk10000hz_i_1/O
                         net (fo=1, routed)           0.000     0.366    clockdivider/clk10000hz_i_1_n_0
    SLICE_X3Y23          FDCE                                         r  clockdivider/clk10000hz_reg/D
  -------------------------------------------------------------------    -------------------

Slack:                    inf
  Source:                 servo/cnt_duty_reg[1]/C
                            (rising edge-triggered cell FDCE)
  Destination:            servo/cnt_duty_reg[1]/D
  Path Group:             (none)
  Path Type:              Min at Fast Process Corner
  Data Path Delay:        0.382ns  (logic 0.186ns (48.712%)  route 0.196ns (51.288%))
  Logic Levels:           2  (FDCE=1 LUT6=1)

    Location             Delay type                Incr(ns)  Path(ns)    Netlist Resource(s)
  -------------------------------------------------------------------    -------------------
    SLICE_X0Y21          FDCE                         0.000     0.000 r  servo/cnt_duty_reg[1]/C
    SLICE_X0Y21          FDCE (Prop_fdce_C_Q)         0.141     0.141 r  servo/cnt_duty_reg[1]/Q
                         net (fo=7, routed)           0.196     0.337    servo/cnt_duty[1]
    SLICE_X0Y21          LUT6 (Prop_lut6_I5_O)        0.045     0.382 r  servo/cnt_duty[1]_i_1/O
                         net (fo=1, routed)           0.000     0.382    servo/cnt_duty[1]_i_1_n_0
    SLICE_X0Y21          FDCE                                         r  servo/cnt_duty_reg[1]/D
  -------------------------------------------------------------------    -------------------

Slack:                    inf
  Source:                 servo/cnt_duty_reg[4]/C
                            (rising edge-triggered cell FDCE)
  Destination:            servo/cnt_duty_reg[4]/D
  Path Group:             (none)
  Path Type:              Min at Fast Process Corner
  Data Path Delay:        0.388ns  (logic 0.186ns (47.930%)  route 0.202ns (52.070%))
  Logic Levels:           2  (FDCE=1 LUT6=1)

    Location             Delay type                Incr(ns)  Path(ns)    Netlist Resource(s)
  -------------------------------------------------------------------    -------------------
    SLICE_X0Y21          FDCE                         0.000     0.000 r  servo/cnt_duty_reg[4]/C
    SLICE_X0Y21          FDCE (Prop_fdce_C_Q)         0.141     0.141 r  servo/cnt_duty_reg[4]/Q
                         net (fo=9, routed)           0.202     0.343    servo/cnt_duty[4]
    SLICE_X0Y21          LUT6 (Prop_lut6_I5_O)        0.045     0.388 r  servo/cnt_duty[4]_i_1/O
                         net (fo=1, routed)           0.000     0.388    servo/cnt_duty[4]_i_1_n_0
    SLICE_X0Y21          FDCE                                         r  servo/cnt_duty_reg[4]/D
  -------------------------------------------------------------------    -------------------





