TRACE::2026-06-04.00:27:42::SCWPlatform::Trying to open the hw design at D:/vivado_pj/userMap2023/userMapTop4/hw/userMapTop4.xsa
TRACE::2026-06-04.00:27:42::SCWPlatform::DSA given D:/vivado_pj/userMap2023/userMapTop4/hw/userMapTop4.xsa
TRACE::2026-06-04.00:27:42::SCWPlatform::DSA absoulate path D:/vivado_pj/userMap2023/userMapTop4/hw/userMapTop4.xsa
TRACE::2026-06-04.00:27:42::SCWPlatform::DSA directory D:/vivado_pj/userMap2023/userMapTop4/hw
TRACE::2026-06-04.00:27:42::SCWPlatform:: Platform Path D:/vivado_pj/userMap2023/userMapTop4/hw/userMapTop4.xsa
TRACE::2026-06-04.00:27:42::SCWPlatform:: Unique name xilinx:basys3::0.0
TRACE::2026-06-04.00:27:42::SCWPlatform::Do not have an existing db opened. 
TRACE::2026-06-04.00:27:42::SCWPlatform::Opened new HwDB with name userMapTop_19
TRACE::2026-06-04.00:27:42::SCWWriter::formatted JSON is {
	"platformName":	"userMapTop4",
	"sprVersion":	"2.0",
	"mode":	"gui",
	"dsaType":	"Fixed",
	"platformDesc":	"userMapTop4",
	"platHandOff":	"D:/vivado_pj/userMap/userMapTop4.xsa",
	"platIntHandOff":	"<platformDir>/hw/userMapTop4.xsa",
	"deviceType":	"FPGA",
	"platIsPrebuiltAutogen":	"false",
	"platIsNoBootBsp":	"false",
	"hasFsblMakeHasChanges":	"false",
	"hasPmufwMakeHasChanges":	"false",
	"platPreBuiltFlag":	false,
	"platformSamplesDir":	""
}
TRACE::2026-06-04.00:27:42::SCWWriter::formatted JSON is {
	"platformName":	"userMapTop4",
	"sprVersion":	"2.0",
	"mode":	"gui",
	"dsaType":	"Fixed",
	"platformDesc":	"userMapTop4",
	"platHandOff":	"D:/vivado_pj/userMap/userMapTop4.xsa",
	"platIntHandOff":	"<platformDir>/hw/userMapTop4.xsa",
	"deviceType":	"FPGA",
	"platIsPrebuiltAutogen":	"false",
	"platIsNoBootBsp":	"false",
	"hasFsblMakeHasChanges":	"false",
	"hasPmufwMakeHasChanges":	"false",
	"platPreBuiltFlag":	false,
	"platformSamplesDir":	"",
	"platActiveSys":	"userMapTop4",
	"systems":	[{
			"systemName":	"userMapTop4",
			"systemDesc":	"userMapTop4",
			"sysIsBootAutoGen":	"true",
			"systemDispName":	"userMapTop4"
		}]
}
TRACE::2026-06-04.00:27:42::SCWPlatform::Boot application domains not present, creating them
TRACE::2026-06-04.00:27:42::SCWPlatform::Pure FPGA device, no boot application will be created.
TRACE::2026-06-04.00:27:42::SCWWriter::formatted JSON is {
	"platformName":	"userMapTop4",
	"sprVersion":	"2.0",
	"mode":	"gui",
	"dsaType":	"Fixed",
	"platformDesc":	"userMapTop4",
	"platHandOff":	"D:/vivado_pj/userMap/userMapTop4.xsa",
	"platIntHandOff":	"<platformDir>/hw/userMapTop4.xsa",
	"deviceType":	"FPGA",
	"platIsPrebuiltAutogen":	"false",
	"platIsNoBootBsp":	"false",
	"hasFsblMakeHasChanges":	"false",
	"hasPmufwMakeHasChanges":	"false",
	"platPreBuiltFlag":	false,
	"platformSamplesDir":	"",
	"platActiveSys":	"userMapTop4",
	"systems":	[{
			"systemName":	"userMapTop4",
			"systemDesc":	"userMapTop4",
			"sysIsBootAutoGen":	"true",
			"systemDispName":	"userMapTop4"
		}]
}
TRACE::2026-06-04.00:27:42::SCWWriter::formatted JSON is {
	"platformName":	"userMapTop4",
	"sprVersion":	"2.0",
	"mode":	"gui",
	"dsaType":	"Fixed",
	"platformDesc":	"userMapTop4",
	"platHandOff":	"D:/vivado_pj/userMap/userMapTop4.xsa",
	"platIntHandOff":	"<platformDir>/hw/userMapTop4.xsa",
	"deviceType":	"FPGA",
	"platIsPrebuiltAutogen":	"false",
	"platIsNoBootBsp":	"false",
	"hasFsblMakeHasChanges":	"false",
	"hasPmufwMakeHasChanges":	"false",
	"platPreBuiltFlag":	false,
	"platformSamplesDir":	"",
	"platActiveSys":	"userMapTop4",
	"systems":	[{
			"systemName":	"userMapTop4",
			"systemDesc":	"userMapTop4",
			"sysIsBootAutoGen":	"true",
			"systemDispName":	"userMapTop4"
		}]
}
TRACE::2026-06-04.00:27:42::SCWPlatform::Trying to open the hw design at D:/vivado_pj/userMap2023/userMapTop4/hw/userMapTop4.xsa
TRACE::2026-06-04.00:27:42::SCWPlatform::DSA given D:/vivado_pj/userMap2023/userMapTop4/hw/userMapTop4.xsa
TRACE::2026-06-04.00:27:42::SCWPlatform::DSA absoulate path D:/vivado_pj/userMap2023/userMapTop4/hw/userMapTop4.xsa
TRACE::2026-06-04.00:27:42::SCWPlatform::DSA directory D:/vivado_pj/userMap2023/userMapTop4/hw
TRACE::2026-06-04.00:27:42::SCWPlatform:: Platform Path D:/vivado_pj/userMap2023/userMapTop4/hw/userMapTop4.xsa
TRACE::2026-06-04.00:27:42::SCWPlatform:: Unique name xilinx:basys3::0.0
TRACE::2026-06-04.00:27:42::SCWPlatform::Trying to set the existing hwdb with name userMapTop_19
TRACE::2026-06-04.00:27:42::SCWPlatform::Opened existing hwdb userMapTop_19
TRACE::2026-06-04.00:27:42::SCWPlatform::Found the Hw Db part of the input DSA
TRACE::2026-06-04.00:27:42::SCWPlatform::Trying to open the hw design at D:/vivado_pj/userMap2023/userMapTop4/hw/userMapTop4.xsa
TRACE::2026-06-04.00:27:42::SCWPlatform::DSA given D:/vivado_pj/userMap2023/userMapTop4/hw/userMapTop4.xsa
TRACE::2026-06-04.00:27:42::SCWPlatform::DSA absoulate path D:/vivado_pj/userMap2023/userMapTop4/hw/userMapTop4.xsa
TRACE::2026-06-04.00:27:42::SCWPlatform::DSA directory D:/vivado_pj/userMap2023/userMapTop4/hw
TRACE::2026-06-04.00:27:42::SCWPlatform:: Platform Path D:/vivado_pj/userMap2023/userMapTop4/hw/userMapTop4.xsa
TRACE::2026-06-04.00:27:42::SCWPlatform:: Unique name xilinx:basys3::0.0
TRACE::2026-06-04.00:27:42::SCWPlatform::Trying to set the existing hwdb with name userMapTop_19
TRACE::2026-06-04.00:27:42::SCWPlatform::Opened existing hwdb userMapTop_19
TRACE::2026-06-04.00:27:42::SCWPlatform::Found the Hw Db part of the input DSA
TRACE::2026-06-04.00:27:42::SCWDomain::checking for install qemu data   : 
TRACE::2026-06-04.00:27:42::SCWPlatform::Trying to open the hw design at D:/vivado_pj/userMap2023/userMapTop4/hw/userMapTop4.xsa
TRACE::2026-06-04.00:27:42::SCWPlatform::DSA given D:/vivado_pj/userMap2023/userMapTop4/hw/userMapTop4.xsa
TRACE::2026-06-04.00:27:42::SCWPlatform::DSA absoulate path D:/vivado_pj/userMap2023/userMapTop4/hw/userMapTop4.xsa
TRACE::2026-06-04.00:27:42::SCWPlatform::DSA directory D:/vivado_pj/userMap2023/userMapTop4/hw
TRACE::2026-06-04.00:27:42::SCWPlatform:: Platform Path D:/vivado_pj/userMap2023/userMapTop4/hw/userMapTop4.xsa
TRACE::2026-06-04.00:27:42::SCWPlatform:: Unique name xilinx:basys3::0.0
TRACE::2026-06-04.00:27:42::SCWPlatform::Trying to set the existing hwdb with name userMapTop_19
TRACE::2026-06-04.00:27:42::SCWPlatform::Opened existing hwdb userMapTop_19
TRACE::2026-06-04.00:27:42::SCWPlatform::Found the Hw Db part of the input DSA
TRACE::2026-06-04.00:27:42::SCWPlatform::Trying to open the hw design at D:/vivado_pj/userMap2023/userMapTop4/hw/userMapTop4.xsa
TRACE::2026-06-04.00:27:42::SCWPlatform::DSA given D:/vivado_pj/userMap2023/userMapTop4/hw/userMapTop4.xsa
TRACE::2026-06-04.00:27:42::SCWPlatform::DSA absoulate path D:/vivado_pj/userMap2023/userMapTop4/hw/userMapTop4.xsa
TRACE::2026-06-04.00:27:42::SCWPlatform::DSA directory D:/vivado_pj/userMap2023/userMapTop4/hw
TRACE::2026-06-04.00:27:42::SCWPlatform:: Platform Path D:/vivado_pj/userMap2023/userMapTop4/hw/userMapTop4.xsa
TRACE::2026-06-04.00:27:42::SCWPlatform:: Unique name xilinx:basys3::0.0
TRACE::2026-06-04.00:27:42::SCWPlatform::Trying to set the existing hwdb with name userMapTop_19
TRACE::2026-06-04.00:27:42::SCWPlatform::Opened existing hwdb userMapTop_19
TRACE::2026-06-04.00:27:42::SCWPlatform::Found the Hw Db part of the input DSA
TRACE::2026-06-04.00:27:42::SCWPlatform::Trying to open the hw design at D:/vivado_pj/userMap2023/userMapTop4/hw/userMapTop4.xsa
TRACE::2026-06-04.00:27:42::SCWPlatform::DSA given D:/vivado_pj/userMap2023/userMapTop4/hw/userMapTop4.xsa
TRACE::2026-06-04.00:27:42::SCWPlatform::DSA absoulate path D:/vivado_pj/userMap2023/userMapTop4/hw/userMapTop4.xsa
TRACE::2026-06-04.00:27:42::SCWPlatform::DSA directory D:/vivado_pj/userMap2023/userMapTop4/hw
TRACE::2026-06-04.00:27:42::SCWPlatform:: Platform Path D:/vivado_pj/userMap2023/userMapTop4/hw/userMapTop4.xsa
TRACE::2026-06-04.00:27:42::SCWPlatform:: Unique name xilinx:basys3::0.0
TRACE::2026-06-04.00:27:42::SCWPlatform::Trying to set the existing hwdb with name userMapTop_19
TRACE::2026-06-04.00:27:42::SCWPlatform::Opened existing hwdb userMapTop_19
TRACE::2026-06-04.00:27:42::SCWPlatform::Found the Hw Db part of the input DSA
TRACE::2026-06-04.00:27:42::SCWMssOS::Checking the sw design at  D:/vivado_pj/userMap2023/userMapTop4/microblaze_0/standalone_microblaze_0/bsp/system.mss
TRACE::2026-06-04.00:27:42::SCWMssOS::DEBUG:  swdes dump  D:/vivado_pj/userMap2023/userMapTop/microblaze_0/standalone_microblaze_0/bsp/system.mss|system||

TRACE::2026-06-04.00:27:42::SCWMssOS::No sw design opened at  D:/vivado_pj/userMap2023/userMapTop4/microblaze_0/standalone_microblaze_0/bsp/system.mss
TRACE::2026-06-04.00:27:42::SCWMssOS::mss does not exists at D:/vivado_pj/userMap2023/userMapTop4/microblaze_0/standalone_microblaze_0/bsp/system.mss
TRACE::2026-06-04.00:27:42::SCWMssOS::Creating sw design at  D:/vivado_pj/userMap2023/userMapTop4/microblaze_0/standalone_microblaze_0/bsp/system.mss
TRACE::2026-06-04.00:27:42::SCWMssOS::Adding the swdes entry, created swdb D:/vivado_pj/userMap2023/userMapTop4/microblaze_0/standalone_microblaze_0/bsp/system.mss with des name D:/vivado_pj/userMap2023/userMapTop4/microblaze_0/standalone_microblaze_0/bsp/system.mss
TRACE::2026-06-04.00:27:42::SCWMssOS::updating the scw layer changes to swdes at   D:/vivado_pj/userMap2023/userMapTop4/microblaze_0/standalone_microblaze_0/bsp/system.mss
TRACE::2026-06-04.00:27:42::SCWMssOS::Writing mss at D:/vivado_pj/userMap2023/userMapTop4/microblaze_0/standalone_microblaze_0/bsp/system.mss
TRACE::2026-06-04.00:27:42::SCWMssOS::Completed writing the mss file at D:/vivado_pj/userMap2023/userMapTop4/microblaze_0/standalone_microblaze_0/bsp
TRACE::2026-06-04.00:27:42::SCWMssOS::Picking up changes from newly written mss file into SCW Layer. 
TRACE::2026-06-04.00:27:42::SCWMssOS::Updated the changes from newly written mss file into SCW Layer. 
TRACE::2026-06-04.00:27:42::SCWMssOS::Completed writing the mss file at D:/vivado_pj/userMap2023/userMapTop4/microblaze_0/standalone_microblaze_0/bsp
TRACE::2026-06-04.00:27:42::SCWMssOS::Forcing BSP Sources regeneration.
TRACE::2026-06-04.00:27:43::SCWMssOS::Saving the mss changes D:/vivado_pj/userMap2023/userMapTop4/microblaze_0/standalone_microblaze_0/bsp/system.mss
TRACE::2026-06-04.00:27:43::SCWMssOS::Adding the swdes entry, mss present, able to open swdb D:/vivado_pj/userMap2023/userMapTop4/microblaze_0/standalone_microblaze_0/bsp/system.mss with des name system_0
TRACE::2026-06-04.00:27:43::SCWMssOS::Writing the mss file completed D:/vivado_pj/userMap2023/userMapTop4/microblaze_0/standalone_microblaze_0/bsp/system.mss
TRACE::2026-06-04.00:27:43::SCWMssOS::Commit changes completed.
TRACE::2026-06-04.00:27:43::SCWPlatform::Trying to open the hw design at D:/vivado_pj/userMap2023/userMapTop4/hw/userMapTop4.xsa
TRACE::2026-06-04.00:27:43::SCWPlatform::DSA given D:/vivado_pj/userMap2023/userMapTop4/hw/userMapTop4.xsa
TRACE::2026-06-04.00:27:43::SCWPlatform::DSA absoulate path D:/vivado_pj/userMap2023/userMapTop4/hw/userMapTop4.xsa
TRACE::2026-06-04.00:27:43::SCWPlatform::DSA directory D:/vivado_pj/userMap2023/userMapTop4/hw
TRACE::2026-06-04.00:27:43::SCWPlatform:: Platform Path D:/vivado_pj/userMap2023/userMapTop4/hw/userMapTop4.xsa
TRACE::2026-06-04.00:27:43::SCWPlatform:: Unique name xilinx:basys3::0.0
TRACE::2026-06-04.00:27:43::SCWPlatform::Trying to set the existing hwdb with name userMapTop_19
TRACE::2026-06-04.00:27:43::SCWPlatform::Opened existing hwdb userMapTop_19
TRACE::2026-06-04.00:27:43::SCWPlatform::Found the Hw Db part of the input DSA
TRACE::2026-06-04.00:27:43::SCWMssOS::Checking the sw design at  D:/vivado_pj/userMap2023/userMapTop4/microblaze_0/standalone_microblaze_0/bsp/system.mss
TRACE::2026-06-04.00:27:43::SCWMssOS::DEBUG:  swdes dump  D:/vivado_pj/userMap2023/userMapTop/microblaze_0/standalone_microblaze_0/bsp/system.mss|system||
D:/vivado_pj/userMap2023/userMapTop4/microblaze_0/standalone_microblaze_0/bsp/system.mss|system_0||

TRACE::2026-06-04.00:27:43::SCWMssOS::Sw design exists and opened at  D:/vivado_pj/userMap2023/userMapTop4/microblaze_0/standalone_microblaze_0/bsp/system.mss
TRACE::2026-06-04.00:27:43::SCWPlatform::Trying to open the hw design at D:/vivado_pj/userMap2023/userMapTop4/hw/userMapTop4.xsa
TRACE::2026-06-04.00:27:43::SCWPlatform::DSA given D:/vivado_pj/userMap2023/userMapTop4/hw/userMapTop4.xsa
TRACE::2026-06-04.00:27:43::SCWPlatform::DSA absoulate path D:/vivado_pj/userMap2023/userMapTop4/hw/userMapTop4.xsa
TRACE::2026-06-04.00:27:43::SCWPlatform::DSA directory D:/vivado_pj/userMap2023/userMapTop4/hw
TRACE::2026-06-04.00:27:43::SCWPlatform:: Platform Path D:/vivado_pj/userMap2023/userMapTop4/hw/userMapTop4.xsa
TRACE::2026-06-04.00:27:43::SCWPlatform:: Unique name xilinx:basys3::0.0
TRACE::2026-06-04.00:27:43::SCWPlatform::Trying to set the existing hwdb with name userMapTop_19
TRACE::2026-06-04.00:27:43::SCWPlatform::Opened existing hwdb userMapTop_19
TRACE::2026-06-04.00:27:43::SCWPlatform::Found the Hw Db part of the input DSA
TRACE::2026-06-04.00:27:43::SCWMssOS::Checking the sw design at  D:/vivado_pj/userMap2023/userMapTop4/microblaze_0/standalone_microblaze_0/bsp/system.mss
TRACE::2026-06-04.00:27:43::SCWMssOS::DEBUG:  swdes dump  D:/vivado_pj/userMap2023/userMapTop/microblaze_0/standalone_microblaze_0/bsp/system.mss|system||
D:/vivado_pj/userMap2023/userMapTop4/microblaze_0/standalone_microblaze_0/bsp/system.mss|system_0||

TRACE::2026-06-04.00:27:43::SCWMssOS::Sw design exists and opened at  D:/vivado_pj/userMap2023/userMapTop4/microblaze_0/standalone_microblaze_0/bsp/system.mss
TRACE::2026-06-04.00:27:43::SCWPlatform::Trying to open the hw design at D:/vivado_pj/userMap2023/userMapTop4/hw/userMapTop4.xsa
TRACE::2026-06-04.00:27:43::SCWPlatform::DSA given D:/vivado_pj/userMap2023/userMapTop4/hw/userMapTop4.xsa
TRACE::2026-06-04.00:27:43::SCWPlatform::DSA absoulate path D:/vivado_pj/userMap2023/userMapTop4/hw/userMapTop4.xsa
TRACE::2026-06-04.00:27:43::SCWPlatform::DSA directory D:/vivado_pj/userMap2023/userMapTop4/hw
TRACE::2026-06-04.00:27:43::SCWPlatform:: Platform Path D:/vivado_pj/userMap2023/userMapTop4/hw/userMapTop4.xsa
TRACE::2026-06-04.00:27:43::SCWPlatform:: Unique name xilinx:basys3::0.0
TRACE::2026-06-04.00:27:43::SCWPlatform::Trying to set the existing hwdb with name userMapTop_19
TRACE::2026-06-04.00:27:43::SCWPlatform::Opened existing hwdb userMapTop_19
TRACE::2026-06-04.00:27:43::SCWPlatform::Found the Hw Db part of the input DSA
TRACE::2026-06-04.00:27:43::SCWMssOS::Checking the sw design at  D:/vivado_pj/userMap2023/userMapTop4/microblaze_0/standalone_microblaze_0/bsp/system.mss
TRACE::2026-06-04.00:27:43::SCWMssOS::DEBUG:  swdes dump  D:/vivado_pj/userMap2023/userMapTop/microblaze_0/standalone_microblaze_0/bsp/system.mss|system||
D:/vivado_pj/userMap2023/userMapTop4/microblaze_0/standalone_microblaze_0/bsp/system.mss|system_0||

TRACE::2026-06-04.00:27:43::SCWMssOS::Sw design exists and opened at  D:/vivado_pj/userMap2023/userMapTop4/microblaze_0/standalone_microblaze_0/bsp/system.mss
TRACE::2026-06-04.00:27:43::SCWWriter::formatted JSON is {
	"platformName":	"userMapTop4",
	"sprVersion":	"2.0",
	"mode":	"gui",
	"dsaType":	"Fixed",
	"platformDesc":	"userMapTop4",
	"platHandOff":	"D:/vivado_pj/userMap/userMapTop4.xsa",
	"platIntHandOff":	"<platformDir>/hw/userMapTop4.xsa",
	"deviceType":	"FPGA",
	"platIsPrebuiltAutogen":	"false",
	"platIsNoBootBsp":	"false",
	"hasFsblMakeHasChanges":	"false",
	"hasPmufwMakeHasChanges":	"false",
	"platPreBuiltFlag":	false,
	"platformSamplesDir":	"",
	"platActiveSys":	"userMapTop4",
	"systems":	[{
			"systemName":	"userMapTop4",
			"systemDesc":	"userMapTop4",
			"sysIsBootAutoGen":	"true",
			"systemDispName":	"userMapTop4",
			"sysActiveDom":	"standalone_microblaze_0",
			"sysDefaultDom":	"standalone_microblaze_0",
			"domains":	[{
					"domainName":	"standalone_microblaze_0",
					"domainDispName":	"standalone_microblaze_0",
					"domainDesc":	"standalone_microblaze_0",
					"processors":	"microblaze_0",
					"os":	"standalone",
					"sdxOs":	"standalone",
					"debugEnable":	"False",
					"domRuntimes":	["cpp"],
					"swRepo":	"",
					"mssOsVer":	"8.1",
					"mssFile":	"",
					"md5Digest":	"2387726c7969e4016a1fc62dc46e34ae",
					"compatibleApp":	"hello_world",
					"domType":	"mssDomain",
					"arch":	"32-bit",
					"appSettings":	{
						"appCompilerFlags":	"",
						"appLinkerFlags":	""
					},
					"addedLibs":	[],
					"libOptions":	{
						"libsContainingOptions":	[]
					},
					"prebuiltLibs":	{
						"prebuiltIncPath":	[],
						"prebuiltLibPath":	[]
					},
					"isolation":	{
					}
				}]
		}]
}
LOG::2026-06-04.00:27:43::SCWPlatform::Started generating the artifacts platform userMapTop4
TRACE::2026-06-04.00:27:43::SCWPlatform::Sanity checking of platform is completed
LOG::2026-06-04.00:27:43::SCWPlatform::Started generating the artifacts for system configuration userMapTop4
LOG::2026-06-04.00:27:43::SCWSystem::Checking the domain standalone_microblaze_0
LOG::2026-06-04.00:27:43::SCWSystem::Not a boot domain 
LOG::2026-06-04.00:27:43::SCWSystem::Started Processing the domain standalone_microblaze_0
TRACE::2026-06-04.00:27:43::SCWDomain::Generating domain artifcats
TRACE::2026-06-04.00:27:43::SCWMssOS::Generating standalone artifcats
TRACE::2026-06-04.00:27:43::SCWMssOS:: Copying the user libraries. 
TRACE::2026-06-04.00:27:43::SCWPlatform::Trying to open the hw design at D:/vivado_pj/userMap2023/userMapTop4/hw/userMapTop4.xsa
TRACE::2026-06-04.00:27:43::SCWPlatform::DSA given D:/vivado_pj/userMap2023/userMapTop4/hw/userMapTop4.xsa
TRACE::2026-06-04.00:27:43::SCWPlatform::DSA absoulate path D:/vivado_pj/userMap2023/userMapTop4/hw/userMapTop4.xsa
TRACE::2026-06-04.00:27:43::SCWPlatform::DSA directory D:/vivado_pj/userMap2023/userMapTop4/hw
TRACE::2026-06-04.00:27:43::SCWPlatform:: Platform Path D:/vivado_pj/userMap2023/userMapTop4/hw/userMapTop4.xsa
TRACE::2026-06-04.00:27:43::SCWPlatform:: Unique name xilinx:basys3::0.0
TRACE::2026-06-04.00:27:43::SCWPlatform::Trying to set the existing hwdb with name userMapTop_19
TRACE::2026-06-04.00:27:43::SCWPlatform::Opened existing hwdb userMapTop_19
TRACE::2026-06-04.00:27:43::SCWPlatform::Found the Hw Db part of the input DSA
TRACE::2026-06-04.00:27:43::SCWMssOS::Checking the sw design at  D:/vivado_pj/userMap2023/userMapTop4/microblaze_0/standalone_microblaze_0/bsp/system.mss
TRACE::2026-06-04.00:27:43::SCWMssOS::DEBUG:  swdes dump  D:/vivado_pj/userMap2023/userMapTop/microblaze_0/standalone_microblaze_0/bsp/system.mss|system||
D:/vivado_pj/userMap2023/userMapTop4/microblaze_0/standalone_microblaze_0/bsp/system.mss|system_0||

TRACE::2026-06-04.00:27:43::SCWMssOS::Sw design exists and opened at  D:/vivado_pj/userMap2023/userMapTop4/microblaze_0/standalone_microblaze_0/bsp/system.mss
TRACE::2026-06-04.00:27:43::SCWMssOS::Completed writing the mss file at D:/vivado_pj/userMap2023/userMapTop4/microblaze_0/standalone_microblaze_0/bsp
TRACE::2026-06-04.00:27:43::SCWMssOS::Mss edits present, copying mssfile into export location D:/vivado_pj/userMap2023/userMapTop4/microblaze_0/standalone_microblaze_0/bsp/system.mss
TRACE::2026-06-04.00:27:43::SCWMssOS::bsp generated is upto date with the mss file. Skipping bsp generation.
TRACE::2026-06-04.00:27:43::SCWMssOS::BSP is already built. skipping the bsp build ... 
TRACE::2026-06-04.00:27:43::SCWDomain::Skipping the build for domain :  standalone_microblaze_0
TRACE::2026-06-04.00:27:43::SCWMssOS::skipping the bsp build ... 
TRACE::2026-06-04.00:27:43::SCWMssOS::Copying to export directory.
TRACE::2026-06-04.00:27:43::SCWMssOS:: Checking if to create the Supporting Applications
TRACE::2026-06-04.00:27:43::SCWMssOS:: No Linux domain exists, trying to generate FSBL 
LOG::2026-06-04.00:27:43::SCWSystem::Completed Processing the domain standalone_microblaze_0
LOG::2026-06-04.00:27:43::SCWSystem::Completed Processing the sysconfig userMapTop4
LOG::2026-06-04.00:27:43::SCWPlatform::Completed generating the artifacts for system configuration userMapTop4
TRACE::2026-06-04.00:27:43::SCWPlatform::Started preparing the platform 
TRACE::2026-06-04.00:27:43::SCWSystem::Writing the bif file for system config userMapTop4
TRACE::2026-06-04.00:27:43::SCWSystem::dir created 
TRACE::2026-06-04.00:27:43::SCWSystem::Writing the bif 
TRACE::2026-06-04.00:27:43::SCWPlatform::Started writing the spfm file 
TRACE::2026-06-04.00:27:43::SCWPlatform::Started writing the xpfm file 
TRACE::2026-06-04.00:27:43::SCWPlatform::Completed generating the platform
TRACE::2026-06-04.00:27:43::SCWMssOS::Saving the mss changes D:/vivado_pj/userMap2023/userMapTop4/microblaze_0/standalone_microblaze_0/bsp/system.mss
TRACE::2026-06-04.00:27:43::SCWMssOS::Found a swdesign opened with the mssfile.
TRACE::2026-06-04.00:27:43::SCWMssOS::Completed writemss as part of save.
TRACE::2026-06-04.00:27:43::SCWMssOS::Commit changes completed.
TRACE::2026-06-04.00:27:43::SCWPlatform::Trying to open the hw design at D:/vivado_pj/userMap2023/userMapTop4/hw/userMapTop4.xsa
TRACE::2026-06-04.00:27:43::SCWPlatform::DSA given D:/vivado_pj/userMap2023/userMapTop4/hw/userMapTop4.xsa
TRACE::2026-06-04.00:27:43::SCWPlatform::DSA absoulate path D:/vivado_pj/userMap2023/userMapTop4/hw/userMapTop4.xsa
TRACE::2026-06-04.00:27:43::SCWPlatform::DSA directory D:/vivado_pj/userMap2023/userMapTop4/hw
TRACE::2026-06-04.00:27:43::SCWPlatform:: Platform Path D:/vivado_pj/userMap2023/userMapTop4/hw/userMapTop4.xsa
TRACE::2026-06-04.00:27:43::SCWPlatform:: Unique name xilinx:basys3::0.0
TRACE::2026-06-04.00:27:43::SCWPlatform::Trying to set the existing hwdb with name userMapTop_19
TRACE::2026-06-04.00:27:43::SCWPlatform::Opened existing hwdb userMapTop_19
TRACE::2026-06-04.00:27:43::SCWPlatform::Found the Hw Db part of the input DSA
TRACE::2026-06-04.00:27:43::SCWMssOS::Checking the sw design at  D:/vivado_pj/userMap2023/userMapTop4/microblaze_0/standalone_microblaze_0/bsp/system.mss
TRACE::2026-06-04.00:27:43::SCWMssOS::DEBUG:  swdes dump  D:/vivado_pj/userMap2023/userMapTop/microblaze_0/standalone_microblaze_0/bsp/system.mss|system||
D:/vivado_pj/userMap2023/userMapTop4/microblaze_0/standalone_microblaze_0/bsp/system.mss|system_0||

TRACE::2026-06-04.00:27:43::SCWMssOS::Sw design exists and opened at  D:/vivado_pj/userMap2023/userMapTop4/microblaze_0/standalone_microblaze_0/bsp/system.mss
TRACE::2026-06-04.00:27:43::SCWPlatform::Trying to open the hw design at D:/vivado_pj/userMap2023/userMapTop4/hw/userMapTop4.xsa
TRACE::2026-06-04.00:27:43::SCWPlatform::DSA given D:/vivado_pj/userMap2023/userMapTop4/hw/userMapTop4.xsa
TRACE::2026-06-04.00:27:43::SCWPlatform::DSA absoulate path D:/vivado_pj/userMap2023/userMapTop4/hw/userMapTop4.xsa
TRACE::2026-06-04.00:27:43::SCWPlatform::DSA directory D:/vivado_pj/userMap2023/userMapTop4/hw
TRACE::2026-06-04.00:27:43::SCWPlatform:: Platform Path D:/vivado_pj/userMap2023/userMapTop4/hw/userMapTop4.xsa
TRACE::2026-06-04.00:27:43::SCWPlatform:: Unique name xilinx:basys3::0.0
TRACE::2026-06-04.00:27:43::SCWPlatform::Trying to set the existing hwdb with name userMapTop_19
TRACE::2026-06-04.00:27:43::SCWPlatform::Opened existing hwdb userMapTop_19
TRACE::2026-06-04.00:27:43::SCWPlatform::Found the Hw Db part of the input DSA
TRACE::2026-06-04.00:27:43::SCWMssOS::Checking the sw design at  D:/vivado_pj/userMap2023/userMapTop4/microblaze_0/standalone_microblaze_0/bsp/system.mss
TRACE::2026-06-04.00:27:43::SCWMssOS::DEBUG:  swdes dump  D:/vivado_pj/userMap2023/userMapTop/microblaze_0/standalone_microblaze_0/bsp/system.mss|system||
D:/vivado_pj/userMap2023/userMapTop4/microblaze_0/standalone_microblaze_0/bsp/system.mss|system_0||

TRACE::2026-06-04.00:27:43::SCWMssOS::Sw design exists and opened at  D:/vivado_pj/userMap2023/userMapTop4/microblaze_0/standalone_microblaze_0/bsp/system.mss
TRACE::2026-06-04.00:27:43::SCWPlatform::Trying to open the hw design at D:/vivado_pj/userMap2023/userMapTop4/hw/userMapTop4.xsa
TRACE::2026-06-04.00:27:43::SCWPlatform::DSA given D:/vivado_pj/userMap2023/userMapTop4/hw/userMapTop4.xsa
TRACE::2026-06-04.00:27:43::SCWPlatform::DSA absoulate path D:/vivado_pj/userMap2023/userMapTop4/hw/userMapTop4.xsa
TRACE::2026-06-04.00:27:43::SCWPlatform::DSA directory D:/vivado_pj/userMap2023/userMapTop4/hw
TRACE::2026-06-04.00:27:43::SCWPlatform:: Platform Path D:/vivado_pj/userMap2023/userMapTop4/hw/userMapTop4.xsa
TRACE::2026-06-04.00:27:43::SCWPlatform:: Unique name xilinx:basys3::0.0
TRACE::2026-06-04.00:27:43::SCWPlatform::Trying to set the existing hwdb with name userMapTop_19
TRACE::2026-06-04.00:27:43::SCWPlatform::Opened existing hwdb userMapTop_19
TRACE::2026-06-04.00:27:43::SCWPlatform::Found the Hw Db part of the input DSA
TRACE::2026-06-04.00:27:43::SCWMssOS::Checking the sw design at  D:/vivado_pj/userMap2023/userMapTop4/microblaze_0/standalone_microblaze_0/bsp/system.mss
TRACE::2026-06-04.00:27:43::SCWMssOS::DEBUG:  swdes dump  D:/vivado_pj/userMap2023/userMapTop/microblaze_0/standalone_microblaze_0/bsp/system.mss|system||
D:/vivado_pj/userMap2023/userMapTop4/microblaze_0/standalone_microblaze_0/bsp/system.mss|system_0||

TRACE::2026-06-04.00:27:43::SCWMssOS::Sw design exists and opened at  D:/vivado_pj/userMap2023/userMapTop4/microblaze_0/standalone_microblaze_0/bsp/system.mss
TRACE::2026-06-04.00:27:43::SCWWriter::formatted JSON is {
	"platformName":	"userMapTop4",
	"sprVersion":	"2.0",
	"mode":	"gui",
	"dsaType":	"Fixed",
	"platformDesc":	"userMapTop4",
	"platHandOff":	"D:/vivado_pj/userMap/userMapTop4.xsa",
	"platIntHandOff":	"<platformDir>/hw/userMapTop4.xsa",
	"deviceType":	"FPGA",
	"platIsPrebuiltAutogen":	"false",
	"platIsNoBootBsp":	"false",
	"hasFsblMakeHasChanges":	"false",
	"hasPmufwMakeHasChanges":	"false",
	"platPreBuiltFlag":	false,
	"platformSamplesDir":	"",
	"platActiveSys":	"userMapTop4",
	"systems":	[{
			"systemName":	"userMapTop4",
			"systemDesc":	"userMapTop4",
			"sysIsBootAutoGen":	"true",
			"systemDispName":	"userMapTop4",
			"sysActiveDom":	"standalone_microblaze_0",
			"sysDefaultDom":	"standalone_microblaze_0",
			"domains":	[{
					"domainName":	"standalone_microblaze_0",
					"domainDispName":	"standalone_microblaze_0",
					"domainDesc":	"standalone_microblaze_0",
					"processors":	"microblaze_0",
					"os":	"standalone",
					"sdxOs":	"standalone",
					"debugEnable":	"False",
					"domRuntimes":	["cpp"],
					"swRepo":	"",
					"mssOsVer":	"8.1",
					"mssFile":	"",
					"md5Digest":	"2387726c7969e4016a1fc62dc46e34ae",
					"compatibleApp":	"hello_world",
					"domType":	"mssDomain",
					"arch":	"32-bit",
					"appSettings":	{
						"appCompilerFlags":	"",
						"appLinkerFlags":	""
					},
					"addedLibs":	[],
					"libOptions":	{
						"libsContainingOptions":	[]
					},
					"prebuiltLibs":	{
						"prebuiltIncPath":	[],
						"prebuiltLibPath":	[]
					},
					"isolation":	{
					}
				}]
		}]
}
KEYINFO::2026-06-04.00:27:43::SCWPlatform::updated the xpfm file.
TRACE::2026-06-04.00:27:44::SCWPlatform::Trying to open the hw design at D:/vivado_pj/userMap2023/userMapTop4/hw/userMapTop4.xsa
TRACE::2026-06-04.00:27:44::SCWPlatform::DSA given D:/vivado_pj/userMap2023/userMapTop4/hw/userMapTop4.xsa
TRACE::2026-06-04.00:27:44::SCWPlatform::DSA absoulate path D:/vivado_pj/userMap2023/userMapTop4/hw/userMapTop4.xsa
TRACE::2026-06-04.00:27:44::SCWPlatform::DSA directory D:/vivado_pj/userMap2023/userMapTop4/hw
TRACE::2026-06-04.00:27:44::SCWPlatform:: Platform Path D:/vivado_pj/userMap2023/userMapTop4/hw/userMapTop4.xsa
TRACE::2026-06-04.00:27:44::SCWPlatform:: Unique name xilinx:basys3::0.0
TRACE::2026-06-04.00:27:44::SCWPlatform::Trying to set the existing hwdb with name userMapTop_19
TRACE::2026-06-04.00:27:44::SCWPlatform::Opened existing hwdb userMapTop_19
TRACE::2026-06-04.00:27:44::SCWPlatform::Found the Hw Db part of the input DSA
TRACE::2026-06-04.00:27:44::SCWMssOS::Checking the sw design at  D:/vivado_pj/userMap2023/userMapTop4/microblaze_0/standalone_microblaze_0/bsp/system.mss
TRACE::2026-06-04.00:27:44::SCWMssOS::DEBUG:  swdes dump  D:/vivado_pj/userMap2023/userMapTop/microblaze_0/standalone_microblaze_0/bsp/system.mss|system||
D:/vivado_pj/userMap2023/userMapTop4/microblaze_0/standalone_microblaze_0/bsp/system.mss|system_0||

TRACE::2026-06-04.00:27:44::SCWMssOS::Sw design exists and opened at  D:/vivado_pj/userMap2023/userMapTop4/microblaze_0/standalone_microblaze_0/bsp/system.mss
TRACE::2026-06-04.00:27:44::SCWMssOS::Saving the mss changes D:/vivado_pj/userMap2023/userMapTop4/microblaze_0/standalone_microblaze_0/bsp/system.mss
TRACE::2026-06-04.00:27:44::SCWMssOS::Found a swdesign opened with the mssfile.
TRACE::2026-06-04.00:27:44::SCWMssOS::Completed writemss as part of save.
TRACE::2026-06-04.00:27:44::SCWMssOS::Commit changes completed.
TRACE::2026-06-04.00:27:44::SCWPlatform::Trying to open the hw design at D:/vivado_pj/userMap2023/userMapTop4/hw/userMapTop4.xsa
TRACE::2026-06-04.00:27:44::SCWPlatform::DSA given D:/vivado_pj/userMap2023/userMapTop4/hw/userMapTop4.xsa
TRACE::2026-06-04.00:27:44::SCWPlatform::DSA absoulate path D:/vivado_pj/userMap2023/userMapTop4/hw/userMapTop4.xsa
TRACE::2026-06-04.00:27:44::SCWPlatform::DSA directory D:/vivado_pj/userMap2023/userMapTop4/hw
TRACE::2026-06-04.00:27:44::SCWPlatform:: Platform Path D:/vivado_pj/userMap2023/userMapTop4/hw/userMapTop4.xsa
TRACE::2026-06-04.00:27:44::SCWPlatform:: Unique name xilinx:basys3::0.0
TRACE::2026-06-04.00:27:44::SCWPlatform::Trying to set the existing hwdb with name userMapTop_19
TRACE::2026-06-04.00:27:44::SCWPlatform::Opened existing hwdb userMapTop_19
TRACE::2026-06-04.00:27:44::SCWPlatform::Found the Hw Db part of the input DSA
TRACE::2026-06-04.00:27:44::SCWMssOS::Checking the sw design at  D:/vivado_pj/userMap2023/userMapTop4/microblaze_0/standalone_microblaze_0/bsp/system.mss
TRACE::2026-06-04.00:27:44::SCWMssOS::DEBUG:  swdes dump  D:/vivado_pj/userMap2023/userMapTop/microblaze_0/standalone_microblaze_0/bsp/system.mss|system||
D:/vivado_pj/userMap2023/userMapTop4/microblaze_0/standalone_microblaze_0/bsp/system.mss|system_0||

TRACE::2026-06-04.00:27:44::SCWMssOS::Sw design exists and opened at  D:/vivado_pj/userMap2023/userMapTop4/microblaze_0/standalone_microblaze_0/bsp/system.mss
TRACE::2026-06-04.00:27:44::SCWPlatform::Trying to open the hw design at D:/vivado_pj/userMap2023/userMapTop4/hw/userMapTop4.xsa
TRACE::2026-06-04.00:27:44::SCWPlatform::DSA given D:/vivado_pj/userMap2023/userMapTop4/hw/userMapTop4.xsa
TRACE::2026-06-04.00:27:44::SCWPlatform::DSA absoulate path D:/vivado_pj/userMap2023/userMapTop4/hw/userMapTop4.xsa
TRACE::2026-06-04.00:27:44::SCWPlatform::DSA directory D:/vivado_pj/userMap2023/userMapTop4/hw
TRACE::2026-06-04.00:27:44::SCWPlatform:: Platform Path D:/vivado_pj/userMap2023/userMapTop4/hw/userMapTop4.xsa
TRACE::2026-06-04.00:27:44::SCWPlatform:: Unique name xilinx:basys3::0.0
TRACE::2026-06-04.00:27:44::SCWPlatform::Trying to set the existing hwdb with name userMapTop_19
TRACE::2026-06-04.00:27:44::SCWPlatform::Opened existing hwdb userMapTop_19
TRACE::2026-06-04.00:27:44::SCWPlatform::Found the Hw Db part of the input DSA
TRACE::2026-06-04.00:27:44::SCWMssOS::Checking the sw design at  D:/vivado_pj/userMap2023/userMapTop4/microblaze_0/standalone_microblaze_0/bsp/system.mss
TRACE::2026-06-04.00:27:44::SCWMssOS::DEBUG:  swdes dump  D:/vivado_pj/userMap2023/userMapTop/microblaze_0/standalone_microblaze_0/bsp/system.mss|system||
D:/vivado_pj/userMap2023/userMapTop4/microblaze_0/standalone_microblaze_0/bsp/system.mss|system_0||

TRACE::2026-06-04.00:27:44::SCWMssOS::Sw design exists and opened at  D:/vivado_pj/userMap2023/userMapTop4/microblaze_0/standalone_microblaze_0/bsp/system.mss
TRACE::2026-06-04.00:27:44::SCWPlatform::Trying to open the hw design at D:/vivado_pj/userMap2023/userMapTop4/hw/userMapTop4.xsa
TRACE::2026-06-04.00:27:44::SCWPlatform::DSA given D:/vivado_pj/userMap2023/userMapTop4/hw/userMapTop4.xsa
TRACE::2026-06-04.00:27:44::SCWPlatform::DSA absoulate path D:/vivado_pj/userMap2023/userMapTop4/hw/userMapTop4.xsa
TRACE::2026-06-04.00:27:44::SCWPlatform::DSA directory D:/vivado_pj/userMap2023/userMapTop4/hw
TRACE::2026-06-04.00:27:44::SCWPlatform:: Platform Path D:/vivado_pj/userMap2023/userMapTop4/hw/userMapTop4.xsa
TRACE::2026-06-04.00:27:44::SCWPlatform:: Unique name xilinx:basys3::0.0
TRACE::2026-06-04.00:27:44::SCWPlatform::Trying to set the existing hwdb with name userMapTop_19
TRACE::2026-06-04.00:27:44::SCWPlatform::Opened existing hwdb userMapTop_19
TRACE::2026-06-04.00:27:44::SCWPlatform::Found the Hw Db part of the input DSA
TRACE::2026-06-04.00:27:44::SCWMssOS::Checking the sw design at  D:/vivado_pj/userMap2023/userMapTop4/microblaze_0/standalone_microblaze_0/bsp/system.mss
TRACE::2026-06-04.00:27:44::SCWMssOS::DEBUG:  swdes dump  D:/vivado_pj/userMap2023/userMapTop/microblaze_0/standalone_microblaze_0/bsp/system.mss|system||
D:/vivado_pj/userMap2023/userMapTop4/microblaze_0/standalone_microblaze_0/bsp/system.mss|system_0||

TRACE::2026-06-04.00:27:44::SCWMssOS::Sw design exists and opened at  D:/vivado_pj/userMap2023/userMapTop4/microblaze_0/standalone_microblaze_0/bsp/system.mss
TRACE::2026-06-04.00:27:44::SCWWriter::formatted JSON is {
	"platformName":	"userMapTop4",
	"sprVersion":	"2.0",
	"mode":	"gui",
	"dsaType":	"Fixed",
	"platformDesc":	"userMapTop4",
	"platHandOff":	"D:/vivado_pj/userMap/userMapTop4.xsa",
	"platIntHandOff":	"<platformDir>/hw/userMapTop4.xsa",
	"deviceType":	"FPGA",
	"platIsPrebuiltAutogen":	"false",
	"platIsNoBootBsp":	"false",
	"hasFsblMakeHasChanges":	"false",
	"hasPmufwMakeHasChanges":	"false",
	"platPreBuiltFlag":	false,
	"platformSamplesDir":	"",
	"platActiveSys":	"userMapTop4",
	"systems":	[{
			"systemName":	"userMapTop4",
			"systemDesc":	"userMapTop4",
			"sysIsBootAutoGen":	"true",
			"systemDispName":	"userMapTop4",
			"sysActiveDom":	"standalone_microblaze_0",
			"sysDefaultDom":	"standalone_microblaze_0",
			"domains":	[{
					"domainName":	"standalone_microblaze_0",
					"domainDispName":	"standalone_microblaze_0",
					"domainDesc":	"standalone_microblaze_0",
					"processors":	"microblaze_0",
					"os":	"standalone",
					"sdxOs":	"standalone",
					"debugEnable":	"False",
					"domRuntimes":	["cpp"],
					"swRepo":	"",
					"mssOsVer":	"8.1",
					"mssFile":	"",
					"md5Digest":	"2387726c7969e4016a1fc62dc46e34ae",
					"compatibleApp":	"hello_world",
					"domType":	"mssDomain",
					"arch":	"32-bit",
					"appSettings":	{
						"appCompilerFlags":	"",
						"appLinkerFlags":	""
					},
					"addedLibs":	[],
					"libOptions":	{
						"libsContainingOptions":	[]
					},
					"prebuiltLibs":	{
						"prebuiltIncPath":	[],
						"prebuiltLibPath":	[]
					},
					"isolation":	{
					}
				}]
		}]
}
TRACE::2026-06-04.00:27:44::SCWPlatform::Trying to open the hw design at D:/vivado_pj/userMap2023/userMapTop4/hw/userMapTop4.xsa
TRACE::2026-06-04.00:27:44::SCWPlatform::DSA given D:/vivado_pj/userMap2023/userMapTop4/hw/userMapTop4.xsa
TRACE::2026-06-04.00:27:44::SCWPlatform::DSA absoulate path D:/vivado_pj/userMap2023/userMapTop4/hw/userMapTop4.xsa
TRACE::2026-06-04.00:27:44::SCWPlatform::DSA directory D:/vivado_pj/userMap2023/userMapTop4/hw
TRACE::2026-06-04.00:27:44::SCWPlatform:: Platform Path D:/vivado_pj/userMap2023/userMapTop4/hw/userMapTop4.xsa
TRACE::2026-06-04.00:27:44::SCWPlatform:: Unique name xilinx:basys3::0.0
TRACE::2026-06-04.00:27:44::SCWPlatform::Trying to set the existing hwdb with name userMapTop_19
TRACE::2026-06-04.00:27:44::SCWPlatform::Opened existing hwdb userMapTop_19
TRACE::2026-06-04.00:27:44::SCWPlatform::Found the Hw Db part of the input DSA
TRACE::2026-06-04.00:27:44::SCWMssOS::Checking the sw design at  D:/vivado_pj/userMap2023/userMapTop4/microblaze_0/standalone_microblaze_0/bsp/system.mss
TRACE::2026-06-04.00:27:44::SCWMssOS::DEBUG:  swdes dump  D:/vivado_pj/userMap2023/userMapTop/microblaze_0/standalone_microblaze_0/bsp/system.mss|system||
D:/vivado_pj/userMap2023/userMapTop4/microblaze_0/standalone_microblaze_0/bsp/system.mss|system_0||

TRACE::2026-06-04.00:27:44::SCWMssOS::Sw design exists and opened at  D:/vivado_pj/userMap2023/userMapTop4/microblaze_0/standalone_microblaze_0/bsp/system.mss
TRACE::2026-06-04.00:27:44::SCWPlatform::Trying to open the hw design at D:/vivado_pj/userMap2023/userMapTop4/hw/userMapTop4.xsa
TRACE::2026-06-04.00:27:44::SCWPlatform::DSA given D:/vivado_pj/userMap2023/userMapTop4/hw/userMapTop4.xsa
TRACE::2026-06-04.00:27:44::SCWPlatform::DSA absoulate path D:/vivado_pj/userMap2023/userMapTop4/hw/userMapTop4.xsa
TRACE::2026-06-04.00:27:44::SCWPlatform::DSA directory D:/vivado_pj/userMap2023/userMapTop4/hw
TRACE::2026-06-04.00:27:44::SCWPlatform:: Platform Path D:/vivado_pj/userMap2023/userMapTop4/hw/userMapTop4.xsa
TRACE::2026-06-04.00:27:44::SCWPlatform:: Unique name xilinx:basys3::0.0
TRACE::2026-06-04.00:27:44::SCWPlatform::Trying to set the existing hwdb with name userMapTop_19
TRACE::2026-06-04.00:27:44::SCWPlatform::Opened existing hwdb userMapTop_19
TRACE::2026-06-04.00:27:44::SCWPlatform::Found the Hw Db part of the input DSA
TRACE::2026-06-04.00:27:44::SCWMssOS::Checking the sw design at  D:/vivado_pj/userMap2023/userMapTop4/microblaze_0/standalone_microblaze_0/bsp/system.mss
TRACE::2026-06-04.00:27:44::SCWMssOS::DEBUG:  swdes dump  D:/vivado_pj/userMap2023/userMapTop/microblaze_0/standalone_microblaze_0/bsp/system.mss|system||
D:/vivado_pj/userMap2023/userMapTop4/microblaze_0/standalone_microblaze_0/bsp/system.mss|system_0||

TRACE::2026-06-04.00:27:44::SCWMssOS::Sw design exists and opened at  D:/vivado_pj/userMap2023/userMapTop4/microblaze_0/standalone_microblaze_0/bsp/system.mss
TRACE::2026-06-04.00:27:44::SCWMssOS::Saving the mss changes D:/vivado_pj/userMap2023/userMapTop4/microblaze_0/standalone_microblaze_0/bsp/system.mss
TRACE::2026-06-04.00:27:44::SCWMssOS::Found a swdesign opened with the mssfile.
TRACE::2026-06-04.00:27:44::SCWMssOS::Completed writemss as part of save.
TRACE::2026-06-04.00:27:44::SCWMssOS::Commit changes completed.
TRACE::2026-06-04.00:27:44::SCWPlatform::Trying to open the hw design at D:/vivado_pj/userMap2023/userMapTop4/hw/userMapTop4.xsa
TRACE::2026-06-04.00:27:44::SCWPlatform::DSA given D:/vivado_pj/userMap2023/userMapTop4/hw/userMapTop4.xsa
TRACE::2026-06-04.00:27:44::SCWPlatform::DSA absoulate path D:/vivado_pj/userMap2023/userMapTop4/hw/userMapTop4.xsa
TRACE::2026-06-04.00:27:44::SCWPlatform::DSA directory D:/vivado_pj/userMap2023/userMapTop4/hw
TRACE::2026-06-04.00:27:44::SCWPlatform:: Platform Path D:/vivado_pj/userMap2023/userMapTop4/hw/userMapTop4.xsa
TRACE::2026-06-04.00:27:44::SCWPlatform:: Unique name xilinx:basys3::0.0
TRACE::2026-06-04.00:27:44::SCWPlatform::Trying to set the existing hwdb with name userMapTop_19
TRACE::2026-06-04.00:27:44::SCWPlatform::Opened existing hwdb userMapTop_19
TRACE::2026-06-04.00:27:44::SCWPlatform::Found the Hw Db part of the input DSA
TRACE::2026-06-04.00:27:44::SCWMssOS::Checking the sw design at  D:/vivado_pj/userMap2023/userMapTop4/microblaze_0/standalone_microblaze_0/bsp/system.mss
TRACE::2026-06-04.00:27:44::SCWMssOS::DEBUG:  swdes dump  D:/vivado_pj/userMap2023/userMapTop/microblaze_0/standalone_microblaze_0/bsp/system.mss|system||
D:/vivado_pj/userMap2023/userMapTop4/microblaze_0/standalone_microblaze_0/bsp/system.mss|system_0||

TRACE::2026-06-04.00:27:44::SCWMssOS::Sw design exists and opened at  D:/vivado_pj/userMap2023/userMapTop4/microblaze_0/standalone_microblaze_0/bsp/system.mss
TRACE::2026-06-04.00:27:44::SCWPlatform::Trying to open the hw design at D:/vivado_pj/userMap2023/userMapTop4/hw/userMapTop4.xsa
TRACE::2026-06-04.00:27:44::SCWPlatform::DSA given D:/vivado_pj/userMap2023/userMapTop4/hw/userMapTop4.xsa
TRACE::2026-06-04.00:27:44::SCWPlatform::DSA absoulate path D:/vivado_pj/userMap2023/userMapTop4/hw/userMapTop4.xsa
TRACE::2026-06-04.00:27:44::SCWPlatform::DSA directory D:/vivado_pj/userMap2023/userMapTop4/hw
TRACE::2026-06-04.00:27:44::SCWPlatform:: Platform Path D:/vivado_pj/userMap2023/userMapTop4/hw/userMapTop4.xsa
TRACE::2026-06-04.00:27:44::SCWPlatform:: Unique name xilinx:basys3::0.0
TRACE::2026-06-04.00:27:44::SCWPlatform::Trying to set the existing hwdb with name userMapTop_19
TRACE::2026-06-04.00:27:44::SCWPlatform::Opened existing hwdb userMapTop_19
TRACE::2026-06-04.00:27:44::SCWPlatform::Found the Hw Db part of the input DSA
TRACE::2026-06-04.00:27:44::SCWMssOS::Checking the sw design at  D:/vivado_pj/userMap2023/userMapTop4/microblaze_0/standalone_microblaze_0/bsp/system.mss
TRACE::2026-06-04.00:27:44::SCWMssOS::DEBUG:  swdes dump  D:/vivado_pj/userMap2023/userMapTop/microblaze_0/standalone_microblaze_0/bsp/system.mss|system||
D:/vivado_pj/userMap2023/userMapTop4/microblaze_0/standalone_microblaze_0/bsp/system.mss|system_0||

TRACE::2026-06-04.00:27:44::SCWMssOS::Sw design exists and opened at  D:/vivado_pj/userMap2023/userMapTop4/microblaze_0/standalone_microblaze_0/bsp/system.mss
TRACE::2026-06-04.00:27:44::SCWPlatform::Trying to open the hw design at D:/vivado_pj/userMap2023/userMapTop4/hw/userMapTop4.xsa
TRACE::2026-06-04.00:27:44::SCWPlatform::DSA given D:/vivado_pj/userMap2023/userMapTop4/hw/userMapTop4.xsa
TRACE::2026-06-04.00:27:44::SCWPlatform::DSA absoulate path D:/vivado_pj/userMap2023/userMapTop4/hw/userMapTop4.xsa
TRACE::2026-06-04.00:27:44::SCWPlatform::DSA directory D:/vivado_pj/userMap2023/userMapTop4/hw
TRACE::2026-06-04.00:27:44::SCWPlatform:: Platform Path D:/vivado_pj/userMap2023/userMapTop4/hw/userMapTop4.xsa
TRACE::2026-06-04.00:27:44::SCWPlatform:: Unique name xilinx:basys3::0.0
TRACE::2026-06-04.00:27:44::SCWPlatform::Trying to set the existing hwdb with name userMapTop_19
TRACE::2026-06-04.00:27:44::SCWPlatform::Opened existing hwdb userMapTop_19
TRACE::2026-06-04.00:27:44::SCWPlatform::Found the Hw Db part of the input DSA
TRACE::2026-06-04.00:27:44::SCWMssOS::Checking the sw design at  D:/vivado_pj/userMap2023/userMapTop4/microblaze_0/standalone_microblaze_0/bsp/system.mss
TRACE::2026-06-04.00:27:44::SCWMssOS::DEBUG:  swdes dump  D:/vivado_pj/userMap2023/userMapTop/microblaze_0/standalone_microblaze_0/bsp/system.mss|system||
D:/vivado_pj/userMap2023/userMapTop4/microblaze_0/standalone_microblaze_0/bsp/system.mss|system_0||

TRACE::2026-06-04.00:27:44::SCWMssOS::Sw design exists and opened at  D:/vivado_pj/userMap2023/userMapTop4/microblaze_0/standalone_microblaze_0/bsp/system.mss
TRACE::2026-06-04.00:27:44::SCWWriter::formatted JSON is {
	"platformName":	"userMapTop4",
	"sprVersion":	"2.0",
	"mode":	"gui",
	"dsaType":	"Fixed",
	"platformDesc":	"userMapTop4",
	"platHandOff":	"D:/vivado_pj/userMap/userMapTop4.xsa",
	"platIntHandOff":	"<platformDir>/hw/userMapTop4.xsa",
	"deviceType":	"FPGA",
	"platIsPrebuiltAutogen":	"false",
	"platIsNoBootBsp":	"false",
	"hasFsblMakeHasChanges":	"false",
	"hasPmufwMakeHasChanges":	"false",
	"platPreBuiltFlag":	false,
	"platformSamplesDir":	"",
	"platActiveSys":	"userMapTop4",
	"systems":	[{
			"systemName":	"userMapTop4",
			"systemDesc":	"userMapTop4",
			"sysIsBootAutoGen":	"true",
			"systemDispName":	"userMapTop4",
			"sysActiveDom":	"standalone_microblaze_0",
			"sysDefaultDom":	"standalone_microblaze_0",
			"domains":	[{
					"domainName":	"standalone_microblaze_0",
					"domainDispName":	"standalone_microblaze_0",
					"domainDesc":	"standalone_microblaze_0",
					"processors":	"microblaze_0",
					"os":	"standalone",
					"sdxOs":	"standalone",
					"debugEnable":	"False",
					"domRuntimes":	["cpp"],
					"swRepo":	"",
					"mssOsVer":	"8.1",
					"mssFile":	"",
					"md5Digest":	"2387726c7969e4016a1fc62dc46e34ae",
					"compatibleApp":	"hello_world",
					"domType":	"mssDomain",
					"arch":	"32-bit",
					"appSettings":	{
						"appCompilerFlags":	"",
						"appLinkerFlags":	""
					},
					"addedLibs":	[],
					"libOptions":	{
						"libsContainingOptions":	[]
					},
					"prebuiltLibs":	{
						"prebuiltIncPath":	[],
						"prebuiltLibPath":	[]
					},
					"isolation":	{
					}
				}]
		}]
}
LOG::2026-06-04.00:27:44::SCWPlatform::Started generating the artifacts platform userMapTop4
TRACE::2026-06-04.00:27:44::SCWPlatform::Sanity checking of platform is completed
LOG::2026-06-04.00:27:44::SCWPlatform::Started generating the artifacts for system configuration userMapTop4
LOG::2026-06-04.00:27:44::SCWSystem::Started Processing the domain standalone_microblaze_0
TRACE::2026-06-04.00:27:44::SCWDomain::Generating domain artifcats
TRACE::2026-06-04.00:27:44::SCWMssOS::Generating standalone artifcats
TRACE::2026-06-04.00:27:44::SCWMssOS:: Copying the user libraries. 
TRACE::2026-06-04.00:27:44::SCWPlatform::Trying to open the hw design at D:/vivado_pj/userMap2023/userMapTop4/hw/userMapTop4.xsa
TRACE::2026-06-04.00:27:44::SCWPlatform::DSA given D:/vivado_pj/userMap2023/userMapTop4/hw/userMapTop4.xsa
TRACE::2026-06-04.00:27:44::SCWPlatform::DSA absoulate path D:/vivado_pj/userMap2023/userMapTop4/hw/userMapTop4.xsa
TRACE::2026-06-04.00:27:44::SCWPlatform::DSA directory D:/vivado_pj/userMap2023/userMapTop4/hw
TRACE::2026-06-04.00:27:44::SCWPlatform:: Platform Path D:/vivado_pj/userMap2023/userMapTop4/hw/userMapTop4.xsa
TRACE::2026-06-04.00:27:44::SCWPlatform:: Unique name xilinx:basys3::0.0
TRACE::2026-06-04.00:27:44::SCWPlatform::Trying to set the existing hwdb with name userMapTop_19
TRACE::2026-06-04.00:27:44::SCWPlatform::Opened existing hwdb userMapTop_19
TRACE::2026-06-04.00:27:44::SCWPlatform::Found the Hw Db part of the input DSA
TRACE::2026-06-04.00:27:44::SCWMssOS::Checking the sw design at  D:/vivado_pj/userMap2023/userMapTop4/microblaze_0/standalone_microblaze_0/bsp/system.mss
TRACE::2026-06-04.00:27:44::SCWMssOS::DEBUG:  swdes dump  D:/vivado_pj/userMap2023/userMapTop/microblaze_0/standalone_microblaze_0/bsp/system.mss|system||
D:/vivado_pj/userMap2023/userMapTop4/microblaze_0/standalone_microblaze_0/bsp/system.mss|system_0||

TRACE::2026-06-04.00:27:44::SCWMssOS::Sw design exists and opened at  D:/vivado_pj/userMap2023/userMapTop4/microblaze_0/standalone_microblaze_0/bsp/system.mss
TRACE::2026-06-04.00:27:44::SCWMssOS::Completed writing the mss file at D:/vivado_pj/userMap2023/userMapTop4/microblaze_0/standalone_microblaze_0/bsp
TRACE::2026-06-04.00:27:44::SCWMssOS::Mss edits present, copying mssfile into export location D:/vivado_pj/userMap2023/userMapTop4/microblaze_0/standalone_microblaze_0/bsp/system.mss
TRACE::2026-06-04.00:27:44::SCWMssOS::bsp generated is upto date with the mss file. Skipping bsp generation.
TRACE::2026-06-04.00:27:44::SCWMssOS::BSP is already built. skipping the bsp build ... 
TRACE::2026-06-04.00:27:44::SCWDomain::Building the domain as part of full build :  standalone_microblaze_0
TRACE::2026-06-04.00:27:44::SCWMssOS::skipping the bsp build ... 
TRACE::2026-06-04.00:27:44::SCWMssOS::Copying to export directory.
TRACE::2026-06-04.00:27:44::SCWMssOS:: Checking if to create the Supporting Applications
TRACE::2026-06-04.00:27:44::SCWMssOS:: No Linux domain exists, trying to generate FSBL 
LOG::2026-06-04.00:27:44::SCWSystem::Completed Processing the domain standalone_microblaze_0
LOG::2026-06-04.00:27:44::SCWSystem::Completed Processing the sysconfig userMapTop4
LOG::2026-06-04.00:27:44::SCWPlatform::Completed generating the artifacts for system configuration userMapTop4
TRACE::2026-06-04.00:27:44::SCWPlatform::Started preparing the platform 
TRACE::2026-06-04.00:27:44::SCWSystem::Writing the bif file for system config userMapTop4
TRACE::2026-06-04.00:27:44::SCWSystem::dir created 
TRACE::2026-06-04.00:27:44::SCWSystem::Writing the bif 
TRACE::2026-06-04.00:27:44::SCWPlatform::Started writing the spfm file 
TRACE::2026-06-04.00:27:44::SCWPlatform::Started writing the xpfm file 
TRACE::2026-06-04.00:27:44::SCWPlatform::Completed generating the platform
TRACE::2026-06-04.00:27:44::SCWMssOS::Saving the mss changes D:/vivado_pj/userMap2023/userMapTop4/microblaze_0/standalone_microblaze_0/bsp/system.mss
TRACE::2026-06-04.00:27:44::SCWMssOS::Found a swdesign opened with the mssfile.
TRACE::2026-06-04.00:27:44::SCWMssOS::Completed writemss as part of save.
TRACE::2026-06-04.00:27:44::SCWMssOS::Commit changes completed.
TRACE::2026-06-04.00:27:44::SCWPlatform::Trying to open the hw design at D:/vivado_pj/userMap2023/userMapTop4/hw/userMapTop4.xsa
TRACE::2026-06-04.00:27:44::SCWPlatform::DSA given D:/vivado_pj/userMap2023/userMapTop4/hw/userMapTop4.xsa
TRACE::2026-06-04.00:27:44::SCWPlatform::DSA absoulate path D:/vivado_pj/userMap2023/userMapTop4/hw/userMapTop4.xsa
TRACE::2026-06-04.00:27:44::SCWPlatform::DSA directory D:/vivado_pj/userMap2023/userMapTop4/hw
TRACE::2026-06-04.00:27:44::SCWPlatform:: Platform Path D:/vivado_pj/userMap2023/userMapTop4/hw/userMapTop4.xsa
TRACE::2026-06-04.00:27:44::SCWPlatform:: Unique name xilinx:basys3::0.0
TRACE::2026-06-04.00:27:44::SCWPlatform::Trying to set the existing hwdb with name userMapTop_19
TRACE::2026-06-04.00:27:44::SCWPlatform::Opened existing hwdb userMapTop_19
TRACE::2026-06-04.00:27:44::SCWPlatform::Found the Hw Db part of the input DSA
TRACE::2026-06-04.00:27:44::SCWMssOS::Checking the sw design at  D:/vivado_pj/userMap2023/userMapTop4/microblaze_0/standalone_microblaze_0/bsp/system.mss
TRACE::2026-06-04.00:27:44::SCWMssOS::DEBUG:  swdes dump  D:/vivado_pj/userMap2023/userMapTop/microblaze_0/standalone_microblaze_0/bsp/system.mss|system||
D:/vivado_pj/userMap2023/userMapTop4/microblaze_0/standalone_microblaze_0/bsp/system.mss|system_0||

TRACE::2026-06-04.00:27:44::SCWMssOS::Sw design exists and opened at  D:/vivado_pj/userMap2023/userMapTop4/microblaze_0/standalone_microblaze_0/bsp/system.mss
TRACE::2026-06-04.00:27:44::SCWPlatform::Trying to open the hw design at D:/vivado_pj/userMap2023/userMapTop4/hw/userMapTop4.xsa
TRACE::2026-06-04.00:27:44::SCWPlatform::DSA given D:/vivado_pj/userMap2023/userMapTop4/hw/userMapTop4.xsa
TRACE::2026-06-04.00:27:44::SCWPlatform::DSA absoulate path D:/vivado_pj/userMap2023/userMapTop4/hw/userMapTop4.xsa
TRACE::2026-06-04.00:27:44::SCWPlatform::DSA directory D:/vivado_pj/userMap2023/userMapTop4/hw
TRACE::2026-06-04.00:27:44::SCWPlatform:: Platform Path D:/vivado_pj/userMap2023/userMapTop4/hw/userMapTop4.xsa
TRACE::2026-06-04.00:27:44::SCWPlatform:: Unique name xilinx:basys3::0.0
TRACE::2026-06-04.00:27:44::SCWPlatform::Trying to set the existing hwdb with name userMapTop_19
TRACE::2026-06-04.00:27:44::SCWPlatform::Opened existing hwdb userMapTop_19
TRACE::2026-06-04.00:27:44::SCWPlatform::Found the Hw Db part of the input DSA
TRACE::2026-06-04.00:27:44::SCWMssOS::Checking the sw design at  D:/vivado_pj/userMap2023/userMapTop4/microblaze_0/standalone_microblaze_0/bsp/system.mss
TRACE::2026-06-04.00:27:44::SCWMssOS::DEBUG:  swdes dump  D:/vivado_pj/userMap2023/userMapTop/microblaze_0/standalone_microblaze_0/bsp/system.mss|system||
D:/vivado_pj/userMap2023/userMapTop4/microblaze_0/standalone_microblaze_0/bsp/system.mss|system_0||

TRACE::2026-06-04.00:27:44::SCWMssOS::Sw design exists and opened at  D:/vivado_pj/userMap2023/userMapTop4/microblaze_0/standalone_microblaze_0/bsp/system.mss
TRACE::2026-06-04.00:27:44::SCWPlatform::Trying to open the hw design at D:/vivado_pj/userMap2023/userMapTop4/hw/userMapTop4.xsa
TRACE::2026-06-04.00:27:44::SCWPlatform::DSA given D:/vivado_pj/userMap2023/userMapTop4/hw/userMapTop4.xsa
TRACE::2026-06-04.00:27:44::SCWPlatform::DSA absoulate path D:/vivado_pj/userMap2023/userMapTop4/hw/userMapTop4.xsa
TRACE::2026-06-04.00:27:44::SCWPlatform::DSA directory D:/vivado_pj/userMap2023/userMapTop4/hw
TRACE::2026-06-04.00:27:44::SCWPlatform:: Platform Path D:/vivado_pj/userMap2023/userMapTop4/hw/userMapTop4.xsa
TRACE::2026-06-04.00:27:44::SCWPlatform:: Unique name xilinx:basys3::0.0
TRACE::2026-06-04.00:27:44::SCWPlatform::Trying to set the existing hwdb with name userMapTop_19
TRACE::2026-06-04.00:27:44::SCWPlatform::Opened existing hwdb userMapTop_19
TRACE::2026-06-04.00:27:44::SCWPlatform::Found the Hw Db part of the input DSA
TRACE::2026-06-04.00:27:44::SCWMssOS::Checking the sw design at  D:/vivado_pj/userMap2023/userMapTop4/microblaze_0/standalone_microblaze_0/bsp/system.mss
TRACE::2026-06-04.00:27:44::SCWMssOS::DEBUG:  swdes dump  D:/vivado_pj/userMap2023/userMapTop/microblaze_0/standalone_microblaze_0/bsp/system.mss|system||
D:/vivado_pj/userMap2023/userMapTop4/microblaze_0/standalone_microblaze_0/bsp/system.mss|system_0||

TRACE::2026-06-04.00:27:44::SCWMssOS::Sw design exists and opened at  D:/vivado_pj/userMap2023/userMapTop4/microblaze_0/standalone_microblaze_0/bsp/system.mss
TRACE::2026-06-04.00:27:44::SCWWriter::formatted JSON is {
	"platformName":	"userMapTop4",
	"sprVersion":	"2.0",
	"mode":	"gui",
	"dsaType":	"Fixed",
	"platformDesc":	"userMapTop4",
	"platHandOff":	"D:/vivado_pj/userMap/userMapTop4.xsa",
	"platIntHandOff":	"<platformDir>/hw/userMapTop4.xsa",
	"deviceType":	"FPGA",
	"platIsPrebuiltAutogen":	"false",
	"platIsNoBootBsp":	"false",
	"hasFsblMakeHasChanges":	"false",
	"hasPmufwMakeHasChanges":	"false",
	"platPreBuiltFlag":	false,
	"platformSamplesDir":	"",
	"platActiveSys":	"userMapTop4",
	"systems":	[{
			"systemName":	"userMapTop4",
			"systemDesc":	"userMapTop4",
			"sysIsBootAutoGen":	"true",
			"systemDispName":	"userMapTop4",
			"sysActiveDom":	"standalone_microblaze_0",
			"sysDefaultDom":	"standalone_microblaze_0",
			"domains":	[{
					"domainName":	"standalone_microblaze_0",
					"domainDispName":	"standalone_microblaze_0",
					"domainDesc":	"standalone_microblaze_0",
					"processors":	"microblaze_0",
					"os":	"standalone",
					"sdxOs":	"standalone",
					"debugEnable":	"False",
					"domRuntimes":	["cpp"],
					"swRepo":	"",
					"mssOsVer":	"8.1",
					"mssFile":	"",
					"md5Digest":	"2387726c7969e4016a1fc62dc46e34ae",
					"compatibleApp":	"hello_world",
					"domType":	"mssDomain",
					"arch":	"32-bit",
					"appSettings":	{
						"appCompilerFlags":	"",
						"appLinkerFlags":	""
					},
					"addedLibs":	[],
					"libOptions":	{
						"libsContainingOptions":	[]
					},
					"prebuiltLibs":	{
						"prebuiltIncPath":	[],
						"prebuiltLibPath":	[]
					},
					"isolation":	{
					}
				}]
		}]
}
KEYINFO::2026-06-04.00:27:44::SCWPlatform::updated the xpfm file.
TRACE::2026-06-04.00:36:08::SCWPlatform::Clearing the existing platform
TRACE::2026-06-04.00:36:08::SCWSystem::Clearing the existing sysconfig
TRACE::2026-06-04.00:36:08::SCWMssOS::Removing the swdes entry for  D:/vivado_pj/userMap2023/userMapTop4/microblaze_0/standalone_microblaze_0/bsp/system.mss
TRACE::2026-06-04.00:36:08::SCWSystem::Clearing the domains completed.
TRACE::2026-06-04.00:36:08::SCWPlatform::Clearing the opened hw db.
TRACE::2026-06-04.00:36:08::SCWPlatform::DSA given D:/vivado_pj/userMap2023/userMapTop4/hw/userMapTop4.xsa
TRACE::2026-06-04.00:36:08::SCWPlatform::DSA absoulate path D:/vivado_pj/userMap2023/userMapTop4/hw/userMapTop4.xsa
TRACE::2026-06-04.00:36:08::SCWPlatform:: Platform location is D:/vivado_pj/userMap2023/userMapTop4/hw
TRACE::2026-06-04.00:36:08::SCWPlatform:: Platform Path D:/vivado_pj/userMap2023/userMapTop4/hw/userMapTop4.xsa
TRACE::2026-06-04.00:36:08::SCWPlatform:: Unique name xilinx:basys3::0.0
TRACE::2026-06-04.00:36:08::SCWPlatform::Removing the HwDB with name D:/vivado_pj/userMap2023/userMapTop4/hw/userMapTop4.xsa
