11:18:07 **** Incremental Build of configuration Debug for project my_led_ip ****
make all 
'Building file: ../src/helloworld.c'
'Invoking: MicroBlaze gcc compiler'
mb-gcc -Wall -O0 -g3 -c -fmessage-length=0 -MT"src/helloworld.o" -ID:/vivado_pj/workspace_myip_axi_led/axi_led_wrapper/export/axi_led_wrapper/sw/axi_led_wrapper/standalone_microblaze_0/bspinclude/include -mlittle-endian -mcpu=v11.0 -mxl-soft-mul -Wl,--no-relax -ffunction-sections -fdata-sections -MMD -MP -MF"src/helloworld.d" -MT"src/helloworld.o" -o "src/helloworld.o" "../src/helloworld.c"
'Finished building: ../src/helloworld.c'
' '
'Building target: my_led_ip.elf'
'Invoking: MicroBlaze gcc linker'
mb-gcc -Wl,-T -Wl,../src/lscript.ld -LD:/vivado_pj/workspace_myip_axi_led/axi_led_wrapper/export/axi_led_wrapper/sw/axi_led_wrapper/standalone_microblaze_0/bsplib/lib -mlittle-endian -mcpu=v11.0 -mxl-soft-mul -Wl,--no-relax -Wl,--gc-sections -o "my_led_ip.elf"  ./src/helloworld.o ./src/platform.o   -Wl,--start-group,-lxil,-lgcc,-lc,--end-group
'Finished building target: my_led_ip.elf'
' '
'Invoking: MicroBlaze Print Size'
mb-size my_led_ip.elf  |tee "my_led_ip.elf.size"
   text	   data	    bss	    dec	    hex	filename
   6352	    272	   3104	   9728	   2600	my_led_ip.elf
'Finished building: my_led_ip.elf.size'
' '

11:18:08 Build Finished (took 602ms)

