11:26:52 DEBUG : Logs will be stored at 'D:/JeongJongMin_12/workspace_bramW5500/IDE.log'.
11:26:57 INFO  : Launching XSCT server: xsct.bat -n  -interactive D:\JeongJongMin_12\workspace_bramW5500\temp_xsdb_launch_script.tcl
11:26:57 INFO  : Registering command handlers for Vitis TCF services
11:26:58 INFO  : Platform repository initialization has completed.
11:27:01 INFO  : XSCT server has started successfully.
11:27:01 INFO  : plnx-install-location is set to ''
11:27:04 INFO  : Successfully done setting XSCT server connection channel  
11:27:04 INFO  : Successfully done query RDI_DATADIR 
11:27:04 INFO  : Successfully done setting workspace for the tool. 
11:27:27 INFO  : Result from executing command 'getProjects': bramW5500Top
11:27:27 INFO  : Result from executing command 'getPlatforms': xilinx_vck190_base_202310_1|G:/Xilinx/Vitis/2023.1/base_platforms/xilinx_vck190_base_202310_1/xilinx_vck190_base_202310_1.xpfm;xilinx_vck190_base_dfx_202310_1|G:/Xilinx/Vitis/2023.1/base_platforms/xilinx_vck190_base_dfx_202310_1/xilinx_vck190_base_dfx_202310_1.xpfm;xilinx_vek280_es1_base_202310_1|G:/Xilinx/Vitis/2023.1/base_platforms/xilinx_vek280_es1_base_202310_1/xilinx_vek280_es1_base_202310_1.xpfm;xilinx_vmk180_base_202310_1|G:/Xilinx/Vitis/2023.1/base_platforms/xilinx_vmk180_base_202310_1/xilinx_vmk180_base_202310_1.xpfm;xilinx_zcu102_base_202310_1|G:/Xilinx/Vitis/2023.1/base_platforms/xilinx_zcu102_base_202310_1/xilinx_zcu102_base_202310_1.xpfm;xilinx_zcu102_base_dfx_202310_1|G:/Xilinx/Vitis/2023.1/base_platforms/xilinx_zcu102_base_dfx_202310_1/xilinx_zcu102_base_dfx_202310_1.xpfm;xilinx_zcu104_base_202310_1|G:/Xilinx/Vitis/2023.1/base_platforms/xilinx_zcu104_base_202310_1/xilinx_zcu104_base_202310_1.xpfm
11:27:28 WARN  : An unexpected exception occurred in the module 'platform project logging'
11:27:29 INFO  : Platform 'bramW5500Top' is added to custom repositories.
11:27:31 INFO  : Platform 'bramW5500Top' is added to custom repositories.
11:28:59 INFO  : Result from executing command 'getProjects': bramW5500Top
11:28:59 INFO  : Result from executing command 'getPlatforms': bramW5500Top|D:/JeongJongMin_12/workspace_bramW5500/bramW5500Top/export/bramW5500Top/bramW5500Top.xpfm;xilinx_vck190_base_202310_1|G:/Xilinx/Vitis/2023.1/base_platforms/xilinx_vck190_base_202310_1/xilinx_vck190_base_202310_1.xpfm;xilinx_vck190_base_dfx_202310_1|G:/Xilinx/Vitis/2023.1/base_platforms/xilinx_vck190_base_dfx_202310_1/xilinx_vck190_base_dfx_202310_1.xpfm;xilinx_vek280_es1_base_202310_1|G:/Xilinx/Vitis/2023.1/base_platforms/xilinx_vek280_es1_base_202310_1/xilinx_vek280_es1_base_202310_1.xpfm;xilinx_vmk180_base_202310_1|G:/Xilinx/Vitis/2023.1/base_platforms/xilinx_vmk180_base_202310_1/xilinx_vmk180_base_202310_1.xpfm;xilinx_zcu102_base_202310_1|G:/Xilinx/Vitis/2023.1/base_platforms/xilinx_zcu102_base_202310_1/xilinx_zcu102_base_202310_1.xpfm;xilinx_zcu102_base_dfx_202310_1|G:/Xilinx/Vitis/2023.1/base_platforms/xilinx_zcu102_base_dfx_202310_1/xilinx_zcu102_base_dfx_202310_1.xpfm;xilinx_zcu104_base_202310_1|G:/Xilinx/Vitis/2023.1/base_platforms/xilinx_zcu104_base_202310_1/xilinx_zcu104_base_202310_1.xpfm
11:28:59 INFO  : Checking for BSP changes to sync application flags for project 'bramW5500'...
11:39:05 INFO  : Checking for BSP changes to sync application flags for project 'bramW5500'...
11:40:36 INFO  : Checking for BSP changes to sync application flags for project 'bramW5500'...
11:41:15 INFO  : Checking for BSP changes to sync application flags for project 'bramW5500'...
11:41:37 INFO  : Checking for BSP changes to sync application flags for project 'bramW5500'...
11:42:06 INFO  : Checking for BSP changes to sync application flags for project 'bramW5500'...
11:58:35 INFO  : Checking for BSP changes to sync application flags for project 'bramW5500'...
11:58:43 INFO  : Checking for BSP changes to sync application flags for project 'bramW5500'...
12:21:45 INFO  : Checking for BSP changes to sync application flags for project 'bramW5500'...
12:22:03 INFO  : Checking for BSP changes to sync application flags for project 'bramW5500'...
12:22:08 INFO  : Checking for BSP changes to sync application flags for project 'bramW5500'...
12:41:45 INFO  : Checking for BSP changes to sync application flags for project 'bramW5500'...
