
*** Running vivado
    with args -log mb1_block_wrapper.vds -m64 -product Vivado -mode batch -messageDb vivado.pb -notrace -source mb1_block_wrapper.tcl



****** Vivado v2023.1 (64-bit)
  **** SW Build 3865809 on Sun May  7 15:05:29 MDT 2023
  **** IP Build 3864474 on Sun May  7 20:36:21 MDT 2023
  **** SharedData Build 3865790 on Sun May 07 13:33:03 MDT 2023
    ** Copyright 1986-2022 Xilinx, Inc. All Rights Reserved.
    ** Copyright 2022-2023 Advanced Micro Devices, Inc. All Rights Reserved.

source mb1_block_wrapper.tcl -notrace
INFO: [IP_Flow 19-234] Refreshing IP repositories
INFO: [IP_Flow 19-1704] No user IP repositories specified
INFO: [IP_Flow 19-2313] Loaded Vivado IP repository 'G:/Xilinx/Vivado/2023.1/data/ip'.
WARNING: [BD 41-1661] One or more IPs have been locked in the design 'mb1_block.bd'. Please run report_ip_status for more details and recommendations on how to fix this issue.
List of locked IPs:
mb1_block_microblaze_0_axi_periph_0
mb1_block_microblaze_0_0
mb1_block_mdm_1_0
mb1_block_axi_gpio_0_1
mb1_block_dlmb_bram_if_cntlr_0
mb1_block_ilmb_bram_if_cntlr_0
mb1_block_rst_clk_wiz_1_100M_0
mb1_block_lmb_bram_0
mb1_block_clk_wiz_1_0
mb1_block_xbar_0
mb1_block_axi_timer_0_0
mb1_block_axi_uartlite_0_0
mb1_block_axi_gpio_1_4
mb1_block_axi_gpio_2_1
mb1_block_axi_gpio_3_1

INFO: [Project 1-4468] Skipped adding '..\..\..\..\..\workspace\ledIntrrupt\Debug\ledIntrrupt.elf' file in synth run script
INFO: [Project 1-4468] Skipped adding '..\..\..\..\..\workspace\ledIntrrupt\Debug\ledIntrrupt.elf' file in synth run script
Command: read_checkpoint -auto_incremental -incremental D:/vivado_pj/project_mb1_2023/project_mb1.srcs/utils_1/imports/synth_1/mb1_block_wrapper.dcp
INFO: [Vivado 12-5825] Read reference checkpoint from D:/vivado_pj/project_mb1_2023/project_mb1.srcs/utils_1/imports/synth_1/mb1_block_wrapper.dcp for incremental synthesis
INFO: [Vivado 12-7989] Please ensure there are no constraint changes
Command: synth_design -top mb1_block_wrapper -part xc7a35tcpg236-1
Starting synth_design
Attempting to get a license for feature 'Synthesis' and/or device 'xc7a35t'
INFO: [Common 17-349] Got license for feature 'Synthesis' and/or device 'xc7a35t'
INFO: [Device 21-403] Loading part xc7a35tcpg236-1
