TRACE::2026-06-04.11:04:55::SCWPlatform::Trying to open the hw design at D:/vivado_pj/workspace_myip_axi_led/axi_led_wrapper/hw/axi_led_wrapper.xsa
TRACE::2026-06-04.11:04:55::SCWPlatform::DSA given D:/vivado_pj/workspace_myip_axi_led/axi_led_wrapper/hw/axi_led_wrapper.xsa
TRACE::2026-06-04.11:04:55::SCWPlatform::DSA absoulate path D:/vivado_pj/workspace_myip_axi_led/axi_led_wrapper/hw/axi_led_wrapper.xsa
TRACE::2026-06-04.11:04:55::SCWPlatform::DSA directory D:/vivado_pj/workspace_myip_axi_led/axi_led_wrapper/hw
TRACE::2026-06-04.11:04:55::SCWPlatform:: Platform Path D:/vivado_pj/workspace_myip_axi_led/axi_led_wrapper/hw/axi_led_wrapper.xsa
TRACE::2026-06-04.11:04:55::SCWPlatform:: Unique name xilinx:::0.0
TRACE::2026-06-04.11:04:55::SCWPlatform::Do not have an existing db opened. 
TRACE::2026-06-04.11:04:55::SCWPlatform::Opened new HwDB with name axi_led_wrapper_0
TRACE::2026-06-04.11:04:55::SCWWriter::formatted JSON is {
	"platformName":	"axi_led_wrapper",
	"sprVersion":	"2.0",
	"mode":	"gui",
	"dsaType":	"Fixed",
	"platformDesc":	"axi_led_wrapper",
	"platHandOff":	"D:/vivado_pj/myip_axi_led/axi_led_wrapper.xsa",
	"platIntHandOff":	"<platformDir>/hw/axi_led_wrapper.xsa",
	"deviceType":	"FPGA",
	"platIsPrebuiltAutogen":	"false",
	"platIsNoBootBsp":	"false",
	"hasFsblMakeHasChanges":	"false",
	"hasPmufwMakeHasChanges":	"false",
	"platPreBuiltFlag":	false,
	"platformSamplesDir":	""
}
TRACE::2026-06-04.11:04:55::SCWWriter::formatted JSON is {
	"platformName":	"axi_led_wrapper",
	"sprVersion":	"2.0",
	"mode":	"gui",
	"dsaType":	"Fixed",
	"platformDesc":	"axi_led_wrapper",
	"platHandOff":	"D:/vivado_pj/myip_axi_led/axi_led_wrapper.xsa",
	"platIntHandOff":	"<platformDir>/hw/axi_led_wrapper.xsa",
	"deviceType":	"FPGA",
	"platIsPrebuiltAutogen":	"false",
	"platIsNoBootBsp":	"false",
	"hasFsblMakeHasChanges":	"false",
	"hasPmufwMakeHasChanges":	"false",
	"platPreBuiltFlag":	false,
	"platformSamplesDir":	"",
	"platActiveSys":	"axi_led_wrapper",
	"systems":	[{
			"systemName":	"axi_led_wrapper",
			"systemDesc":	"axi_led_wrapper",
			"sysIsBootAutoGen":	"true",
			"systemDispName":	"axi_led_wrapper"
		}]
}
TRACE::2026-06-04.11:04:55::SCWPlatform::Boot application domains not present, creating them
TRACE::2026-06-04.11:04:55::SCWPlatform::Pure FPGA device, no boot application will be created.
TRACE::2026-06-04.11:04:55::SCWWriter::formatted JSON is {
	"platformName":	"axi_led_wrapper",
	"sprVersion":	"2.0",
	"mode":	"gui",
	"dsaType":	"Fixed",
	"platformDesc":	"axi_led_wrapper",
	"platHandOff":	"D:/vivado_pj/myip_axi_led/axi_led_wrapper.xsa",
	"platIntHandOff":	"<platformDir>/hw/axi_led_wrapper.xsa",
	"deviceType":	"FPGA",
	"platIsPrebuiltAutogen":	"false",
	"platIsNoBootBsp":	"false",
	"hasFsblMakeHasChanges":	"false",
	"hasPmufwMakeHasChanges":	"false",
	"platPreBuiltFlag":	false,
	"platformSamplesDir":	"",
	"platActiveSys":	"axi_led_wrapper",
	"systems":	[{
			"systemName":	"axi_led_wrapper",
			"systemDesc":	"axi_led_wrapper",
			"sysIsBootAutoGen":	"true",
			"systemDispName":	"axi_led_wrapper"
		}]
}
TRACE::2026-06-04.11:04:55::SCWWriter::formatted JSON is {
	"platformName":	"axi_led_wrapper",
	"sprVersion":	"2.0",
	"mode":	"gui",
	"dsaType":	"Fixed",
	"platformDesc":	"axi_led_wrapper",
	"platHandOff":	"D:/vivado_pj/myip_axi_led/axi_led_wrapper.xsa",
	"platIntHandOff":	"<platformDir>/hw/axi_led_wrapper.xsa",
	"deviceType":	"FPGA",
	"platIsPrebuiltAutogen":	"false",
	"platIsNoBootBsp":	"false",
	"hasFsblMakeHasChanges":	"false",
	"hasPmufwMakeHasChanges":	"false",
	"platPreBuiltFlag":	false,
	"platformSamplesDir":	"",
	"platActiveSys":	"axi_led_wrapper",
	"systems":	[{
			"systemName":	"axi_led_wrapper",
			"systemDesc":	"axi_led_wrapper",
			"sysIsBootAutoGen":	"true",
			"systemDispName":	"axi_led_wrapper"
		}]
}
TRACE::2026-06-04.11:04:55::SCWPlatform::Trying to open the hw design at D:/vivado_pj/workspace_myip_axi_led/axi_led_wrapper/hw/axi_led_wrapper.xsa
TRACE::2026-06-04.11:04:55::SCWPlatform::DSA given D:/vivado_pj/workspace_myip_axi_led/axi_led_wrapper/hw/axi_led_wrapper.xsa
TRACE::2026-06-04.11:04:55::SCWPlatform::DSA absoulate path D:/vivado_pj/workspace_myip_axi_led/axi_led_wrapper/hw/axi_led_wrapper.xsa
TRACE::2026-06-04.11:04:55::SCWPlatform::DSA directory D:/vivado_pj/workspace_myip_axi_led/axi_led_wrapper/hw
TRACE::2026-06-04.11:04:55::SCWPlatform:: Platform Path D:/vivado_pj/workspace_myip_axi_led/axi_led_wrapper/hw/axi_led_wrapper.xsa
TRACE::2026-06-04.11:04:55::SCWPlatform:: Unique name xilinx:::0.0
TRACE::2026-06-04.11:04:55::SCWPlatform::Trying to set the existing hwdb with name axi_led_wrapper_0
TRACE::2026-06-04.11:04:55::SCWPlatform::Opened existing hwdb axi_led_wrapper_0
TRACE::2026-06-04.11:04:55::SCWPlatform::Found the Hw Db part of the input DSA
TRACE::2026-06-04.11:04:55::SCWPlatform::Trying to open the hw design at D:/vivado_pj/workspace_myip_axi_led/axi_led_wrapper/hw/axi_led_wrapper.xsa
TRACE::2026-06-04.11:04:55::SCWPlatform::DSA given D:/vivado_pj/workspace_myip_axi_led/axi_led_wrapper/hw/axi_led_wrapper.xsa
TRACE::2026-06-04.11:04:55::SCWPlatform::DSA absoulate path D:/vivado_pj/workspace_myip_axi_led/axi_led_wrapper/hw/axi_led_wrapper.xsa
TRACE::2026-06-04.11:04:55::SCWPlatform::DSA directory D:/vivado_pj/workspace_myip_axi_led/axi_led_wrapper/hw
TRACE::2026-06-04.11:04:55::SCWPlatform:: Platform Path D:/vivado_pj/workspace_myip_axi_led/axi_led_wrapper/hw/axi_led_wrapper.xsa
TRACE::2026-06-04.11:04:55::SCWPlatform:: Unique name xilinx:::0.0
TRACE::2026-06-04.11:04:55::SCWPlatform::Trying to set the existing hwdb with name axi_led_wrapper_0
TRACE::2026-06-04.11:04:55::SCWPlatform::Opened existing hwdb axi_led_wrapper_0
TRACE::2026-06-04.11:04:55::SCWPlatform::Found the Hw Db part of the input DSA
TRACE::2026-06-04.11:04:55::SCWDomain::checking for install qemu data   : 
TRACE::2026-06-04.11:04:55::SCWPlatform::Trying to open the hw design at D:/vivado_pj/workspace_myip_axi_led/axi_led_wrapper/hw/axi_led_wrapper.xsa
TRACE::2026-06-04.11:04:55::SCWPlatform::DSA given D:/vivado_pj/workspace_myip_axi_led/axi_led_wrapper/hw/axi_led_wrapper.xsa
TRACE::2026-06-04.11:04:55::SCWPlatform::DSA absoulate path D:/vivado_pj/workspace_myip_axi_led/axi_led_wrapper/hw/axi_led_wrapper.xsa
TRACE::2026-06-04.11:04:55::SCWPlatform::DSA directory D:/vivado_pj/workspace_myip_axi_led/axi_led_wrapper/hw
TRACE::2026-06-04.11:04:55::SCWPlatform:: Platform Path D:/vivado_pj/workspace_myip_axi_led/axi_led_wrapper/hw/axi_led_wrapper.xsa
TRACE::2026-06-04.11:04:55::SCWPlatform:: Unique name xilinx:::0.0
TRACE::2026-06-04.11:04:55::SCWPlatform::Trying to set the existing hwdb with name axi_led_wrapper_0
TRACE::2026-06-04.11:04:55::SCWPlatform::Opened existing hwdb axi_led_wrapper_0
TRACE::2026-06-04.11:04:55::SCWPlatform::Found the Hw Db part of the input DSA
TRACE::2026-06-04.11:04:55::SCWPlatform::Trying to open the hw design at D:/vivado_pj/workspace_myip_axi_led/axi_led_wrapper/hw/axi_led_wrapper.xsa
TRACE::2026-06-04.11:04:55::SCWPlatform::DSA given D:/vivado_pj/workspace_myip_axi_led/axi_led_wrapper/hw/axi_led_wrapper.xsa
TRACE::2026-06-04.11:04:55::SCWPlatform::DSA absoulate path D:/vivado_pj/workspace_myip_axi_led/axi_led_wrapper/hw/axi_led_wrapper.xsa
TRACE::2026-06-04.11:04:55::SCWPlatform::DSA directory D:/vivado_pj/workspace_myip_axi_led/axi_led_wrapper/hw
TRACE::2026-06-04.11:04:55::SCWPlatform:: Platform Path D:/vivado_pj/workspace_myip_axi_led/axi_led_wrapper/hw/axi_led_wrapper.xsa
TRACE::2026-06-04.11:04:55::SCWPlatform:: Unique name xilinx:::0.0
TRACE::2026-06-04.11:04:55::SCWPlatform::Trying to set the existing hwdb with name axi_led_wrapper_0
TRACE::2026-06-04.11:04:55::SCWPlatform::Opened existing hwdb axi_led_wrapper_0
TRACE::2026-06-04.11:04:55::SCWPlatform::Found the Hw Db part of the input DSA
TRACE::2026-06-04.11:04:55::SCWPlatform::Trying to open the hw design at D:/vivado_pj/workspace_myip_axi_led/axi_led_wrapper/hw/axi_led_wrapper.xsa
TRACE::2026-06-04.11:04:55::SCWPlatform::DSA given D:/vivado_pj/workspace_myip_axi_led/axi_led_wrapper/hw/axi_led_wrapper.xsa
TRACE::2026-06-04.11:04:55::SCWPlatform::DSA absoulate path D:/vivado_pj/workspace_myip_axi_led/axi_led_wrapper/hw/axi_led_wrapper.xsa
TRACE::2026-06-04.11:04:55::SCWPlatform::DSA directory D:/vivado_pj/workspace_myip_axi_led/axi_led_wrapper/hw
TRACE::2026-06-04.11:04:55::SCWPlatform:: Platform Path D:/vivado_pj/workspace_myip_axi_led/axi_led_wrapper/hw/axi_led_wrapper.xsa
TRACE::2026-06-04.11:04:55::SCWPlatform:: Unique name xilinx:::0.0
TRACE::2026-06-04.11:04:55::SCWPlatform::Trying to set the existing hwdb with name axi_led_wrapper_0
TRACE::2026-06-04.11:04:55::SCWPlatform::Opened existing hwdb axi_led_wrapper_0
TRACE::2026-06-04.11:04:55::SCWPlatform::Found the Hw Db part of the input DSA
TRACE::2026-06-04.11:04:55::SCWMssOS::Checking the sw design at  D:/vivado_pj/workspace_myip_axi_led/axi_led_wrapper/microblaze_0/standalone_microblaze_0/bsp/system.mss
TRACE::2026-06-04.11:04:55::SCWMssOS::DEBUG:  swdes dump  
TRACE::2026-06-04.11:04:55::SCWMssOS::No sw design opened at  D:/vivado_pj/workspace_myip_axi_led/axi_led_wrapper/microblaze_0/standalone_microblaze_0/bsp/system.mss
TRACE::2026-06-04.11:04:55::SCWMssOS::mss does not exists at D:/vivado_pj/workspace_myip_axi_led/axi_led_wrapper/microblaze_0/standalone_microblaze_0/bsp/system.mss
TRACE::2026-06-04.11:04:55::SCWMssOS::Creating sw design at  D:/vivado_pj/workspace_myip_axi_led/axi_led_wrapper/microblaze_0/standalone_microblaze_0/bsp/system.mss
TRACE::2026-06-04.11:04:55::SCWMssOS::Adding the swdes entry, created swdb D:/vivado_pj/workspace_myip_axi_led/axi_led_wrapper/microblaze_0/standalone_microblaze_0/bsp/system.mss with des name D:/vivado_pj/workspace_myip_axi_led/axi_led_wrapper/microblaze_0/standalone_microblaze_0/bsp/system.mss
TRACE::2026-06-04.11:04:55::SCWMssOS::updating the scw layer changes to swdes at   D:/vivado_pj/workspace_myip_axi_led/axi_led_wrapper/microblaze_0/standalone_microblaze_0/bsp/system.mss
TRACE::2026-06-04.11:04:55::SCWMssOS::Writing mss at D:/vivado_pj/workspace_myip_axi_led/axi_led_wrapper/microblaze_0/standalone_microblaze_0/bsp/system.mss
TRACE::2026-06-04.11:04:55::SCWMssOS::Completed writing the mss file at D:/vivado_pj/workspace_myip_axi_led/axi_led_wrapper/microblaze_0/standalone_microblaze_0/bsp
TRACE::2026-06-04.11:04:55::SCWMssOS::Picking up changes from newly written mss file into SCW Layer. 
TRACE::2026-06-04.11:04:55::SCWMssOS::Updated the changes from newly written mss file into SCW Layer. 
TRACE::2026-06-04.11:04:55::SCWMssOS::Completed writing the mss file at D:/vivado_pj/workspace_myip_axi_led/axi_led_wrapper/microblaze_0/standalone_microblaze_0/bsp
TRACE::2026-06-04.11:04:55::SCWMssOS::Forcing BSP Sources regeneration.
TRACE::2026-06-04.11:04:57::SCWMssOS::Saving the mss changes D:/vivado_pj/workspace_myip_axi_led/axi_led_wrapper/microblaze_0/standalone_microblaze_0/bsp/system.mss
TRACE::2026-06-04.11:04:57::SCWMssOS::Adding the swdes entry, mss present, able to open swdb D:/vivado_pj/workspace_myip_axi_led/axi_led_wrapper/microblaze_0/standalone_microblaze_0/bsp/system.mss with des name system
TRACE::2026-06-04.11:04:57::SCWMssOS::Writing the mss file completed D:/vivado_pj/workspace_myip_axi_led/axi_led_wrapper/microblaze_0/standalone_microblaze_0/bsp/system.mss
TRACE::2026-06-04.11:04:57::SCWMssOS::Commit changes completed.
TRACE::2026-06-04.11:04:57::SCWPlatform::Trying to open the hw design at D:/vivado_pj/workspace_myip_axi_led/axi_led_wrapper/hw/axi_led_wrapper.xsa
TRACE::2026-06-04.11:04:57::SCWPlatform::DSA given D:/vivado_pj/workspace_myip_axi_led/axi_led_wrapper/hw/axi_led_wrapper.xsa
TRACE::2026-06-04.11:04:57::SCWPlatform::DSA absoulate path D:/vivado_pj/workspace_myip_axi_led/axi_led_wrapper/hw/axi_led_wrapper.xsa
TRACE::2026-06-04.11:04:57::SCWPlatform::DSA directory D:/vivado_pj/workspace_myip_axi_led/axi_led_wrapper/hw
TRACE::2026-06-04.11:04:57::SCWPlatform:: Platform Path D:/vivado_pj/workspace_myip_axi_led/axi_led_wrapper/hw/axi_led_wrapper.xsa
TRACE::2026-06-04.11:04:57::SCWPlatform:: Unique name xilinx:::0.0
TRACE::2026-06-04.11:04:57::SCWPlatform::Trying to set the existing hwdb with name axi_led_wrapper_0
TRACE::2026-06-04.11:04:57::SCWPlatform::Opened existing hwdb axi_led_wrapper_0
TRACE::2026-06-04.11:04:57::SCWPlatform::Found the Hw Db part of the input DSA
TRACE::2026-06-04.11:04:57::SCWMssOS::Checking the sw design at  D:/vivado_pj/workspace_myip_axi_led/axi_led_wrapper/microblaze_0/standalone_microblaze_0/bsp/system.mss
TRACE::2026-06-04.11:04:57::SCWMssOS::DEBUG:  swdes dump  D:/vivado_pj/workspace_myip_axi_led/axi_led_wrapper/microblaze_0/standalone_microblaze_0/bsp/system.mss|system||

TRACE::2026-06-04.11:04:57::SCWMssOS::Sw design exists and opened at  D:/vivado_pj/workspace_myip_axi_led/axi_led_wrapper/microblaze_0/standalone_microblaze_0/bsp/system.mss
TRACE::2026-06-04.11:04:57::SCWPlatform::Trying to open the hw design at D:/vivado_pj/workspace_myip_axi_led/axi_led_wrapper/hw/axi_led_wrapper.xsa
TRACE::2026-06-04.11:04:57::SCWPlatform::DSA given D:/vivado_pj/workspace_myip_axi_led/axi_led_wrapper/hw/axi_led_wrapper.xsa
TRACE::2026-06-04.11:04:57::SCWPlatform::DSA absoulate path D:/vivado_pj/workspace_myip_axi_led/axi_led_wrapper/hw/axi_led_wrapper.xsa
TRACE::2026-06-04.11:04:57::SCWPlatform::DSA directory D:/vivado_pj/workspace_myip_axi_led/axi_led_wrapper/hw
TRACE::2026-06-04.11:04:57::SCWPlatform:: Platform Path D:/vivado_pj/workspace_myip_axi_led/axi_led_wrapper/hw/axi_led_wrapper.xsa
TRACE::2026-06-04.11:04:57::SCWPlatform:: Unique name xilinx:::0.0
TRACE::2026-06-04.11:04:57::SCWPlatform::Trying to set the existing hwdb with name axi_led_wrapper_0
TRACE::2026-06-04.11:04:57::SCWPlatform::Opened existing hwdb axi_led_wrapper_0
TRACE::2026-06-04.11:04:57::SCWPlatform::Found the Hw Db part of the input DSA
TRACE::2026-06-04.11:04:57::SCWMssOS::Checking the sw design at  D:/vivado_pj/workspace_myip_axi_led/axi_led_wrapper/microblaze_0/standalone_microblaze_0/bsp/system.mss
TRACE::2026-06-04.11:04:57::SCWMssOS::DEBUG:  swdes dump  D:/vivado_pj/workspace_myip_axi_led/axi_led_wrapper/microblaze_0/standalone_microblaze_0/bsp/system.mss|system||

TRACE::2026-06-04.11:04:57::SCWMssOS::Sw design exists and opened at  D:/vivado_pj/workspace_myip_axi_led/axi_led_wrapper/microblaze_0/standalone_microblaze_0/bsp/system.mss
TRACE::2026-06-04.11:04:57::SCWPlatform::Trying to open the hw design at D:/vivado_pj/workspace_myip_axi_led/axi_led_wrapper/hw/axi_led_wrapper.xsa
TRACE::2026-06-04.11:04:57::SCWPlatform::DSA given D:/vivado_pj/workspace_myip_axi_led/axi_led_wrapper/hw/axi_led_wrapper.xsa
TRACE::2026-06-04.11:04:57::SCWPlatform::DSA absoulate path D:/vivado_pj/workspace_myip_axi_led/axi_led_wrapper/hw/axi_led_wrapper.xsa
TRACE::2026-06-04.11:04:57::SCWPlatform::DSA directory D:/vivado_pj/workspace_myip_axi_led/axi_led_wrapper/hw
TRACE::2026-06-04.11:04:57::SCWPlatform:: Platform Path D:/vivado_pj/workspace_myip_axi_led/axi_led_wrapper/hw/axi_led_wrapper.xsa
TRACE::2026-06-04.11:04:57::SCWPlatform:: Unique name xilinx:::0.0
TRACE::2026-06-04.11:04:57::SCWPlatform::Trying to set the existing hwdb with name axi_led_wrapper_0
TRACE::2026-06-04.11:04:57::SCWPlatform::Opened existing hwdb axi_led_wrapper_0
TRACE::2026-06-04.11:04:57::SCWPlatform::Found the Hw Db part of the input DSA
TRACE::2026-06-04.11:04:57::SCWMssOS::Checking the sw design at  D:/vivado_pj/workspace_myip_axi_led/axi_led_wrapper/microblaze_0/standalone_microblaze_0/bsp/system.mss
TRACE::2026-06-04.11:04:57::SCWMssOS::DEBUG:  swdes dump  D:/vivado_pj/workspace_myip_axi_led/axi_led_wrapper/microblaze_0/standalone_microblaze_0/bsp/system.mss|system||

TRACE::2026-06-04.11:04:57::SCWMssOS::Sw design exists and opened at  D:/vivado_pj/workspace_myip_axi_led/axi_led_wrapper/microblaze_0/standalone_microblaze_0/bsp/system.mss
TRACE::2026-06-04.11:04:57::SCWWriter::formatted JSON is {
	"platformName":	"axi_led_wrapper",
	"sprVersion":	"2.0",
	"mode":	"gui",
	"dsaType":	"Fixed",
	"platformDesc":	"axi_led_wrapper",
	"platHandOff":	"D:/vivado_pj/myip_axi_led/axi_led_wrapper.xsa",
	"platIntHandOff":	"<platformDir>/hw/axi_led_wrapper.xsa",
	"deviceType":	"FPGA",
	"platIsPrebuiltAutogen":	"false",
	"platIsNoBootBsp":	"false",
	"hasFsblMakeHasChanges":	"false",
	"hasPmufwMakeHasChanges":	"false",
	"platPreBuiltFlag":	false,
	"platformSamplesDir":	"",
	"platActiveSys":	"axi_led_wrapper",
	"systems":	[{
			"systemName":	"axi_led_wrapper",
			"systemDesc":	"axi_led_wrapper",
			"sysIsBootAutoGen":	"true",
			"systemDispName":	"axi_led_wrapper",
			"sysActiveDom":	"standalone_microblaze_0",
			"sysDefaultDom":	"standalone_microblaze_0",
			"domains":	[{
					"domainName":	"standalone_microblaze_0",
					"domainDispName":	"standalone_microblaze_0",
					"domainDesc":	"standalone_microblaze_0",
					"processors":	"microblaze_0",
					"os":	"standalone",
					"sdxOs":	"standalone",
					"debugEnable":	"False",
					"domRuntimes":	["cpp"],
					"swRepo":	"",
					"mssOsVer":	"8.1",
					"mssFile":	"",
					"md5Digest":	"48b4a4f7c082d1cdfc8769c8e8ded5c0",
					"compatibleApp":	"hello_world",
					"domType":	"mssDomain",
					"arch":	"32-bit",
					"appSettings":	{
						"appCompilerFlags":	"",
						"appLinkerFlags":	""
					},
					"addedLibs":	[],
					"libOptions":	{
						"libsContainingOptions":	[]
					},
					"prebuiltLibs":	{
						"prebuiltIncPath":	[],
						"prebuiltLibPath":	[]
					},
					"isolation":	{
					}
				}]
		}]
}
LOG::2026-06-04.11:04:57::SCWPlatform::Started generating the artifacts platform axi_led_wrapper
TRACE::2026-06-04.11:04:57::SCWPlatform::Sanity checking of platform is completed
LOG::2026-06-04.11:04:57::SCWPlatform::Started generating the artifacts for system configuration axi_led_wrapper
LOG::2026-06-04.11:04:57::SCWSystem::Checking the domain standalone_microblaze_0
LOG::2026-06-04.11:04:57::SCWSystem::Not a boot domain 
LOG::2026-06-04.11:04:57::SCWSystem::Started Processing the domain standalone_microblaze_0
TRACE::2026-06-04.11:04:57::SCWDomain::Generating domain artifcats
TRACE::2026-06-04.11:04:57::SCWMssOS::Generating standalone artifcats
TRACE::2026-06-04.11:04:57::SCWMssOS:: Copying the user libraries. 
TRACE::2026-06-04.11:04:57::SCWPlatform::Trying to open the hw design at D:/vivado_pj/workspace_myip_axi_led/axi_led_wrapper/hw/axi_led_wrapper.xsa
TRACE::2026-06-04.11:04:57::SCWPlatform::DSA given D:/vivado_pj/workspace_myip_axi_led/axi_led_wrapper/hw/axi_led_wrapper.xsa
TRACE::2026-06-04.11:04:57::SCWPlatform::DSA absoulate path D:/vivado_pj/workspace_myip_axi_led/axi_led_wrapper/hw/axi_led_wrapper.xsa
TRACE::2026-06-04.11:04:57::SCWPlatform::DSA directory D:/vivado_pj/workspace_myip_axi_led/axi_led_wrapper/hw
TRACE::2026-06-04.11:04:57::SCWPlatform:: Platform Path D:/vivado_pj/workspace_myip_axi_led/axi_led_wrapper/hw/axi_led_wrapper.xsa
TRACE::2026-06-04.11:04:57::SCWPlatform:: Unique name xilinx:::0.0
TRACE::2026-06-04.11:04:57::SCWPlatform::Trying to set the existing hwdb with name axi_led_wrapper_0
TRACE::2026-06-04.11:04:57::SCWPlatform::Opened existing hwdb axi_led_wrapper_0
TRACE::2026-06-04.11:04:57::SCWPlatform::Found the Hw Db part of the input DSA
TRACE::2026-06-04.11:04:57::SCWMssOS::Checking the sw design at  D:/vivado_pj/workspace_myip_axi_led/axi_led_wrapper/microblaze_0/standalone_microblaze_0/bsp/system.mss
TRACE::2026-06-04.11:04:57::SCWMssOS::DEBUG:  swdes dump  D:/vivado_pj/workspace_myip_axi_led/axi_led_wrapper/microblaze_0/standalone_microblaze_0/bsp/system.mss|system||

TRACE::2026-06-04.11:04:57::SCWMssOS::Sw design exists and opened at  D:/vivado_pj/workspace_myip_axi_led/axi_led_wrapper/microblaze_0/standalone_microblaze_0/bsp/system.mss
TRACE::2026-06-04.11:04:57::SCWMssOS::Completed writing the mss file at D:/vivado_pj/workspace_myip_axi_led/axi_led_wrapper/microblaze_0/standalone_microblaze_0/bsp
TRACE::2026-06-04.11:04:57::SCWMssOS::Mss edits present, copying mssfile into export location D:/vivado_pj/workspace_myip_axi_led/axi_led_wrapper/microblaze_0/standalone_microblaze_0/bsp/system.mss
TRACE::2026-06-04.11:04:57::SCWMssOS::bsp generated is upto date with the mss file. Skipping bsp generation.
TRACE::2026-06-04.11:04:57::SCWMssOS::BSP is already built. skipping the bsp build ... 
TRACE::2026-06-04.11:04:57::SCWDomain::Skipping the build for domain :  standalone_microblaze_0
TRACE::2026-06-04.11:04:57::SCWMssOS::skipping the bsp build ... 
TRACE::2026-06-04.11:04:57::SCWMssOS::Copying to export directory.
TRACE::2026-06-04.11:04:57::SCWMssOS:: Checking if to create the Supporting Applications
TRACE::2026-06-04.11:04:57::SCWMssOS:: No Linux domain exists, trying to generate FSBL 
LOG::2026-06-04.11:04:57::SCWSystem::Completed Processing the domain standalone_microblaze_0
LOG::2026-06-04.11:04:57::SCWSystem::Completed Processing the sysconfig axi_led_wrapper
LOG::2026-06-04.11:04:57::SCWPlatform::Completed generating the artifacts for system configuration axi_led_wrapper
TRACE::2026-06-04.11:04:57::SCWPlatform::Started preparing the platform 
TRACE::2026-06-04.11:04:57::SCWSystem::Writing the bif file for system config axi_led_wrapper
TRACE::2026-06-04.11:04:57::SCWSystem::dir created 
TRACE::2026-06-04.11:04:57::SCWSystem::Writing the bif 
TRACE::2026-06-04.11:04:57::SCWPlatform::Started writing the spfm file 
TRACE::2026-06-04.11:04:57::SCWPlatform::Started writing the xpfm file 
TRACE::2026-06-04.11:04:57::SCWPlatform::Completed generating the platform
TRACE::2026-06-04.11:04:57::SCWMssOS::Saving the mss changes D:/vivado_pj/workspace_myip_axi_led/axi_led_wrapper/microblaze_0/standalone_microblaze_0/bsp/system.mss
TRACE::2026-06-04.11:04:57::SCWMssOS::Found a swdesign opened with the mssfile.
TRACE::2026-06-04.11:04:57::SCWMssOS::Completed writemss as part of save.
TRACE::2026-06-04.11:04:57::SCWMssOS::Commit changes completed.
TRACE::2026-06-04.11:04:57::SCWPlatform::Trying to open the hw design at D:/vivado_pj/workspace_myip_axi_led/axi_led_wrapper/hw/axi_led_wrapper.xsa
TRACE::2026-06-04.11:04:57::SCWPlatform::DSA given D:/vivado_pj/workspace_myip_axi_led/axi_led_wrapper/hw/axi_led_wrapper.xsa
TRACE::2026-06-04.11:04:57::SCWPlatform::DSA absoulate path D:/vivado_pj/workspace_myip_axi_led/axi_led_wrapper/hw/axi_led_wrapper.xsa
TRACE::2026-06-04.11:04:57::SCWPlatform::DSA directory D:/vivado_pj/workspace_myip_axi_led/axi_led_wrapper/hw
TRACE::2026-06-04.11:04:57::SCWPlatform:: Platform Path D:/vivado_pj/workspace_myip_axi_led/axi_led_wrapper/hw/axi_led_wrapper.xsa
TRACE::2026-06-04.11:04:57::SCWPlatform:: Unique name xilinx:::0.0
TRACE::2026-06-04.11:04:57::SCWPlatform::Trying to set the existing hwdb with name axi_led_wrapper_0
TRACE::2026-06-04.11:04:57::SCWPlatform::Opened existing hwdb axi_led_wrapper_0
TRACE::2026-06-04.11:04:57::SCWPlatform::Found the Hw Db part of the input DSA
TRACE::2026-06-04.11:04:57::SCWMssOS::Checking the sw design at  D:/vivado_pj/workspace_myip_axi_led/axi_led_wrapper/microblaze_0/standalone_microblaze_0/bsp/system.mss
TRACE::2026-06-04.11:04:57::SCWMssOS::DEBUG:  swdes dump  D:/vivado_pj/workspace_myip_axi_led/axi_led_wrapper/microblaze_0/standalone_microblaze_0/bsp/system.mss|system||

TRACE::2026-06-04.11:04:57::SCWMssOS::Sw design exists and opened at  D:/vivado_pj/workspace_myip_axi_led/axi_led_wrapper/microblaze_0/standalone_microblaze_0/bsp/system.mss
TRACE::2026-06-04.11:04:57::SCWPlatform::Trying to open the hw design at D:/vivado_pj/workspace_myip_axi_led/axi_led_wrapper/hw/axi_led_wrapper.xsa
TRACE::2026-06-04.11:04:57::SCWPlatform::DSA given D:/vivado_pj/workspace_myip_axi_led/axi_led_wrapper/hw/axi_led_wrapper.xsa
TRACE::2026-06-04.11:04:57::SCWPlatform::DSA absoulate path D:/vivado_pj/workspace_myip_axi_led/axi_led_wrapper/hw/axi_led_wrapper.xsa
TRACE::2026-06-04.11:04:57::SCWPlatform::DSA directory D:/vivado_pj/workspace_myip_axi_led/axi_led_wrapper/hw
TRACE::2026-06-04.11:04:57::SCWPlatform:: Platform Path D:/vivado_pj/workspace_myip_axi_led/axi_led_wrapper/hw/axi_led_wrapper.xsa
TRACE::2026-06-04.11:04:57::SCWPlatform:: Unique name xilinx:::0.0
TRACE::2026-06-04.11:04:57::SCWPlatform::Trying to set the existing hwdb with name axi_led_wrapper_0
TRACE::2026-06-04.11:04:57::SCWPlatform::Opened existing hwdb axi_led_wrapper_0
TRACE::2026-06-04.11:04:57::SCWPlatform::Found the Hw Db part of the input DSA
TRACE::2026-06-04.11:04:57::SCWMssOS::Checking the sw design at  D:/vivado_pj/workspace_myip_axi_led/axi_led_wrapper/microblaze_0/standalone_microblaze_0/bsp/system.mss
TRACE::2026-06-04.11:04:57::SCWMssOS::DEBUG:  swdes dump  D:/vivado_pj/workspace_myip_axi_led/axi_led_wrapper/microblaze_0/standalone_microblaze_0/bsp/system.mss|system||

TRACE::2026-06-04.11:04:57::SCWMssOS::Sw design exists and opened at  D:/vivado_pj/workspace_myip_axi_led/axi_led_wrapper/microblaze_0/standalone_microblaze_0/bsp/system.mss
TRACE::2026-06-04.11:04:57::SCWPlatform::Trying to open the hw design at D:/vivado_pj/workspace_myip_axi_led/axi_led_wrapper/hw/axi_led_wrapper.xsa
TRACE::2026-06-04.11:04:57::SCWPlatform::DSA given D:/vivado_pj/workspace_myip_axi_led/axi_led_wrapper/hw/axi_led_wrapper.xsa
TRACE::2026-06-04.11:04:57::SCWPlatform::DSA absoulate path D:/vivado_pj/workspace_myip_axi_led/axi_led_wrapper/hw/axi_led_wrapper.xsa
TRACE::2026-06-04.11:04:57::SCWPlatform::DSA directory D:/vivado_pj/workspace_myip_axi_led/axi_led_wrapper/hw
TRACE::2026-06-04.11:04:57::SCWPlatform:: Platform Path D:/vivado_pj/workspace_myip_axi_led/axi_led_wrapper/hw/axi_led_wrapper.xsa
TRACE::2026-06-04.11:04:57::SCWPlatform:: Unique name xilinx:::0.0
TRACE::2026-06-04.11:04:57::SCWPlatform::Trying to set the existing hwdb with name axi_led_wrapper_0
TRACE::2026-06-04.11:04:57::SCWPlatform::Opened existing hwdb axi_led_wrapper_0
TRACE::2026-06-04.11:04:57::SCWPlatform::Found the Hw Db part of the input DSA
TRACE::2026-06-04.11:04:57::SCWMssOS::Checking the sw design at  D:/vivado_pj/workspace_myip_axi_led/axi_led_wrapper/microblaze_0/standalone_microblaze_0/bsp/system.mss
TRACE::2026-06-04.11:04:57::SCWMssOS::DEBUG:  swdes dump  D:/vivado_pj/workspace_myip_axi_led/axi_led_wrapper/microblaze_0/standalone_microblaze_0/bsp/system.mss|system||

TRACE::2026-06-04.11:04:57::SCWMssOS::Sw design exists and opened at  D:/vivado_pj/workspace_myip_axi_led/axi_led_wrapper/microblaze_0/standalone_microblaze_0/bsp/system.mss
TRACE::2026-06-04.11:04:57::SCWWriter::formatted JSON is {
	"platformName":	"axi_led_wrapper",
	"sprVersion":	"2.0",
	"mode":	"gui",
	"dsaType":	"Fixed",
	"platformDesc":	"axi_led_wrapper",
	"platHandOff":	"D:/vivado_pj/myip_axi_led/axi_led_wrapper.xsa",
	"platIntHandOff":	"<platformDir>/hw/axi_led_wrapper.xsa",
	"deviceType":	"FPGA",
	"platIsPrebuiltAutogen":	"false",
	"platIsNoBootBsp":	"false",
	"hasFsblMakeHasChanges":	"false",
	"hasPmufwMakeHasChanges":	"false",
	"platPreBuiltFlag":	false,
	"platformSamplesDir":	"",
	"platActiveSys":	"axi_led_wrapper",
	"systems":	[{
			"systemName":	"axi_led_wrapper",
			"systemDesc":	"axi_led_wrapper",
			"sysIsBootAutoGen":	"true",
			"systemDispName":	"axi_led_wrapper",
			"sysActiveDom":	"standalone_microblaze_0",
			"sysDefaultDom":	"standalone_microblaze_0",
			"domains":	[{
					"domainName":	"standalone_microblaze_0",
					"domainDispName":	"standalone_microblaze_0",
					"domainDesc":	"standalone_microblaze_0",
					"processors":	"microblaze_0",
					"os":	"standalone",
					"sdxOs":	"standalone",
					"debugEnable":	"False",
					"domRuntimes":	["cpp"],
					"swRepo":	"",
					"mssOsVer":	"8.1",
					"mssFile":	"",
					"md5Digest":	"48b4a4f7c082d1cdfc8769c8e8ded5c0",
					"compatibleApp":	"hello_world",
					"domType":	"mssDomain",
					"arch":	"32-bit",
					"appSettings":	{
						"appCompilerFlags":	"",
						"appLinkerFlags":	""
					},
					"addedLibs":	[],
					"libOptions":	{
						"libsContainingOptions":	[]
					},
					"prebuiltLibs":	{
						"prebuiltIncPath":	[],
						"prebuiltLibPath":	[]
					},
					"isolation":	{
					}
				}]
		}]
}
KEYINFO::2026-06-04.11:04:57::SCWPlatform::updated the xpfm file.
TRACE::2026-06-04.11:04:57::SCWPlatform::Trying to open the hw design at D:/vivado_pj/workspace_myip_axi_led/axi_led_wrapper/hw/axi_led_wrapper.xsa
TRACE::2026-06-04.11:04:57::SCWPlatform::DSA given D:/vivado_pj/workspace_myip_axi_led/axi_led_wrapper/hw/axi_led_wrapper.xsa
TRACE::2026-06-04.11:04:57::SCWPlatform::DSA absoulate path D:/vivado_pj/workspace_myip_axi_led/axi_led_wrapper/hw/axi_led_wrapper.xsa
TRACE::2026-06-04.11:04:57::SCWPlatform::DSA directory D:/vivado_pj/workspace_myip_axi_led/axi_led_wrapper/hw
TRACE::2026-06-04.11:04:57::SCWPlatform:: Platform Path D:/vivado_pj/workspace_myip_axi_led/axi_led_wrapper/hw/axi_led_wrapper.xsa
TRACE::2026-06-04.11:04:57::SCWPlatform:: Unique name xilinx:::0.0
TRACE::2026-06-04.11:04:57::SCWPlatform::Trying to set the existing hwdb with name axi_led_wrapper_0
TRACE::2026-06-04.11:04:57::SCWPlatform::Opened existing hwdb axi_led_wrapper_0
TRACE::2026-06-04.11:04:57::SCWPlatform::Found the Hw Db part of the input DSA
TRACE::2026-06-04.11:04:57::SCWMssOS::Checking the sw design at  D:/vivado_pj/workspace_myip_axi_led/axi_led_wrapper/microblaze_0/standalone_microblaze_0/bsp/system.mss
TRACE::2026-06-04.11:04:57::SCWMssOS::DEBUG:  swdes dump  D:/vivado_pj/workspace_myip_axi_led/axi_led_wrapper/microblaze_0/standalone_microblaze_0/bsp/system.mss|system||

TRACE::2026-06-04.11:04:57::SCWMssOS::Sw design exists and opened at  D:/vivado_pj/workspace_myip_axi_led/axi_led_wrapper/microblaze_0/standalone_microblaze_0/bsp/system.mss
TRACE::2026-06-04.11:04:57::SCWMssOS::Saving the mss changes D:/vivado_pj/workspace_myip_axi_led/axi_led_wrapper/microblaze_0/standalone_microblaze_0/bsp/system.mss
TRACE::2026-06-04.11:04:57::SCWMssOS::Found a swdesign opened with the mssfile.
TRACE::2026-06-04.11:04:57::SCWMssOS::Completed writemss as part of save.
TRACE::2026-06-04.11:04:57::SCWMssOS::Commit changes completed.
TRACE::2026-06-04.11:04:57::SCWPlatform::Trying to open the hw design at D:/vivado_pj/workspace_myip_axi_led/axi_led_wrapper/hw/axi_led_wrapper.xsa
TRACE::2026-06-04.11:04:57::SCWPlatform::DSA given D:/vivado_pj/workspace_myip_axi_led/axi_led_wrapper/hw/axi_led_wrapper.xsa
TRACE::2026-06-04.11:04:57::SCWPlatform::DSA absoulate path D:/vivado_pj/workspace_myip_axi_led/axi_led_wrapper/hw/axi_led_wrapper.xsa
TRACE::2026-06-04.11:04:57::SCWPlatform::DSA directory D:/vivado_pj/workspace_myip_axi_led/axi_led_wrapper/hw
TRACE::2026-06-04.11:04:57::SCWPlatform:: Platform Path D:/vivado_pj/workspace_myip_axi_led/axi_led_wrapper/hw/axi_led_wrapper.xsa
TRACE::2026-06-04.11:04:57::SCWPlatform:: Unique name xilinx:::0.0
TRACE::2026-06-04.11:04:57::SCWPlatform::Trying to set the existing hwdb with name axi_led_wrapper_0
TRACE::2026-06-04.11:04:57::SCWPlatform::Opened existing hwdb axi_led_wrapper_0
TRACE::2026-06-04.11:04:57::SCWPlatform::Found the Hw Db part of the input DSA
TRACE::2026-06-04.11:04:57::SCWMssOS::Checking the sw design at  D:/vivado_pj/workspace_myip_axi_led/axi_led_wrapper/microblaze_0/standalone_microblaze_0/bsp/system.mss
TRACE::2026-06-04.11:04:57::SCWMssOS::DEBUG:  swdes dump  D:/vivado_pj/workspace_myip_axi_led/axi_led_wrapper/microblaze_0/standalone_microblaze_0/bsp/system.mss|system||

TRACE::2026-06-04.11:04:57::SCWMssOS::Sw design exists and opened at  D:/vivado_pj/workspace_myip_axi_led/axi_led_wrapper/microblaze_0/standalone_microblaze_0/bsp/system.mss
TRACE::2026-06-04.11:04:57::SCWPlatform::Trying to open the hw design at D:/vivado_pj/workspace_myip_axi_led/axi_led_wrapper/hw/axi_led_wrapper.xsa
TRACE::2026-06-04.11:04:57::SCWPlatform::DSA given D:/vivado_pj/workspace_myip_axi_led/axi_led_wrapper/hw/axi_led_wrapper.xsa
TRACE::2026-06-04.11:04:57::SCWPlatform::DSA absoulate path D:/vivado_pj/workspace_myip_axi_led/axi_led_wrapper/hw/axi_led_wrapper.xsa
TRACE::2026-06-04.11:04:57::SCWPlatform::DSA directory D:/vivado_pj/workspace_myip_axi_led/axi_led_wrapper/hw
TRACE::2026-06-04.11:04:57::SCWPlatform:: Platform Path D:/vivado_pj/workspace_myip_axi_led/axi_led_wrapper/hw/axi_led_wrapper.xsa
TRACE::2026-06-04.11:04:57::SCWPlatform:: Unique name xilinx:::0.0
TRACE::2026-06-04.11:04:57::SCWPlatform::Trying to set the existing hwdb with name axi_led_wrapper_0
TRACE::2026-06-04.11:04:57::SCWPlatform::Opened existing hwdb axi_led_wrapper_0
TRACE::2026-06-04.11:04:57::SCWPlatform::Found the Hw Db part of the input DSA
TRACE::2026-06-04.11:04:57::SCWMssOS::Checking the sw design at  D:/vivado_pj/workspace_myip_axi_led/axi_led_wrapper/microblaze_0/standalone_microblaze_0/bsp/system.mss
TRACE::2026-06-04.11:04:57::SCWMssOS::DEBUG:  swdes dump  D:/vivado_pj/workspace_myip_axi_led/axi_led_wrapper/microblaze_0/standalone_microblaze_0/bsp/system.mss|system||

TRACE::2026-06-04.11:04:57::SCWMssOS::Sw design exists and opened at  D:/vivado_pj/workspace_myip_axi_led/axi_led_wrapper/microblaze_0/standalone_microblaze_0/bsp/system.mss
TRACE::2026-06-04.11:04:57::SCWPlatform::Trying to open the hw design at D:/vivado_pj/workspace_myip_axi_led/axi_led_wrapper/hw/axi_led_wrapper.xsa
TRACE::2026-06-04.11:04:57::SCWPlatform::DSA given D:/vivado_pj/workspace_myip_axi_led/axi_led_wrapper/hw/axi_led_wrapper.xsa
TRACE::2026-06-04.11:04:57::SCWPlatform::DSA absoulate path D:/vivado_pj/workspace_myip_axi_led/axi_led_wrapper/hw/axi_led_wrapper.xsa
TRACE::2026-06-04.11:04:57::SCWPlatform::DSA directory D:/vivado_pj/workspace_myip_axi_led/axi_led_wrapper/hw
TRACE::2026-06-04.11:04:57::SCWPlatform:: Platform Path D:/vivado_pj/workspace_myip_axi_led/axi_led_wrapper/hw/axi_led_wrapper.xsa
TRACE::2026-06-04.11:04:57::SCWPlatform:: Unique name xilinx:::0.0
TRACE::2026-06-04.11:04:57::SCWPlatform::Trying to set the existing hwdb with name axi_led_wrapper_0
TRACE::2026-06-04.11:04:57::SCWPlatform::Opened existing hwdb axi_led_wrapper_0
TRACE::2026-06-04.11:04:57::SCWPlatform::Found the Hw Db part of the input DSA
TRACE::2026-06-04.11:04:57::SCWMssOS::Checking the sw design at  D:/vivado_pj/workspace_myip_axi_led/axi_led_wrapper/microblaze_0/standalone_microblaze_0/bsp/system.mss
TRACE::2026-06-04.11:04:57::SCWMssOS::DEBUG:  swdes dump  D:/vivado_pj/workspace_myip_axi_led/axi_led_wrapper/microblaze_0/standalone_microblaze_0/bsp/system.mss|system||

TRACE::2026-06-04.11:04:57::SCWMssOS::Sw design exists and opened at  D:/vivado_pj/workspace_myip_axi_led/axi_led_wrapper/microblaze_0/standalone_microblaze_0/bsp/system.mss
TRACE::2026-06-04.11:04:57::SCWWriter::formatted JSON is {
	"platformName":	"axi_led_wrapper",
	"sprVersion":	"2.0",
	"mode":	"gui",
	"dsaType":	"Fixed",
	"platformDesc":	"axi_led_wrapper",
	"platHandOff":	"D:/vivado_pj/myip_axi_led/axi_led_wrapper.xsa",
	"platIntHandOff":	"<platformDir>/hw/axi_led_wrapper.xsa",
	"deviceType":	"FPGA",
	"platIsPrebuiltAutogen":	"false",
	"platIsNoBootBsp":	"false",
	"hasFsblMakeHasChanges":	"false",
	"hasPmufwMakeHasChanges":	"false",
	"platPreBuiltFlag":	false,
	"platformSamplesDir":	"",
	"platActiveSys":	"axi_led_wrapper",
	"systems":	[{
			"systemName":	"axi_led_wrapper",
			"systemDesc":	"axi_led_wrapper",
			"sysIsBootAutoGen":	"true",
			"systemDispName":	"axi_led_wrapper",
			"sysActiveDom":	"standalone_microblaze_0",
			"sysDefaultDom":	"standalone_microblaze_0",
			"domains":	[{
					"domainName":	"standalone_microblaze_0",
					"domainDispName":	"standalone_microblaze_0",
					"domainDesc":	"standalone_microblaze_0",
					"processors":	"microblaze_0",
					"os":	"standalone",
					"sdxOs":	"standalone",
					"debugEnable":	"False",
					"domRuntimes":	["cpp"],
					"swRepo":	"",
					"mssOsVer":	"8.1",
					"mssFile":	"",
					"md5Digest":	"48b4a4f7c082d1cdfc8769c8e8ded5c0",
					"compatibleApp":	"hello_world",
					"domType":	"mssDomain",
					"arch":	"32-bit",
					"appSettings":	{
						"appCompilerFlags":	"",
						"appLinkerFlags":	""
					},
					"addedLibs":	[],
					"libOptions":	{
						"libsContainingOptions":	[]
					},
					"prebuiltLibs":	{
						"prebuiltIncPath":	[],
						"prebuiltLibPath":	[]
					},
					"isolation":	{
					}
				}]
		}]
}
TRACE::2026-06-04.11:04:57::SCWPlatform::Trying to open the hw design at D:/vivado_pj/workspace_myip_axi_led/axi_led_wrapper/hw/axi_led_wrapper.xsa
TRACE::2026-06-04.11:04:57::SCWPlatform::DSA given D:/vivado_pj/workspace_myip_axi_led/axi_led_wrapper/hw/axi_led_wrapper.xsa
TRACE::2026-06-04.11:04:57::SCWPlatform::DSA absoulate path D:/vivado_pj/workspace_myip_axi_led/axi_led_wrapper/hw/axi_led_wrapper.xsa
TRACE::2026-06-04.11:04:57::SCWPlatform::DSA directory D:/vivado_pj/workspace_myip_axi_led/axi_led_wrapper/hw
TRACE::2026-06-04.11:04:57::SCWPlatform:: Platform Path D:/vivado_pj/workspace_myip_axi_led/axi_led_wrapper/hw/axi_led_wrapper.xsa
TRACE::2026-06-04.11:04:57::SCWPlatform:: Unique name xilinx:::0.0
TRACE::2026-06-04.11:04:57::SCWPlatform::Trying to set the existing hwdb with name axi_led_wrapper_0
TRACE::2026-06-04.11:04:57::SCWPlatform::Opened existing hwdb axi_led_wrapper_0
TRACE::2026-06-04.11:04:57::SCWPlatform::Found the Hw Db part of the input DSA
TRACE::2026-06-04.11:04:57::SCWMssOS::Checking the sw design at  D:/vivado_pj/workspace_myip_axi_led/axi_led_wrapper/microblaze_0/standalone_microblaze_0/bsp/system.mss
TRACE::2026-06-04.11:04:57::SCWMssOS::DEBUG:  swdes dump  D:/vivado_pj/workspace_myip_axi_led/axi_led_wrapper/microblaze_0/standalone_microblaze_0/bsp/system.mss|system||

TRACE::2026-06-04.11:04:57::SCWMssOS::Sw design exists and opened at  D:/vivado_pj/workspace_myip_axi_led/axi_led_wrapper/microblaze_0/standalone_microblaze_0/bsp/system.mss
TRACE::2026-06-04.11:04:57::SCWPlatform::Trying to open the hw design at D:/vivado_pj/workspace_myip_axi_led/axi_led_wrapper/hw/axi_led_wrapper.xsa
TRACE::2026-06-04.11:04:57::SCWPlatform::DSA given D:/vivado_pj/workspace_myip_axi_led/axi_led_wrapper/hw/axi_led_wrapper.xsa
TRACE::2026-06-04.11:04:57::SCWPlatform::DSA absoulate path D:/vivado_pj/workspace_myip_axi_led/axi_led_wrapper/hw/axi_led_wrapper.xsa
TRACE::2026-06-04.11:04:57::SCWPlatform::DSA directory D:/vivado_pj/workspace_myip_axi_led/axi_led_wrapper/hw
TRACE::2026-06-04.11:04:57::SCWPlatform:: Platform Path D:/vivado_pj/workspace_myip_axi_led/axi_led_wrapper/hw/axi_led_wrapper.xsa
TRACE::2026-06-04.11:04:57::SCWPlatform:: Unique name xilinx:::0.0
TRACE::2026-06-04.11:04:57::SCWPlatform::Trying to set the existing hwdb with name axi_led_wrapper_0
TRACE::2026-06-04.11:04:57::SCWPlatform::Opened existing hwdb axi_led_wrapper_0
TRACE::2026-06-04.11:04:57::SCWPlatform::Found the Hw Db part of the input DSA
TRACE::2026-06-04.11:04:57::SCWMssOS::Checking the sw design at  D:/vivado_pj/workspace_myip_axi_led/axi_led_wrapper/microblaze_0/standalone_microblaze_0/bsp/system.mss
TRACE::2026-06-04.11:04:57::SCWMssOS::DEBUG:  swdes dump  D:/vivado_pj/workspace_myip_axi_led/axi_led_wrapper/microblaze_0/standalone_microblaze_0/bsp/system.mss|system||

TRACE::2026-06-04.11:04:57::SCWMssOS::Sw design exists and opened at  D:/vivado_pj/workspace_myip_axi_led/axi_led_wrapper/microblaze_0/standalone_microblaze_0/bsp/system.mss
TRACE::2026-06-04.11:04:57::SCWMssOS::Saving the mss changes D:/vivado_pj/workspace_myip_axi_led/axi_led_wrapper/microblaze_0/standalone_microblaze_0/bsp/system.mss
TRACE::2026-06-04.11:04:57::SCWMssOS::Found a swdesign opened with the mssfile.
TRACE::2026-06-04.11:04:58::SCWMssOS::Completed writemss as part of save.
TRACE::2026-06-04.11:04:58::SCWMssOS::Commit changes completed.
TRACE::2026-06-04.11:04:58::SCWPlatform::Trying to open the hw design at D:/vivado_pj/workspace_myip_axi_led/axi_led_wrapper/hw/axi_led_wrapper.xsa
TRACE::2026-06-04.11:04:58::SCWPlatform::DSA given D:/vivado_pj/workspace_myip_axi_led/axi_led_wrapper/hw/axi_led_wrapper.xsa
TRACE::2026-06-04.11:04:58::SCWPlatform::DSA absoulate path D:/vivado_pj/workspace_myip_axi_led/axi_led_wrapper/hw/axi_led_wrapper.xsa
TRACE::2026-06-04.11:04:58::SCWPlatform::DSA directory D:/vivado_pj/workspace_myip_axi_led/axi_led_wrapper/hw
TRACE::2026-06-04.11:04:58::SCWPlatform:: Platform Path D:/vivado_pj/workspace_myip_axi_led/axi_led_wrapper/hw/axi_led_wrapper.xsa
TRACE::2026-06-04.11:04:58::SCWPlatform:: Unique name xilinx:::0.0
TRACE::2026-06-04.11:04:58::SCWPlatform::Trying to set the existing hwdb with name axi_led_wrapper_0
TRACE::2026-06-04.11:04:58::SCWPlatform::Opened existing hwdb axi_led_wrapper_0
TRACE::2026-06-04.11:04:58::SCWPlatform::Found the Hw Db part of the input DSA
TRACE::2026-06-04.11:04:58::SCWMssOS::Checking the sw design at  D:/vivado_pj/workspace_myip_axi_led/axi_led_wrapper/microblaze_0/standalone_microblaze_0/bsp/system.mss
TRACE::2026-06-04.11:04:58::SCWMssOS::DEBUG:  swdes dump  D:/vivado_pj/workspace_myip_axi_led/axi_led_wrapper/microblaze_0/standalone_microblaze_0/bsp/system.mss|system||

TRACE::2026-06-04.11:04:58::SCWMssOS::Sw design exists and opened at  D:/vivado_pj/workspace_myip_axi_led/axi_led_wrapper/microblaze_0/standalone_microblaze_0/bsp/system.mss
TRACE::2026-06-04.11:04:58::SCWPlatform::Trying to open the hw design at D:/vivado_pj/workspace_myip_axi_led/axi_led_wrapper/hw/axi_led_wrapper.xsa
TRACE::2026-06-04.11:04:58::SCWPlatform::DSA given D:/vivado_pj/workspace_myip_axi_led/axi_led_wrapper/hw/axi_led_wrapper.xsa
TRACE::2026-06-04.11:04:58::SCWPlatform::DSA absoulate path D:/vivado_pj/workspace_myip_axi_led/axi_led_wrapper/hw/axi_led_wrapper.xsa
TRACE::2026-06-04.11:04:58::SCWPlatform::DSA directory D:/vivado_pj/workspace_myip_axi_led/axi_led_wrapper/hw
TRACE::2026-06-04.11:04:58::SCWPlatform:: Platform Path D:/vivado_pj/workspace_myip_axi_led/axi_led_wrapper/hw/axi_led_wrapper.xsa
TRACE::2026-06-04.11:04:58::SCWPlatform:: Unique name xilinx:::0.0
TRACE::2026-06-04.11:04:58::SCWPlatform::Trying to set the existing hwdb with name axi_led_wrapper_0
TRACE::2026-06-04.11:04:58::SCWPlatform::Opened existing hwdb axi_led_wrapper_0
TRACE::2026-06-04.11:04:58::SCWPlatform::Found the Hw Db part of the input DSA
TRACE::2026-06-04.11:04:58::SCWMssOS::Checking the sw design at  D:/vivado_pj/workspace_myip_axi_led/axi_led_wrapper/microblaze_0/standalone_microblaze_0/bsp/system.mss
TRACE::2026-06-04.11:04:58::SCWMssOS::DEBUG:  swdes dump  D:/vivado_pj/workspace_myip_axi_led/axi_led_wrapper/microblaze_0/standalone_microblaze_0/bsp/system.mss|system||

TRACE::2026-06-04.11:04:58::SCWMssOS::Sw design exists and opened at  D:/vivado_pj/workspace_myip_axi_led/axi_led_wrapper/microblaze_0/standalone_microblaze_0/bsp/system.mss
TRACE::2026-06-04.11:04:58::SCWPlatform::Trying to open the hw design at D:/vivado_pj/workspace_myip_axi_led/axi_led_wrapper/hw/axi_led_wrapper.xsa
TRACE::2026-06-04.11:04:58::SCWPlatform::DSA given D:/vivado_pj/workspace_myip_axi_led/axi_led_wrapper/hw/axi_led_wrapper.xsa
TRACE::2026-06-04.11:04:58::SCWPlatform::DSA absoulate path D:/vivado_pj/workspace_myip_axi_led/axi_led_wrapper/hw/axi_led_wrapper.xsa
TRACE::2026-06-04.11:04:58::SCWPlatform::DSA directory D:/vivado_pj/workspace_myip_axi_led/axi_led_wrapper/hw
TRACE::2026-06-04.11:04:58::SCWPlatform:: Platform Path D:/vivado_pj/workspace_myip_axi_led/axi_led_wrapper/hw/axi_led_wrapper.xsa
TRACE::2026-06-04.11:04:58::SCWPlatform:: Unique name xilinx:::0.0
TRACE::2026-06-04.11:04:58::SCWPlatform::Trying to set the existing hwdb with name axi_led_wrapper_0
TRACE::2026-06-04.11:04:58::SCWPlatform::Opened existing hwdb axi_led_wrapper_0
TRACE::2026-06-04.11:04:58::SCWPlatform::Found the Hw Db part of the input DSA
TRACE::2026-06-04.11:04:58::SCWMssOS::Checking the sw design at  D:/vivado_pj/workspace_myip_axi_led/axi_led_wrapper/microblaze_0/standalone_microblaze_0/bsp/system.mss
TRACE::2026-06-04.11:04:58::SCWMssOS::DEBUG:  swdes dump  D:/vivado_pj/workspace_myip_axi_led/axi_led_wrapper/microblaze_0/standalone_microblaze_0/bsp/system.mss|system||

TRACE::2026-06-04.11:04:58::SCWMssOS::Sw design exists and opened at  D:/vivado_pj/workspace_myip_axi_led/axi_led_wrapper/microblaze_0/standalone_microblaze_0/bsp/system.mss
TRACE::2026-06-04.11:04:58::SCWWriter::formatted JSON is {
	"platformName":	"axi_led_wrapper",
	"sprVersion":	"2.0",
	"mode":	"gui",
	"dsaType":	"Fixed",
	"platformDesc":	"axi_led_wrapper",
	"platHandOff":	"D:/vivado_pj/myip_axi_led/axi_led_wrapper.xsa",
	"platIntHandOff":	"<platformDir>/hw/axi_led_wrapper.xsa",
	"deviceType":	"FPGA",
	"platIsPrebuiltAutogen":	"false",
	"platIsNoBootBsp":	"false",
	"hasFsblMakeHasChanges":	"false",
	"hasPmufwMakeHasChanges":	"false",
	"platPreBuiltFlag":	false,
	"platformSamplesDir":	"",
	"platActiveSys":	"axi_led_wrapper",
	"systems":	[{
			"systemName":	"axi_led_wrapper",
			"systemDesc":	"axi_led_wrapper",
			"sysIsBootAutoGen":	"true",
			"systemDispName":	"axi_led_wrapper",
			"sysActiveDom":	"standalone_microblaze_0",
			"sysDefaultDom":	"standalone_microblaze_0",
			"domains":	[{
					"domainName":	"standalone_microblaze_0",
					"domainDispName":	"standalone_microblaze_0",
					"domainDesc":	"standalone_microblaze_0",
					"processors":	"microblaze_0",
					"os":	"standalone",
					"sdxOs":	"standalone",
					"debugEnable":	"False",
					"domRuntimes":	["cpp"],
					"swRepo":	"",
					"mssOsVer":	"8.1",
					"mssFile":	"",
					"md5Digest":	"48b4a4f7c082d1cdfc8769c8e8ded5c0",
					"compatibleApp":	"hello_world",
					"domType":	"mssDomain",
					"arch":	"32-bit",
					"appSettings":	{
						"appCompilerFlags":	"",
						"appLinkerFlags":	""
					},
					"addedLibs":	[],
					"libOptions":	{
						"libsContainingOptions":	[]
					},
					"prebuiltLibs":	{
						"prebuiltIncPath":	[],
						"prebuiltLibPath":	[]
					},
					"isolation":	{
					}
				}]
		}]
}
LOG::2026-06-04.11:04:58::SCWPlatform::Started generating the artifacts platform axi_led_wrapper
TRACE::2026-06-04.11:04:58::SCWPlatform::Sanity checking of platform is completed
LOG::2026-06-04.11:04:58::SCWPlatform::Started generating the artifacts for system configuration axi_led_wrapper
LOG::2026-06-04.11:04:58::SCWSystem::Started Processing the domain standalone_microblaze_0
TRACE::2026-06-04.11:04:58::SCWDomain::Generating domain artifcats
TRACE::2026-06-04.11:04:58::SCWMssOS::Generating standalone artifcats
TRACE::2026-06-04.11:04:58::SCWMssOS:: Copying the user libraries. 
TRACE::2026-06-04.11:04:58::SCWPlatform::Trying to open the hw design at D:/vivado_pj/workspace_myip_axi_led/axi_led_wrapper/hw/axi_led_wrapper.xsa
TRACE::2026-06-04.11:04:58::SCWPlatform::DSA given D:/vivado_pj/workspace_myip_axi_led/axi_led_wrapper/hw/axi_led_wrapper.xsa
TRACE::2026-06-04.11:04:58::SCWPlatform::DSA absoulate path D:/vivado_pj/workspace_myip_axi_led/axi_led_wrapper/hw/axi_led_wrapper.xsa
TRACE::2026-06-04.11:04:58::SCWPlatform::DSA directory D:/vivado_pj/workspace_myip_axi_led/axi_led_wrapper/hw
TRACE::2026-06-04.11:04:58::SCWPlatform:: Platform Path D:/vivado_pj/workspace_myip_axi_led/axi_led_wrapper/hw/axi_led_wrapper.xsa
TRACE::2026-06-04.11:04:58::SCWPlatform:: Unique name xilinx:::0.0
TRACE::2026-06-04.11:04:58::SCWPlatform::Trying to set the existing hwdb with name axi_led_wrapper_0
TRACE::2026-06-04.11:04:58::SCWPlatform::Opened existing hwdb axi_led_wrapper_0
TRACE::2026-06-04.11:04:58::SCWPlatform::Found the Hw Db part of the input DSA
TRACE::2026-06-04.11:04:58::SCWMssOS::Checking the sw design at  D:/vivado_pj/workspace_myip_axi_led/axi_led_wrapper/microblaze_0/standalone_microblaze_0/bsp/system.mss
TRACE::2026-06-04.11:04:58::SCWMssOS::DEBUG:  swdes dump  D:/vivado_pj/workspace_myip_axi_led/axi_led_wrapper/microblaze_0/standalone_microblaze_0/bsp/system.mss|system||

TRACE::2026-06-04.11:04:58::SCWMssOS::Sw design exists and opened at  D:/vivado_pj/workspace_myip_axi_led/axi_led_wrapper/microblaze_0/standalone_microblaze_0/bsp/system.mss
TRACE::2026-06-04.11:04:58::SCWMssOS::Completed writing the mss file at D:/vivado_pj/workspace_myip_axi_led/axi_led_wrapper/microblaze_0/standalone_microblaze_0/bsp
TRACE::2026-06-04.11:04:58::SCWMssOS::Mss edits present, copying mssfile into export location D:/vivado_pj/workspace_myip_axi_led/axi_led_wrapper/microblaze_0/standalone_microblaze_0/bsp/system.mss
TRACE::2026-06-04.11:04:58::SCWMssOS::bsp generated is upto date with the mss file. Skipping bsp generation.
TRACE::2026-06-04.11:04:58::SCWMssOS::BSP is already built. skipping the bsp build ... 
TRACE::2026-06-04.11:04:58::SCWDomain::Building the domain as part of full build :  standalone_microblaze_0
TRACE::2026-06-04.11:04:58::SCWMssOS::skipping the bsp build ... 
TRACE::2026-06-04.11:04:58::SCWMssOS::Copying to export directory.
TRACE::2026-06-04.11:04:58::SCWMssOS:: Checking if to create the Supporting Applications
TRACE::2026-06-04.11:04:58::SCWMssOS:: No Linux domain exists, trying to generate FSBL 
LOG::2026-06-04.11:04:58::SCWSystem::Completed Processing the domain standalone_microblaze_0
LOG::2026-06-04.11:04:58::SCWSystem::Completed Processing the sysconfig axi_led_wrapper
LOG::2026-06-04.11:04:58::SCWPlatform::Completed generating the artifacts for system configuration axi_led_wrapper
TRACE::2026-06-04.11:04:58::SCWPlatform::Started preparing the platform 
TRACE::2026-06-04.11:04:58::SCWSystem::Writing the bif file for system config axi_led_wrapper
TRACE::2026-06-04.11:04:58::SCWSystem::dir created 
TRACE::2026-06-04.11:04:58::SCWSystem::Writing the bif 
TRACE::2026-06-04.11:04:58::SCWPlatform::Started writing the spfm file 
TRACE::2026-06-04.11:04:58::SCWPlatform::Started writing the xpfm file 
TRACE::2026-06-04.11:04:58::SCWPlatform::Completed generating the platform
TRACE::2026-06-04.11:04:58::SCWMssOS::Saving the mss changes D:/vivado_pj/workspace_myip_axi_led/axi_led_wrapper/microblaze_0/standalone_microblaze_0/bsp/system.mss
TRACE::2026-06-04.11:04:58::SCWMssOS::Found a swdesign opened with the mssfile.
TRACE::2026-06-04.11:04:58::SCWMssOS::Completed writemss as part of save.
TRACE::2026-06-04.11:04:58::SCWMssOS::Commit changes completed.
TRACE::2026-06-04.11:04:58::SCWPlatform::Trying to open the hw design at D:/vivado_pj/workspace_myip_axi_led/axi_led_wrapper/hw/axi_led_wrapper.xsa
TRACE::2026-06-04.11:04:58::SCWPlatform::DSA given D:/vivado_pj/workspace_myip_axi_led/axi_led_wrapper/hw/axi_led_wrapper.xsa
TRACE::2026-06-04.11:04:58::SCWPlatform::DSA absoulate path D:/vivado_pj/workspace_myip_axi_led/axi_led_wrapper/hw/axi_led_wrapper.xsa
TRACE::2026-06-04.11:04:58::SCWPlatform::DSA directory D:/vivado_pj/workspace_myip_axi_led/axi_led_wrapper/hw
TRACE::2026-06-04.11:04:58::SCWPlatform:: Platform Path D:/vivado_pj/workspace_myip_axi_led/axi_led_wrapper/hw/axi_led_wrapper.xsa
TRACE::2026-06-04.11:04:58::SCWPlatform:: Unique name xilinx:::0.0
TRACE::2026-06-04.11:04:58::SCWPlatform::Trying to set the existing hwdb with name axi_led_wrapper_0
TRACE::2026-06-04.11:04:58::SCWPlatform::Opened existing hwdb axi_led_wrapper_0
TRACE::2026-06-04.11:04:58::SCWPlatform::Found the Hw Db part of the input DSA
TRACE::2026-06-04.11:04:58::SCWMssOS::Checking the sw design at  D:/vivado_pj/workspace_myip_axi_led/axi_led_wrapper/microblaze_0/standalone_microblaze_0/bsp/system.mss
TRACE::2026-06-04.11:04:58::SCWMssOS::DEBUG:  swdes dump  D:/vivado_pj/workspace_myip_axi_led/axi_led_wrapper/microblaze_0/standalone_microblaze_0/bsp/system.mss|system||

TRACE::2026-06-04.11:04:58::SCWMssOS::Sw design exists and opened at  D:/vivado_pj/workspace_myip_axi_led/axi_led_wrapper/microblaze_0/standalone_microblaze_0/bsp/system.mss
TRACE::2026-06-04.11:04:58::SCWPlatform::Trying to open the hw design at D:/vivado_pj/workspace_myip_axi_led/axi_led_wrapper/hw/axi_led_wrapper.xsa
TRACE::2026-06-04.11:04:58::SCWPlatform::DSA given D:/vivado_pj/workspace_myip_axi_led/axi_led_wrapper/hw/axi_led_wrapper.xsa
TRACE::2026-06-04.11:04:58::SCWPlatform::DSA absoulate path D:/vivado_pj/workspace_myip_axi_led/axi_led_wrapper/hw/axi_led_wrapper.xsa
TRACE::2026-06-04.11:04:58::SCWPlatform::DSA directory D:/vivado_pj/workspace_myip_axi_led/axi_led_wrapper/hw
TRACE::2026-06-04.11:04:58::SCWPlatform:: Platform Path D:/vivado_pj/workspace_myip_axi_led/axi_led_wrapper/hw/axi_led_wrapper.xsa
TRACE::2026-06-04.11:04:58::SCWPlatform:: Unique name xilinx:::0.0
TRACE::2026-06-04.11:04:58::SCWPlatform::Trying to set the existing hwdb with name axi_led_wrapper_0
TRACE::2026-06-04.11:04:58::SCWPlatform::Opened existing hwdb axi_led_wrapper_0
TRACE::2026-06-04.11:04:58::SCWPlatform::Found the Hw Db part of the input DSA
TRACE::2026-06-04.11:04:58::SCWMssOS::Checking the sw design at  D:/vivado_pj/workspace_myip_axi_led/axi_led_wrapper/microblaze_0/standalone_microblaze_0/bsp/system.mss
TRACE::2026-06-04.11:04:58::SCWMssOS::DEBUG:  swdes dump  D:/vivado_pj/workspace_myip_axi_led/axi_led_wrapper/microblaze_0/standalone_microblaze_0/bsp/system.mss|system||

TRACE::2026-06-04.11:04:58::SCWMssOS::Sw design exists and opened at  D:/vivado_pj/workspace_myip_axi_led/axi_led_wrapper/microblaze_0/standalone_microblaze_0/bsp/system.mss
TRACE::2026-06-04.11:04:58::SCWPlatform::Trying to open the hw design at D:/vivado_pj/workspace_myip_axi_led/axi_led_wrapper/hw/axi_led_wrapper.xsa
TRACE::2026-06-04.11:04:58::SCWPlatform::DSA given D:/vivado_pj/workspace_myip_axi_led/axi_led_wrapper/hw/axi_led_wrapper.xsa
TRACE::2026-06-04.11:04:58::SCWPlatform::DSA absoulate path D:/vivado_pj/workspace_myip_axi_led/axi_led_wrapper/hw/axi_led_wrapper.xsa
TRACE::2026-06-04.11:04:58::SCWPlatform::DSA directory D:/vivado_pj/workspace_myip_axi_led/axi_led_wrapper/hw
TRACE::2026-06-04.11:04:58::SCWPlatform:: Platform Path D:/vivado_pj/workspace_myip_axi_led/axi_led_wrapper/hw/axi_led_wrapper.xsa
TRACE::2026-06-04.11:04:58::SCWPlatform:: Unique name xilinx:::0.0
TRACE::2026-06-04.11:04:58::SCWPlatform::Trying to set the existing hwdb with name axi_led_wrapper_0
TRACE::2026-06-04.11:04:58::SCWPlatform::Opened existing hwdb axi_led_wrapper_0
TRACE::2026-06-04.11:04:58::SCWPlatform::Found the Hw Db part of the input DSA
TRACE::2026-06-04.11:04:58::SCWMssOS::Checking the sw design at  D:/vivado_pj/workspace_myip_axi_led/axi_led_wrapper/microblaze_0/standalone_microblaze_0/bsp/system.mss
TRACE::2026-06-04.11:04:58::SCWMssOS::DEBUG:  swdes dump  D:/vivado_pj/workspace_myip_axi_led/axi_led_wrapper/microblaze_0/standalone_microblaze_0/bsp/system.mss|system||

TRACE::2026-06-04.11:04:58::SCWMssOS::Sw design exists and opened at  D:/vivado_pj/workspace_myip_axi_led/axi_led_wrapper/microblaze_0/standalone_microblaze_0/bsp/system.mss
TRACE::2026-06-04.11:04:58::SCWWriter::formatted JSON is {
	"platformName":	"axi_led_wrapper",
	"sprVersion":	"2.0",
	"mode":	"gui",
	"dsaType":	"Fixed",
	"platformDesc":	"axi_led_wrapper",
	"platHandOff":	"D:/vivado_pj/myip_axi_led/axi_led_wrapper.xsa",
	"platIntHandOff":	"<platformDir>/hw/axi_led_wrapper.xsa",
	"deviceType":	"FPGA",
	"platIsPrebuiltAutogen":	"false",
	"platIsNoBootBsp":	"false",
	"hasFsblMakeHasChanges":	"false",
	"hasPmufwMakeHasChanges":	"false",
	"platPreBuiltFlag":	false,
	"platformSamplesDir":	"",
	"platActiveSys":	"axi_led_wrapper",
	"systems":	[{
			"systemName":	"axi_led_wrapper",
			"systemDesc":	"axi_led_wrapper",
			"sysIsBootAutoGen":	"true",
			"systemDispName":	"axi_led_wrapper",
			"sysActiveDom":	"standalone_microblaze_0",
			"sysDefaultDom":	"standalone_microblaze_0",
			"domains":	[{
					"domainName":	"standalone_microblaze_0",
					"domainDispName":	"standalone_microblaze_0",
					"domainDesc":	"standalone_microblaze_0",
					"processors":	"microblaze_0",
					"os":	"standalone",
					"sdxOs":	"standalone",
					"debugEnable":	"False",
					"domRuntimes":	["cpp"],
					"swRepo":	"",
					"mssOsVer":	"8.1",
					"mssFile":	"",
					"md5Digest":	"48b4a4f7c082d1cdfc8769c8e8ded5c0",
					"compatibleApp":	"hello_world",
					"domType":	"mssDomain",
					"arch":	"32-bit",
					"appSettings":	{
						"appCompilerFlags":	"",
						"appLinkerFlags":	""
					},
					"addedLibs":	[],
					"libOptions":	{
						"libsContainingOptions":	[]
					},
					"prebuiltLibs":	{
						"prebuiltIncPath":	[],
						"prebuiltLibPath":	[]
					},
					"isolation":	{
					}
				}]
		}]
}
KEYINFO::2026-06-04.11:04:58::SCWPlatform::updated the xpfm file.
LOG::2026-06-04.11:12:33::SCWPlatform::Started generating the artifacts platform axi_led_wrapper
TRACE::2026-06-04.11:12:33::SCWPlatform::Sanity checking of platform is completed
LOG::2026-06-04.11:12:33::SCWPlatform::Started generating the artifacts for system configuration axi_led_wrapper
LOG::2026-06-04.11:12:33::SCWSystem::Checking the domain standalone_microblaze_0
LOG::2026-06-04.11:12:33::SCWSystem::Not a boot domain 
LOG::2026-06-04.11:12:33::SCWSystem::Started Processing the domain standalone_microblaze_0
TRACE::2026-06-04.11:12:33::SCWDomain::Generating domain artifcats
TRACE::2026-06-04.11:12:33::SCWMssOS::Generating standalone artifcats
TRACE::2026-06-04.11:12:33::SCWMssOS:: Copying the user libraries. 
TRACE::2026-06-04.11:12:33::SCWPlatform::Trying to open the hw design at D:/vivado_pj/workspace_myip_axi_led/axi_led_wrapper/hw/axi_led_wrapper.xsa
TRACE::2026-06-04.11:12:33::SCWPlatform::DSA given D:/vivado_pj/workspace_myip_axi_led/axi_led_wrapper/hw/axi_led_wrapper.xsa
TRACE::2026-06-04.11:12:33::SCWPlatform::DSA absoulate path D:/vivado_pj/workspace_myip_axi_led/axi_led_wrapper/hw/axi_led_wrapper.xsa
TRACE::2026-06-04.11:12:33::SCWPlatform::DSA directory D:/vivado_pj/workspace_myip_axi_led/axi_led_wrapper/hw
TRACE::2026-06-04.11:12:33::SCWPlatform:: Platform Path D:/vivado_pj/workspace_myip_axi_led/axi_led_wrapper/hw/axi_led_wrapper.xsa
TRACE::2026-06-04.11:12:33::SCWPlatform:: Unique name xilinx:::0.0
TRACE::2026-06-04.11:12:33::SCWPlatform::Trying to set the existing hwdb with name axi_led_wrapper_0
TRACE::2026-06-04.11:12:33::SCWPlatform::Opened existing hwdb axi_led_wrapper_0
TRACE::2026-06-04.11:12:33::SCWPlatform::Found the Hw Db part of the input DSA
TRACE::2026-06-04.11:12:33::SCWMssOS::Checking the sw design at  D:/vivado_pj/workspace_myip_axi_led/axi_led_wrapper/microblaze_0/standalone_microblaze_0/bsp/system.mss
TRACE::2026-06-04.11:12:33::SCWMssOS::DEBUG:  swdes dump  D:/vivado_pj/workspace_myip_axi_led/axi_led_wrapper/microblaze_0/standalone_microblaze_0/bsp/system.mss|system||

TRACE::2026-06-04.11:12:33::SCWMssOS::Sw design exists and opened at  D:/vivado_pj/workspace_myip_axi_led/axi_led_wrapper/microblaze_0/standalone_microblaze_0/bsp/system.mss
TRACE::2026-06-04.11:12:33::SCWMssOS::Completed writing the mss file at D:/vivado_pj/workspace_myip_axi_led/axi_led_wrapper/microblaze_0/standalone_microblaze_0/bsp
TRACE::2026-06-04.11:12:33::SCWMssOS::Mss edits present, copying mssfile into export location D:/vivado_pj/workspace_myip_axi_led/axi_led_wrapper/microblaze_0/standalone_microblaze_0/bsp/system.mss
TRACE::2026-06-04.11:12:33::SCWMssOS::bsp generated is upto date with the mss file. Skipping bsp generation.
TRACE::2026-06-04.11:12:33::SCWMssOS::BSP is already built. skipping the bsp build ... 
TRACE::2026-06-04.11:12:33::SCWDomain::Building the domain as part of full build :  standalone_microblaze_0
TRACE::2026-06-04.11:12:33::SCWMssOS::doing bsp build ... 
TRACE::2026-06-04.11:12:33::SCWMssOS::System Command Ran  D: & cd  D:/vivado_pj/workspace_myip_axi_led/axi_led_wrapper/microblaze_0/standalone_microblaze_0/bsp & make 
TRACE::2026-06-04.11:12:33::SCWMssOS::make --no-print-directory seq_libs

TRACE::2026-06-04.11:12:33::SCWMssOS::'Finished building libraries sequentially.'

TRACE::2026-06-04.11:12:33::SCWMssOS::make -j 18 --no-print-directory par_libs

TRACE::2026-06-04.11:12:33::SCWMssOS::"Running Make include in microblaze_0/libsrc/bram_v4_8/src"

TRACE::2026-06-04.11:12:33::SCWMssOS::make -C microblaze_0/libsrc/bram_v4_8/src -s include  "SHELL=CMD" "COMPILER=mb-gcc" "ASSEMBLER=mb-as" "ARCHIVER=mb-ar" "COMPILE
TRACE::2026-06-04.11:12:33::SCWMssOS::R_FLAGS=  -O2 -c -mcpu=v11.0 -mlittle-endian -mxl-soft-mul" "EXTRA_COMPILER_FLAGS=-g -ffunction-sections -fdata-sections -Wall 
TRACE::2026-06-04.11:12:33::SCWMssOS::-Wextra -fno-tree-loop-distribute-patterns"

TRACE::2026-06-04.11:12:33::SCWMssOS::"Running Make include in microblaze_0/libsrc/cpu_v2_17/src"

TRACE::2026-06-04.11:12:33::SCWMssOS::make -C microblaze_0/libsrc/cpu_v2_17/src -s include  "SHELL=CMD" "COMPILER=mb-gcc" "ASSEMBLER=mb-as" "ARCHIVER=mb-ar" "COMPILE
TRACE::2026-06-04.11:12:33::SCWMssOS::R_FLAGS=  -O2 -c -mcpu=v11.0 -mlittle-endian -mxl-soft-mul" "EXTRA_COMPILER_FLAGS=-g -ffunction-sections -fdata-sections -Wall 
TRACE::2026-06-04.11:12:33::SCWMssOS::-Wextra -fno-tree-loop-distribute-patterns"

TRACE::2026-06-04.11:12:33::SCWMssOS::"Running Make include in microblaze_0/libsrc/standalone_v8_1/src"

TRACE::2026-06-04.11:12:33::SCWMssOS::make -C microblaze_0/libsrc/standalone_v8_1/src -s include  "SHELL=CMD" "COMPILER=mb-gcc" "ASSEMBLER=mb-as" "ARCHIVER=mb-ar" "C
TRACE::2026-06-04.11:12:33::SCWMssOS::OMPILER_FLAGS=  -O2 -c -mcpu=v11.0 -mlittle-endian -mxl-soft-mul" "EXTRA_COMPILER_FLAGS=-g -ffunction-sections -fdata-sections 
TRACE::2026-06-04.11:12:33::SCWMssOS::-Wall -Wextra -fno-tree-loop-distribute-patterns"

TRACE::2026-06-04.11:12:33::SCWMssOS::"Running Make include in microblaze_0/libsrc/uartlite_v3_8/src"

TRACE::2026-06-04.11:12:33::SCWMssOS::make -C microblaze_0/libsrc/uartlite_v3_8/src -s include  "SHELL=CMD" "COMPILER=mb-gcc" "ASSEMBLER=mb-as" "ARCHIVER=mb-ar" "COM
TRACE::2026-06-04.11:12:33::SCWMssOS::PILER_FLAGS=  -O2 -c -mcpu=v11.0 -mlittle-endian -mxl-soft-mul" "EXTRA_COMPILER_FLAGS=-g -ffunction-sections -fdata-sections -W
TRACE::2026-06-04.11:12:33::SCWMssOS::all -Wextra -fno-tree-loop-distribute-patterns"

TRACE::2026-06-04.11:12:33::SCWMssOS::"Running Make libs in microblaze_0/libsrc/bram_v4_8/src"

TRACE::2026-06-04.11:12:33::SCWMssOS::make -C microblaze_0/libsrc/bram_v4_8/src -s libs  "SHELL=CMD" "COMPILER=mb-gcc" "ASSEMBLER=mb-as" "ARCHIVER=mb-ar" "COMPILER_F
TRACE::2026-06-04.11:12:33::SCWMssOS::LAGS=  -O2 -c -mcpu=v11.0 -mlittle-endian -mxl-soft-mul" "EXTRA_COMPILER_FLAGS=-g -ffunction-sections -fdata-sections -Wall -We
TRACE::2026-06-04.11:12:33::SCWMssOS::xtra -fno-tree-loop-distribute-patterns"

TRACE::2026-06-04.11:12:33::SCWMssOS::"Running Make libs in microblaze_0/libsrc/cpu_v2_17/src"

TRACE::2026-06-04.11:12:33::SCWMssOS::make -C microblaze_0/libsrc/cpu_v2_17/src -s libs  "SHELL=CMD" "COMPILER=mb-gcc" "ASSEMBLER=mb-as" "ARCHIVER=mb-ar" "COMPILER_F
TRACE::2026-06-04.11:12:33::SCWMssOS::LAGS=  -O2 -c -mcpu=v11.0 -mlittle-endian -mxl-soft-mul" "EXTRA_COMPILER_FLAGS=-g -ffunction-sections -fdata-sections -Wall -We
TRACE::2026-06-04.11:12:33::SCWMssOS::xtra -fno-tree-loop-distribute-patterns"

TRACE::2026-06-04.11:12:33::SCWMssOS::"Running Make libs in microblaze_0/libsrc/standalone_v8_1/src"

TRACE::2026-06-04.11:12:33::SCWMssOS::make -C microblaze_0/libsrc/standalone_v8_1/src -s libs  "SHELL=CMD" "COMPILER=mb-gcc" "ASSEMBLER=mb-as" "ARCHIVER=mb-ar" "COMP
TRACE::2026-06-04.11:12:33::SCWMssOS::ILER_FLAGS=  -O2 -c -mcpu=v11.0 -mlittle-endian -mxl-soft-mul" "EXTRA_COMPILER_FLAGS=-g -ffunction-sections -fdata-sections -Wa
TRACE::2026-06-04.11:12:33::SCWMssOS::ll -Wextra -fno-tree-loop-distribute-patterns"

TRACE::2026-06-04.11:12:33::SCWMssOS::"Running Make libs in microblaze_0/libsrc/uartlite_v3_8/src"

TRACE::2026-06-04.11:12:33::SCWMssOS::make -C microblaze_0/libsrc/uartlite_v3_8/src -s libs  "SHELL=CMD" "COMPILER=mb-gcc" "ASSEMBLER=mb-as" "ARCHIVER=mb-ar" "COMPIL
TRACE::2026-06-04.11:12:33::SCWMssOS::ER_FLAGS=  -O2 -c -mcpu=v11.0 -mlittle-endian -mxl-soft-mul" "EXTRA_COMPILER_FLAGS=-g -ffunction-sections -fdata-sections -Wall
TRACE::2026-06-04.11:12:33::SCWMssOS:: -Wextra -fno-tree-loop-distribute-patterns"

TRACE::2026-06-04.11:12:34::SCWMssOS::"DEBUG NON_LTO_OBJECTS is ../../../lib/microblaze_interrupt_handler.o"

TRACE::2026-06-04.11:12:34::SCWMssOS::'Finished building libraries parallelly.'

TRACE::2026-06-04.11:12:34::SCWMssOS::make --no-print-directory archive

TRACE::2026-06-04.11:12:35::SCWMssOS::mb-ar -r  microblaze_0/lib/libxil.a microblaze_0/lib/_exit.o microblaze_0/lib/errno.o microblaze_0/lib/fcntl.o microblaze_0/lib
TRACE::2026-06-04.11:12:35::SCWMssOS::/hw_exception_handler.o microblaze_0/lib/inbyte.o microblaze_0/lib/microblaze_disable_dcache.o microblaze_0/lib/microblaze_disa
TRACE::2026-06-04.11:12:35::SCWMssOS::ble_exceptions.o microblaze_0/lib/microblaze_disable_icache.o microblaze_0/lib/microblaze_disable_interrupts.o microblaze_0/lib
TRACE::2026-06-04.11:12:35::SCWMssOS::/microblaze_enable_dcache.o microblaze_0/lib/microblaze_enable_exceptions.o microblaze_0/lib/microblaze_enable_icache.o microbl
TRACE::2026-06-04.11:12:35::SCWMssOS::aze_0/lib/microblaze_enable_interrupts.o microblaze_0/lib/microblaze_exception_handler.o microblaze_0/lib/microblaze_flush_cach
TRACE::2026-06-04.11:12:35::SCWMssOS::e_ext.o microblaze_0/lib/microblaze_flush_cache_ext_range.o microblaze_0/lib/microblaze_flush_dcache.o microblaze_0/lib/microbl
TRACE::2026-06-04.11:12:35::SCWMssOS::aze_flush_dcache_range.o microblaze_0/lib/microblaze_init_dcache_range.o microblaze_0/lib/microblaze_init_icache_range.o microb
TRACE::2026-06-04.11:12:35::SCWMssOS::laze_0/lib/microblaze_interrupt_handler.o microblaze_0/lib/microblaze_interrupts_g.o microblaze_0/lib/microblaze_invalidate_cac
TRACE::2026-06-04.11:12:35::SCWMssOS::he_ext.o microblaze_0/lib/microblaze_invalidate_cache_ext_range.o microblaze_0/lib/microblaze_invalidate_dcache.o microblaze_0/
TRACE::2026-06-04.11:12:35::SCWMssOS::lib/microblaze_invalidate_dcache_range.o microblaze_0/lib/microblaze_invalidate_icache.o microblaze_0/lib/microblaze_invalidate
TRACE::2026-06-04.11:12:35::SCWMssOS::_icache_range.o microblaze_0/lib/microblaze_scrub.o microblaze_0/lib/microblaze_selftest.o microblaze_0/lib/microblaze_sleep.o 
TRACE::2026-06-04.11:12:35::SCWMssOS::microblaze_0/lib/microblaze_update_dcache.o microblaze_0/lib/microblaze_update_icache.o microblaze_0/lib/outbyte.o microblaze_0
TRACE::2026-06-04.11:12:35::SCWMssOS::/lib/print.o microblaze_0/lib/pvr.o microblaze_0/lib/xbram.o microblaze_0/lib/xbram_g.o microblaze_0/lib/xbram_intr.o microblaz
TRACE::2026-06-04.11:12:35::SCWMssOS::e_0/lib/xbram_selftest.o microblaze_0/lib/xbram_sinit.o microblaze_0/lib/xil_assert.o microblaze_0/lib/xil_cache.o microblaze_0
TRACE::2026-06-04.11:12:35::SCWMssOS::/lib/xil_clocking.o microblaze_0/lib/xil_exception.o microblaze_0/lib/xil_mem.o microblaze_0/lib/xil_misc_psreset_api.o microbl
TRACE::2026-06-04.11:12:35::SCWMssOS::aze_0/lib/xil_printf.o microblaze_0/lib/xil_sleepcommon.o microblaze_0/lib/xil_testcache.o microblaze_0/lib/xil_testio.o microb
TRACE::2026-06-04.11:12:35::SCWMssOS::laze_0/lib/xil_testmem.o microblaze_0/lib/xil_util.o microblaze_0/lib/xinterrupt_wrap.o microblaze_0/lib/xio.o microblaze_0/lib
TRACE::2026-06-04.11:12:35::SCWMssOS::/xplatform_info.o microblaze_0/lib/xuartlite.o microblaze_0/lib/xuartlite_g.o microblaze_0/lib/xuartlite_intr.o microblaze_0/li
TRACE::2026-06-04.11:12:35::SCWMssOS::b/xuartlite_l.o microblaze_0/lib/xuartlite_selftest.o microblaze_0/lib/xuartlite_sinit.o microblaze_0/lib/xuartlite_stats.o

TRACE::2026-06-04.11:12:35::SCWMssOS::'Finished building libraries'

TRACE::2026-06-04.11:12:35::SCWMssOS::Copying to export directory.
TRACE::2026-06-04.11:12:35::SCWMssOS:: Checking if to create the Supporting Applications
TRACE::2026-06-04.11:12:35::SCWMssOS:: No Linux domain exists, trying to generate FSBL 
LOG::2026-06-04.11:12:35::SCWSystem::Completed Processing the domain standalone_microblaze_0
LOG::2026-06-04.11:12:35::SCWSystem::Completed Processing the sysconfig axi_led_wrapper
LOG::2026-06-04.11:12:35::SCWPlatform::Completed generating the artifacts for system configuration axi_led_wrapper
TRACE::2026-06-04.11:12:35::SCWPlatform::Started preparing the platform 
TRACE::2026-06-04.11:12:35::SCWSystem::Writing the bif file for system config axi_led_wrapper
TRACE::2026-06-04.11:12:35::SCWSystem::dir created 
TRACE::2026-06-04.11:12:35::SCWSystem::Writing the bif 
TRACE::2026-06-04.11:12:35::SCWPlatform::Started writing the spfm file 
TRACE::2026-06-04.11:12:35::SCWPlatform::Started writing the xpfm file 
TRACE::2026-06-04.11:12:35::SCWPlatform::Completed generating the platform
TRACE::2026-06-04.11:12:35::SCWMssOS::Saving the mss changes D:/vivado_pj/workspace_myip_axi_led/axi_led_wrapper/microblaze_0/standalone_microblaze_0/bsp/system.mss
TRACE::2026-06-04.11:12:35::SCWMssOS::Found a swdesign opened with the mssfile.
TRACE::2026-06-04.11:12:35::SCWMssOS::Completed writemss as part of save.
TRACE::2026-06-04.11:12:35::SCWMssOS::Commit changes completed.
TRACE::2026-06-04.11:12:35::SCWPlatform::Trying to open the hw design at D:/vivado_pj/workspace_myip_axi_led/axi_led_wrapper/hw/axi_led_wrapper.xsa
TRACE::2026-06-04.11:12:35::SCWPlatform::DSA given D:/vivado_pj/workspace_myip_axi_led/axi_led_wrapper/hw/axi_led_wrapper.xsa
TRACE::2026-06-04.11:12:35::SCWPlatform::DSA absoulate path D:/vivado_pj/workspace_myip_axi_led/axi_led_wrapper/hw/axi_led_wrapper.xsa
TRACE::2026-06-04.11:12:35::SCWPlatform::DSA directory D:/vivado_pj/workspace_myip_axi_led/axi_led_wrapper/hw
TRACE::2026-06-04.11:12:35::SCWPlatform:: Platform Path D:/vivado_pj/workspace_myip_axi_led/axi_led_wrapper/hw/axi_led_wrapper.xsa
TRACE::2026-06-04.11:12:35::SCWPlatform:: Unique name xilinx:::0.0
TRACE::2026-06-04.11:12:35::SCWPlatform::Trying to set the existing hwdb with name axi_led_wrapper_0
TRACE::2026-06-04.11:12:35::SCWPlatform::Opened existing hwdb axi_led_wrapper_0
TRACE::2026-06-04.11:12:35::SCWPlatform::Found the Hw Db part of the input DSA
TRACE::2026-06-04.11:12:35::SCWMssOS::Checking the sw design at  D:/vivado_pj/workspace_myip_axi_led/axi_led_wrapper/microblaze_0/standalone_microblaze_0/bsp/system.mss
TRACE::2026-06-04.11:12:35::SCWMssOS::DEBUG:  swdes dump  D:/vivado_pj/workspace_myip_axi_led/axi_led_wrapper/microblaze_0/standalone_microblaze_0/bsp/system.mss|system||

TRACE::2026-06-04.11:12:35::SCWMssOS::Sw design exists and opened at  D:/vivado_pj/workspace_myip_axi_led/axi_led_wrapper/microblaze_0/standalone_microblaze_0/bsp/system.mss
TRACE::2026-06-04.11:12:35::SCWPlatform::Trying to open the hw design at D:/vivado_pj/workspace_myip_axi_led/axi_led_wrapper/hw/axi_led_wrapper.xsa
TRACE::2026-06-04.11:12:35::SCWPlatform::DSA given D:/vivado_pj/workspace_myip_axi_led/axi_led_wrapper/hw/axi_led_wrapper.xsa
TRACE::2026-06-04.11:12:35::SCWPlatform::DSA absoulate path D:/vivado_pj/workspace_myip_axi_led/axi_led_wrapper/hw/axi_led_wrapper.xsa
TRACE::2026-06-04.11:12:35::SCWPlatform::DSA directory D:/vivado_pj/workspace_myip_axi_led/axi_led_wrapper/hw
TRACE::2026-06-04.11:12:35::SCWPlatform:: Platform Path D:/vivado_pj/workspace_myip_axi_led/axi_led_wrapper/hw/axi_led_wrapper.xsa
TRACE::2026-06-04.11:12:35::SCWPlatform:: Unique name xilinx:::0.0
TRACE::2026-06-04.11:12:35::SCWPlatform::Trying to set the existing hwdb with name axi_led_wrapper_0
TRACE::2026-06-04.11:12:35::SCWPlatform::Opened existing hwdb axi_led_wrapper_0
TRACE::2026-06-04.11:12:35::SCWPlatform::Found the Hw Db part of the input DSA
TRACE::2026-06-04.11:12:35::SCWMssOS::Checking the sw design at  D:/vivado_pj/workspace_myip_axi_led/axi_led_wrapper/microblaze_0/standalone_microblaze_0/bsp/system.mss
TRACE::2026-06-04.11:12:35::SCWMssOS::DEBUG:  swdes dump  D:/vivado_pj/workspace_myip_axi_led/axi_led_wrapper/microblaze_0/standalone_microblaze_0/bsp/system.mss|system||

TRACE::2026-06-04.11:12:35::SCWMssOS::Sw design exists and opened at  D:/vivado_pj/workspace_myip_axi_led/axi_led_wrapper/microblaze_0/standalone_microblaze_0/bsp/system.mss
TRACE::2026-06-04.11:12:35::SCWPlatform::Trying to open the hw design at D:/vivado_pj/workspace_myip_axi_led/axi_led_wrapper/hw/axi_led_wrapper.xsa
TRACE::2026-06-04.11:12:35::SCWPlatform::DSA given D:/vivado_pj/workspace_myip_axi_led/axi_led_wrapper/hw/axi_led_wrapper.xsa
TRACE::2026-06-04.11:12:35::SCWPlatform::DSA absoulate path D:/vivado_pj/workspace_myip_axi_led/axi_led_wrapper/hw/axi_led_wrapper.xsa
TRACE::2026-06-04.11:12:35::SCWPlatform::DSA directory D:/vivado_pj/workspace_myip_axi_led/axi_led_wrapper/hw
TRACE::2026-06-04.11:12:35::SCWPlatform:: Platform Path D:/vivado_pj/workspace_myip_axi_led/axi_led_wrapper/hw/axi_led_wrapper.xsa
TRACE::2026-06-04.11:12:35::SCWPlatform:: Unique name xilinx:::0.0
TRACE::2026-06-04.11:12:35::SCWPlatform::Trying to set the existing hwdb with name axi_led_wrapper_0
TRACE::2026-06-04.11:12:35::SCWPlatform::Opened existing hwdb axi_led_wrapper_0
TRACE::2026-06-04.11:12:35::SCWPlatform::Found the Hw Db part of the input DSA
TRACE::2026-06-04.11:12:35::SCWMssOS::Checking the sw design at  D:/vivado_pj/workspace_myip_axi_led/axi_led_wrapper/microblaze_0/standalone_microblaze_0/bsp/system.mss
TRACE::2026-06-04.11:12:35::SCWMssOS::DEBUG:  swdes dump  D:/vivado_pj/workspace_myip_axi_led/axi_led_wrapper/microblaze_0/standalone_microblaze_0/bsp/system.mss|system||

TRACE::2026-06-04.11:12:35::SCWMssOS::Sw design exists and opened at  D:/vivado_pj/workspace_myip_axi_led/axi_led_wrapper/microblaze_0/standalone_microblaze_0/bsp/system.mss
TRACE::2026-06-04.11:12:35::SCWWriter::formatted JSON is {
	"platformName":	"axi_led_wrapper",
	"sprVersion":	"2.0",
	"mode":	"gui",
	"dsaType":	"Fixed",
	"platformDesc":	"axi_led_wrapper",
	"platHandOff":	"D:/vivado_pj/myip_axi_led/axi_led_wrapper.xsa",
	"platIntHandOff":	"<platformDir>/hw/axi_led_wrapper.xsa",
	"deviceType":	"FPGA",
	"platIsPrebuiltAutogen":	"false",
	"platIsNoBootBsp":	"false",
	"hasFsblMakeHasChanges":	"false",
	"hasPmufwMakeHasChanges":	"false",
	"platPreBuiltFlag":	false,
	"platformSamplesDir":	"",
	"platActiveSys":	"axi_led_wrapper",
	"systems":	[{
			"systemName":	"axi_led_wrapper",
			"systemDesc":	"axi_led_wrapper",
			"sysIsBootAutoGen":	"true",
			"systemDispName":	"axi_led_wrapper",
			"sysActiveDom":	"standalone_microblaze_0",
			"sysDefaultDom":	"standalone_microblaze_0",
			"domains":	[{
					"domainName":	"standalone_microblaze_0",
					"domainDispName":	"standalone_microblaze_0",
					"domainDesc":	"standalone_microblaze_0",
					"processors":	"microblaze_0",
					"os":	"standalone",
					"sdxOs":	"standalone",
					"debugEnable":	"False",
					"domRuntimes":	["cpp"],
					"swRepo":	"",
					"mssOsVer":	"8.1",
					"mssFile":	"",
					"md5Digest":	"48b4a4f7c082d1cdfc8769c8e8ded5c0",
					"compatibleApp":	"hello_world",
					"domType":	"mssDomain",
					"arch":	"32-bit",
					"appSettings":	{
						"appCompilerFlags":	"",
						"appLinkerFlags":	""
					},
					"addedLibs":	[],
					"libOptions":	{
						"libsContainingOptions":	[]
					},
					"prebuiltLibs":	{
						"prebuiltIncPath":	[],
						"prebuiltLibPath":	[]
					},
					"isolation":	{
					}
				}]
		}]
}
KEYINFO::2026-06-04.11:12:35::SCWPlatform::updated the xpfm file.
TRACE::2026-06-04.11:12:36::SCWPlatform::Trying to open the hw design at D:/vivado_pj/workspace_myip_axi_led/axi_led_wrapper/hw/axi_led_wrapper.xsa
TRACE::2026-06-04.11:12:36::SCWPlatform::DSA given D:/vivado_pj/workspace_myip_axi_led/axi_led_wrapper/hw/axi_led_wrapper.xsa
TRACE::2026-06-04.11:12:36::SCWPlatform::DSA absoulate path D:/vivado_pj/workspace_myip_axi_led/axi_led_wrapper/hw/axi_led_wrapper.xsa
TRACE::2026-06-04.11:12:36::SCWPlatform::DSA directory D:/vivado_pj/workspace_myip_axi_led/axi_led_wrapper/hw
TRACE::2026-06-04.11:12:36::SCWPlatform:: Platform Path D:/vivado_pj/workspace_myip_axi_led/axi_led_wrapper/hw/axi_led_wrapper.xsa
TRACE::2026-06-04.11:12:36::SCWPlatform:: Unique name xilinx:::0.0
TRACE::2026-06-04.11:12:36::SCWPlatform::Trying to set the existing hwdb with name axi_led_wrapper_0
TRACE::2026-06-04.11:12:36::SCWPlatform::Opened existing hwdb axi_led_wrapper_0
TRACE::2026-06-04.11:12:36::SCWPlatform::Found the Hw Db part of the input DSA
TRACE::2026-06-04.11:12:36::SCWMssOS::Checking the sw design at  D:/vivado_pj/workspace_myip_axi_led/axi_led_wrapper/microblaze_0/standalone_microblaze_0/bsp/system.mss
TRACE::2026-06-04.11:12:36::SCWMssOS::DEBUG:  swdes dump  D:/vivado_pj/workspace_myip_axi_led/axi_led_wrapper/microblaze_0/standalone_microblaze_0/bsp/system.mss|system||

TRACE::2026-06-04.11:12:36::SCWMssOS::Sw design exists and opened at  D:/vivado_pj/workspace_myip_axi_led/axi_led_wrapper/microblaze_0/standalone_microblaze_0/bsp/system.mss
