Copyright 1986-2022 Xilinx, Inc. All Rights Reserved. Copyright 2022-2023 Advanced Micro Devices, Inc. All Rights Reserved.
---------------------------------------------------------------------------------------------------------------------------------------------
| Tool Version : Vivado v.2023.1 (win64) Build 3865809 Sun May  7 15:05:29 MDT 2023
| Date         : Mon Jun 15 12:25:21 2026
| Host         : SmST12 running 64-bit major release  (build 9200)
| Command      : report_control_sets -verbose -file TOP_control_sets_placed.rpt
| Design       : TOP
| Device       : xc7a35t
---------------------------------------------------------------------------------------------------------------------------------------------

Control Set Information

Table of Contents
-----------------
1. Summary
2. Histogram
3. Flip-Flop Distribution
4. Detailed Control Set Information

1. Summary
----------

+----------------------------------------------------------+-------+
|                          Status                          | Count |
+----------------------------------------------------------+-------+
| Total control sets                                       |    11 |
|    Minimum number of control sets                        |    11 |
|    Addition due to synthesis replication                 |     0 |
|    Addition due to physical synthesis replication        |     0 |
| Unused register locations in slices containing registers |    49 |
+----------------------------------------------------------+-------+
* Control sets can be merged at opt_design using control_set_merge or merge_equivalent_drivers
** Run report_qor_suggestions for automated merging and remapping suggestions


2. Histogram
------------

+--------------------+-------+
|       Fanout       | Count |
+--------------------+-------+
| Total control sets |    11 |
| >= 0 to < 4        |     4 |
| >= 4 to < 6        |     4 |
| >= 6 to < 8        |     0 |
| >= 8 to < 10       |     2 |
| >= 10 to < 12      |     0 |
| >= 12 to < 14      |     0 |
| >= 14 to < 16      |     0 |
| >= 16              |     1 |
+--------------------+-------+
* Control sets can be remapped at either synth_design or opt_design


3. Flip-Flop Distribution
-------------------------

+--------------+-----------------------+------------------------+-----------------+--------------+
| Clock Enable | Synchronous Set/Reset | Asynchronous Set/Reset | Total Registers | Total Slices |
+--------------+-----------------------+------------------------+-----------------+--------------+
| No           | No                    | No                     |              14 |            8 |
| No           | No                    | Yes                    |              48 |           13 |
| No           | Yes                   | No                     |               0 |            0 |
| Yes          | No                    | No                     |               9 |            3 |
| Yes          | No                    | Yes                    |               0 |            0 |
| Yes          | Yes                   | No                     |              16 |            6 |
+--------------+-----------------------+------------------------+-----------------+--------------+


4. Detailed Control Set Information
-----------------------------------

+----------------+----------------------+-----------------------+------------------+----------------+--------------+
|  Clock Signal  |     Enable Signal    |    Set/Reset Signal   | Slice Load Count | Bel Load Count | Bels / Slice |
+----------------+----------------------+-----------------------+------------------+----------------+--------------+
|  load_BUFG     | TX/Tx_i_2_n_0        | TX/stop_bit           |                1 |              1 |         1.00 |
|  load_BUFG     | TX/State             |                       |                1 |              1 |         1.00 |
|  U0_clkdiv/CLK |                      | U0_clkdiv/Rst_n       |                1 |              2 |         2.00 |
|  load_BUFG     | TX/State             | TX/counter[3]_i_1_n_0 |                1 |              3 |         3.00 |
|  load_BUFG     | RX/Bit               | RX/Bit[3]_i_1__0_n_0  |                1 |              4 |         4.00 |
|  load_BUFG     | RX/read_enable__0    | RX/counter            |                2 |              4 |         2.00 |
|  load_BUFG     | TX/Bit[3]_i_2__0_n_0 | TX/Bit[3]_i_1_n_0     |                1 |              4 |         4.00 |
|  load_BUFG     |                      |                       |                4 |              5 |         1.25 |
|  load_BUFG     | RX/Bit               |                       |                2 |              8 |         4.00 |
|  Clk_IBUF_BUFG |                      |                       |                4 |              9 |         2.25 |
|  Clk_IBUF_BUFG |                      | U0_clkdiv/Rst_n       |               12 |             46 |         3.83 |
+----------------+----------------------+-----------------------+------------------+----------------+--------------+


