TRACE::2026-05-27.11:41:17::SCWPlatform::Trying to open the hw design at D:/vivado_pj/workspace_spi_master_ip/top/hw/top.xsa
TRACE::2026-05-27.11:41:17::SCWPlatform::DSA given D:/vivado_pj/workspace_spi_master_ip/top/hw/top.xsa
TRACE::2026-05-27.11:41:17::SCWPlatform::DSA absoulate path D:/vivado_pj/workspace_spi_master_ip/top/hw/top.xsa
TRACE::2026-05-27.11:41:17::SCWPlatform::DSA directory D:/vivado_pj/workspace_spi_master_ip/top/hw
TRACE::2026-05-27.11:41:18::SCWPlatform:: Platform Path D:/vivado_pj/workspace_spi_master_ip/top/hw/top.xsa
TRACE::2026-05-27.11:41:18::SCWPlatform:: Unique name xilinx:basys3::0.0
TRACE::2026-05-27.11:41:18::SCWPlatform::Do not have an existing db opened. 
TRACE::2026-05-27.11:41:18::SCWPlatform::Opened new HwDB with name top_0
TRACE::2026-05-27.11:41:18::SCWWriter::formatted JSON is {
	"platformName":	"top",
	"sprVersion":	"2.0",
	"mode":	"gui",
	"dsaType":	"Fixed",
	"platformDesc":	"top",
	"platHandOff":	"D:/vivado_pj/spi_master_ip/top.xsa",
	"platIntHandOff":	"<platformDir>/hw/top.xsa",
	"deviceType":	"FPGA",
	"platIsPrebuiltAutogen":	"false",
	"platIsNoBootBsp":	"false",
	"hasFsblMakeHasChanges":	"false",
	"hasPmufwMakeHasChanges":	"false",
	"platPreBuiltFlag":	false,
	"platformSamplesDir":	""
}
TRACE::2026-05-27.11:41:18::SCWWriter::formatted JSON is {
	"platformName":	"top",
	"sprVersion":	"2.0",
	"mode":	"gui",
	"dsaType":	"Fixed",
	"platformDesc":	"top",
	"platHandOff":	"D:/vivado_pj/spi_master_ip/top.xsa",
	"platIntHandOff":	"<platformDir>/hw/top.xsa",
	"deviceType":	"FPGA",
	"platIsPrebuiltAutogen":	"false",
	"platIsNoBootBsp":	"false",
	"hasFsblMakeHasChanges":	"false",
	"hasPmufwMakeHasChanges":	"false",
	"platPreBuiltFlag":	false,
	"platformSamplesDir":	"",
	"platActiveSys":	"top",
	"systems":	[{
			"systemName":	"top",
			"systemDesc":	"top",
			"sysIsBootAutoGen":	"true",
			"systemDispName":	"top"
		}]
}
TRACE::2026-05-27.11:41:18::SCWPlatform::Boot application domains not present, creating them
TRACE::2026-05-27.11:41:18::SCWPlatform::Pure FPGA device, no boot application will be created.
TRACE::2026-05-27.11:41:18::SCWWriter::formatted JSON is {
	"platformName":	"top",
	"sprVersion":	"2.0",
	"mode":	"gui",
	"dsaType":	"Fixed",
	"platformDesc":	"top",
	"platHandOff":	"D:/vivado_pj/spi_master_ip/top.xsa",
	"platIntHandOff":	"<platformDir>/hw/top.xsa",
	"deviceType":	"FPGA",
	"platIsPrebuiltAutogen":	"false",
	"platIsNoBootBsp":	"false",
	"hasFsblMakeHasChanges":	"false",
	"hasPmufwMakeHasChanges":	"false",
	"platPreBuiltFlag":	false,
	"platformSamplesDir":	"",
	"platActiveSys":	"top",
	"systems":	[{
			"systemName":	"top",
			"systemDesc":	"top",
			"sysIsBootAutoGen":	"true",
			"systemDispName":	"top"
		}]
}
TRACE::2026-05-27.11:41:18::SCWWriter::formatted JSON is {
	"platformName":	"top",
	"sprVersion":	"2.0",
	"mode":	"gui",
	"dsaType":	"Fixed",
	"platformDesc":	"top",
	"platHandOff":	"D:/vivado_pj/spi_master_ip/top.xsa",
	"platIntHandOff":	"<platformDir>/hw/top.xsa",
	"deviceType":	"FPGA",
	"platIsPrebuiltAutogen":	"false",
	"platIsNoBootBsp":	"false",
	"hasFsblMakeHasChanges":	"false",
	"hasPmufwMakeHasChanges":	"false",
	"platPreBuiltFlag":	false,
	"platformSamplesDir":	"",
	"platActiveSys":	"top",
	"systems":	[{
			"systemName":	"top",
			"systemDesc":	"top",
			"sysIsBootAutoGen":	"true",
			"systemDispName":	"top"
		}]
}
TRACE::2026-05-27.11:41:18::SCWPlatform::Trying to open the hw design at D:/vivado_pj/workspace_spi_master_ip/top/hw/top.xsa
TRACE::2026-05-27.11:41:18::SCWPlatform::DSA given D:/vivado_pj/workspace_spi_master_ip/top/hw/top.xsa
TRACE::2026-05-27.11:41:18::SCWPlatform::DSA absoulate path D:/vivado_pj/workspace_spi_master_ip/top/hw/top.xsa
TRACE::2026-05-27.11:41:18::SCWPlatform::DSA directory D:/vivado_pj/workspace_spi_master_ip/top/hw
TRACE::2026-05-27.11:41:18::SCWPlatform:: Platform Path D:/vivado_pj/workspace_spi_master_ip/top/hw/top.xsa
TRACE::2026-05-27.11:41:18::SCWPlatform:: Unique name xilinx:basys3::0.0
TRACE::2026-05-27.11:41:18::SCWPlatform::Trying to set the existing hwdb with name top_0
TRACE::2026-05-27.11:41:18::SCWPlatform::Opened existing hwdb top_0
TRACE::2026-05-27.11:41:18::SCWPlatform::Found the Hw Db part of the input DSA
TRACE::2026-05-27.11:41:18::SCWPlatform::Trying to open the hw design at D:/vivado_pj/workspace_spi_master_ip/top/hw/top.xsa
TRACE::2026-05-27.11:41:18::SCWPlatform::DSA given D:/vivado_pj/workspace_spi_master_ip/top/hw/top.xsa
TRACE::2026-05-27.11:41:18::SCWPlatform::DSA absoulate path D:/vivado_pj/workspace_spi_master_ip/top/hw/top.xsa
TRACE::2026-05-27.11:41:18::SCWPlatform::DSA directory D:/vivado_pj/workspace_spi_master_ip/top/hw
TRACE::2026-05-27.11:41:18::SCWPlatform:: Platform Path D:/vivado_pj/workspace_spi_master_ip/top/hw/top.xsa
TRACE::2026-05-27.11:41:18::SCWPlatform:: Unique name xilinx:basys3::0.0
TRACE::2026-05-27.11:41:18::SCWPlatform::Trying to set the existing hwdb with name top_0
TRACE::2026-05-27.11:41:18::SCWPlatform::Opened existing hwdb top_0
TRACE::2026-05-27.11:41:18::SCWPlatform::Found the Hw Db part of the input DSA
TRACE::2026-05-27.11:41:18::SCWDomain::checking for install qemu data   : 
TRACE::2026-05-27.11:41:18::SCWPlatform::Trying to open the hw design at D:/vivado_pj/workspace_spi_master_ip/top/hw/top.xsa
TRACE::2026-05-27.11:41:18::SCWPlatform::DSA given D:/vivado_pj/workspace_spi_master_ip/top/hw/top.xsa
TRACE::2026-05-27.11:41:18::SCWPlatform::DSA absoulate path D:/vivado_pj/workspace_spi_master_ip/top/hw/top.xsa
TRACE::2026-05-27.11:41:18::SCWPlatform::DSA directory D:/vivado_pj/workspace_spi_master_ip/top/hw
TRACE::2026-05-27.11:41:18::SCWPlatform:: Platform Path D:/vivado_pj/workspace_spi_master_ip/top/hw/top.xsa
TRACE::2026-05-27.11:41:18::SCWPlatform:: Unique name xilinx:basys3::0.0
TRACE::2026-05-27.11:41:18::SCWPlatform::Trying to set the existing hwdb with name top_0
TRACE::2026-05-27.11:41:18::SCWPlatform::Opened existing hwdb top_0
TRACE::2026-05-27.11:41:18::SCWPlatform::Found the Hw Db part of the input DSA
TRACE::2026-05-27.11:41:18::SCWPlatform::Trying to open the hw design at D:/vivado_pj/workspace_spi_master_ip/top/hw/top.xsa
TRACE::2026-05-27.11:41:18::SCWPlatform::DSA given D:/vivado_pj/workspace_spi_master_ip/top/hw/top.xsa
TRACE::2026-05-27.11:41:18::SCWPlatform::DSA absoulate path D:/vivado_pj/workspace_spi_master_ip/top/hw/top.xsa
TRACE::2026-05-27.11:41:18::SCWPlatform::DSA directory D:/vivado_pj/workspace_spi_master_ip/top/hw
TRACE::2026-05-27.11:41:18::SCWPlatform:: Platform Path D:/vivado_pj/workspace_spi_master_ip/top/hw/top.xsa
TRACE::2026-05-27.11:41:18::SCWPlatform:: Unique name xilinx:basys3::0.0
TRACE::2026-05-27.11:41:18::SCWPlatform::Trying to set the existing hwdb with name top_0
TRACE::2026-05-27.11:41:18::SCWPlatform::Opened existing hwdb top_0
TRACE::2026-05-27.11:41:18::SCWPlatform::Found the Hw Db part of the input DSA
TRACE::2026-05-27.11:41:18::SCWPlatform::Trying to open the hw design at D:/vivado_pj/workspace_spi_master_ip/top/hw/top.xsa
TRACE::2026-05-27.11:41:18::SCWPlatform::DSA given D:/vivado_pj/workspace_spi_master_ip/top/hw/top.xsa
TRACE::2026-05-27.11:41:18::SCWPlatform::DSA absoulate path D:/vivado_pj/workspace_spi_master_ip/top/hw/top.xsa
TRACE::2026-05-27.11:41:18::SCWPlatform::DSA directory D:/vivado_pj/workspace_spi_master_ip/top/hw
TRACE::2026-05-27.11:41:18::SCWPlatform:: Platform Path D:/vivado_pj/workspace_spi_master_ip/top/hw/top.xsa
TRACE::2026-05-27.11:41:18::SCWPlatform:: Unique name xilinx:basys3::0.0
TRACE::2026-05-27.11:41:18::SCWPlatform::Trying to set the existing hwdb with name top_0
TRACE::2026-05-27.11:41:18::SCWPlatform::Opened existing hwdb top_0
TRACE::2026-05-27.11:41:18::SCWPlatform::Found the Hw Db part of the input DSA
TRACE::2026-05-27.11:41:18::SCWMssOS::Checking the sw design at  D:/vivado_pj/workspace_spi_master_ip/top/microblaze_0/standalone_microblaze_0/bsp/system.mss
TRACE::2026-05-27.11:41:18::SCWMssOS::DEBUG:  swdes dump  
TRACE::2026-05-27.11:41:18::SCWMssOS::No sw design opened at  D:/vivado_pj/workspace_spi_master_ip/top/microblaze_0/standalone_microblaze_0/bsp/system.mss
TRACE::2026-05-27.11:41:18::SCWMssOS::mss does not exists at D:/vivado_pj/workspace_spi_master_ip/top/microblaze_0/standalone_microblaze_0/bsp/system.mss
TRACE::2026-05-27.11:41:18::SCWMssOS::Creating sw design at  D:/vivado_pj/workspace_spi_master_ip/top/microblaze_0/standalone_microblaze_0/bsp/system.mss
TRACE::2026-05-27.11:41:18::SCWMssOS::Adding the swdes entry, created swdb D:/vivado_pj/workspace_spi_master_ip/top/microblaze_0/standalone_microblaze_0/bsp/system.mss with des name D:/vivado_pj/workspace_spi_master_ip/top/microblaze_0/standalone_microblaze_0/bsp/system.mss
TRACE::2026-05-27.11:41:18::SCWMssOS::updating the scw layer changes to swdes at   D:/vivado_pj/workspace_spi_master_ip/top/microblaze_0/standalone_microblaze_0/bsp/system.mss
TRACE::2026-05-27.11:41:18::SCWMssOS::Writing mss at D:/vivado_pj/workspace_spi_master_ip/top/microblaze_0/standalone_microblaze_0/bsp/system.mss
TRACE::2026-05-27.11:41:18::SCWMssOS::Completed writing the mss file at D:/vivado_pj/workspace_spi_master_ip/top/microblaze_0/standalone_microblaze_0/bsp
TRACE::2026-05-27.11:41:18::SCWMssOS::Picking up changes from newly written mss file into SCW Layer. 
TRACE::2026-05-27.11:41:18::SCWMssOS::Updated the changes from newly written mss file into SCW Layer. 
TRACE::2026-05-27.11:41:18::SCWMssOS::Completed writing the mss file at D:/vivado_pj/workspace_spi_master_ip/top/microblaze_0/standalone_microblaze_0/bsp
TRACE::2026-05-27.11:41:18::SCWMssOS::Forcing BSP Sources regeneration.
TRACE::2026-05-27.11:41:19::SCWMssOS::Saving the mss changes D:/vivado_pj/workspace_spi_master_ip/top/microblaze_0/standalone_microblaze_0/bsp/system.mss
TRACE::2026-05-27.11:41:19::SCWMssOS::Adding the swdes entry, mss present, able to open swdb D:/vivado_pj/workspace_spi_master_ip/top/microblaze_0/standalone_microblaze_0/bsp/system.mss with des name system
TRACE::2026-05-27.11:41:19::SCWMssOS::Writing the mss file completed D:/vivado_pj/workspace_spi_master_ip/top/microblaze_0/standalone_microblaze_0/bsp/system.mss
TRACE::2026-05-27.11:41:19::SCWMssOS::Commit changes completed.
TRACE::2026-05-27.11:41:19::SCWPlatform::Trying to open the hw design at D:/vivado_pj/workspace_spi_master_ip/top/hw/top.xsa
TRACE::2026-05-27.11:41:19::SCWPlatform::DSA given D:/vivado_pj/workspace_spi_master_ip/top/hw/top.xsa
TRACE::2026-05-27.11:41:19::SCWPlatform::DSA absoulate path D:/vivado_pj/workspace_spi_master_ip/top/hw/top.xsa
TRACE::2026-05-27.11:41:19::SCWPlatform::DSA directory D:/vivado_pj/workspace_spi_master_ip/top/hw
TRACE::2026-05-27.11:41:19::SCWPlatform:: Platform Path D:/vivado_pj/workspace_spi_master_ip/top/hw/top.xsa
TRACE::2026-05-27.11:41:19::SCWPlatform:: Unique name xilinx:basys3::0.0
TRACE::2026-05-27.11:41:19::SCWPlatform::Trying to set the existing hwdb with name top_0
TRACE::2026-05-27.11:41:19::SCWPlatform::Opened existing hwdb top_0
TRACE::2026-05-27.11:41:19::SCWPlatform::Found the Hw Db part of the input DSA
TRACE::2026-05-27.11:41:19::SCWMssOS::Checking the sw design at  D:/vivado_pj/workspace_spi_master_ip/top/microblaze_0/standalone_microblaze_0/bsp/system.mss
TRACE::2026-05-27.11:41:19::SCWMssOS::DEBUG:  swdes dump  D:/vivado_pj/workspace_spi_master_ip/top/microblaze_0/standalone_microblaze_0/bsp/system.mss|system||

TRACE::2026-05-27.11:41:19::SCWMssOS::Sw design exists and opened at  D:/vivado_pj/workspace_spi_master_ip/top/microblaze_0/standalone_microblaze_0/bsp/system.mss
TRACE::2026-05-27.11:41:19::SCWPlatform::Trying to open the hw design at D:/vivado_pj/workspace_spi_master_ip/top/hw/top.xsa
TRACE::2026-05-27.11:41:19::SCWPlatform::DSA given D:/vivado_pj/workspace_spi_master_ip/top/hw/top.xsa
TRACE::2026-05-27.11:41:19::SCWPlatform::DSA absoulate path D:/vivado_pj/workspace_spi_master_ip/top/hw/top.xsa
TRACE::2026-05-27.11:41:19::SCWPlatform::DSA directory D:/vivado_pj/workspace_spi_master_ip/top/hw
TRACE::2026-05-27.11:41:19::SCWPlatform:: Platform Path D:/vivado_pj/workspace_spi_master_ip/top/hw/top.xsa
TRACE::2026-05-27.11:41:19::SCWPlatform:: Unique name xilinx:basys3::0.0
TRACE::2026-05-27.11:41:19::SCWPlatform::Trying to set the existing hwdb with name top_0
TRACE::2026-05-27.11:41:19::SCWPlatform::Opened existing hwdb top_0
TRACE::2026-05-27.11:41:19::SCWPlatform::Found the Hw Db part of the input DSA
TRACE::2026-05-27.11:41:19::SCWMssOS::Checking the sw design at  D:/vivado_pj/workspace_spi_master_ip/top/microblaze_0/standalone_microblaze_0/bsp/system.mss
TRACE::2026-05-27.11:41:19::SCWMssOS::DEBUG:  swdes dump  D:/vivado_pj/workspace_spi_master_ip/top/microblaze_0/standalone_microblaze_0/bsp/system.mss|system||

TRACE::2026-05-27.11:41:19::SCWMssOS::Sw design exists and opened at  D:/vivado_pj/workspace_spi_master_ip/top/microblaze_0/standalone_microblaze_0/bsp/system.mss
TRACE::2026-05-27.11:41:19::SCWPlatform::Trying to open the hw design at D:/vivado_pj/workspace_spi_master_ip/top/hw/top.xsa
TRACE::2026-05-27.11:41:19::SCWPlatform::DSA given D:/vivado_pj/workspace_spi_master_ip/top/hw/top.xsa
TRACE::2026-05-27.11:41:19::SCWPlatform::DSA absoulate path D:/vivado_pj/workspace_spi_master_ip/top/hw/top.xsa
TRACE::2026-05-27.11:41:19::SCWPlatform::DSA directory D:/vivado_pj/workspace_spi_master_ip/top/hw
TRACE::2026-05-27.11:41:19::SCWPlatform:: Platform Path D:/vivado_pj/workspace_spi_master_ip/top/hw/top.xsa
TRACE::2026-05-27.11:41:19::SCWPlatform:: Unique name xilinx:basys3::0.0
TRACE::2026-05-27.11:41:19::SCWPlatform::Trying to set the existing hwdb with name top_0
TRACE::2026-05-27.11:41:19::SCWPlatform::Opened existing hwdb top_0
TRACE::2026-05-27.11:41:19::SCWPlatform::Found the Hw Db part of the input DSA
TRACE::2026-05-27.11:41:19::SCWMssOS::Checking the sw design at  D:/vivado_pj/workspace_spi_master_ip/top/microblaze_0/standalone_microblaze_0/bsp/system.mss
TRACE::2026-05-27.11:41:19::SCWMssOS::DEBUG:  swdes dump  D:/vivado_pj/workspace_spi_master_ip/top/microblaze_0/standalone_microblaze_0/bsp/system.mss|system||

TRACE::2026-05-27.11:41:19::SCWMssOS::Sw design exists and opened at  D:/vivado_pj/workspace_spi_master_ip/top/microblaze_0/standalone_microblaze_0/bsp/system.mss
TRACE::2026-05-27.11:41:19::SCWWriter::formatted JSON is {
	"platformName":	"top",
	"sprVersion":	"2.0",
	"mode":	"gui",
	"dsaType":	"Fixed",
	"platformDesc":	"top",
	"platHandOff":	"D:/vivado_pj/spi_master_ip/top.xsa",
	"platIntHandOff":	"<platformDir>/hw/top.xsa",
	"deviceType":	"FPGA",
	"platIsPrebuiltAutogen":	"false",
	"platIsNoBootBsp":	"false",
	"hasFsblMakeHasChanges":	"false",
	"hasPmufwMakeHasChanges":	"false",
	"platPreBuiltFlag":	false,
	"platformSamplesDir":	"",
	"platActiveSys":	"top",
	"systems":	[{
			"systemName":	"top",
			"systemDesc":	"top",
			"sysIsBootAutoGen":	"true",
			"systemDispName":	"top",
			"sysActiveDom":	"standalone_microblaze_0",
			"sysDefaultDom":	"standalone_microblaze_0",
			"domains":	[{
					"domainName":	"standalone_microblaze_0",
					"domainDispName":	"standalone_microblaze_0",
					"domainDesc":	"standalone_microblaze_0",
					"processors":	"microblaze_0",
					"os":	"standalone",
					"sdxOs":	"standalone",
					"debugEnable":	"False",
					"domRuntimes":	["cpp"],
					"swRepo":	"",
					"mssOsVer":	"8.1",
					"mssFile":	"",
					"md5Digest":	"5812862c76d5b5994f0cb83925c6f12c",
					"compatibleApp":	"hello_world",
					"domType":	"mssDomain",
					"arch":	"32-bit",
					"appSettings":	{
						"appCompilerFlags":	"",
						"appLinkerFlags":	""
					},
					"addedLibs":	[],
					"libOptions":	{
						"libsContainingOptions":	[]
					},
					"prebuiltLibs":	{
						"prebuiltIncPath":	[],
						"prebuiltLibPath":	[]
					},
					"isolation":	{
					}
				}]
		}]
}
LOG::2026-05-27.11:41:19::SCWPlatform::Started generating the artifacts platform top
TRACE::2026-05-27.11:41:19::SCWPlatform::Sanity checking of platform is completed
LOG::2026-05-27.11:41:19::SCWPlatform::Started generating the artifacts for system configuration top
LOG::2026-05-27.11:41:19::SCWSystem::Checking the domain standalone_microblaze_0
LOG::2026-05-27.11:41:19::SCWSystem::Not a boot domain 
LOG::2026-05-27.11:41:19::SCWSystem::Started Processing the domain standalone_microblaze_0
TRACE::2026-05-27.11:41:19::SCWDomain::Generating domain artifcats
TRACE::2026-05-27.11:41:19::SCWMssOS::Generating standalone artifcats
TRACE::2026-05-27.11:41:19::SCWMssOS:: Copying the user libraries. 
TRACE::2026-05-27.11:41:19::SCWPlatform::Trying to open the hw design at D:/vivado_pj/workspace_spi_master_ip/top/hw/top.xsa
TRACE::2026-05-27.11:41:19::SCWPlatform::DSA given D:/vivado_pj/workspace_spi_master_ip/top/hw/top.xsa
TRACE::2026-05-27.11:41:19::SCWPlatform::DSA absoulate path D:/vivado_pj/workspace_spi_master_ip/top/hw/top.xsa
TRACE::2026-05-27.11:41:19::SCWPlatform::DSA directory D:/vivado_pj/workspace_spi_master_ip/top/hw
TRACE::2026-05-27.11:41:19::SCWPlatform:: Platform Path D:/vivado_pj/workspace_spi_master_ip/top/hw/top.xsa
TRACE::2026-05-27.11:41:19::SCWPlatform:: Unique name xilinx:basys3::0.0
TRACE::2026-05-27.11:41:19::SCWPlatform::Trying to set the existing hwdb with name top_0
TRACE::2026-05-27.11:41:19::SCWPlatform::Opened existing hwdb top_0
TRACE::2026-05-27.11:41:19::SCWPlatform::Found the Hw Db part of the input DSA
TRACE::2026-05-27.11:41:19::SCWMssOS::Checking the sw design at  D:/vivado_pj/workspace_spi_master_ip/top/microblaze_0/standalone_microblaze_0/bsp/system.mss
TRACE::2026-05-27.11:41:19::SCWMssOS::DEBUG:  swdes dump  D:/vivado_pj/workspace_spi_master_ip/top/microblaze_0/standalone_microblaze_0/bsp/system.mss|system||

TRACE::2026-05-27.11:41:19::SCWMssOS::Sw design exists and opened at  D:/vivado_pj/workspace_spi_master_ip/top/microblaze_0/standalone_microblaze_0/bsp/system.mss
TRACE::2026-05-27.11:41:19::SCWMssOS::Completed writing the mss file at D:/vivado_pj/workspace_spi_master_ip/top/microblaze_0/standalone_microblaze_0/bsp
TRACE::2026-05-27.11:41:19::SCWMssOS::Mss edits present, copying mssfile into export location D:/vivado_pj/workspace_spi_master_ip/top/microblaze_0/standalone_microblaze_0/bsp/system.mss
TRACE::2026-05-27.11:41:19::SCWMssOS::bsp generated is upto date with the mss file. Skipping bsp generation.
TRACE::2026-05-27.11:41:19::SCWMssOS::BSP is already built. skipping the bsp build ... 
TRACE::2026-05-27.11:41:19::SCWDomain::Skipping the build for domain :  standalone_microblaze_0
TRACE::2026-05-27.11:41:19::SCWMssOS::skipping the bsp build ... 
TRACE::2026-05-27.11:41:19::SCWMssOS::Copying to export directory.
TRACE::2026-05-27.11:41:19::SCWMssOS:: Checking if to create the Supporting Applications
TRACE::2026-05-27.11:41:19::SCWMssOS:: No Linux domain exists, trying to generate FSBL 
LOG::2026-05-27.11:41:19::SCWSystem::Completed Processing the domain standalone_microblaze_0
LOG::2026-05-27.11:41:19::SCWSystem::Completed Processing the sysconfig top
LOG::2026-05-27.11:41:19::SCWPlatform::Completed generating the artifacts for system configuration top
TRACE::2026-05-27.11:41:19::SCWPlatform::Started preparing the platform 
TRACE::2026-05-27.11:41:19::SCWSystem::Writing the bif file for system config top
TRACE::2026-05-27.11:41:19::SCWSystem::dir created 
TRACE::2026-05-27.11:41:19::SCWSystem::Writing the bif 
TRACE::2026-05-27.11:41:19::SCWPlatform::Started writing the spfm file 
TRACE::2026-05-27.11:41:19::SCWPlatform::Started writing the xpfm file 
TRACE::2026-05-27.11:41:19::SCWPlatform::Completed generating the platform
TRACE::2026-05-27.11:41:19::SCWMssOS::Saving the mss changes D:/vivado_pj/workspace_spi_master_ip/top/microblaze_0/standalone_microblaze_0/bsp/system.mss
TRACE::2026-05-27.11:41:19::SCWMssOS::Found a swdesign opened with the mssfile.
TRACE::2026-05-27.11:41:19::SCWMssOS::Completed writemss as part of save.
TRACE::2026-05-27.11:41:19::SCWMssOS::Commit changes completed.
TRACE::2026-05-27.11:41:19::SCWPlatform::Trying to open the hw design at D:/vivado_pj/workspace_spi_master_ip/top/hw/top.xsa
TRACE::2026-05-27.11:41:19::SCWPlatform::DSA given D:/vivado_pj/workspace_spi_master_ip/top/hw/top.xsa
TRACE::2026-05-27.11:41:19::SCWPlatform::DSA absoulate path D:/vivado_pj/workspace_spi_master_ip/top/hw/top.xsa
TRACE::2026-05-27.11:41:19::SCWPlatform::DSA directory D:/vivado_pj/workspace_spi_master_ip/top/hw
TRACE::2026-05-27.11:41:19::SCWPlatform:: Platform Path D:/vivado_pj/workspace_spi_master_ip/top/hw/top.xsa
TRACE::2026-05-27.11:41:19::SCWPlatform:: Unique name xilinx:basys3::0.0
TRACE::2026-05-27.11:41:19::SCWPlatform::Trying to set the existing hwdb with name top_0
TRACE::2026-05-27.11:41:19::SCWPlatform::Opened existing hwdb top_0
TRACE::2026-05-27.11:41:19::SCWPlatform::Found the Hw Db part of the input DSA
TRACE::2026-05-27.11:41:19::SCWMssOS::Checking the sw design at  D:/vivado_pj/workspace_spi_master_ip/top/microblaze_0/standalone_microblaze_0/bsp/system.mss
TRACE::2026-05-27.11:41:19::SCWMssOS::DEBUG:  swdes dump  D:/vivado_pj/workspace_spi_master_ip/top/microblaze_0/standalone_microblaze_0/bsp/system.mss|system||

TRACE::2026-05-27.11:41:19::SCWMssOS::Sw design exists and opened at  D:/vivado_pj/workspace_spi_master_ip/top/microblaze_0/standalone_microblaze_0/bsp/system.mss
TRACE::2026-05-27.11:41:19::SCWPlatform::Trying to open the hw design at D:/vivado_pj/workspace_spi_master_ip/top/hw/top.xsa
TRACE::2026-05-27.11:41:19::SCWPlatform::DSA given D:/vivado_pj/workspace_spi_master_ip/top/hw/top.xsa
TRACE::2026-05-27.11:41:19::SCWPlatform::DSA absoulate path D:/vivado_pj/workspace_spi_master_ip/top/hw/top.xsa
TRACE::2026-05-27.11:41:19::SCWPlatform::DSA directory D:/vivado_pj/workspace_spi_master_ip/top/hw
TRACE::2026-05-27.11:41:19::SCWPlatform:: Platform Path D:/vivado_pj/workspace_spi_master_ip/top/hw/top.xsa
TRACE::2026-05-27.11:41:19::SCWPlatform:: Unique name xilinx:basys3::0.0
TRACE::2026-05-27.11:41:19::SCWPlatform::Trying to set the existing hwdb with name top_0
TRACE::2026-05-27.11:41:19::SCWPlatform::Opened existing hwdb top_0
TRACE::2026-05-27.11:41:19::SCWPlatform::Found the Hw Db part of the input DSA
TRACE::2026-05-27.11:41:19::SCWMssOS::Checking the sw design at  D:/vivado_pj/workspace_spi_master_ip/top/microblaze_0/standalone_microblaze_0/bsp/system.mss
TRACE::2026-05-27.11:41:19::SCWMssOS::DEBUG:  swdes dump  D:/vivado_pj/workspace_spi_master_ip/top/microblaze_0/standalone_microblaze_0/bsp/system.mss|system||

TRACE::2026-05-27.11:41:19::SCWMssOS::Sw design exists and opened at  D:/vivado_pj/workspace_spi_master_ip/top/microblaze_0/standalone_microblaze_0/bsp/system.mss
TRACE::2026-05-27.11:41:19::SCWPlatform::Trying to open the hw design at D:/vivado_pj/workspace_spi_master_ip/top/hw/top.xsa
TRACE::2026-05-27.11:41:19::SCWPlatform::DSA given D:/vivado_pj/workspace_spi_master_ip/top/hw/top.xsa
TRACE::2026-05-27.11:41:19::SCWPlatform::DSA absoulate path D:/vivado_pj/workspace_spi_master_ip/top/hw/top.xsa
TRACE::2026-05-27.11:41:19::SCWPlatform::DSA directory D:/vivado_pj/workspace_spi_master_ip/top/hw
TRACE::2026-05-27.11:41:19::SCWPlatform:: Platform Path D:/vivado_pj/workspace_spi_master_ip/top/hw/top.xsa
TRACE::2026-05-27.11:41:19::SCWPlatform:: Unique name xilinx:basys3::0.0
TRACE::2026-05-27.11:41:19::SCWPlatform::Trying to set the existing hwdb with name top_0
TRACE::2026-05-27.11:41:19::SCWPlatform::Opened existing hwdb top_0
TRACE::2026-05-27.11:41:19::SCWPlatform::Found the Hw Db part of the input DSA
TRACE::2026-05-27.11:41:19::SCWMssOS::Checking the sw design at  D:/vivado_pj/workspace_spi_master_ip/top/microblaze_0/standalone_microblaze_0/bsp/system.mss
TRACE::2026-05-27.11:41:19::SCWMssOS::DEBUG:  swdes dump  D:/vivado_pj/workspace_spi_master_ip/top/microblaze_0/standalone_microblaze_0/bsp/system.mss|system||

TRACE::2026-05-27.11:41:19::SCWMssOS::Sw design exists and opened at  D:/vivado_pj/workspace_spi_master_ip/top/microblaze_0/standalone_microblaze_0/bsp/system.mss
TRACE::2026-05-27.11:41:19::SCWWriter::formatted JSON is {
	"platformName":	"top",
	"sprVersion":	"2.0",
	"mode":	"gui",
	"dsaType":	"Fixed",
	"platformDesc":	"top",
	"platHandOff":	"D:/vivado_pj/spi_master_ip/top.xsa",
	"platIntHandOff":	"<platformDir>/hw/top.xsa",
	"deviceType":	"FPGA",
	"platIsPrebuiltAutogen":	"false",
	"platIsNoBootBsp":	"false",
	"hasFsblMakeHasChanges":	"false",
	"hasPmufwMakeHasChanges":	"false",
	"platPreBuiltFlag":	false,
	"platformSamplesDir":	"",
	"platActiveSys":	"top",
	"systems":	[{
			"systemName":	"top",
			"systemDesc":	"top",
			"sysIsBootAutoGen":	"true",
			"systemDispName":	"top",
			"sysActiveDom":	"standalone_microblaze_0",
			"sysDefaultDom":	"standalone_microblaze_0",
			"domains":	[{
					"domainName":	"standalone_microblaze_0",
					"domainDispName":	"standalone_microblaze_0",
					"domainDesc":	"standalone_microblaze_0",
					"processors":	"microblaze_0",
					"os":	"standalone",
					"sdxOs":	"standalone",
					"debugEnable":	"False",
					"domRuntimes":	["cpp"],
					"swRepo":	"",
					"mssOsVer":	"8.1",
					"mssFile":	"",
					"md5Digest":	"5812862c76d5b5994f0cb83925c6f12c",
					"compatibleApp":	"hello_world",
					"domType":	"mssDomain",
					"arch":	"32-bit",
					"appSettings":	{
						"appCompilerFlags":	"",
						"appLinkerFlags":	""
					},
					"addedLibs":	[],
					"libOptions":	{
						"libsContainingOptions":	[]
					},
					"prebuiltLibs":	{
						"prebuiltIncPath":	[],
						"prebuiltLibPath":	[]
					},
					"isolation":	{
					}
				}]
		}]
}
KEYINFO::2026-05-27.11:41:19::SCWPlatform::updated the xpfm file.
TRACE::2026-05-27.11:41:20::SCWPlatform::Trying to open the hw design at D:/vivado_pj/workspace_spi_master_ip/top/hw/top.xsa
TRACE::2026-05-27.11:41:20::SCWPlatform::DSA given D:/vivado_pj/workspace_spi_master_ip/top/hw/top.xsa
TRACE::2026-05-27.11:41:20::SCWPlatform::DSA absoulate path D:/vivado_pj/workspace_spi_master_ip/top/hw/top.xsa
TRACE::2026-05-27.11:41:20::SCWPlatform::DSA directory D:/vivado_pj/workspace_spi_master_ip/top/hw
TRACE::2026-05-27.11:41:20::SCWPlatform:: Platform Path D:/vivado_pj/workspace_spi_master_ip/top/hw/top.xsa
TRACE::2026-05-27.11:41:20::SCWPlatform:: Unique name xilinx:basys3::0.0
TRACE::2026-05-27.11:41:20::SCWPlatform::Trying to set the existing hwdb with name top_0
TRACE::2026-05-27.11:41:20::SCWPlatform::Opened existing hwdb top_0
TRACE::2026-05-27.11:41:20::SCWPlatform::Found the Hw Db part of the input DSA
TRACE::2026-05-27.11:41:20::SCWMssOS::Checking the sw design at  D:/vivado_pj/workspace_spi_master_ip/top/microblaze_0/standalone_microblaze_0/bsp/system.mss
TRACE::2026-05-27.11:41:20::SCWMssOS::DEBUG:  swdes dump  D:/vivado_pj/workspace_spi_master_ip/top/microblaze_0/standalone_microblaze_0/bsp/system.mss|system||

TRACE::2026-05-27.11:41:20::SCWMssOS::Sw design exists and opened at  D:/vivado_pj/workspace_spi_master_ip/top/microblaze_0/standalone_microblaze_0/bsp/system.mss
TRACE::2026-05-27.11:41:20::SCWMssOS::Saving the mss changes D:/vivado_pj/workspace_spi_master_ip/top/microblaze_0/standalone_microblaze_0/bsp/system.mss
TRACE::2026-05-27.11:41:20::SCWMssOS::Found a swdesign opened with the mssfile.
TRACE::2026-05-27.11:41:20::SCWMssOS::Completed writemss as part of save.
TRACE::2026-05-27.11:41:20::SCWMssOS::Commit changes completed.
TRACE::2026-05-27.11:41:20::SCWPlatform::Trying to open the hw design at D:/vivado_pj/workspace_spi_master_ip/top/hw/top.xsa
TRACE::2026-05-27.11:41:20::SCWPlatform::DSA given D:/vivado_pj/workspace_spi_master_ip/top/hw/top.xsa
TRACE::2026-05-27.11:41:20::SCWPlatform::DSA absoulate path D:/vivado_pj/workspace_spi_master_ip/top/hw/top.xsa
TRACE::2026-05-27.11:41:20::SCWPlatform::DSA directory D:/vivado_pj/workspace_spi_master_ip/top/hw
TRACE::2026-05-27.11:41:20::SCWPlatform:: Platform Path D:/vivado_pj/workspace_spi_master_ip/top/hw/top.xsa
TRACE::2026-05-27.11:41:20::SCWPlatform:: Unique name xilinx:basys3::0.0
TRACE::2026-05-27.11:41:20::SCWPlatform::Trying to set the existing hwdb with name top_0
TRACE::2026-05-27.11:41:20::SCWPlatform::Opened existing hwdb top_0
TRACE::2026-05-27.11:41:20::SCWPlatform::Found the Hw Db part of the input DSA
TRACE::2026-05-27.11:41:20::SCWMssOS::Checking the sw design at  D:/vivado_pj/workspace_spi_master_ip/top/microblaze_0/standalone_microblaze_0/bsp/system.mss
TRACE::2026-05-27.11:41:20::SCWMssOS::DEBUG:  swdes dump  D:/vivado_pj/workspace_spi_master_ip/top/microblaze_0/standalone_microblaze_0/bsp/system.mss|system||

TRACE::2026-05-27.11:41:20::SCWMssOS::Sw design exists and opened at  D:/vivado_pj/workspace_spi_master_ip/top/microblaze_0/standalone_microblaze_0/bsp/system.mss
TRACE::2026-05-27.11:41:20::SCWPlatform::Trying to open the hw design at D:/vivado_pj/workspace_spi_master_ip/top/hw/top.xsa
TRACE::2026-05-27.11:41:20::SCWPlatform::DSA given D:/vivado_pj/workspace_spi_master_ip/top/hw/top.xsa
TRACE::2026-05-27.11:41:20::SCWPlatform::DSA absoulate path D:/vivado_pj/workspace_spi_master_ip/top/hw/top.xsa
TRACE::2026-05-27.11:41:20::SCWPlatform::DSA directory D:/vivado_pj/workspace_spi_master_ip/top/hw
TRACE::2026-05-27.11:41:20::SCWPlatform:: Platform Path D:/vivado_pj/workspace_spi_master_ip/top/hw/top.xsa
TRACE::2026-05-27.11:41:20::SCWPlatform:: Unique name xilinx:basys3::0.0
TRACE::2026-05-27.11:41:20::SCWPlatform::Trying to set the existing hwdb with name top_0
TRACE::2026-05-27.11:41:20::SCWPlatform::Opened existing hwdb top_0
TRACE::2026-05-27.11:41:20::SCWPlatform::Found the Hw Db part of the input DSA
TRACE::2026-05-27.11:41:20::SCWMssOS::Checking the sw design at  D:/vivado_pj/workspace_spi_master_ip/top/microblaze_0/standalone_microblaze_0/bsp/system.mss
TRACE::2026-05-27.11:41:20::SCWMssOS::DEBUG:  swdes dump  D:/vivado_pj/workspace_spi_master_ip/top/microblaze_0/standalone_microblaze_0/bsp/system.mss|system||

TRACE::2026-05-27.11:41:20::SCWMssOS::Sw design exists and opened at  D:/vivado_pj/workspace_spi_master_ip/top/microblaze_0/standalone_microblaze_0/bsp/system.mss
TRACE::2026-05-27.11:41:20::SCWPlatform::Trying to open the hw design at D:/vivado_pj/workspace_spi_master_ip/top/hw/top.xsa
TRACE::2026-05-27.11:41:20::SCWPlatform::DSA given D:/vivado_pj/workspace_spi_master_ip/top/hw/top.xsa
TRACE::2026-05-27.11:41:20::SCWPlatform::DSA absoulate path D:/vivado_pj/workspace_spi_master_ip/top/hw/top.xsa
TRACE::2026-05-27.11:41:20::SCWPlatform::DSA directory D:/vivado_pj/workspace_spi_master_ip/top/hw
TRACE::2026-05-27.11:41:20::SCWPlatform:: Platform Path D:/vivado_pj/workspace_spi_master_ip/top/hw/top.xsa
TRACE::2026-05-27.11:41:20::SCWPlatform:: Unique name xilinx:basys3::0.0
TRACE::2026-05-27.11:41:20::SCWPlatform::Trying to set the existing hwdb with name top_0
TRACE::2026-05-27.11:41:20::SCWPlatform::Opened existing hwdb top_0
TRACE::2026-05-27.11:41:20::SCWPlatform::Found the Hw Db part of the input DSA
TRACE::2026-05-27.11:41:20::SCWMssOS::Checking the sw design at  D:/vivado_pj/workspace_spi_master_ip/top/microblaze_0/standalone_microblaze_0/bsp/system.mss
TRACE::2026-05-27.11:41:20::SCWMssOS::DEBUG:  swdes dump  D:/vivado_pj/workspace_spi_master_ip/top/microblaze_0/standalone_microblaze_0/bsp/system.mss|system||

TRACE::2026-05-27.11:41:20::SCWMssOS::Sw design exists and opened at  D:/vivado_pj/workspace_spi_master_ip/top/microblaze_0/standalone_microblaze_0/bsp/system.mss
TRACE::2026-05-27.11:41:20::SCWWriter::formatted JSON is {
	"platformName":	"top",
	"sprVersion":	"2.0",
	"mode":	"gui",
	"dsaType":	"Fixed",
	"platformDesc":	"top",
	"platHandOff":	"D:/vivado_pj/spi_master_ip/top.xsa",
	"platIntHandOff":	"<platformDir>/hw/top.xsa",
	"deviceType":	"FPGA",
	"platIsPrebuiltAutogen":	"false",
	"platIsNoBootBsp":	"false",
	"hasFsblMakeHasChanges":	"false",
	"hasPmufwMakeHasChanges":	"false",
	"platPreBuiltFlag":	false,
	"platformSamplesDir":	"",
	"platActiveSys":	"top",
	"systems":	[{
			"systemName":	"top",
			"systemDesc":	"top",
			"sysIsBootAutoGen":	"true",
			"systemDispName":	"top",
			"sysActiveDom":	"standalone_microblaze_0",
			"sysDefaultDom":	"standalone_microblaze_0",
			"domains":	[{
					"domainName":	"standalone_microblaze_0",
					"domainDispName":	"standalone_microblaze_0",
					"domainDesc":	"standalone_microblaze_0",
					"processors":	"microblaze_0",
					"os":	"standalone",
					"sdxOs":	"standalone",
					"debugEnable":	"False",
					"domRuntimes":	["cpp"],
					"swRepo":	"",
					"mssOsVer":	"8.1",
					"mssFile":	"",
					"md5Digest":	"5812862c76d5b5994f0cb83925c6f12c",
					"compatibleApp":	"hello_world",
					"domType":	"mssDomain",
					"arch":	"32-bit",
					"appSettings":	{
						"appCompilerFlags":	"",
						"appLinkerFlags":	""
					},
					"addedLibs":	[],
					"libOptions":	{
						"libsContainingOptions":	[]
					},
					"prebuiltLibs":	{
						"prebuiltIncPath":	[],
						"prebuiltLibPath":	[]
					},
					"isolation":	{
					}
				}]
		}]
}
TRACE::2026-05-27.11:41:20::SCWPlatform::Trying to open the hw design at D:/vivado_pj/workspace_spi_master_ip/top/hw/top.xsa
TRACE::2026-05-27.11:41:20::SCWPlatform::DSA given D:/vivado_pj/workspace_spi_master_ip/top/hw/top.xsa
TRACE::2026-05-27.11:41:20::SCWPlatform::DSA absoulate path D:/vivado_pj/workspace_spi_master_ip/top/hw/top.xsa
TRACE::2026-05-27.11:41:20::SCWPlatform::DSA directory D:/vivado_pj/workspace_spi_master_ip/top/hw
TRACE::2026-05-27.11:41:20::SCWPlatform:: Platform Path D:/vivado_pj/workspace_spi_master_ip/top/hw/top.xsa
TRACE::2026-05-27.11:41:20::SCWPlatform:: Unique name xilinx:basys3::0.0
TRACE::2026-05-27.11:41:20::SCWPlatform::Trying to set the existing hwdb with name top_0
TRACE::2026-05-27.11:41:20::SCWPlatform::Opened existing hwdb top_0
TRACE::2026-05-27.11:41:20::SCWPlatform::Found the Hw Db part of the input DSA
TRACE::2026-05-27.11:41:20::SCWMssOS::Checking the sw design at  D:/vivado_pj/workspace_spi_master_ip/top/microblaze_0/standalone_microblaze_0/bsp/system.mss
TRACE::2026-05-27.11:41:20::SCWMssOS::DEBUG:  swdes dump  D:/vivado_pj/workspace_spi_master_ip/top/microblaze_0/standalone_microblaze_0/bsp/system.mss|system||

TRACE::2026-05-27.11:41:20::SCWMssOS::Sw design exists and opened at  D:/vivado_pj/workspace_spi_master_ip/top/microblaze_0/standalone_microblaze_0/bsp/system.mss
TRACE::2026-05-27.11:41:20::SCWPlatform::Trying to open the hw design at D:/vivado_pj/workspace_spi_master_ip/top/hw/top.xsa
TRACE::2026-05-27.11:41:20::SCWPlatform::DSA given D:/vivado_pj/workspace_spi_master_ip/top/hw/top.xsa
TRACE::2026-05-27.11:41:20::SCWPlatform::DSA absoulate path D:/vivado_pj/workspace_spi_master_ip/top/hw/top.xsa
TRACE::2026-05-27.11:41:20::SCWPlatform::DSA directory D:/vivado_pj/workspace_spi_master_ip/top/hw
TRACE::2026-05-27.11:41:20::SCWPlatform:: Platform Path D:/vivado_pj/workspace_spi_master_ip/top/hw/top.xsa
TRACE::2026-05-27.11:41:20::SCWPlatform:: Unique name xilinx:basys3::0.0
TRACE::2026-05-27.11:41:20::SCWPlatform::Trying to set the existing hwdb with name top_0
TRACE::2026-05-27.11:41:20::SCWPlatform::Opened existing hwdb top_0
TRACE::2026-05-27.11:41:20::SCWPlatform::Found the Hw Db part of the input DSA
TRACE::2026-05-27.11:41:20::SCWMssOS::Checking the sw design at  D:/vivado_pj/workspace_spi_master_ip/top/microblaze_0/standalone_microblaze_0/bsp/system.mss
TRACE::2026-05-27.11:41:20::SCWMssOS::DEBUG:  swdes dump  D:/vivado_pj/workspace_spi_master_ip/top/microblaze_0/standalone_microblaze_0/bsp/system.mss|system||

TRACE::2026-05-27.11:41:20::SCWMssOS::Sw design exists and opened at  D:/vivado_pj/workspace_spi_master_ip/top/microblaze_0/standalone_microblaze_0/bsp/system.mss
TRACE::2026-05-27.11:41:20::SCWMssOS::Saving the mss changes D:/vivado_pj/workspace_spi_master_ip/top/microblaze_0/standalone_microblaze_0/bsp/system.mss
TRACE::2026-05-27.11:41:20::SCWMssOS::Found a swdesign opened with the mssfile.
TRACE::2026-05-27.11:41:20::SCWMssOS::Completed writemss as part of save.
TRACE::2026-05-27.11:41:20::SCWMssOS::Commit changes completed.
TRACE::2026-05-27.11:41:20::SCWPlatform::Trying to open the hw design at D:/vivado_pj/workspace_spi_master_ip/top/hw/top.xsa
TRACE::2026-05-27.11:41:20::SCWPlatform::DSA given D:/vivado_pj/workspace_spi_master_ip/top/hw/top.xsa
TRACE::2026-05-27.11:41:20::SCWPlatform::DSA absoulate path D:/vivado_pj/workspace_spi_master_ip/top/hw/top.xsa
TRACE::2026-05-27.11:41:20::SCWPlatform::DSA directory D:/vivado_pj/workspace_spi_master_ip/top/hw
TRACE::2026-05-27.11:41:20::SCWPlatform:: Platform Path D:/vivado_pj/workspace_spi_master_ip/top/hw/top.xsa
TRACE::2026-05-27.11:41:20::SCWPlatform:: Unique name xilinx:basys3::0.0
TRACE::2026-05-27.11:41:20::SCWPlatform::Trying to set the existing hwdb with name top_0
TRACE::2026-05-27.11:41:20::SCWPlatform::Opened existing hwdb top_0
TRACE::2026-05-27.11:41:20::SCWPlatform::Found the Hw Db part of the input DSA
TRACE::2026-05-27.11:41:20::SCWMssOS::Checking the sw design at  D:/vivado_pj/workspace_spi_master_ip/top/microblaze_0/standalone_microblaze_0/bsp/system.mss
TRACE::2026-05-27.11:41:20::SCWMssOS::DEBUG:  swdes dump  D:/vivado_pj/workspace_spi_master_ip/top/microblaze_0/standalone_microblaze_0/bsp/system.mss|system||

TRACE::2026-05-27.11:41:20::SCWMssOS::Sw design exists and opened at  D:/vivado_pj/workspace_spi_master_ip/top/microblaze_0/standalone_microblaze_0/bsp/system.mss
TRACE::2026-05-27.11:41:20::SCWPlatform::Trying to open the hw design at D:/vivado_pj/workspace_spi_master_ip/top/hw/top.xsa
TRACE::2026-05-27.11:41:20::SCWPlatform::DSA given D:/vivado_pj/workspace_spi_master_ip/top/hw/top.xsa
TRACE::2026-05-27.11:41:20::SCWPlatform::DSA absoulate path D:/vivado_pj/workspace_spi_master_ip/top/hw/top.xsa
TRACE::2026-05-27.11:41:20::SCWPlatform::DSA directory D:/vivado_pj/workspace_spi_master_ip/top/hw
TRACE::2026-05-27.11:41:20::SCWPlatform:: Platform Path D:/vivado_pj/workspace_spi_master_ip/top/hw/top.xsa
TRACE::2026-05-27.11:41:20::SCWPlatform:: Unique name xilinx:basys3::0.0
TRACE::2026-05-27.11:41:20::SCWPlatform::Trying to set the existing hwdb with name top_0
TRACE::2026-05-27.11:41:20::SCWPlatform::Opened existing hwdb top_0
TRACE::2026-05-27.11:41:20::SCWPlatform::Found the Hw Db part of the input DSA
TRACE::2026-05-27.11:41:20::SCWMssOS::Checking the sw design at  D:/vivado_pj/workspace_spi_master_ip/top/microblaze_0/standalone_microblaze_0/bsp/system.mss
TRACE::2026-05-27.11:41:20::SCWMssOS::DEBUG:  swdes dump  D:/vivado_pj/workspace_spi_master_ip/top/microblaze_0/standalone_microblaze_0/bsp/system.mss|system||

TRACE::2026-05-27.11:41:20::SCWMssOS::Sw design exists and opened at  D:/vivado_pj/workspace_spi_master_ip/top/microblaze_0/standalone_microblaze_0/bsp/system.mss
TRACE::2026-05-27.11:41:20::SCWPlatform::Trying to open the hw design at D:/vivado_pj/workspace_spi_master_ip/top/hw/top.xsa
TRACE::2026-05-27.11:41:20::SCWPlatform::DSA given D:/vivado_pj/workspace_spi_master_ip/top/hw/top.xsa
TRACE::2026-05-27.11:41:20::SCWPlatform::DSA absoulate path D:/vivado_pj/workspace_spi_master_ip/top/hw/top.xsa
TRACE::2026-05-27.11:41:20::SCWPlatform::DSA directory D:/vivado_pj/workspace_spi_master_ip/top/hw
TRACE::2026-05-27.11:41:20::SCWPlatform:: Platform Path D:/vivado_pj/workspace_spi_master_ip/top/hw/top.xsa
TRACE::2026-05-27.11:41:20::SCWPlatform:: Unique name xilinx:basys3::0.0
TRACE::2026-05-27.11:41:20::SCWPlatform::Trying to set the existing hwdb with name top_0
TRACE::2026-05-27.11:41:20::SCWPlatform::Opened existing hwdb top_0
TRACE::2026-05-27.11:41:20::SCWPlatform::Found the Hw Db part of the input DSA
TRACE::2026-05-27.11:41:20::SCWMssOS::Checking the sw design at  D:/vivado_pj/workspace_spi_master_ip/top/microblaze_0/standalone_microblaze_0/bsp/system.mss
TRACE::2026-05-27.11:41:20::SCWMssOS::DEBUG:  swdes dump  D:/vivado_pj/workspace_spi_master_ip/top/microblaze_0/standalone_microblaze_0/bsp/system.mss|system||

TRACE::2026-05-27.11:41:20::SCWMssOS::Sw design exists and opened at  D:/vivado_pj/workspace_spi_master_ip/top/microblaze_0/standalone_microblaze_0/bsp/system.mss
TRACE::2026-05-27.11:41:20::SCWWriter::formatted JSON is {
	"platformName":	"top",
	"sprVersion":	"2.0",
	"mode":	"gui",
	"dsaType":	"Fixed",
	"platformDesc":	"top",
	"platHandOff":	"D:/vivado_pj/spi_master_ip/top.xsa",
	"platIntHandOff":	"<platformDir>/hw/top.xsa",
	"deviceType":	"FPGA",
	"platIsPrebuiltAutogen":	"false",
	"platIsNoBootBsp":	"false",
	"hasFsblMakeHasChanges":	"false",
	"hasPmufwMakeHasChanges":	"false",
	"platPreBuiltFlag":	false,
	"platformSamplesDir":	"",
	"platActiveSys":	"top",
	"systems":	[{
			"systemName":	"top",
			"systemDesc":	"top",
			"sysIsBootAutoGen":	"true",
			"systemDispName":	"top",
			"sysActiveDom":	"standalone_microblaze_0",
			"sysDefaultDom":	"standalone_microblaze_0",
			"domains":	[{
					"domainName":	"standalone_microblaze_0",
					"domainDispName":	"standalone_microblaze_0",
					"domainDesc":	"standalone_microblaze_0",
					"processors":	"microblaze_0",
					"os":	"standalone",
					"sdxOs":	"standalone",
					"debugEnable":	"False",
					"domRuntimes":	["cpp"],
					"swRepo":	"",
					"mssOsVer":	"8.1",
					"mssFile":	"",
					"md5Digest":	"5812862c76d5b5994f0cb83925c6f12c",
					"compatibleApp":	"hello_world",
					"domType":	"mssDomain",
					"arch":	"32-bit",
					"appSettings":	{
						"appCompilerFlags":	"",
						"appLinkerFlags":	""
					},
					"addedLibs":	[],
					"libOptions":	{
						"libsContainingOptions":	[]
					},
					"prebuiltLibs":	{
						"prebuiltIncPath":	[],
						"prebuiltLibPath":	[]
					},
					"isolation":	{
					}
				}]
		}]
}
LOG::2026-05-27.11:41:20::SCWPlatform::Started generating the artifacts platform top
TRACE::2026-05-27.11:41:20::SCWPlatform::Sanity checking of platform is completed
LOG::2026-05-27.11:41:20::SCWPlatform::Started generating the artifacts for system configuration top
LOG::2026-05-27.11:41:20::SCWSystem::Started Processing the domain standalone_microblaze_0
TRACE::2026-05-27.11:41:20::SCWDomain::Generating domain artifcats
TRACE::2026-05-27.11:41:20::SCWMssOS::Generating standalone artifcats
TRACE::2026-05-27.11:41:20::SCWMssOS:: Copying the user libraries. 
TRACE::2026-05-27.11:41:20::SCWPlatform::Trying to open the hw design at D:/vivado_pj/workspace_spi_master_ip/top/hw/top.xsa
TRACE::2026-05-27.11:41:20::SCWPlatform::DSA given D:/vivado_pj/workspace_spi_master_ip/top/hw/top.xsa
TRACE::2026-05-27.11:41:20::SCWPlatform::DSA absoulate path D:/vivado_pj/workspace_spi_master_ip/top/hw/top.xsa
TRACE::2026-05-27.11:41:20::SCWPlatform::DSA directory D:/vivado_pj/workspace_spi_master_ip/top/hw
TRACE::2026-05-27.11:41:20::SCWPlatform:: Platform Path D:/vivado_pj/workspace_spi_master_ip/top/hw/top.xsa
TRACE::2026-05-27.11:41:20::SCWPlatform:: Unique name xilinx:basys3::0.0
TRACE::2026-05-27.11:41:20::SCWPlatform::Trying to set the existing hwdb with name top_0
TRACE::2026-05-27.11:41:20::SCWPlatform::Opened existing hwdb top_0
TRACE::2026-05-27.11:41:20::SCWPlatform::Found the Hw Db part of the input DSA
TRACE::2026-05-27.11:41:20::SCWMssOS::Checking the sw design at  D:/vivado_pj/workspace_spi_master_ip/top/microblaze_0/standalone_microblaze_0/bsp/system.mss
TRACE::2026-05-27.11:41:20::SCWMssOS::DEBUG:  swdes dump  D:/vivado_pj/workspace_spi_master_ip/top/microblaze_0/standalone_microblaze_0/bsp/system.mss|system||

TRACE::2026-05-27.11:41:20::SCWMssOS::Sw design exists and opened at  D:/vivado_pj/workspace_spi_master_ip/top/microblaze_0/standalone_microblaze_0/bsp/system.mss
TRACE::2026-05-27.11:41:20::SCWMssOS::Completed writing the mss file at D:/vivado_pj/workspace_spi_master_ip/top/microblaze_0/standalone_microblaze_0/bsp
TRACE::2026-05-27.11:41:20::SCWMssOS::Mss edits present, copying mssfile into export location D:/vivado_pj/workspace_spi_master_ip/top/microblaze_0/standalone_microblaze_0/bsp/system.mss
TRACE::2026-05-27.11:41:20::SCWMssOS::bsp generated is upto date with the mss file. Skipping bsp generation.
TRACE::2026-05-27.11:41:20::SCWMssOS::BSP is already built. skipping the bsp build ... 
TRACE::2026-05-27.11:41:20::SCWDomain::Building the domain as part of full build :  standalone_microblaze_0
TRACE::2026-05-27.11:41:20::SCWMssOS::skipping the bsp build ... 
TRACE::2026-05-27.11:41:20::SCWMssOS::Copying to export directory.
TRACE::2026-05-27.11:41:20::SCWMssOS:: Checking if to create the Supporting Applications
TRACE::2026-05-27.11:41:20::SCWMssOS:: No Linux domain exists, trying to generate FSBL 
LOG::2026-05-27.11:41:20::SCWSystem::Completed Processing the domain standalone_microblaze_0
LOG::2026-05-27.11:41:20::SCWSystem::Completed Processing the sysconfig top
LOG::2026-05-27.11:41:20::SCWPlatform::Completed generating the artifacts for system configuration top
TRACE::2026-05-27.11:41:20::SCWPlatform::Started preparing the platform 
TRACE::2026-05-27.11:41:20::SCWSystem::Writing the bif file for system config top
TRACE::2026-05-27.11:41:20::SCWSystem::dir created 
TRACE::2026-05-27.11:41:20::SCWSystem::Writing the bif 
TRACE::2026-05-27.11:41:20::SCWPlatform::Started writing the spfm file 
TRACE::2026-05-27.11:41:20::SCWPlatform::Started writing the xpfm file 
TRACE::2026-05-27.11:41:20::SCWPlatform::Completed generating the platform
TRACE::2026-05-27.11:41:20::SCWMssOS::Saving the mss changes D:/vivado_pj/workspace_spi_master_ip/top/microblaze_0/standalone_microblaze_0/bsp/system.mss
TRACE::2026-05-27.11:41:20::SCWMssOS::Found a swdesign opened with the mssfile.
TRACE::2026-05-27.11:41:20::SCWMssOS::Completed writemss as part of save.
TRACE::2026-05-27.11:41:20::SCWMssOS::Commit changes completed.
TRACE::2026-05-27.11:41:20::SCWPlatform::Trying to open the hw design at D:/vivado_pj/workspace_spi_master_ip/top/hw/top.xsa
TRACE::2026-05-27.11:41:20::SCWPlatform::DSA given D:/vivado_pj/workspace_spi_master_ip/top/hw/top.xsa
TRACE::2026-05-27.11:41:20::SCWPlatform::DSA absoulate path D:/vivado_pj/workspace_spi_master_ip/top/hw/top.xsa
TRACE::2026-05-27.11:41:20::SCWPlatform::DSA directory D:/vivado_pj/workspace_spi_master_ip/top/hw
TRACE::2026-05-27.11:41:20::SCWPlatform:: Platform Path D:/vivado_pj/workspace_spi_master_ip/top/hw/top.xsa
TRACE::2026-05-27.11:41:20::SCWPlatform:: Unique name xilinx:basys3::0.0
TRACE::2026-05-27.11:41:20::SCWPlatform::Trying to set the existing hwdb with name top_0
TRACE::2026-05-27.11:41:20::SCWPlatform::Opened existing hwdb top_0
TRACE::2026-05-27.11:41:20::SCWPlatform::Found the Hw Db part of the input DSA
TRACE::2026-05-27.11:41:20::SCWMssOS::Checking the sw design at  D:/vivado_pj/workspace_spi_master_ip/top/microblaze_0/standalone_microblaze_0/bsp/system.mss
TRACE::2026-05-27.11:41:20::SCWMssOS::DEBUG:  swdes dump  D:/vivado_pj/workspace_spi_master_ip/top/microblaze_0/standalone_microblaze_0/bsp/system.mss|system||

TRACE::2026-05-27.11:41:20::SCWMssOS::Sw design exists and opened at  D:/vivado_pj/workspace_spi_master_ip/top/microblaze_0/standalone_microblaze_0/bsp/system.mss
TRACE::2026-05-27.11:41:20::SCWPlatform::Trying to open the hw design at D:/vivado_pj/workspace_spi_master_ip/top/hw/top.xsa
TRACE::2026-05-27.11:41:20::SCWPlatform::DSA given D:/vivado_pj/workspace_spi_master_ip/top/hw/top.xsa
TRACE::2026-05-27.11:41:20::SCWPlatform::DSA absoulate path D:/vivado_pj/workspace_spi_master_ip/top/hw/top.xsa
TRACE::2026-05-27.11:41:20::SCWPlatform::DSA directory D:/vivado_pj/workspace_spi_master_ip/top/hw
TRACE::2026-05-27.11:41:20::SCWPlatform:: Platform Path D:/vivado_pj/workspace_spi_master_ip/top/hw/top.xsa
TRACE::2026-05-27.11:41:20::SCWPlatform:: Unique name xilinx:basys3::0.0
TRACE::2026-05-27.11:41:20::SCWPlatform::Trying to set the existing hwdb with name top_0
TRACE::2026-05-27.11:41:20::SCWPlatform::Opened existing hwdb top_0
TRACE::2026-05-27.11:41:20::SCWPlatform::Found the Hw Db part of the input DSA
TRACE::2026-05-27.11:41:20::SCWMssOS::Checking the sw design at  D:/vivado_pj/workspace_spi_master_ip/top/microblaze_0/standalone_microblaze_0/bsp/system.mss
TRACE::2026-05-27.11:41:20::SCWMssOS::DEBUG:  swdes dump  D:/vivado_pj/workspace_spi_master_ip/top/microblaze_0/standalone_microblaze_0/bsp/system.mss|system||

TRACE::2026-05-27.11:41:20::SCWMssOS::Sw design exists and opened at  D:/vivado_pj/workspace_spi_master_ip/top/microblaze_0/standalone_microblaze_0/bsp/system.mss
TRACE::2026-05-27.11:41:20::SCWPlatform::Trying to open the hw design at D:/vivado_pj/workspace_spi_master_ip/top/hw/top.xsa
TRACE::2026-05-27.11:41:20::SCWPlatform::DSA given D:/vivado_pj/workspace_spi_master_ip/top/hw/top.xsa
TRACE::2026-05-27.11:41:20::SCWPlatform::DSA absoulate path D:/vivado_pj/workspace_spi_master_ip/top/hw/top.xsa
TRACE::2026-05-27.11:41:20::SCWPlatform::DSA directory D:/vivado_pj/workspace_spi_master_ip/top/hw
TRACE::2026-05-27.11:41:20::SCWPlatform:: Platform Path D:/vivado_pj/workspace_spi_master_ip/top/hw/top.xsa
TRACE::2026-05-27.11:41:20::SCWPlatform:: Unique name xilinx:basys3::0.0
TRACE::2026-05-27.11:41:20::SCWPlatform::Trying to set the existing hwdb with name top_0
TRACE::2026-05-27.11:41:20::SCWPlatform::Opened existing hwdb top_0
TRACE::2026-05-27.11:41:20::SCWPlatform::Found the Hw Db part of the input DSA
TRACE::2026-05-27.11:41:20::SCWMssOS::Checking the sw design at  D:/vivado_pj/workspace_spi_master_ip/top/microblaze_0/standalone_microblaze_0/bsp/system.mss
TRACE::2026-05-27.11:41:20::SCWMssOS::DEBUG:  swdes dump  D:/vivado_pj/workspace_spi_master_ip/top/microblaze_0/standalone_microblaze_0/bsp/system.mss|system||

TRACE::2026-05-27.11:41:20::SCWMssOS::Sw design exists and opened at  D:/vivado_pj/workspace_spi_master_ip/top/microblaze_0/standalone_microblaze_0/bsp/system.mss
TRACE::2026-05-27.11:41:20::SCWWriter::formatted JSON is {
	"platformName":	"top",
	"sprVersion":	"2.0",
	"mode":	"gui",
	"dsaType":	"Fixed",
	"platformDesc":	"top",
	"platHandOff":	"D:/vivado_pj/spi_master_ip/top.xsa",
	"platIntHandOff":	"<platformDir>/hw/top.xsa",
	"deviceType":	"FPGA",
	"platIsPrebuiltAutogen":	"false",
	"platIsNoBootBsp":	"false",
	"hasFsblMakeHasChanges":	"false",
	"hasPmufwMakeHasChanges":	"false",
	"platPreBuiltFlag":	false,
	"platformSamplesDir":	"",
	"platActiveSys":	"top",
	"systems":	[{
			"systemName":	"top",
			"systemDesc":	"top",
			"sysIsBootAutoGen":	"true",
			"systemDispName":	"top",
			"sysActiveDom":	"standalone_microblaze_0",
			"sysDefaultDom":	"standalone_microblaze_0",
			"domains":	[{
					"domainName":	"standalone_microblaze_0",
					"domainDispName":	"standalone_microblaze_0",
					"domainDesc":	"standalone_microblaze_0",
					"processors":	"microblaze_0",
					"os":	"standalone",
					"sdxOs":	"standalone",
					"debugEnable":	"False",
					"domRuntimes":	["cpp"],
					"swRepo":	"",
					"mssOsVer":	"8.1",
					"mssFile":	"",
					"md5Digest":	"5812862c76d5b5994f0cb83925c6f12c",
					"compatibleApp":	"hello_world",
					"domType":	"mssDomain",
					"arch":	"32-bit",
					"appSettings":	{
						"appCompilerFlags":	"",
						"appLinkerFlags":	""
					},
					"addedLibs":	[],
					"libOptions":	{
						"libsContainingOptions":	[]
					},
					"prebuiltLibs":	{
						"prebuiltIncPath":	[],
						"prebuiltLibPath":	[]
					},
					"isolation":	{
					}
				}]
		}]
}
KEYINFO::2026-05-27.11:41:20::SCWPlatform::updated the xpfm file.
LOG::2026-05-27.11:56:36::SCWPlatform::Started generating the artifacts platform top
TRACE::2026-05-27.11:56:36::SCWPlatform::Sanity checking of platform is completed
LOG::2026-05-27.11:56:36::SCWPlatform::Started generating the artifacts for system configuration top
LOG::2026-05-27.11:56:36::SCWSystem::Checking the domain standalone_microblaze_0
LOG::2026-05-27.11:56:36::SCWSystem::Not a boot domain 
LOG::2026-05-27.11:56:36::SCWSystem::Started Processing the domain standalone_microblaze_0
TRACE::2026-05-27.11:56:36::SCWDomain::Generating domain artifcats
TRACE::2026-05-27.11:56:36::SCWMssOS::Generating standalone artifcats
TRACE::2026-05-27.11:56:36::SCWMssOS:: Copying the user libraries. 
TRACE::2026-05-27.11:56:36::SCWPlatform::Trying to open the hw design at D:/vivado_pj/workspace_spi_master_ip/top/hw/top.xsa
TRACE::2026-05-27.11:56:36::SCWPlatform::DSA given D:/vivado_pj/workspace_spi_master_ip/top/hw/top.xsa
TRACE::2026-05-27.11:56:36::SCWPlatform::DSA absoulate path D:/vivado_pj/workspace_spi_master_ip/top/hw/top.xsa
TRACE::2026-05-27.11:56:36::SCWPlatform::DSA directory D:/vivado_pj/workspace_spi_master_ip/top/hw
TRACE::2026-05-27.11:56:36::SCWPlatform:: Platform Path D:/vivado_pj/workspace_spi_master_ip/top/hw/top.xsa
TRACE::2026-05-27.11:56:36::SCWPlatform:: Unique name xilinx:basys3::0.0
TRACE::2026-05-27.11:56:36::SCWPlatform::Trying to set the existing hwdb with name top_0
TRACE::2026-05-27.11:56:36::SCWPlatform::Opened existing hwdb top_0
TRACE::2026-05-27.11:56:36::SCWPlatform::Found the Hw Db part of the input DSA
TRACE::2026-05-27.11:56:36::SCWMssOS::Checking the sw design at  D:/vivado_pj/workspace_spi_master_ip/top/microblaze_0/standalone_microblaze_0/bsp/system.mss
TRACE::2026-05-27.11:56:36::SCWMssOS::DEBUG:  swdes dump  D:/vivado_pj/workspace_spi_master_ip/top/microblaze_0/standalone_microblaze_0/bsp/system.mss|system||

TRACE::2026-05-27.11:56:36::SCWMssOS::Sw design exists and opened at  D:/vivado_pj/workspace_spi_master_ip/top/microblaze_0/standalone_microblaze_0/bsp/system.mss
TRACE::2026-05-27.11:56:36::SCWMssOS::Completed writing the mss file at D:/vivado_pj/workspace_spi_master_ip/top/microblaze_0/standalone_microblaze_0/bsp
TRACE::2026-05-27.11:56:36::SCWMssOS::Mss edits present, copying mssfile into export location D:/vivado_pj/workspace_spi_master_ip/top/microblaze_0/standalone_microblaze_0/bsp/system.mss
TRACE::2026-05-27.11:56:36::SCWMssOS::bsp generated is upto date with the mss file. Skipping bsp generation.
TRACE::2026-05-27.11:56:36::SCWMssOS::BSP is already built. skipping the bsp build ... 
TRACE::2026-05-27.11:56:36::SCWDomain::Building the domain as part of full build :  standalone_microblaze_0
TRACE::2026-05-27.11:56:36::SCWMssOS::doing bsp build ... 
TRACE::2026-05-27.11:56:36::SCWMssOS::System Command Ran  D: & cd  D:/vivado_pj/workspace_spi_master_ip/top/microblaze_0/standalone_microblaze_0/bsp & make 
TRACE::2026-05-27.11:56:37::SCWMssOS::make --no-print-directory seq_libs

TRACE::2026-05-27.11:56:37::SCWMssOS::'Finished building libraries sequentially.'

TRACE::2026-05-27.11:56:37::SCWMssOS::make -j 18 --no-print-directory par_libs

TRACE::2026-05-27.11:56:37::SCWMssOS::"Running Make include in microblaze_0/libsrc/bram_v4_8/src"

TRACE::2026-05-27.11:56:37::SCWMssOS::make -C microblaze_0/libsrc/bram_v4_8/src -s include  "SHELL=CMD" "COMPILER=mb-gcc" "ASSEMBLER=mb-as" "ARCHIVER=mb-ar" "COMPILE
TRACE::2026-05-27.11:56:37::SCWMssOS::R_FLAGS=  -O2 -c -mcpu=v11.0 -mlittle-endian -mxl-soft-mul" "EXTRA_COMPILER_FLAGS=-g -ffunction-sections -fdata-sections -Wall 
TRACE::2026-05-27.11:56:37::SCWMssOS::-Wextra -fno-tree-loop-distribute-patterns"

TRACE::2026-05-27.11:56:37::SCWMssOS::"Running Make include in microblaze_0/libsrc/cpu_v2_17/src"

TRACE::2026-05-27.11:56:37::SCWMssOS::make -C microblaze_0/libsrc/cpu_v2_17/src -s include  "SHELL=CMD" "COMPILER=mb-gcc" "ASSEMBLER=mb-as" "ARCHIVER=mb-ar" "COMPILE
TRACE::2026-05-27.11:56:37::SCWMssOS::R_FLAGS=  -O2 -c -mcpu=v11.0 -mlittle-endian -mxl-soft-mul" "EXTRA_COMPILER_FLAGS=-g -ffunction-sections -fdata-sections -Wall 
TRACE::2026-05-27.11:56:37::SCWMssOS::-Wextra -fno-tree-loop-distribute-patterns"

TRACE::2026-05-27.11:56:37::SCWMssOS::"Running Make include in microblaze_0/libsrc/spi_v4_10/src"

TRACE::2026-05-27.11:56:37::SCWMssOS::make -C microblaze_0/libsrc/spi_v4_10/src -s include  "SHELL=CMD" "COMPILER=mb-gcc" "ASSEMBLER=mb-as" "ARCHIVER=mb-ar" "COMPILE
TRACE::2026-05-27.11:56:37::SCWMssOS::R_FLAGS=  -O2 -c -mcpu=v11.0 -mlittle-endian -mxl-soft-mul" "EXTRA_COMPILER_FLAGS=-g -ffunction-sections -fdata-sections -Wall 
TRACE::2026-05-27.11:56:37::SCWMssOS::-Wextra -fno-tree-loop-distribute-patterns"

TRACE::2026-05-27.11:56:37::SCWMssOS::"Running Make include in microblaze_0/libsrc/standalone_v8_1/src"

TRACE::2026-05-27.11:56:37::SCWMssOS::make -C microblaze_0/libsrc/standalone_v8_1/src -s include  "SHELL=CMD" "COMPILER=mb-gcc" "ASSEMBLER=mb-as" "ARCHIVER=mb-ar" "C
TRACE::2026-05-27.11:56:37::SCWMssOS::OMPILER_FLAGS=  -O2 -c -mcpu=v11.0 -mlittle-endian -mxl-soft-mul" "EXTRA_COMPILER_FLAGS=-g -ffunction-sections -fdata-sections 
TRACE::2026-05-27.11:56:37::SCWMssOS::-Wall -Wextra -fno-tree-loop-distribute-patterns"

TRACE::2026-05-27.11:56:37::SCWMssOS::"Running Make include in microblaze_0/libsrc/uartlite_v3_8/src"

TRACE::2026-05-27.11:56:37::SCWMssOS::make -C microblaze_0/libsrc/uartlite_v3_8/src -s include  "SHELL=CMD" "COMPILER=mb-gcc" "ASSEMBLER=mb-as" "ARCHIVER=mb-ar" "COM
TRACE::2026-05-27.11:56:37::SCWMssOS::PILER_FLAGS=  -O2 -c -mcpu=v11.0 -mlittle-endian -mxl-soft-mul" "EXTRA_COMPILER_FLAGS=-g -ffunction-sections -fdata-sections -W
TRACE::2026-05-27.11:56:37::SCWMssOS::all -Wextra -fno-tree-loop-distribute-patterns"

TRACE::2026-05-27.11:56:37::SCWMssOS::"Running Make libs in microblaze_0/libsrc/bram_v4_8/src"

TRACE::2026-05-27.11:56:37::SCWMssOS::make -C microblaze_0/libsrc/bram_v4_8/src -s libs  "SHELL=CMD" "COMPILER=mb-gcc" "ASSEMBLER=mb-as" "ARCHIVER=mb-ar" "COMPILER_F
TRACE::2026-05-27.11:56:37::SCWMssOS::LAGS=  -O2 -c -mcpu=v11.0 -mlittle-endian -mxl-soft-mul" "EXTRA_COMPILER_FLAGS=-g -ffunction-sections -fdata-sections -Wall -We
TRACE::2026-05-27.11:56:37::SCWMssOS::xtra -fno-tree-loop-distribute-patterns"

TRACE::2026-05-27.11:56:37::SCWMssOS::"Running Make libs in microblaze_0/libsrc/cpu_v2_17/src"

TRACE::2026-05-27.11:56:37::SCWMssOS::make -C microblaze_0/libsrc/cpu_v2_17/src -s libs  "SHELL=CMD" "COMPILER=mb-gcc" "ASSEMBLER=mb-as" "ARCHIVER=mb-ar" "COMPILER_F
TRACE::2026-05-27.11:56:37::SCWMssOS::LAGS=  -O2 -c -mcpu=v11.0 -mlittle-endian -mxl-soft-mul" "EXTRA_COMPILER_FLAGS=-g -ffunction-sections -fdata-sections -Wall -We
TRACE::2026-05-27.11:56:37::SCWMssOS::xtra -fno-tree-loop-distribute-patterns"

TRACE::2026-05-27.11:56:37::SCWMssOS::"Running Make libs in microblaze_0/libsrc/spi_v4_10/src"

TRACE::2026-05-27.11:56:37::SCWMssOS::make -C microblaze_0/libsrc/spi_v4_10/src -s libs  "SHELL=CMD" "COMPILER=mb-gcc" "ASSEMBLER=mb-as" "ARCHIVER=mb-ar" "COMPILER_F
TRACE::2026-05-27.11:56:37::SCWMssOS::LAGS=  -O2 -c -mcpu=v11.0 -mlittle-endian -mxl-soft-mul" "EXTRA_COMPILER_FLAGS=-g -ffunction-sections -fdata-sections -Wall -We
TRACE::2026-05-27.11:56:37::SCWMssOS::xtra -fno-tree-loop-distribute-patterns"

TRACE::2026-05-27.11:56:37::SCWMssOS::"Running Make libs in microblaze_0/libsrc/standalone_v8_1/src"

TRACE::2026-05-27.11:56:37::SCWMssOS::make -C microblaze_0/libsrc/standalone_v8_1/src -s libs  "SHELL=CMD" "COMPILER=mb-gcc" "ASSEMBLER=mb-as" "ARCHIVER=mb-ar" "COMP
TRACE::2026-05-27.11:56:37::SCWMssOS::ILER_FLAGS=  -O2 -c -mcpu=v11.0 -mlittle-endian -mxl-soft-mul" "EXTRA_COMPILER_FLAGS=-g -ffunction-sections -fdata-sections -Wa
TRACE::2026-05-27.11:56:37::SCWMssOS::ll -Wextra -fno-tree-loop-distribute-patterns"

TRACE::2026-05-27.11:56:37::SCWMssOS::"Running Make libs in microblaze_0/libsrc/uartlite_v3_8/src"

TRACE::2026-05-27.11:56:37::SCWMssOS::make -C microblaze_0/libsrc/uartlite_v3_8/src -s libs  "SHELL=CMD" "COMPILER=mb-gcc" "ASSEMBLER=mb-as" "ARCHIVER=mb-ar" "COMPIL
TRACE::2026-05-27.11:56:37::SCWMssOS::ER_FLAGS=  -O2 -c -mcpu=v11.0 -mlittle-endian -mxl-soft-mul" "EXTRA_COMPILER_FLAGS=-g -ffunction-sections -fdata-sections -Wall
TRACE::2026-05-27.11:56:37::SCWMssOS:: -Wextra -fno-tree-loop-distribute-patterns"

TRACE::2026-05-27.11:56:38::SCWMssOS::"DEBUG NON_LTO_OBJECTS is ../../../lib/microblaze_interrupt_handler.o"

TRACE::2026-05-27.11:56:39::SCWMssOS::'Finished building libraries parallelly.'

TRACE::2026-05-27.11:56:39::SCWMssOS::make --no-print-directory archive

TRACE::2026-05-27.11:56:39::SCWMssOS::mb-ar -r  microblaze_0/lib/libxil.a microblaze_0/lib/_exit.o microblaze_0/lib/errno.o microblaze_0/lib/fcntl.o microblaze_0/lib
TRACE::2026-05-27.11:56:39::SCWMssOS::/hw_exception_handler.o microblaze_0/lib/inbyte.o microblaze_0/lib/microblaze_disable_dcache.o microblaze_0/lib/microblaze_disa
TRACE::2026-05-27.11:56:39::SCWMssOS::ble_exceptions.o microblaze_0/lib/microblaze_disable_icache.o microblaze_0/lib/microblaze_disable_interrupts.o microblaze_0/lib
TRACE::2026-05-27.11:56:39::SCWMssOS::/microblaze_enable_dcache.o microblaze_0/lib/microblaze_enable_exceptions.o microblaze_0/lib/microblaze_enable_icache.o microbl
TRACE::2026-05-27.11:56:39::SCWMssOS::aze_0/lib/microblaze_enable_interrupts.o microblaze_0/lib/microblaze_exception_handler.o microblaze_0/lib/microblaze_flush_cach
TRACE::2026-05-27.11:56:39::SCWMssOS::e_ext.o microblaze_0/lib/microblaze_flush_cache_ext_range.o microblaze_0/lib/microblaze_flush_dcache.o microblaze_0/lib/microbl
TRACE::2026-05-27.11:56:39::SCWMssOS::aze_flush_dcache_range.o microblaze_0/lib/microblaze_init_dcache_range.o microblaze_0/lib/microblaze_init_icache_range.o microb
TRACE::2026-05-27.11:56:39::SCWMssOS::laze_0/lib/microblaze_interrupt_handler.o microblaze_0/lib/microblaze_interrupts_g.o microblaze_0/lib/microblaze_invalidate_cac
TRACE::2026-05-27.11:56:39::SCWMssOS::he_ext.o microblaze_0/lib/microblaze_invalidate_cache_ext_range.o microblaze_0/lib/microblaze_invalidate_dcache.o microblaze_0/
TRACE::2026-05-27.11:56:39::SCWMssOS::lib/microblaze_invalidate_dcache_range.o microblaze_0/lib/microblaze_invalidate_icache.o microblaze_0/lib/microblaze_invalidate
TRACE::2026-05-27.11:56:39::SCWMssOS::_icache_range.o microblaze_0/lib/microblaze_scrub.o microblaze_0/lib/microblaze_selftest.o microblaze_0/lib/microblaze_sleep.o 
TRACE::2026-05-27.11:56:39::SCWMssOS::microblaze_0/lib/microblaze_update_dcache.o microblaze_0/lib/microblaze_update_icache.o microblaze_0/lib/outbyte.o microblaze_0
TRACE::2026-05-27.11:56:39::SCWMssOS::/lib/print.o microblaze_0/lib/pvr.o microblaze_0/lib/xbram.o microblaze_0/lib/xbram_g.o microblaze_0/lib/xbram_intr.o microblaz
TRACE::2026-05-27.11:56:39::SCWMssOS::e_0/lib/xbram_selftest.o microblaze_0/lib/xbram_sinit.o microblaze_0/lib/xil_assert.o microblaze_0/lib/xil_cache.o microblaze_0
TRACE::2026-05-27.11:56:39::SCWMssOS::/lib/xil_clocking.o microblaze_0/lib/xil_exception.o microblaze_0/lib/xil_mem.o microblaze_0/lib/xil_misc_psreset_api.o microbl
TRACE::2026-05-27.11:56:39::SCWMssOS::aze_0/lib/xil_printf.o microblaze_0/lib/xil_sleepcommon.o microblaze_0/lib/xil_testcache.o microblaze_0/lib/xil_testio.o microb
TRACE::2026-05-27.11:56:39::SCWMssOS::laze_0/lib/xil_testmem.o microblaze_0/lib/xil_util.o microblaze_0/lib/xinterrupt_wrap.o microblaze_0/lib/xio.o microblaze_0/lib
TRACE::2026-05-27.11:56:39::SCWMssOS::/xplatform_info.o microblaze_0/lib/xspi.o microblaze_0/lib/xspi_g.o microblaze_0/lib/xspi_options.o microblaze_0/lib/xspi_selft
TRACE::2026-05-27.11:56:39::SCWMssOS::est.o microblaze_0/lib/xspi_sinit.o microblaze_0/lib/xspi_stats.o microblaze_0/lib/xuartlite.o microblaze_0/lib/xuartlite_g.o m
TRACE::2026-05-27.11:56:39::SCWMssOS::icroblaze_0/lib/xuartlite_intr.o microblaze_0/lib/xuartlite_l.o microblaze_0/lib/xuartlite_selftest.o microblaze_0/lib/xuartlit
TRACE::2026-05-27.11:56:39::SCWMssOS::e_sinit.o microblaze_0/lib/xuartlite_stats.o

TRACE::2026-05-27.11:56:39::SCWMssOS::'Finished building libraries'

TRACE::2026-05-27.11:56:39::SCWMssOS::Copying to export directory.
TRACE::2026-05-27.11:56:39::SCWMssOS:: Checking if to create the Supporting Applications
TRACE::2026-05-27.11:56:39::SCWMssOS:: No Linux domain exists, trying to generate FSBL 
LOG::2026-05-27.11:56:39::SCWSystem::Completed Processing the domain standalone_microblaze_0
LOG::2026-05-27.11:56:39::SCWSystem::Completed Processing the sysconfig top
LOG::2026-05-27.11:56:39::SCWPlatform::Completed generating the artifacts for system configuration top
TRACE::2026-05-27.11:56:39::SCWPlatform::Started preparing the platform 
TRACE::2026-05-27.11:56:39::SCWSystem::Writing the bif file for system config top
TRACE::2026-05-27.11:56:39::SCWSystem::dir created 
TRACE::2026-05-27.11:56:39::SCWSystem::Writing the bif 
TRACE::2026-05-27.11:56:39::SCWPlatform::Started writing the spfm file 
TRACE::2026-05-27.11:56:39::SCWPlatform::Started writing the xpfm file 
TRACE::2026-05-27.11:56:39::SCWPlatform::Completed generating the platform
TRACE::2026-05-27.11:56:39::SCWMssOS::Saving the mss changes D:/vivado_pj/workspace_spi_master_ip/top/microblaze_0/standalone_microblaze_0/bsp/system.mss
TRACE::2026-05-27.11:56:39::SCWMssOS::Found a swdesign opened with the mssfile.
TRACE::2026-05-27.11:56:39::SCWMssOS::Completed writemss as part of save.
TRACE::2026-05-27.11:56:39::SCWMssOS::Commit changes completed.
TRACE::2026-05-27.11:56:39::SCWPlatform::Trying to open the hw design at D:/vivado_pj/workspace_spi_master_ip/top/hw/top.xsa
TRACE::2026-05-27.11:56:39::SCWPlatform::DSA given D:/vivado_pj/workspace_spi_master_ip/top/hw/top.xsa
TRACE::2026-05-27.11:56:39::SCWPlatform::DSA absoulate path D:/vivado_pj/workspace_spi_master_ip/top/hw/top.xsa
TRACE::2026-05-27.11:56:39::SCWPlatform::DSA directory D:/vivado_pj/workspace_spi_master_ip/top/hw
TRACE::2026-05-27.11:56:39::SCWPlatform:: Platform Path D:/vivado_pj/workspace_spi_master_ip/top/hw/top.xsa
TRACE::2026-05-27.11:56:39::SCWPlatform:: Unique name xilinx:basys3::0.0
TRACE::2026-05-27.11:56:39::SCWPlatform::Trying to set the existing hwdb with name top_0
TRACE::2026-05-27.11:56:39::SCWPlatform::Opened existing hwdb top_0
TRACE::2026-05-27.11:56:39::SCWPlatform::Found the Hw Db part of the input DSA
TRACE::2026-05-27.11:56:39::SCWMssOS::Checking the sw design at  D:/vivado_pj/workspace_spi_master_ip/top/microblaze_0/standalone_microblaze_0/bsp/system.mss
TRACE::2026-05-27.11:56:39::SCWMssOS::DEBUG:  swdes dump  D:/vivado_pj/workspace_spi_master_ip/top/microblaze_0/standalone_microblaze_0/bsp/system.mss|system||

TRACE::2026-05-27.11:56:39::SCWMssOS::Sw design exists and opened at  D:/vivado_pj/workspace_spi_master_ip/top/microblaze_0/standalone_microblaze_0/bsp/system.mss
TRACE::2026-05-27.11:56:39::SCWPlatform::Trying to open the hw design at D:/vivado_pj/workspace_spi_master_ip/top/hw/top.xsa
TRACE::2026-05-27.11:56:39::SCWPlatform::DSA given D:/vivado_pj/workspace_spi_master_ip/top/hw/top.xsa
TRACE::2026-05-27.11:56:39::SCWPlatform::DSA absoulate path D:/vivado_pj/workspace_spi_master_ip/top/hw/top.xsa
TRACE::2026-05-27.11:56:39::SCWPlatform::DSA directory D:/vivado_pj/workspace_spi_master_ip/top/hw
TRACE::2026-05-27.11:56:39::SCWPlatform:: Platform Path D:/vivado_pj/workspace_spi_master_ip/top/hw/top.xsa
TRACE::2026-05-27.11:56:39::SCWPlatform:: Unique name xilinx:basys3::0.0
TRACE::2026-05-27.11:56:39::SCWPlatform::Trying to set the existing hwdb with name top_0
TRACE::2026-05-27.11:56:39::SCWPlatform::Opened existing hwdb top_0
TRACE::2026-05-27.11:56:39::SCWPlatform::Found the Hw Db part of the input DSA
TRACE::2026-05-27.11:56:39::SCWMssOS::Checking the sw design at  D:/vivado_pj/workspace_spi_master_ip/top/microblaze_0/standalone_microblaze_0/bsp/system.mss
TRACE::2026-05-27.11:56:39::SCWMssOS::DEBUG:  swdes dump  D:/vivado_pj/workspace_spi_master_ip/top/microblaze_0/standalone_microblaze_0/bsp/system.mss|system||

TRACE::2026-05-27.11:56:39::SCWMssOS::Sw design exists and opened at  D:/vivado_pj/workspace_spi_master_ip/top/microblaze_0/standalone_microblaze_0/bsp/system.mss
TRACE::2026-05-27.11:56:39::SCWPlatform::Trying to open the hw design at D:/vivado_pj/workspace_spi_master_ip/top/hw/top.xsa
TRACE::2026-05-27.11:56:39::SCWPlatform::DSA given D:/vivado_pj/workspace_spi_master_ip/top/hw/top.xsa
TRACE::2026-05-27.11:56:39::SCWPlatform::DSA absoulate path D:/vivado_pj/workspace_spi_master_ip/top/hw/top.xsa
TRACE::2026-05-27.11:56:39::SCWPlatform::DSA directory D:/vivado_pj/workspace_spi_master_ip/top/hw
TRACE::2026-05-27.11:56:39::SCWPlatform:: Platform Path D:/vivado_pj/workspace_spi_master_ip/top/hw/top.xsa
TRACE::2026-05-27.11:56:39::SCWPlatform:: Unique name xilinx:basys3::0.0
TRACE::2026-05-27.11:56:39::SCWPlatform::Trying to set the existing hwdb with name top_0
TRACE::2026-05-27.11:56:39::SCWPlatform::Opened existing hwdb top_0
TRACE::2026-05-27.11:56:39::SCWPlatform::Found the Hw Db part of the input DSA
TRACE::2026-05-27.11:56:39::SCWMssOS::Checking the sw design at  D:/vivado_pj/workspace_spi_master_ip/top/microblaze_0/standalone_microblaze_0/bsp/system.mss
TRACE::2026-05-27.11:56:39::SCWMssOS::DEBUG:  swdes dump  D:/vivado_pj/workspace_spi_master_ip/top/microblaze_0/standalone_microblaze_0/bsp/system.mss|system||

TRACE::2026-05-27.11:56:39::SCWMssOS::Sw design exists and opened at  D:/vivado_pj/workspace_spi_master_ip/top/microblaze_0/standalone_microblaze_0/bsp/system.mss
TRACE::2026-05-27.11:56:39::SCWWriter::formatted JSON is {
	"platformName":	"top",
	"sprVersion":	"2.0",
	"mode":	"gui",
	"dsaType":	"Fixed",
	"platformDesc":	"top",
	"platHandOff":	"D:/vivado_pj/spi_master_ip/top.xsa",
	"platIntHandOff":	"<platformDir>/hw/top.xsa",
	"deviceType":	"FPGA",
	"platIsPrebuiltAutogen":	"false",
	"platIsNoBootBsp":	"false",
	"hasFsblMakeHasChanges":	"false",
	"hasPmufwMakeHasChanges":	"false",
	"platPreBuiltFlag":	false,
	"platformSamplesDir":	"",
	"platActiveSys":	"top",
	"systems":	[{
			"systemName":	"top",
			"systemDesc":	"top",
			"sysIsBootAutoGen":	"true",
			"systemDispName":	"top",
			"sysActiveDom":	"standalone_microblaze_0",
			"sysDefaultDom":	"standalone_microblaze_0",
			"domains":	[{
					"domainName":	"standalone_microblaze_0",
					"domainDispName":	"standalone_microblaze_0",
					"domainDesc":	"standalone_microblaze_0",
					"processors":	"microblaze_0",
					"os":	"standalone",
					"sdxOs":	"standalone",
					"debugEnable":	"False",
					"domRuntimes":	["cpp"],
					"swRepo":	"",
					"mssOsVer":	"8.1",
					"mssFile":	"",
					"md5Digest":	"5812862c76d5b5994f0cb83925c6f12c",
					"compatibleApp":	"hello_world",
					"domType":	"mssDomain",
					"arch":	"32-bit",
					"appSettings":	{
						"appCompilerFlags":	"",
						"appLinkerFlags":	""
					},
					"addedLibs":	[],
					"libOptions":	{
						"libsContainingOptions":	[]
					},
					"prebuiltLibs":	{
						"prebuiltIncPath":	[],
						"prebuiltLibPath":	[]
					},
					"isolation":	{
					}
				}]
		}]
}
KEYINFO::2026-05-27.11:56:39::SCWPlatform::updated the xpfm file.
TRACE::2026-05-27.11:56:40::SCWPlatform::Trying to open the hw design at D:/vivado_pj/workspace_spi_master_ip/top/hw/top.xsa
TRACE::2026-05-27.11:56:40::SCWPlatform::DSA given D:/vivado_pj/workspace_spi_master_ip/top/hw/top.xsa
TRACE::2026-05-27.11:56:40::SCWPlatform::DSA absoulate path D:/vivado_pj/workspace_spi_master_ip/top/hw/top.xsa
TRACE::2026-05-27.11:56:40::SCWPlatform::DSA directory D:/vivado_pj/workspace_spi_master_ip/top/hw
TRACE::2026-05-27.11:56:40::SCWPlatform:: Platform Path D:/vivado_pj/workspace_spi_master_ip/top/hw/top.xsa
TRACE::2026-05-27.11:56:40::SCWPlatform:: Unique name xilinx:basys3::0.0
TRACE::2026-05-27.11:56:40::SCWPlatform::Trying to set the existing hwdb with name top_0
TRACE::2026-05-27.11:56:40::SCWPlatform::Opened existing hwdb top_0
TRACE::2026-05-27.11:56:40::SCWPlatform::Found the Hw Db part of the input DSA
TRACE::2026-05-27.11:56:40::SCWMssOS::Checking the sw design at  D:/vivado_pj/workspace_spi_master_ip/top/microblaze_0/standalone_microblaze_0/bsp/system.mss
TRACE::2026-05-27.11:56:40::SCWMssOS::DEBUG:  swdes dump  D:/vivado_pj/workspace_spi_master_ip/top/microblaze_0/standalone_microblaze_0/bsp/system.mss|system||

TRACE::2026-05-27.11:56:40::SCWMssOS::Sw design exists and opened at  D:/vivado_pj/workspace_spi_master_ip/top/microblaze_0/standalone_microblaze_0/bsp/system.mss
