
*** Running vivado
    with args -log pwm_test_wrapper.vdi -applog -m64 -product Vivado -messageDb vivado.pb -mode batch -source pwm_test_wrapper.tcl -notrace



****** Vivado v2023.1 (64-bit)
  **** SW Build 3865809 on Sun May  7 15:05:29 MDT 2023
  **** IP Build 3864474 on Sun May  7 20:36:21 MDT 2023
  **** SharedData Build 3865790 on Sun May 07 13:33:03 MDT 2023
    ** Copyright 1986-2022 Xilinx, Inc. All Rights Reserved.
    ** Copyright 2022-2023 Advanced Micro Devices, Inc. All Rights Reserved.

source pwm_test_wrapper.tcl -notrace
INFO: [IP_Flow 19-234] Refreshing IP repositories
INFO: [IP_Flow 19-1700] Loaded user IP repository 'h:/Xilinx/ip_folder'.
INFO: [IP_Flow 19-2313] Loaded Vivado IP repository 'H:/Xilinx/Vivado/2023.1/data/ip'.
Command: link_design -top pwm_test_wrapper -part xc7a35tcpg236-1
Design is defaulting to srcset: sources_1
Design is defaulting to constrset: constrs_1
INFO: [Device 21-403] Loading part xc7a35tcpg236-1
INFO: [Project 1-454] Reading design checkpoint 'h:/pwm_control_ip/pwm_control_ip.gen/sources_1/bd/pwm_test/ip/pwm_test_axi_gpio_0_1/pwm_test_axi_gpio_0_1.dcp' for cell 'pwm_test_i/axi_gpio_0'
INFO: [Project 1-454] Reading design checkpoint 'h:/pwm_control_ip/pwm_control_ip.gen/sources_1/bd/pwm_test/ip/pwm_test_axi_uartlite_0_1/pwm_test_axi_uartlite_0_1.dcp' for cell 'pwm_test_i/axi_uartlite_0'
INFO: [Project 1-454] Reading design checkpoint 'h:/pwm_control_ip/pwm_control_ip.gen/sources_1/bd/pwm_test/ip/pwm_test_clk_wiz_1_1/pwm_test_clk_wiz_1_1.dcp' for cell 'pwm_test_i/clk_wiz_1'
INFO: [Project 1-454] Reading design checkpoint 'h:/pwm_control_ip/pwm_control_ip.gen/sources_1/bd/pwm_test/ip/pwm_test_mdm_1_1/pwm_test_mdm_1_1.dcp' for cell 'pwm_test_i/mdm_1'
INFO: [Project 1-454] Reading design checkpoint 'h:/pwm_control_ip/pwm_control_ip.gen/sources_1/bd/pwm_test/ip/pwm_test_microblaze_0_1/pwm_test_microblaze_0_1.dcp' for cell 'pwm_test_i/microblaze_0'
INFO: [Project 1-454] Reading design checkpoint 'h:/pwm_control_ip/pwm_control_ip.gen/sources_1/bd/pwm_test/ip/pwm_test_microblaze_0_axi_intc_1/pwm_test_microblaze_0_axi_intc_1.dcp' for cell 'pwm_test_i/microblaze_0_axi_intc'
INFO: [Project 1-454] Reading design checkpoint 'h:/pwm_control_ip/pwm_control_ip.gen/sources_1/bd/pwm_test/ip/pwm_test_pwm_axi_v1_0_0_1/pwm_test_pwm_axi_v1_0_0_1.dcp' for cell 'pwm_test_i/pwm_axi_v1_0_0'
INFO: [Project 1-454] Reading design checkpoint 'h:/pwm_control_ip/pwm_control_ip.gen/sources_1/bd/pwm_test/ip/pwm_test_rst_clk_wiz_1_100M_1/pwm_test_rst_clk_wiz_1_100M_1.dcp' for cell 'pwm_test_i/rst_clk_wiz_1_100M'
INFO: [Project 1-454] Reading design checkpoint 'h:/pwm_control_ip/pwm_control_ip.gen/sources_1/bd/pwm_test/ip/pwm_test_xbar_1/pwm_test_xbar_1.dcp' for cell 'pwm_test_i/microblaze_0_axi_periph/xbar'
INFO: [Project 1-454] Reading design checkpoint 'h:/pwm_control_ip/pwm_control_ip.gen/sources_1/bd/pwm_test/ip/pwm_test_dlmb_bram_if_cntlr_1/pwm_test_dlmb_bram_if_cntlr_1.dcp' for cell 'pwm_test_i/microblaze_0_local_memory/dlmb_bram_if_cntlr'
INFO: [Project 1-454] Reading design checkpoint 'h:/pwm_control_ip/pwm_control_ip.gen/sources_1/bd/pwm_test/ip/pwm_test_dlmb_v10_1/pwm_test_dlmb_v10_1.dcp' for cell 'pwm_test_i/microblaze_0_local_memory/dlmb_v10'
INFO: [Project 1-454] Reading design checkpoint 'h:/pwm_control_ip/pwm_control_ip.gen/sources_1/bd/pwm_test/ip/pwm_test_ilmb_bram_if_cntlr_1/pwm_test_ilmb_bram_if_cntlr_1.dcp' for cell 'pwm_test_i/microblaze_0_local_memory/ilmb_bram_if_cntlr'
INFO: [Project 1-454] Reading design checkpoint 'h:/pwm_control_ip/pwm_control_ip.gen/sources_1/bd/pwm_test/ip/pwm_test_ilmb_v10_1/pwm_test_ilmb_v10_1.dcp' for cell 'pwm_test_i/microblaze_0_local_memory/ilmb_v10'
INFO: [Project 1-454] Reading design checkpoint 'h:/pwm_control_ip/pwm_control_ip.gen/sources_1/bd/pwm_test/ip/pwm_test_lmb_bram_1/pwm_test_lmb_bram_1.dcp' for cell 'pwm_test_i/microblaze_0_local_memory/lmb_bram'
Netlist sorting complete. Time (s): cpu = 00:00:00 ; elapsed = 00:00:00.098 . Memory (MB): peak = 1966.293 ; gain = 0.000
INFO: [Netlist 29-17] Analyzing 292 Unisim elements for replacement
INFO: [Netlist 29-28] Unisim Transformation completed in 0 CPU seconds
INFO: [Project 1-479] Netlist was created with Vivado 2023.1
INFO: [Project 1-570] Preparing netlist for logic optimization
Parsing XDC File [h:/pwm_control_ip/pwm_control_ip.gen/sources_1/bd/pwm_test/ip/pwm_test_microblaze_0_1/pwm_test_microblaze_0_1.xdc] for cell 'pwm_test_i/microblaze_0/U0'
Finished Parsing XDC File [h:/pwm_control_ip/pwm_control_ip.gen/sources_1/bd/pwm_test/ip/pwm_test_microblaze_0_1/pwm_test_microblaze_0_1.xdc] for cell 'pwm_test_i/microblaze_0/U0'
Parsing XDC File [h:/pwm_control_ip/pwm_control_ip.gen/sources_1/bd/pwm_test/ip/pwm_test_axi_uartlite_0_1/pwm_test_axi_uartlite_0_1_board.xdc] for cell 'pwm_test_i/axi_uartlite_0/U0'
Finished Parsing XDC File [h:/pwm_control_ip/pwm_control_ip.gen/sources_1/bd/pwm_test/ip/pwm_test_axi_uartlite_0_1/pwm_test_axi_uartlite_0_1_board.xdc] for cell 'pwm_test_i/axi_uartlite_0/U0'
Parsing XDC File [h:/pwm_control_ip/pwm_control_ip.gen/sources_1/bd/pwm_test/ip/pwm_test_axi_uartlite_0_1/pwm_test_axi_uartlite_0_1.xdc] for cell 'pwm_test_i/axi_uartlite_0/U0'
Finished Parsing XDC File [h:/pwm_control_ip/pwm_control_ip.gen/sources_1/bd/pwm_test/ip/pwm_test_axi_uartlite_0_1/pwm_test_axi_uartlite_0_1.xdc] for cell 'pwm_test_i/axi_uartlite_0/U0'
Parsing XDC File [h:/pwm_control_ip/pwm_control_ip.gen/sources_1/bd/pwm_test/ip/pwm_test_axi_gpio_0_1/pwm_test_axi_gpio_0_1_board.xdc] for cell 'pwm_test_i/axi_gpio_0/U0'
Finished Parsing XDC File [h:/pwm_control_ip/pwm_control_ip.gen/sources_1/bd/pwm_test/ip/pwm_test_axi_gpio_0_1/pwm_test_axi_gpio_0_1_board.xdc] for cell 'pwm_test_i/axi_gpio_0/U0'
Parsing XDC File [h:/pwm_control_ip/pwm_control_ip.gen/sources_1/bd/pwm_test/ip/pwm_test_axi_gpio_0_1/pwm_test_axi_gpio_0_1.xdc] for cell 'pwm_test_i/axi_gpio_0/U0'
Finished Parsing XDC File [h:/pwm_control_ip/pwm_control_ip.gen/sources_1/bd/pwm_test/ip/pwm_test_axi_gpio_0_1/pwm_test_axi_gpio_0_1.xdc] for cell 'pwm_test_i/axi_gpio_0/U0'
Parsing XDC File [h:/pwm_control_ip/pwm_control_ip.gen/sources_1/bd/pwm_test/ip/pwm_test_microblaze_0_axi_intc_1/pwm_test_microblaze_0_axi_intc_1.xdc] for cell 'pwm_test_i/microblaze_0_axi_intc/U0'
Finished Parsing XDC File [h:/pwm_control_ip/pwm_control_ip.gen/sources_1/bd/pwm_test/ip/pwm_test_microblaze_0_axi_intc_1/pwm_test_microblaze_0_axi_intc_1.xdc] for cell 'pwm_test_i/microblaze_0_axi_intc/U0'
Parsing XDC File [h:/pwm_control_ip/pwm_control_ip.gen/sources_1/bd/pwm_test/ip/pwm_test_clk_wiz_1_1/pwm_test_clk_wiz_1_1_board.xdc] for cell 'pwm_test_i/clk_wiz_1/inst'
Finished Parsing XDC File [h:/pwm_control_ip/pwm_control_ip.gen/sources_1/bd/pwm_test/ip/pwm_test_clk_wiz_1_1/pwm_test_clk_wiz_1_1_board.xdc] for cell 'pwm_test_i/clk_wiz_1/inst'
Parsing XDC File [h:/pwm_control_ip/pwm_control_ip.gen/sources_1/bd/pwm_test/ip/pwm_test_clk_wiz_1_1/pwm_test_clk_wiz_1_1.xdc] for cell 'pwm_test_i/clk_wiz_1/inst'
INFO: [Timing 38-35] Done setting XDC timing constraints. [h:/pwm_control_ip/pwm_control_ip.gen/sources_1/bd/pwm_test/ip/pwm_test_clk_wiz_1_1/pwm_test_clk_wiz_1_1.xdc:57]
INFO: [Timing 38-2] Deriving generated clocks [h:/pwm_control_ip/pwm_control_ip.gen/sources_1/bd/pwm_test/ip/pwm_test_clk_wiz_1_1/pwm_test_clk_wiz_1_1.xdc:57]
Finished Parsing XDC File [h:/pwm_control_ip/pwm_control_ip.gen/sources_1/bd/pwm_test/ip/pwm_test_clk_wiz_1_1/pwm_test_clk_wiz_1_1.xdc] for cell 'pwm_test_i/clk_wiz_1/inst'
Parsing XDC File [h:/pwm_control_ip/pwm_control_ip.gen/sources_1/bd/pwm_test/ip/pwm_test_rst_clk_wiz_1_100M_1/pwm_test_rst_clk_wiz_1_100M_1_board.xdc] for cell 'pwm_test_i/rst_clk_wiz_1_100M/U0'
Finished Parsing XDC File [h:/pwm_control_ip/pwm_control_ip.gen/sources_1/bd/pwm_test/ip/pwm_test_rst_clk_wiz_1_100M_1/pwm_test_rst_clk_wiz_1_100M_1_board.xdc] for cell 'pwm_test_i/rst_clk_wiz_1_100M/U0'
Parsing XDC File [h:/pwm_control_ip/pwm_control_ip.gen/sources_1/bd/pwm_test/ip/pwm_test_rst_clk_wiz_1_100M_1/pwm_test_rst_clk_wiz_1_100M_1.xdc] for cell 'pwm_test_i/rst_clk_wiz_1_100M/U0'
Finished Parsing XDC File [h:/pwm_control_ip/pwm_control_ip.gen/sources_1/bd/pwm_test/ip/pwm_test_rst_clk_wiz_1_100M_1/pwm_test_rst_clk_wiz_1_100M_1.xdc] for cell 'pwm_test_i/rst_clk_wiz_1_100M/U0'
Parsing XDC File [H:/pwm_control_ip/pwm_control_ip.srcs/constrs_1/new/pwm_test_xdc.xdc]
Finished Parsing XDC File [H:/pwm_control_ip/pwm_control_ip.srcs/constrs_1/new/pwm_test_xdc.xdc]
Parsing XDC File [h:/pwm_control_ip/pwm_control_ip.gen/sources_1/bd/pwm_test/ip/pwm_test_microblaze_0_axi_intc_1/pwm_test_microblaze_0_axi_intc_1_clocks.xdc] for cell 'pwm_test_i/microblaze_0_axi_intc/U0'
Finished Parsing XDC File [h:/pwm_control_ip/pwm_control_ip.gen/sources_1/bd/pwm_test/ip/pwm_test_microblaze_0_axi_intc_1/pwm_test_microblaze_0_axi_intc_1_clocks.xdc] for cell 'pwm_test_i/microblaze_0_axi_intc/U0'
Parsing XDC File [h:/pwm_control_ip/pwm_control_ip.gen/sources_1/bd/pwm_test/ip/pwm_test_mdm_1_1/pwm_test_mdm_1_1.xdc] for cell 'pwm_test_i/mdm_1/U0'
INFO: [Timing 38-2] Deriving generated clocks [h:/pwm_control_ip/pwm_control_ip.gen/sources_1/bd/pwm_test/ip/pwm_test_mdm_1_1/pwm_test_mdm_1_1.xdc:50]
Finished Parsing XDC File [h:/pwm_control_ip/pwm_control_ip.gen/sources_1/bd/pwm_test/ip/pwm_test_mdm_1_1/pwm_test_mdm_1_1.xdc] for cell 'pwm_test_i/mdm_1/U0'
INFO: [Opt 31-138] Pushed 0 inverter(s) to 0 load pin(s).
Generating merged BMM file for the design top 'pwm_test_wrapper'...
INFO: [Memdata 28-144] Successfully populated the BRAM INIT strings from the following elf files: h:/pwm_control_ip/pwm_control_ip.gen/sources_1/bd/pwm_test/ip/pwm_test_microblaze_0_1/data/mb_bootloop_le.elf 
Netlist sorting complete. Time (s): cpu = 00:00:00 ; elapsed = 00:00:00.003 . Memory (MB): peak = 2670.859 ; gain = 0.000
INFO: [Project 1-111] Unisim Transformation Summary:
  A total of 128 instances were transformed.
  LUT6_2 => LUT6_2 (LUT5, LUT6): 80 instances
  RAM16X1D => RAM32X1D (RAMD32(x2)): 32 instances
  RAM32M => RAM32M (RAMD32(x6), RAMS32(x2)): 16 instances

28 Infos, 0 Warnings, 0 Critical Warnings and 0 Errors encountered.
link_design completed successfully
link_design: Time (s): cpu = 00:00:09 ; elapsed = 00:00:12 . Memory (MB): peak = 2670.859 ; gain = 1148.910
Command: opt_design
Attempting to get a license for feature 'Implementation' and/or device 'xc7a35t'
INFO: [Common 17-349] Got license for feature 'Implementation' and/or device 'xc7a35t'
Running DRC as a precondition to command opt_design

Starting DRC Task
INFO: [DRC 23-27] Running DRC with 2 threads
INFO: [Project 1-461] DRC finished with 0 Errors
INFO: [Project 1-462] Please refer to the DRC report (report_drc) for more information.

Time (s): cpu = 00:00:01 ; elapsed = 00:00:00.591 . Memory (MB): peak = 2670.859 ; gain = 0.000

Starting Cache Timing Information Task
INFO: [Timing 38-35] Done setting XDC timing constraints.
Ending Cache Timing Information Task | Checksum: 59f96800

Time (s): cpu = 00:00:00 ; elapsed = 00:00:00.134 . Memory (MB): peak = 2690.215 ; gain = 19.355

Starting Logic Optimization Task

Phase 1 Retarget
INFO: [Opt 31-1566] Pulled 1 inverters resulting in an inversion of 14 pins
INFO: [Opt 31-138] Pushed 1 inverter(s) to 1 load pin(s).
INFO: [Opt 31-49] Retargeted 0 cell(s).
Phase 1 Retarget | Checksum: f52c8845

Time (s): cpu = 00:00:00 ; elapsed = 00:00:00.204 . Memory (MB): peak = 3031.781 ; gain = 0.000
INFO: [Opt 31-389] Phase Retarget created 93 cells and removed 159 cells
INFO: [Opt 31-1021] In phase Retarget, 7 netlist objects are constrained preventing optimization. Please run opt_design with -debug_log to get more detail. 

Phase 2 Constant propagation
INFO: [Opt 31-138] Pushed 0 inverter(s) to 0 load pin(s).
Phase 2 Constant propagation | Checksum: fc0d5705

Time (s): cpu = 00:00:00 ; elapsed = 00:00:00.226 . Memory (MB): peak = 3031.781 ; gain = 0.000
INFO: [Opt 31-389] Phase Constant propagation created 7 cells and removed 36 cells
INFO: [Opt 31-1021] In phase Constant propagation, 1 netlist objects are constrained preventing optimization. Please run opt_design with -debug_log to get more detail. 

Phase 3 Sweep
Phase 3 Sweep | Checksum: 176c9a979

Time (s): cpu = 00:00:01 ; elapsed = 00:00:00.318 . Memory (MB): peak = 3031.781 ; gain = 0.000
INFO: [Opt 31-389] Phase Sweep created 0 cells and removed 63 cells
INFO: [Opt 31-1021] In phase Sweep, 1 netlist objects are constrained preventing optimization. Please run opt_design with -debug_log to get more detail. 

Phase 4 BUFG optimization
INFO: [Opt 31-194] Inserted BUFG pwm_test_i/mdm_1/U0/Use_E2.BSCAN_I/Dbg_Update_0_BUFG_inst to drive 40 load(s) on clock net pwm_test_i/mdm_1/U0/Use_E2.BSCAN_I/Dbg_Update_0_BUFG
INFO: [Opt 31-193] Inserted 1 BUFG(s) on clock nets
Phase 4 BUFG optimization | Checksum: 13460ce38

Time (s): cpu = 00:00:01 ; elapsed = 00:00:00.364 . Memory (MB): peak = 3031.781 ; gain = 0.000
INFO: [Opt 31-662] Phase BUFG optimization created 1 cells of which 1 are BUFGs and removed 0 cells.

Phase 5 Shift Register Optimization
INFO: [Opt 31-1064] SRL Remap converted 0 SRLs to 0 registers and converted 0 registers of register chains to 0 SRLs
Phase 5 Shift Register Optimization | Checksum: 118e5515a

Time (s): cpu = 00:00:01 ; elapsed = 00:00:00.441 . Memory (MB): peak = 3031.781 ; gain = 0.000
INFO: [Opt 31-389] Phase Shift Register Optimization created 0 cells and removed 0 cells

Phase 6 Post Processing Netlist
Phase 6 Post Processing Netlist | Checksum: d7e935d5

Time (s): cpu = 00:00:01 ; elapsed = 00:00:00.459 . Memory (MB): peak = 3031.781 ; gain = 0.000
INFO: [Opt 31-389] Phase Post Processing Netlist created 0 cells and removed 0 cells
INFO: [Opt 31-1021] In phase Post Processing Netlist, 1 netlist objects are constrained preventing optimization. Please run opt_design with -debug_log to get more detail. 
Opt_design Change Summary
=========================


-------------------------------------------------------------------------------------------------------------------------
|  Phase                        |  #Cells created  |  #Cells Removed  |  #Constrained objects preventing optimizations  |
-------------------------------------------------------------------------------------------------------------------------
|  Retarget                     |              93  |             159  |                                              7  |
|  Constant propagation         |               7  |              36  |                                              1  |
|  Sweep                        |               0  |              63  |                                              1  |
|  BUFG optimization            |               1  |               0  |                                              0  |
|  Shift Register Optimization  |               0  |               0  |                                              0  |
|  Post Processing Netlist      |               0  |               0  |                                              1  |
-------------------------------------------------------------------------------------------------------------------------



Starting Connectivity Check Task

Time (s): cpu = 00:00:00 ; elapsed = 00:00:00.004 . Memory (MB): peak = 3031.781 ; gain = 0.000
Ending Logic Optimization Task | Checksum: dd4992f8

Time (s): cpu = 00:00:01 ; elapsed = 00:00:00.470 . Memory (MB): peak = 3031.781 ; gain = 0.000

Starting Power Optimization Task
INFO: [Pwropt 34-132] Skipping clock gating for clocks with a period < 2.00 ns.
INFO: [Pwropt 34-9] Applying IDT optimizations ...
INFO: [Pwropt 34-10] Applying ODC optimizations ...
INFO: [Timing 38-35] Done setting XDC timing constraints.
Running Vector-less Activity Propagation...

Finished Running Vector-less Activity Propagation


Starting PowerOpt Patch Enables Task
INFO: [Pwropt 34-162] WRITE_MODE attribute of 0 BRAM(s) out of a total of 8 has been updated to save power. Run report_power_opt to get a complete listing of the BRAMs updated.
INFO: [Pwropt 34-201] Structural ODC has moved 0 WE to EN ports
Number of BRAM Ports augmented: 0 newly gated: 0 Total Ports: 16
Ending PowerOpt Patch Enables Task | Checksum: dd4992f8

Time (s): cpu = 00:00:00 ; elapsed = 00:00:00.032 . Memory (MB): peak = 3128.168 ; gain = 0.000
Ending Power Optimization Task | Checksum: dd4992f8

Time (s): cpu = 00:00:01 ; elapsed = 00:00:01 . Memory (MB): peak = 3128.168 ; gain = 96.387

Starting Final Cleanup Task
Ending Final Cleanup Task | Checksum: dd4992f8

Time (s): cpu = 00:00:00 ; elapsed = 00:00:00.001 . Memory (MB): peak = 3128.168 ; gain = 0.000

Starting Netlist Obfuscation Task
Netlist sorting complete. Time (s): cpu = 00:00:00 ; elapsed = 00:00:00.003 . Memory (MB): peak = 3128.168 ; gain = 0.000
Ending Netlist Obfuscation Task | Checksum: dd4992f8

Time (s): cpu = 00:00:00 ; elapsed = 00:00:00.003 . Memory (MB): peak = 3128.168 ; gain = 0.000
INFO: [Common 17-83] Releasing license: Implementation
57 Infos, 0 Warnings, 0 Critical Warnings and 0 Errors encountered.
opt_design completed successfully
INFO: [runtcl-4] Executing : report_drc -file pwm_test_wrapper_drc_opted.rpt -pb pwm_test_wrapper_drc_opted.pb -rpx pwm_test_wrapper_drc_opted.rpx
Command: report_drc -file pwm_test_wrapper_drc_opted.rpt -pb pwm_test_wrapper_drc_opted.pb -rpx pwm_test_wrapper_drc_opted.rpx
INFO: [IP_Flow 19-1839] IP Catalog is up to date.
INFO: [DRC 23-27] Running DRC with 2 threads
INFO: [Vivado_Tcl 2-168] The results of DRC are in file H:/pwm_control_ip/pwm_control_ip.runs/impl_1/pwm_test_wrapper_drc_opted.rpt.
report_drc completed successfully
INFO: [Timing 38-35] Done setting XDC timing constraints.
INFO: [Timing 38-480] Writing timing data to binary archive.
Writing XDEF routing.
Writing XDEF routing logical nets.
Writing XDEF routing special nets.
Write XDEF Complete: Time (s): cpu = 00:00:00 ; elapsed = 00:00:00.053 . Memory (MB): peak = 3128.168 ; gain = 0.000
INFO: [Common 17-1381] The checkpoint 'H:/pwm_control_ip/pwm_control_ip.runs/impl_1/pwm_test_wrapper_opt.dcp' has been generated.
Command: place_design
Attempting to get a license for feature 'Implementation' and/or device 'xc7a35t'
INFO: [Common 17-349] Got license for feature 'Implementation' and/or device 'xc7a35t'
INFO: [DRC 23-27] Running DRC with 2 threads
INFO: [Vivado_Tcl 4-198] DRC finished with 0 Errors
INFO: [Vivado_Tcl 4-199] Please refer to the DRC report (report_drc) for more information.
Running DRC as a precondition to command place_design
INFO: [DRC 23-27] Running DRC with 2 threads
INFO: [Vivado_Tcl 4-198] DRC finished with 0 Errors
INFO: [Vivado_Tcl 4-199] Please refer to the DRC report (report_drc) for more information.

Starting Placer Task
INFO: [Place 30-611] Multithreading enabled for place_design using a maximum of 2 CPUs

Phase 1 Placer Initialization

Phase 1.1 Placer Initialization Netlist Sorting
Netlist sorting complete. Time (s): cpu = 00:00:00 ; elapsed = 00:00:00.003 . Memory (MB): peak = 3128.168 ; gain = 0.000
Phase 1.1 Placer Initialization Netlist Sorting | Checksum: 97a01f44

Time (s): cpu = 00:00:00 ; elapsed = 00:00:00.034 . Memory (MB): peak = 3128.168 ; gain = 0.000
Netlist sorting complete. Time (s): cpu = 00:00:00 ; elapsed = 00:00:00.002 . Memory (MB): peak = 3128.168 ; gain = 0.000

Phase 1.2 IO Placement/ Clock Placement/ Build Placer Device
Phase 1.2 IO Placement/ Clock Placement/ Build Placer Device | Checksum: 17a9f5d68

Time (s): cpu = 00:00:00 ; elapsed = 00:00:00.427 . Memory (MB): peak = 3128.168 ; gain = 0.000

Phase 1.3 Build Placer Netlist Model
Phase 1.3 Build Placer Netlist Model | Checksum: 21f973366

Time (s): cpu = 00:00:01 ; elapsed = 00:00:01 . Memory (MB): peak = 3128.168 ; gain = 0.000

Phase 1.4 Constrain Clocks/Macros
Phase 1.4 Constrain Clocks/Macros | Checksum: 21f973366

Time (s): cpu = 00:00:01 ; elapsed = 00:00:01 . Memory (MB): peak = 3128.168 ; gain = 0.000
Phase 1 Placer Initialization | Checksum: 21f973366

Time (s): cpu = 00:00:01 ; elapsed = 00:00:01 . Memory (MB): peak = 3128.168 ; gain = 0.000

Phase 2 Global Placement

Phase 2.1 Floorplanning
Phase 2.1 Floorplanning | Checksum: 226d06ac4

Time (s): cpu = 00:00:01 ; elapsed = 00:00:01 . Memory (MB): peak = 3128.168 ; gain = 0.000

Phase 2.2 Update Timing before SLR Path Opt
Phase 2.2 Update Timing before SLR Path Opt | Checksum: 23b1bf8e8

Time (s): cpu = 00:00:01 ; elapsed = 00:00:01 . Memory (MB): peak = 3128.168 ; gain = 0.000

Phase 2.3 Post-Processing in Floorplanning
Phase 2.3 Post-Processing in Floorplanning | Checksum: 23b1bf8e8

Time (s): cpu = 00:00:01 ; elapsed = 00:00:01 . Memory (MB): peak = 3128.168 ; gain = 0.000

Phase 2.4 Global Placement Core

Phase 2.4.1 UpdateTiming Before Physical Synthesis
Phase 2.4.1 UpdateTiming Before Physical Synthesis | Checksum: 1321c6ee7

Time (s): cpu = 00:00:03 ; elapsed = 00:00:03 . Memory (MB): peak = 3128.168 ; gain = 0.000

Phase 2.4.2 Physical Synthesis In Placer
INFO: [Physopt 32-1035] Found 0 LUTNM shape to break, 141 LUT instances to create LUTNM shape
INFO: [Physopt 32-1044] Break lutnm for timing: one critical 0, two critical 0, total 0, new lutff created 0
INFO: [Physopt 32-1138] End 1 Pass. Optimized 65 nets or LUTs. Breaked 0 LUT, combined 65 existing LUTs and moved 0 existing LUT
INFO: [Physopt 32-65] No nets found for high-fanout optimization.
INFO: [Physopt 32-232] Optimized 0 net. Created 0 new instance.
INFO: [Physopt 32-775] End 1 Pass. Optimized 0 net or cell. Created 0 new cell, deleted 0 existing cell and moved 0 existing cell
INFO: [Physopt 32-670] No setup violation found.  DSP Register Optimization was not performed.
INFO: [Physopt 32-670] No setup violation found.  Shift Register to Pipeline Optimization was not performed.
INFO: [Physopt 32-670] No setup violation found.  Shift Register Optimization was not performed.
INFO: [Physopt 32-670] No setup violation found.  BRAM Register Optimization was not performed.
INFO: [Physopt 32-670] No setup violation found.  URAM Register Optimization was not performed.
INFO: [Physopt 32-949] No candidate nets found for dynamic/static region interface net replication
INFO: [Physopt 32-775] End 1 Pass. Optimized 0 net or cell. Created 0 new cell, deleted 0 existing cell and moved 0 existing cell
Netlist sorting complete. Time (s): cpu = 00:00:01 ; elapsed = 00:00:00.003 . Memory (MB): peak = 3128.168 ; gain = 0.000

Summary of Physical Synthesis Optimizations
============================================


-----------------------------------------------------------------------------------------------------------------------------------------------------------
|  Optimization                                     |  Added Cells  |  Removed Cells  |  Optimized Cells/Nets  |  Dont Touch  |  Iterations  |  Elapsed   |
-----------------------------------------------------------------------------------------------------------------------------------------------------------
|  LUT Combining                                    |            0  |             65  |                    65  |           0  |           1  |  00:00:00  |
|  Retime                                           |            0  |              0  |                     0  |           0  |           1  |  00:00:00  |
|  Very High Fanout                                 |            0  |              0  |                     0  |           0  |           1  |  00:00:00  |
|  DSP Register                                     |            0  |              0  |                     0  |           0  |           0  |  00:00:00  |
|  Shift Register to Pipeline                       |            0  |              0  |                     0  |           0  |           0  |  00:00:00  |
|  Shift Register                                   |            0  |              0  |                     0  |           0  |           0  |  00:00:00  |
|  BRAM Register                                    |            0  |              0  |                     0  |           0  |           0  |  00:00:00  |
|  URAM Register                                    |            0  |              0  |                     0  |           0  |           0  |  00:00:00  |
|  Dynamic/Static Region Interface Net Replication  |            0  |              0  |                     0  |           0  |           1  |  00:00:00  |
|  Total                                            |            0  |             65  |                    65  |           0  |           4  |  00:00:00  |
-----------------------------------------------------------------------------------------------------------------------------------------------------------


Phase 2.4.2 Physical Synthesis In Placer | Checksum: 1e0474e3e

Time (s): cpu = 00:00:04 ; elapsed = 00:00:03 . Memory (MB): peak = 3128.168 ; gain = 0.000
Phase 2.4 Global Placement Core | Checksum: 19c5f8edb

Time (s): cpu = 00:00:04 ; elapsed = 00:00:03 . Memory (MB): peak = 3128.168 ; gain = 0.000
Phase 2 Global Placement | Checksum: 19c5f8edb

Time (s): cpu = 00:00:04 ; elapsed = 00:00:03 . Memory (MB): peak = 3128.168 ; gain = 0.000

Phase 3 Detail Placement

Phase 3.1 Commit Multi Column Macros
Phase 3.1 Commit Multi Column Macros | Checksum: 24466f71d

Time (s): cpu = 00:00:04 ; elapsed = 00:00:04 . Memory (MB): peak = 3128.168 ; gain = 0.000

Phase 3.2 Commit Most Macros & LUTRAMs
Phase 3.2 Commit Most Macros & LUTRAMs | Checksum: 16c20fcfc

Time (s): cpu = 00:00:04 ; elapsed = 00:00:04 . Memory (MB): peak = 3128.168 ; gain = 0.000

Phase 3.3 Area Swap Optimization
Phase 3.3 Area Swap Optimization | Checksum: 1ffdc0ed6

Time (s): cpu = 00:00:04 ; elapsed = 00:00:04 . Memory (MB): peak = 3128.168 ; gain = 0.000

Phase 3.4 Pipeline Register Optimization
Phase 3.4 Pipeline Register Optimization | Checksum: 1640a1ac1

Time (s): cpu = 00:00:04 ; elapsed = 00:00:04 . Memory (MB): peak = 3128.168 ; gain = 0.000

Phase 3.5 Small Shape Detail Placement
Phase 3.5 Small Shape Detail Placement | Checksum: 2957c7e81

Time (s): cpu = 00:00:05 ; elapsed = 00:00:05 . Memory (MB): peak = 3128.168 ; gain = 0.000

Phase 3.6 Re-assign LUT pins
Phase 3.6 Re-assign LUT pins | Checksum: 2bafb5322

Time (s): cpu = 00:00:05 ; elapsed = 00:00:05 . Memory (MB): peak = 3128.168 ; gain = 0.000

Phase 3.7 Pipeline Register Optimization
Phase 3.7 Pipeline Register Optimization | Checksum: 2978bddc3

Time (s): cpu = 00:00:05 ; elapsed = 00:00:05 . Memory (MB): peak = 3128.168 ; gain = 0.000
Phase 3 Detail Placement | Checksum: 2978bddc3

Time (s): cpu = 00:00:05 ; elapsed = 00:00:05 . Memory (MB): peak = 3128.168 ; gain = 0.000

Phase 4 Post Placement Optimization and Clean-Up

Phase 4.1 Post Commit Optimization
INFO: [Timing 38-35] Done setting XDC timing constraints.

Phase 4.1.1 Post Placement Optimization
Post Placement Optimization Initialization | Checksum: 1c4b663af

Phase 4.1.1.1 BUFG Insertion

Starting Physical Synthesis Task

Phase 1 Physical Synthesis Initialization
INFO: [Physopt 32-721] Multithreading enabled for phys_opt_design using a maximum of 2 CPUs
INFO: [Physopt 32-619] Estimated Timing Summary | WNS=1.384 | TNS=0.000 |
Phase 1 Physical Synthesis Initialization | Checksum: 184b71161

Time (s): cpu = 00:00:00 ; elapsed = 00:00:00.142 . Memory (MB): peak = 3128.168 ; gain = 0.000
INFO: [Place 46-56] BUFG insertion identified 0 candidate nets. Inserted BUFG: 0, Replicated BUFG Driver: 0, Skipped due to Placement/Routing Conflicts: 0, Skipped due to Timing Degradation: 0, Skipped due to netlist editing failed: 0.
Ending Physical Synthesis Task | Checksum: 184b71161

Time (s): cpu = 00:00:00 ; elapsed = 00:00:00.166 . Memory (MB): peak = 3128.168 ; gain = 0.000
Phase 4.1.1.1 BUFG Insertion | Checksum: 1c4b663af

Time (s): cpu = 00:00:06 ; elapsed = 00:00:05 . Memory (MB): peak = 3128.168 ; gain = 0.000

Phase 4.1.1.2 Post Placement Timing Optimization
INFO: [Place 30-746] Post Placement Timing Summary WNS=1.384. For the most accurate timing information please run report_timing.
Phase 4.1.1.2 Post Placement Timing Optimization | Checksum: 172729e8b

Time (s): cpu = 00:00:06 ; elapsed = 00:00:05 . Memory (MB): peak = 3128.168 ; gain = 0.000

Time (s): cpu = 00:00:06 ; elapsed = 00:00:05 . Memory (MB): peak = 3128.168 ; gain = 0.000
Phase 4.1 Post Commit Optimization | Checksum: 172729e8b

Time (s): cpu = 00:00:06 ; elapsed = 00:00:05 . Memory (MB): peak = 3128.168 ; gain = 0.000

Phase 4.2 Post Placement Cleanup
Phase 4.2 Post Placement Cleanup | Checksum: 172729e8b

Time (s): cpu = 00:00:06 ; elapsed = 00:00:05 . Memory (MB): peak = 3128.168 ; gain = 0.000

Phase 4.3 Placer Reporting

Phase 4.3.1 Print Estimated Congestion
INFO: [Place 30-612] Post-Placement Estimated Congestion 
 ____________________________________________________
|           | Global Congestion | Short Congestion  |
| Direction | Region Size       | Region Size       |
|___________|___________________|___________________|
|      North|                1x1|                1x1|
|___________|___________________|___________________|
|      South|                1x1|                1x1|
|___________|___________________|___________________|
|       East|                1x1|                1x1|
|___________|___________________|___________________|
|       West|                1x1|                1x1|
|___________|___________________|___________________|

Phase 4.3.1 Print Estimated Congestion | Checksum: 172729e8b

Time (s): cpu = 00:00:06 ; elapsed = 00:00:05 . Memory (MB): peak = 3128.168 ; gain = 0.000
Phase 4.3 Placer Reporting | Checksum: 172729e8b

Time (s): cpu = 00:00:06 ; elapsed = 00:00:05 . Memory (MB): peak = 3128.168 ; gain = 0.000

Phase 4.4 Final Placement Cleanup
Netlist sorting complete. Time (s): cpu = 00:00:00 ; elapsed = 00:00:00.003 . Memory (MB): peak = 3128.168 ; gain = 0.000

Time (s): cpu = 00:00:06 ; elapsed = 00:00:05 . Memory (MB): peak = 3128.168 ; gain = 0.000
Phase 4 Post Placement Optimization and Clean-Up | Checksum: 1df975748

Time (s): cpu = 00:00:06 ; elapsed = 00:00:05 . Memory (MB): peak = 3128.168 ; gain = 0.000
Ending Placer Task | Checksum: 1ac32566a

Time (s): cpu = 00:00:06 ; elapsed = 00:00:05 . Memory (MB): peak = 3128.168 ; gain = 0.000
INFO: [Common 17-83] Releasing license: Implementation
92 Infos, 0 Warnings, 0 Critical Warnings and 0 Errors encountered.
place_design completed successfully
place_design: Time (s): cpu = 00:00:07 ; elapsed = 00:00:06 . Memory (MB): peak = 3128.168 ; gain = 0.000
INFO: [runtcl-4] Executing : report_io -file pwm_test_wrapper_io_placed.rpt
report_io: Time (s): cpu = 00:00:00 ; elapsed = 00:00:00.025 . Memory (MB): peak = 3128.168 ; gain = 0.000
INFO: [runtcl-4] Executing : report_utilization -file pwm_test_wrapper_utilization_placed.rpt -pb pwm_test_wrapper_utilization_placed.pb
INFO: [runtcl-4] Executing : report_control_sets -verbose -file pwm_test_wrapper_control_sets_placed.rpt
report_control_sets: Time (s): cpu = 00:00:00 ; elapsed = 00:00:00.010 . Memory (MB): peak = 3128.168 ; gain = 0.000
INFO: [Timing 38-480] Writing timing data to binary archive.
Writing XDEF routing.
Writing XDEF routing logical nets.
Writing XDEF routing special nets.
Write XDEF Complete: Time (s): cpu = 00:00:01 ; elapsed = 00:00:00.365 . Memory (MB): peak = 3128.168 ; gain = 0.000
INFO: [Common 17-1381] The checkpoint 'H:/pwm_control_ip/pwm_control_ip.runs/impl_1/pwm_test_wrapper_placed.dcp' has been generated.
Command: phys_opt_design
Attempting to get a license for feature 'Implementation' and/or device 'xc7a35t'
INFO: [Common 17-349] Got license for feature 'Implementation' and/or device 'xc7a35t'

Starting Initial Update Timing Task

Time (s): cpu = 00:00:00 ; elapsed = 00:00:00.396 . Memory (MB): peak = 3128.168 ; gain = 0.000
INFO: [Vivado_Tcl 4-383] Design worst setup slack (WNS) is greater than or equal to 0.000 ns. Skipping all physical synthesis optimizations.
INFO: [Vivado_Tcl 4-232] No setup violation found. The netlist was not modified.
INFO: [Common 17-83] Releasing license: Implementation
101 Infos, 0 Warnings, 0 Critical Warnings and 0 Errors encountered.
phys_opt_design completed successfully
INFO: [Timing 38-480] Writing timing data to binary archive.
Writing XDEF routing.
Writing XDEF routing logical nets.
Writing XDEF routing special nets.
Write XDEF Complete: Time (s): cpu = 00:00:01 ; elapsed = 00:00:00.304 . Memory (MB): peak = 3128.168 ; gain = 0.000
INFO: [Common 17-1381] The checkpoint 'H:/pwm_control_ip/pwm_control_ip.runs/impl_1/pwm_test_wrapper_physopt.dcp' has been generated.
Command: route_design
Attempting to get a license for feature 'Implementation' and/or device 'xc7a35t'
INFO: [Common 17-349] Got license for feature 'Implementation' and/or device 'xc7a35t'
Running DRC as a precondition to command route_design
INFO: [DRC 23-27] Running DRC with 2 threads
INFO: [Vivado_Tcl 4-198] DRC finished with 0 Errors
INFO: [Vivado_Tcl 4-199] Please refer to the DRC report (report_drc) for more information.


Starting Routing Task
INFO: [Route 35-254] Multithreading enabled for route_design using a maximum of 2 CPUs

Phase 1 Build RT Design
Checksum: PlaceDB: fe5c73e4 ConstDB: 0 ShapeSum: add5e286 RouteDB: 0
Post Restoration Checksum: NetGraph: b2928108 | NumContArr: 816dffd2 | Constraints: 190a55ad | Timing: 0
Phase 1 Build RT Design | Checksum: 14d0ad687

Time (s): cpu = 00:00:11 ; elapsed = 00:00:11 . Memory (MB): peak = 3176.566 ; gain = 48.398

Phase 2 Router Initialization

Phase 2.1 Fix Topology Constraints
Phase 2.1 Fix Topology Constraints | Checksum: 14d0ad687

Time (s): cpu = 00:00:11 ; elapsed = 00:00:11 . Memory (MB): peak = 3176.566 ; gain = 48.398

Phase 2.2 Pre Route Cleanup
Phase 2.2 Pre Route Cleanup | Checksum: 14d0ad687

Time (s): cpu = 00:00:11 ; elapsed = 00:00:11 . Memory (MB): peak = 3176.566 ; gain = 48.398
 Number of Nodes with overlaps = 0

Phase 2.3 Update Timing
Phase 2.3 Update Timing | Checksum: 19f16423f

Time (s): cpu = 00:00:12 ; elapsed = 00:00:12 . Memory (MB): peak = 3181.598 ; gain = 53.430
INFO: [Route 35-416] Intermediate Timing Summary | WNS=1.524  | TNS=0.000  | WHS=-0.266 | THS=-129.993|


Router Utilization Summary
  Global Vertical Routing Utilization    = 0.00725504 %
  Global Horizontal Routing Utilization  = 0.00156169 %
  Routable Net Status*
  *Does not include unroutable nets such as driverless and loadless.
  Run report_route_status for detailed report.
  Number of Failed Nets               = 3255
    (Failed Nets is the sum of unrouted and partially routed nets)
  Number of Unrouted Nets             = 3254
  Number of Partially Routed Nets     = 1
  Number of Node Overlaps             = 0

Phase 2 Router Initialization | Checksum: 1a6713cf9

Time (s): cpu = 00:00:12 ; elapsed = 00:00:12 . Memory (MB): peak = 3181.598 ; gain = 53.430

Phase 3 Initial Routing

Phase 3.1 Global Routing
Phase 3.1 Global Routing | Checksum: 1a6713cf9

Time (s): cpu = 00:00:12 ; elapsed = 00:00:12 . Memory (MB): peak = 3181.598 ; gain = 53.430
Phase 3 Initial Routing | Checksum: 14da0b0a2

Time (s): cpu = 00:00:13 ; elapsed = 00:00:13 . Memory (MB): peak = 3182.629 ; gain = 54.461

Phase 4 Rip-up And Reroute

Phase 4.1 Global Iteration 0
 Number of Nodes with overlaps = 366
 Number of Nodes with overlaps = 34
 Number of Nodes with overlaps = 8
 Number of Nodes with overlaps = 4
 Number of Nodes with overlaps = 2
 Number of Nodes with overlaps = 1
 Number of Nodes with overlaps = 0
INFO: [Route 35-416] Intermediate Timing Summary | WNS=1.496  | TNS=0.000  | WHS=N/A    | THS=N/A    |

Phase 4.1 Global Iteration 0 | Checksum: 1693e24bc

Time (s): cpu = 00:00:15 ; elapsed = 00:00:14 . Memory (MB): peak = 3182.629 ; gain = 54.461

Phase 4.2 Global Iteration 1
 Number of Nodes with overlaps = 1
 Number of Nodes with overlaps = 0
INFO: [Route 35-416] Intermediate Timing Summary | WNS=1.496  | TNS=0.000  | WHS=N/A    | THS=N/A    |

Phase 4.2 Global Iteration 1 | Checksum: 1b53778c0

Time (s): cpu = 00:00:15 ; elapsed = 00:00:14 . Memory (MB): peak = 3182.629 ; gain = 54.461
Phase 4 Rip-up And Reroute | Checksum: 1b53778c0

Time (s): cpu = 00:00:15 ; elapsed = 00:00:14 . Memory (MB): peak = 3182.629 ; gain = 54.461

Phase 5 Delay and Skew Optimization

Phase 5.1 Delay CleanUp
Phase 5.1 Delay CleanUp | Checksum: 1b53778c0

Time (s): cpu = 00:00:15 ; elapsed = 00:00:14 . Memory (MB): peak = 3182.629 ; gain = 54.461

Phase 5.2 Clock Skew Optimization
Phase 5.2 Clock Skew Optimization | Checksum: 1b53778c0

Time (s): cpu = 00:00:15 ; elapsed = 00:00:14 . Memory (MB): peak = 3182.629 ; gain = 54.461
Phase 5 Delay and Skew Optimization | Checksum: 1b53778c0

Time (s): cpu = 00:00:15 ; elapsed = 00:00:14 . Memory (MB): peak = 3182.629 ; gain = 54.461

Phase 6 Post Hold Fix

Phase 6.1 Hold Fix Iter

Phase 6.1.1 Update Timing
Phase 6.1.1 Update Timing | Checksum: 1b1e0e0db

Time (s): cpu = 00:00:15 ; elapsed = 00:00:14 . Memory (MB): peak = 3182.629 ; gain = 54.461
INFO: [Route 35-416] Intermediate Timing Summary | WNS=1.503  | TNS=0.000  | WHS=0.016  | THS=0.000  |

Phase 6.1 Hold Fix Iter | Checksum: 18b0e0b6f

Time (s): cpu = 00:00:15 ; elapsed = 00:00:14 . Memory (MB): peak = 3182.629 ; gain = 54.461
Phase 6 Post Hold Fix | Checksum: 18b0e0b6f

Time (s): cpu = 00:00:15 ; elapsed = 00:00:14 . Memory (MB): peak = 3182.629 ; gain = 54.461

Phase 7 Route finalize

Router Utilization Summary
  Global Vertical Routing Utilization    = 1.3032 %
  Global Horizontal Routing Utilization  = 1.42348 %
  Routable Net Status*
  *Does not include unroutable nets such as driverless and loadless.
  Run report_route_status for detailed report.
  Number of Failed Nets               = 0
    (Failed Nets is the sum of unrouted and partially routed nets)
  Number of Unrouted Nets             = 0
  Number of Partially Routed Nets     = 0
  Number of Node Overlaps             = 0

Phase 7 Route finalize | Checksum: 194cedde8

Time (s): cpu = 00:00:15 ; elapsed = 00:00:14 . Memory (MB): peak = 3182.629 ; gain = 54.461

Phase 8 Verifying routed nets

 Verification completed successfully
Phase 8 Verifying routed nets | Checksum: 194cedde8

Time (s): cpu = 00:00:15 ; elapsed = 00:00:14 . Memory (MB): peak = 3182.629 ; gain = 54.461

Phase 9 Depositing Routes
Phase 9 Depositing Routes | Checksum: 1c6c9ab1b

Time (s): cpu = 00:00:15 ; elapsed = 00:00:14 . Memory (MB): peak = 3182.629 ; gain = 54.461

Phase 10 Post Router Timing
INFO: [Route 35-57] Estimated Timing Summary | WNS=1.503  | TNS=0.000  | WHS=0.016  | THS=0.000  |

INFO: [Route 35-327] The final timing numbers are based on the router estimated timing analysis. For a complete and accurate timing signoff, please run report_timing_summary.
Phase 10 Post Router Timing | Checksum: 1c6c9ab1b

Time (s): cpu = 00:00:15 ; elapsed = 00:00:15 . Memory (MB): peak = 3182.629 ; gain = 54.461
INFO: [Route 35-16] Router Completed Successfully

Phase 11 Post-Route Event Processing
Phase 11 Post-Route Event Processing | Checksum: 171b8884b

Time (s): cpu = 00:00:15 ; elapsed = 00:00:15 . Memory (MB): peak = 3182.629 ; gain = 54.461

Time (s): cpu = 00:00:15 ; elapsed = 00:00:15 . Memory (MB): peak = 3182.629 ; gain = 54.461

Routing Is Done.
INFO: [Common 17-83] Releasing license: Implementation
116 Infos, 0 Warnings, 0 Critical Warnings and 0 Errors encountered.
route_design completed successfully
route_design: Time (s): cpu = 00:00:17 ; elapsed = 00:00:15 . Memory (MB): peak = 3182.629 ; gain = 54.461
INFO: [runtcl-4] Executing : report_drc -file pwm_test_wrapper_drc_routed.rpt -pb pwm_test_wrapper_drc_routed.pb -rpx pwm_test_wrapper_drc_routed.rpx
Command: report_drc -file pwm_test_wrapper_drc_routed.rpt -pb pwm_test_wrapper_drc_routed.pb -rpx pwm_test_wrapper_drc_routed.rpx
INFO: [IP_Flow 19-1839] IP Catalog is up to date.
INFO: [DRC 23-27] Running DRC with 2 threads
INFO: [Vivado_Tcl 2-168] The results of DRC are in file H:/pwm_control_ip/pwm_control_ip.runs/impl_1/pwm_test_wrapper_drc_routed.rpt.
report_drc completed successfully
INFO: [runtcl-4] Executing : report_methodology -file pwm_test_wrapper_methodology_drc_routed.rpt -pb pwm_test_wrapper_methodology_drc_routed.pb -rpx pwm_test_wrapper_methodology_drc_routed.rpx
Command: report_methodology -file pwm_test_wrapper_methodology_drc_routed.rpt -pb pwm_test_wrapper_methodology_drc_routed.pb -rpx pwm_test_wrapper_methodology_drc_routed.rpx
INFO: [Timing 38-35] Done setting XDC timing constraints.
INFO: [DRC 23-133] Running Methodology with 2 threads
INFO: [Vivado_Tcl 2-1520] The results of Report Methodology are in file H:/pwm_control_ip/pwm_control_ip.runs/impl_1/pwm_test_wrapper_methodology_drc_routed.rpt.
report_methodology completed successfully
INFO: [runtcl-4] Executing : report_power -file pwm_test_wrapper_power_routed.rpt -pb pwm_test_wrapper_power_summary_routed.pb -rpx pwm_test_wrapper_power_routed.rpx
Command: report_power -file pwm_test_wrapper_power_routed.rpt -pb pwm_test_wrapper_power_summary_routed.pb -rpx pwm_test_wrapper_power_routed.rpx
INFO: [Timing 38-35] Done setting XDC timing constraints.
Running Vector-less Activity Propagation...

Finished Running Vector-less Activity Propagation
WARNING: [Power 33-332] Found switching activity that implies high-fanout reset nets being asserted for excessive periods of time which may result in inaccurate power analysis.
Resolution: To review and fix problems, please run Power Constraints Advisor in the GUI from Tools > Power Constraints Advisor or run report_power with the -advisory option to generate a text report.
126 Infos, 1 Warnings, 0 Critical Warnings and 0 Errors encountered.
report_power completed successfully
INFO: [runtcl-4] Executing : report_route_status -file pwm_test_wrapper_route_status.rpt -pb pwm_test_wrapper_route_status.pb
INFO: [runtcl-4] Executing : report_timing_summary -max_paths 10 -report_unconstrained -file pwm_test_wrapper_timing_summary_routed.rpt -pb pwm_test_wrapper_timing_summary_routed.pb -rpx pwm_test_wrapper_timing_summary_routed.rpx -warn_on_violation 
INFO: [Timing 38-91] UpdateTimingParams: Speed grade: -1, Delay Type: min_max.
INFO: [Timing 38-191] Multithreading enabled for timing update using a maximum of 2 CPUs
INFO: [runtcl-4] Executing : report_incremental_reuse -file pwm_test_wrapper_incremental_reuse_routed.rpt
INFO: [Vivado_Tcl 4-1062] Incremental flow is disabled. No incremental reuse Info to report.
INFO: [runtcl-4] Executing : report_clock_utilization -file pwm_test_wrapper_clock_utilization_routed.rpt
INFO: [runtcl-4] Executing : report_bus_skew -warn_on_violation -file pwm_test_wrapper_bus_skew_routed.rpt -pb pwm_test_wrapper_bus_skew_routed.pb -rpx pwm_test_wrapper_bus_skew_routed.rpx
INFO: [Timing 38-91] UpdateTimingParams: Speed grade: -1, Delay Type: min_max.
INFO: [Timing 38-191] Multithreading enabled for timing update using a maximum of 2 CPUs
INFO: [Timing 38-480] Writing timing data to binary archive.
Writing XDEF routing.
Writing XDEF routing logical nets.
Writing XDEF routing special nets.
Write XDEF Complete: Time (s): cpu = 00:00:01 ; elapsed = 00:00:00.400 . Memory (MB): peak = 3248.547 ; gain = 19.793
INFO: [Common 17-1381] The checkpoint 'H:/pwm_control_ip/pwm_control_ip.runs/impl_1/pwm_test_wrapper_routed.dcp' has been generated.
Command: write_bitstream -force pwm_test_wrapper.bit
Attempting to get a license for feature 'Implementation' and/or device 'xc7a35t'
INFO: [Common 17-349] Got license for feature 'Implementation' and/or device 'xc7a35t'
Running DRC as a precondition to command write_bitstream
INFO: [IP_Flow 19-1839] IP Catalog is up to date.
INFO: [DRC 23-27] Running DRC with 2 threads
INFO: [Vivado 12-3199] DRC finished with 0 Errors
INFO: [Vivado 12-3200] Please refer to the DRC report (report_drc) for more information.
INFO: [Designutils 20-2272] Running write_bitstream with 2 threads.
Loading data files...
Loading site data...
Loading route data...
Processing options...
Creating bitmap...
Creating bitstream...
Bitstream compression saved 13577216 bits.
Writing bitstream ./pwm_test_wrapper.bit...
INFO: [Vivado 12-1842] Bitgen Completed Successfully.
INFO: [Project 1-1876] WebTalk data collection is mandatory when using a ULT device. To see the specific WebTalk data collected for your design, open the usage_statistics_webtalk.html or usage_statistics_webtalk.xml file in the implementation directory.
INFO: [Common 17-83] Releasing license: Implementation
14 Infos, 0 Warnings, 0 Critical Warnings and 0 Errors encountered.
write_bitstream completed successfully
write_bitstream: Time (s): cpu = 00:00:06 ; elapsed = 00:00:06 . Memory (MB): peak = 3749.488 ; gain = 500.941
INFO: [Common 17-206] Exiting Vivado at Wed Jun 10 10:00:23 2026...

*** Running vivado
    with args -log pwm_test_wrapper.vdi -applog -m64 -product Vivado -messageDb vivado.pb -mode batch -source pwm_test_wrapper.tcl -notrace



****** Vivado v2023.1 (64-bit)
  **** SW Build 3865809 on Sun May  7 15:05:29 MDT 2023
  **** IP Build 3864474 on Sun May  7 20:36:21 MDT 2023
  **** SharedData Build 3865790 on Sun May 07 13:33:03 MDT 2023
    ** Copyright 1986-2022 Xilinx, Inc. All Rights Reserved.
    ** Copyright 2022-2023 Advanced Micro Devices, Inc. All Rights Reserved.

source pwm_test_wrapper.tcl -notrace
Command: open_checkpoint pwm_test_wrapper_routed.dcp
INFO: [Device 21-403] Loading part xc7a35tcpg236-1
Netlist sorting complete. Time (s): cpu = 00:00:00 ; elapsed = 00:00:00.092 . Memory (MB): peak = 1870.016 ; gain = 0.000
INFO: [Netlist 29-17] Analyzing 291 Unisim elements for replacement
INFO: [Netlist 29-28] Unisim Transformation completed in 0 CPU seconds
INFO: [Project 1-479] Netlist was created with Vivado 2023.1
INFO: [Project 1-570] Preparing netlist for logic optimization
INFO: [Timing 38-478] Restoring timing data from binary archive.
INFO: [Timing 38-479] Binary timing data restore complete.
INFO: [Project 1-856] Restoring constraints from binary archive.
INFO: [Project 1-853] Binary constraint restore complete.
Reading XDEF placement.
Reading placer database...
Reading XDEF routing.
Read XDEF Files: Time (s): cpu = 00:00:01 ; elapsed = 00:00:00.312 . Memory (MB): peak = 2600.270 ; gain = 6.961
Restored from archive | CPU: 1.000000 secs | Memory: 0.000000 MB |
Finished XDEF File Restore: Time (s): cpu = 00:00:01 ; elapsed = 00:00:00.312 . Memory (MB): peak = 2600.270 ; gain = 6.961
Netlist sorting complete. Time (s): cpu = 00:00:00 ; elapsed = 00:00:00.002 . Memory (MB): peak = 2600.270 ; gain = 0.000
INFO: [Project 1-111] Unisim Transformation Summary:
  A total of 128 instances were transformed.
  LUT6_2 => LUT6_2 (LUT5, LUT6): 79 instances
  RAM16X1D => RAM32X1D (RAMD32(x2)): 32 instances
  RAM32M => RAM32M (RAMD32(x6), RAMS32(x2)): 16 instances
  SRLC16E => SRL16E: 1 instance 

INFO: [Project 1-604] Checkpoint was created with Vivado v2023.1 (64-bit) build 3865809
WARNING: [Vivado 12-23575] Critical violations of the methodology design rules detected. Critical violations may contribute to timing failures or cause functional issues in hardware. Run report_methodology for more information.
open_checkpoint: Time (s): cpu = 00:00:12 ; elapsed = 00:00:13 . Memory (MB): peak = 2600.270 ; gain = 1302.258
Command: write_bitstream -force pwm_test_wrapper.bit
Attempting to get a license for feature 'Implementation' and/or device 'xc7a35t'
INFO: [Common 17-349] Got license for feature 'Implementation' and/or device 'xc7a35t'
Running DRC as a precondition to command write_bitstream
INFO: [IP_Flow 19-234] Refreshing IP repositories
INFO: [IP_Flow 19-1704] No user IP repositories specified
INFO: [IP_Flow 19-2313] Loaded Vivado IP repository 'H:/Xilinx/Vivado/2023.1/data/ip'.
INFO: [DRC 23-27] Running DRC with 2 threads
INFO: [Vivado 12-3199] DRC finished with 0 Errors
INFO: [Vivado 12-3200] Please refer to the DRC report (report_drc) for more information.
INFO: [Memdata 28-144] Successfully populated the BRAM INIT strings from the following elf files: H:/pwm_control_ip/workspace/pwm_test/Debug/pwm_test.elf 
INFO: [Designutils 20-2272] Running write_bitstream with 2 threads.
Loading data files...
Loading site data...
Loading route data...
Processing options...
Creating bitmap...
Creating bitstream...
Bitstream compression saved 13408832 bits.
Writing bitstream ./pwm_test_wrapper.bit...
INFO: [Vivado 12-1842] Bitgen Completed Successfully.
INFO: [Project 1-1876] WebTalk data collection is mandatory when using a ULT device. To see the specific WebTalk data collected for your design, open the usage_statistics_webtalk.html or usage_statistics_webtalk.xml file in the implementation directory.
INFO: [Common 17-83] Releasing license: Implementation
23 Infos, 1 Warnings, 0 Critical Warnings and 0 Errors encountered.
write_bitstream completed successfully
write_bitstream: Time (s): cpu = 00:00:08 ; elapsed = 00:00:08 . Memory (MB): peak = 3173.867 ; gain = 573.598
INFO: [Common 17-206] Exiting Vivado at Wed Jun 10 10:11:00 2026...
