15:44:28 DEBUG : Logs will be stored at 'D:/vivado_pj/pwm_my_ip/workspace/IDE.log'.
15:44:34 INFO  : Launching XSCT server: xsct.bat -n  -interactive D:\vivado_pj\pwm_my_ip\workspace\temp_xsdb_launch_script.tcl
15:44:34 INFO  : Registering command handlers for Vitis TCF services
15:44:35 INFO  : Platform repository initialization has completed.
15:44:38 INFO  : XSCT server has started successfully.
15:44:38 INFO  : Successfully done setting XSCT server connection channel  
15:44:38 INFO  : plnx-install-location is set to ''
15:44:40 INFO  : Successfully done setting workspace for the tool. 
15:44:40 INFO  : Successfully done query RDI_DATADIR 
15:45:39 INFO  : Result from executing command 'getProjects': pwm_test_wrapper
15:45:39 INFO  : Result from executing command 'getPlatforms': xilinx_vck190_base_202310_1|H:/Xilinx/Vitis/2023.1/base_platforms/xilinx_vck190_base_202310_1/xilinx_vck190_base_202310_1.xpfm;xilinx_vck190_base_dfx_202310_1|H:/Xilinx/Vitis/2023.1/base_platforms/xilinx_vck190_base_dfx_202310_1/xilinx_vck190_base_dfx_202310_1.xpfm;xilinx_vek280_es1_base_202310_1|H:/Xilinx/Vitis/2023.1/base_platforms/xilinx_vek280_es1_base_202310_1/xilinx_vek280_es1_base_202310_1.xpfm;xilinx_vmk180_base_202310_1|H:/Xilinx/Vitis/2023.1/base_platforms/xilinx_vmk180_base_202310_1/xilinx_vmk180_base_202310_1.xpfm;xilinx_zcu102_base_202310_1|H:/Xilinx/Vitis/2023.1/base_platforms/xilinx_zcu102_base_202310_1/xilinx_zcu102_base_202310_1.xpfm;xilinx_zcu102_base_dfx_202310_1|H:/Xilinx/Vitis/2023.1/base_platforms/xilinx_zcu102_base_dfx_202310_1/xilinx_zcu102_base_dfx_202310_1.xpfm;xilinx_zcu104_base_202310_1|H:/Xilinx/Vitis/2023.1/base_platforms/xilinx_zcu104_base_202310_1/xilinx_zcu104_base_202310_1.xpfm
15:45:40 WARN  : An unexpected exception occurred in the module 'platform project logging'
15:45:41 INFO  : Platform 'pwm_test_wrapper' is added to custom repositories.
15:45:43 INFO  : Platform 'pwm_test_wrapper' is added to custom repositories.
15:46:02 INFO  : Result from executing command 'getProjects': pwm_test_wrapper
15:46:02 INFO  : Result from executing command 'getPlatforms': pwm_test_wrapper|D:/vivado_pj/pwm_my_ip/workspace/pwm_test_wrapper/export/pwm_test_wrapper/pwm_test_wrapper.xpfm;xilinx_vck190_base_202310_1|H:/Xilinx/Vitis/2023.1/base_platforms/xilinx_vck190_base_202310_1/xilinx_vck190_base_202310_1.xpfm;xilinx_vck190_base_dfx_202310_1|H:/Xilinx/Vitis/2023.1/base_platforms/xilinx_vck190_base_dfx_202310_1/xilinx_vck190_base_dfx_202310_1.xpfm;xilinx_vek280_es1_base_202310_1|H:/Xilinx/Vitis/2023.1/base_platforms/xilinx_vek280_es1_base_202310_1/xilinx_vek280_es1_base_202310_1.xpfm;xilinx_vmk180_base_202310_1|H:/Xilinx/Vitis/2023.1/base_platforms/xilinx_vmk180_base_202310_1/xilinx_vmk180_base_202310_1.xpfm;xilinx_zcu102_base_202310_1|H:/Xilinx/Vitis/2023.1/base_platforms/xilinx_zcu102_base_202310_1/xilinx_zcu102_base_202310_1.xpfm;xilinx_zcu102_base_dfx_202310_1|H:/Xilinx/Vitis/2023.1/base_platforms/xilinx_zcu102_base_dfx_202310_1/xilinx_zcu102_base_dfx_202310_1.xpfm;xilinx_zcu104_base_202310_1|H:/Xilinx/Vitis/2023.1/base_platforms/xilinx_zcu104_base_202310_1/xilinx_zcu104_base_202310_1.xpfm
15:46:03 INFO  : Checking for BSP changes to sync application flags for project 'pwm_test'...
16:02:19 INFO  : Checking for BSP changes to sync application flags for project 'pwm_test'...
16:03:09 INFO  : Checking for BSP changes to sync application flags for project 'pwm_test'...
16:04:19 INFO  : Checking for BSP changes to sync application flags for project 'pwm_test'...
16:10:28 INFO  : Checking for BSP changes to sync application flags for project 'pwm_test'...
16:11:03 INFO  : Checking for BSP changes to sync application flags for project 'pwm_test'...
16:17:10 DEBUG : Logs will be stored at 'D:/vivado_pj/pwm_my_ip/workspace/IDE.log'.
16:17:11 INFO  : Launching XSCT server: xsct.bat -n  -interactive D:\vivado_pj\pwm_my_ip\workspace\temp_xsdb_launch_script.tcl
16:17:13 INFO  : Registering command handlers for Vitis TCF services
16:17:14 INFO  : XSCT server has started successfully.
16:17:14 INFO  : Platform repository initialization has completed.
16:17:17 INFO  : Successfully done setting XSCT server connection channel  
16:17:17 INFO  : plnx-install-location is set to ''
16:17:17 INFO  : Successfully done query RDI_DATADIR 
16:17:17 INFO  : Successfully done setting workspace for the tool. 
16:17:27 INFO  : Result from executing command 'removePlatformRepo': 
16:17:31 ERROR : Error from executing command 'removePlatformRepo': ERROR: No valid directory exists at given path.
16:17:50 INFO  : Hardware specification for platform project 'pwm_test_wrapper' is updated.
16:17:58 INFO  : Result from executing command 'getProjects': pwm_test_wrapper
16:17:58 INFO  : Result from executing command 'getPlatforms': xilinx_vck190_base_202310_1|H:/Xilinx/Vitis/2023.1/base_platforms/xilinx_vck190_base_202310_1/xilinx_vck190_base_202310_1.xpfm;xilinx_vck190_base_dfx_202310_1|H:/Xilinx/Vitis/2023.1/base_platforms/xilinx_vck190_base_dfx_202310_1/xilinx_vck190_base_dfx_202310_1.xpfm;xilinx_vek280_es1_base_202310_1|H:/Xilinx/Vitis/2023.1/base_platforms/xilinx_vek280_es1_base_202310_1/xilinx_vek280_es1_base_202310_1.xpfm;xilinx_vmk180_base_202310_1|H:/Xilinx/Vitis/2023.1/base_platforms/xilinx_vmk180_base_202310_1/xilinx_vmk180_base_202310_1.xpfm;xilinx_zcu102_base_202310_1|H:/Xilinx/Vitis/2023.1/base_platforms/xilinx_zcu102_base_202310_1/xilinx_zcu102_base_202310_1.xpfm;xilinx_zcu102_base_dfx_202310_1|H:/Xilinx/Vitis/2023.1/base_platforms/xilinx_zcu102_base_dfx_202310_1/xilinx_zcu102_base_dfx_202310_1.xpfm;xilinx_zcu104_base_202310_1|H:/Xilinx/Vitis/2023.1/base_platforms/xilinx_zcu104_base_202310_1/xilinx_zcu104_base_202310_1.xpfm
16:18:04 INFO  : Checking for BSP changes to sync application flags for project 'pwm_test'...
16:43:15 INFO  : Checking for BSP changes to sync application flags for project 'pwm_test'...
16:43:21 INFO  : Checking for BSP changes to sync application flags for project 'pwm_test'...
16:43:21 INFO  : The hardware specification used by project 'pwm_test' is out of sync with the platform. Resource files extracted from the hardware specification will be updated.
16:43:21 INFO  : The file 'D:\vivado_pj\pwm_my_ip\workspace\pwm_test\_ide\bitstream\pwm_test_wrapper.bit' stored in project is removed.
16:43:21 INFO  : The file 'D:\vivado_pj\pwm_my_ip\workspace\pwm_test\_ide\bitstream\pwm_test_wrapper.mmi' stored in project is removed.
16:43:21 INFO  : The updated bitstream files are copied from platform to folder 'D:\vivado_pj\pwm_my_ip\workspace\pwm_test\_ide\bitstream' in project 'pwm_test'.
16:46:06 INFO  : Checking for BSP changes to sync application flags for project 'pwm_test'...
16:46:14 INFO  : Checking for BSP changes to sync application flags for project 'pwm_test'...
16:46:17 INFO  : Checking for BSP changes to sync application flags for project 'pwm_test'...
17:02:57 INFO  : Hardware specification for platform project 'pwm_test_wrapper' is updated.
17:03:05 INFO  : Result from executing command 'getProjects': pwm_test_wrapper
17:03:05 INFO  : Result from executing command 'getPlatforms': pwm_test_wrapper|D:/vivado_pj/pwm_my_ip/workspace/pwm_test_wrapper/export/pwm_test_wrapper/pwm_test_wrapper.xpfm;xilinx_vck190_base_202310_1|H:/Xilinx/Vitis/2023.1/base_platforms/xilinx_vck190_base_202310_1/xilinx_vck190_base_202310_1.xpfm;xilinx_vck190_base_dfx_202310_1|H:/Xilinx/Vitis/2023.1/base_platforms/xilinx_vck190_base_dfx_202310_1/xilinx_vck190_base_dfx_202310_1.xpfm;xilinx_vek280_es1_base_202310_1|H:/Xilinx/Vitis/2023.1/base_platforms/xilinx_vek280_es1_base_202310_1/xilinx_vek280_es1_base_202310_1.xpfm;xilinx_vmk180_base_202310_1|H:/Xilinx/Vitis/2023.1/base_platforms/xilinx_vmk180_base_202310_1/xilinx_vmk180_base_202310_1.xpfm;xilinx_zcu102_base_202310_1|H:/Xilinx/Vitis/2023.1/base_platforms/xilinx_zcu102_base_202310_1/xilinx_zcu102_base_202310_1.xpfm;xilinx_zcu102_base_dfx_202310_1|H:/Xilinx/Vitis/2023.1/base_platforms/xilinx_zcu102_base_dfx_202310_1/xilinx_zcu102_base_dfx_202310_1.xpfm;xilinx_zcu104_base_202310_1|H:/Xilinx/Vitis/2023.1/base_platforms/xilinx_zcu104_base_202310_1/xilinx_zcu104_base_202310_1.xpfm
17:03:11 INFO  : Checking for BSP changes to sync application flags for project 'pwm_test'...
10:03:03 DEBUG : Logs will be stored at 'D:/vivado_pj/pwm_my_ip/workspace/IDE.log'.
10:03:05 INFO  : Launching XSCT server: xsct.bat -n  -interactive D:\vivado_pj\pwm_my_ip\workspace\temp_xsdb_launch_script.tcl
10:03:07 INFO  : Registering command handlers for Vitis TCF services
10:03:08 INFO  : Platform repository initialization has completed.
10:03:09 INFO  : XSCT server has started successfully.
10:03:09 INFO  : Successfully done setting XSCT server connection channel  
10:03:09 INFO  : plnx-install-location is set to ''
10:03:11 INFO  : Successfully done setting workspace for the tool. 
10:03:11 INFO  : Successfully done query RDI_DATADIR 
10:07:22 INFO  : Hardware specification for platform project 'pwm_test_wrapper' is updated.
10:07:38 INFO  : Result from executing command 'getProjects': pwm_test_wrapper
10:07:38 INFO  : Result from executing command 'getPlatforms': pwm_test_wrapper|D:/vivado_pj/pwm_my_ip/workspace/pwm_test_wrapper/export/pwm_test_wrapper/pwm_test_wrapper.xpfm;xilinx_vck190_base_202310_1|H:/Xilinx/Vitis/2023.1/base_platforms/xilinx_vck190_base_202310_1/xilinx_vck190_base_202310_1.xpfm;xilinx_vck190_base_dfx_202310_1|H:/Xilinx/Vitis/2023.1/base_platforms/xilinx_vck190_base_dfx_202310_1/xilinx_vck190_base_dfx_202310_1.xpfm;xilinx_vek280_es1_base_202310_1|H:/Xilinx/Vitis/2023.1/base_platforms/xilinx_vek280_es1_base_202310_1/xilinx_vek280_es1_base_202310_1.xpfm;xilinx_vmk180_base_202310_1|H:/Xilinx/Vitis/2023.1/base_platforms/xilinx_vmk180_base_202310_1/xilinx_vmk180_base_202310_1.xpfm;xilinx_zcu102_base_202310_1|H:/Xilinx/Vitis/2023.1/base_platforms/xilinx_zcu102_base_202310_1/xilinx_zcu102_base_202310_1.xpfm;xilinx_zcu102_base_dfx_202310_1|H:/Xilinx/Vitis/2023.1/base_platforms/xilinx_zcu102_base_dfx_202310_1/xilinx_zcu102_base_dfx_202310_1.xpfm;xilinx_zcu104_base_202310_1|H:/Xilinx/Vitis/2023.1/base_platforms/xilinx_zcu104_base_202310_1/xilinx_zcu104_base_202310_1.xpfm
10:07:42 INFO  : Checking for BSP changes to sync application flags for project 'pwm_test'...
10:07:44 INFO  : The hardware specification used by project 'pwm_test' is out of sync with the platform. Resource files extracted from the hardware specification will be updated.
10:07:44 INFO  : The file 'D:\vivado_pj\pwm_my_ip\workspace\pwm_test\_ide\bitstream\pwm_test_wrapper2.bit' stored in project is removed.
10:07:44 INFO  : The file 'D:\vivado_pj\pwm_my_ip\workspace\pwm_test\_ide\bitstream\pwm_test_wrapper2.mmi' stored in project is removed.
10:07:44 INFO  : The updated bitstream files are copied from platform to folder 'D:\vivado_pj\pwm_my_ip\workspace\pwm_test\_ide\bitstream' in project 'pwm_test'.
