
*** Running vivado
    with args -log buzzer_top.vds -m64 -product Vivado -mode batch -messageDb vivado.pb -notrace -source buzzer_top.tcl



****** Vivado v2023.1 (64-bit)
  **** SW Build 3865809 on Sun May  7 15:05:29 MDT 2023
  **** IP Build 3864474 on Sun May  7 20:36:21 MDT 2023
  **** SharedData Build 3865790 on Sun May 07 13:33:03 MDT 2023
    ** Copyright 1986-2022 Xilinx, Inc. All Rights Reserved.
    ** Copyright 2022-2023 Advanced Micro Devices, Inc. All Rights Reserved.

source buzzer_top.tcl -notrace
Command: synth_design -top buzzer_top -part xc7a35tcpg236-1
Starting synth_design
Attempting to get a license for feature 'Synthesis' and/or device 'xc7a35t'
INFO: [Common 17-349] Got license for feature 'Synthesis' and/or device 'xc7a35t'
INFO: [Device 21-403] Loading part xc7a35tcpg236-1
INFO: [Synth 8-7079] Multithreading enabled for synth_design using a maximum of 2 processes.
INFO: [Synth 8-7078] Launching helper process for spawning children vivado processes
INFO: [Synth 8-7075] Helper process launched with PID 34048
---------------------------------------------------------------------------------
Starting RTL Elaboration : Time (s): cpu = 00:00:03 ; elapsed = 00:00:03 . Memory (MB): peak = 2272.980 ; gain = 409.160
---------------------------------------------------------------------------------
INFO: [Synth 8-6157] synthesizing module 'buzzer_top' [D:/vivado_pj/buzzer_pj/buzzer_pj.srcs/sources_1/new/buzzer_top.v:3]
INFO: [Synth 8-6157] synthesizing module 'btn_in' [D:/vivado_pj/buzzer_pj/buzzer_pj.srcs/sources_1/new/btn_in.v:3]
INFO: [Synth 8-6155] done synthesizing module 'btn_in' (0#1) [D:/vivado_pj/buzzer_pj/buzzer_pj.srcs/sources_1/new/btn_in.v:3]
INFO: [Synth 8-6157] synthesizing module 'fsm_buzzer' [D:/vivado_pj/buzzer_pj/buzzer_pj.srcs/sources_1/new/fsm_buzzer.v:4]
INFO: [Synth 8-155] case statement is not full and has no default [D:/vivado_pj/buzzer_pj/buzzer_pj.srcs/sources_1/new/fsm_buzzer.v:46]
INFO: [Synth 8-155] case statement is not full and has no default [D:/vivado_pj/buzzer_pj/buzzer_pj.srcs/sources_1/new/fsm_buzzer.v:88]
INFO: [Synth 8-6155] done synthesizing module 'fsm_buzzer' (0#1) [D:/vivado_pj/buzzer_pj/buzzer_pj.srcs/sources_1/new/fsm_buzzer.v:4]
INFO: [Synth 8-6157] synthesizing module 'freq_gen2' [D:/vivado_pj/buzzer_pj/buzzer_pj.srcs/sources_1/new/freq_gen2.v:3]
INFO: [Synth 8-6155] done synthesizing module 'freq_gen2' (0#1) [D:/vivado_pj/buzzer_pj/buzzer_pj.srcs/sources_1/new/freq_gen2.v:3]
INFO: [Synth 8-6155] done synthesizing module 'buzzer_top' (0#1) [D:/vivado_pj/buzzer_pj/buzzer_pj.srcs/sources_1/new/buzzer_top.v:3]
WARNING: [Synth 8-7137] Register r_freq_reg in module freq_gen2 has both Set and reset with same priority. This may cause simulation mismatches. Consider rewriting code  [D:/vivado_pj/buzzer_pj/buzzer_pj.srcs/sources_1/new/freq_gen2.v:15]
---------------------------------------------------------------------------------
Finished RTL Elaboration : Time (s): cpu = 00:00:04 ; elapsed = 00:00:04 . Memory (MB): peak = 2364.016 ; gain = 500.195
---------------------------------------------------------------------------------
---------------------------------------------------------------------------------
Start Handling Custom Attributes
---------------------------------------------------------------------------------
---------------------------------------------------------------------------------
Finished Handling Custom Attributes : Time (s): cpu = 00:00:04 ; elapsed = 00:00:04 . Memory (MB): peak = 2364.016 ; gain = 500.195
---------------------------------------------------------------------------------
---------------------------------------------------------------------------------
Finished RTL Optimization Phase 1 : Time (s): cpu = 00:00:04 ; elapsed = 00:00:04 . Memory (MB): peak = 2364.016 ; gain = 500.195
---------------------------------------------------------------------------------
Netlist sorting complete. Time (s): cpu = 00:00:00 ; elapsed = 00:00:00.002 . Memory (MB): peak = 2364.016 ; gain = 0.000
INFO: [Project 1-570] Preparing netlist for logic optimization

Processing XDC Constraints
Initializing timing engine
Parsing XDC File [D:/vivado_pj/buzzer_pj/buzzer_pj.srcs/constrs_1/new/buzzer_xdc.xdc]
Finished Parsing XDC File [D:/vivado_pj/buzzer_pj/buzzer_pj.srcs/constrs_1/new/buzzer_xdc.xdc]
INFO: [Project 1-236] Implementation specific constraints were found while reading constraint file [D:/vivado_pj/buzzer_pj/buzzer_pj.srcs/constrs_1/new/buzzer_xdc.xdc]. These constraints will be ignored for synthesis but will be used in implementation. Impacted constraints are listed in the file [.Xil/buzzer_top_propImpl.xdc].
Resolution: To avoid this warning, move constraints listed in [.Xil/buzzer_top_propImpl.xdc] to another XDC file and exclude this new file from synthesis with the used_in_synthesis property (File Properties dialog in GUI) and re-run elaboration/synthesis.
Completed Processing XDC Constraints

Netlist sorting complete. Time (s): cpu = 00:00:00 ; elapsed = 00:00:00 . Memory (MB): peak = 2420.332 ; gain = 0.000
INFO: [Project 1-111] Unisim Transformation Summary:
No Unisim elements were transformed.

Constraint Validation Runtime : Time (s): cpu = 00:00:00 ; elapsed = 00:00:00.002 . Memory (MB): peak = 2420.332 ; gain = 0.000
---------------------------------------------------------------------------------
Finished Constraint Validation : Time (s): cpu = 00:00:08 ; elapsed = 00:00:09 . Memory (MB): peak = 2420.332 ; gain = 556.512
---------------------------------------------------------------------------------
---------------------------------------------------------------------------------
Start Loading Part and Timing Information
---------------------------------------------------------------------------------
Loading part: xc7a35tcpg236-1
---------------------------------------------------------------------------------
Finished Loading Part and Timing Information : Time (s): cpu = 00:00:08 ; elapsed = 00:00:09 . Memory (MB): peak = 2420.332 ; gain = 556.512
---------------------------------------------------------------------------------
---------------------------------------------------------------------------------
Start Applying 'set_property' XDC Constraints
---------------------------------------------------------------------------------
---------------------------------------------------------------------------------
Finished applying 'set_property' XDC Constraints : Time (s): cpu = 00:00:08 ; elapsed = 00:00:09 . Memory (MB): peak = 2420.332 ; gain = 556.512
---------------------------------------------------------------------------------
INFO: [Synth 8-802] inferred FSM for state register 'state_reg' in module 'fsm_buzzer'
WARNING: [Synth 8-327] inferring latch for variable 'FSM_sequential_next_state_reg' [D:/vivado_pj/buzzer_pj/buzzer_pj.srcs/sources_1/new/fsm_buzzer.v:48]
WARNING: [Synth 8-327] inferring latch for variable 'FSM_onehot_next_state_reg' [D:/vivado_pj/buzzer_pj/buzzer_pj.srcs/sources_1/new/fsm_buzzer.v:48]
---------------------------------------------------------------------------------------------------
                   State |                     New Encoding |                Previous Encoding 
---------------------------------------------------------------------------------------------------
                    IDLE |                             0000 |                           000000
                  SOUND1 |                             0001 |                           000001
                  SOUND2 |                             0010 |                           000010
                  SOUND3 |                             0011 |                           000011
                  SOUND4 |                             0100 |                           000100
                  SOUND5 |                             0101 |                           000101
                  SOUND6 |                             0110 |                           000110
                  SOUND7 |                             0111 |                           000111
                  SOUND8 |                             1000 |                           001000
---------------------------------------------------------------------------------------------------
INFO: [Synth 8-3354] encoded FSM with state register 'state_reg' using encoding 'sequential' in module 'fsm_buzzer'
WARNING: [Synth 8-327] inferring latch for variable 'FSM_sequential_next_state_reg' [D:/vivado_pj/buzzer_pj/buzzer_pj.srcs/sources_1/new/fsm_buzzer.v:48]
---------------------------------------------------------------------------------
Finished RTL Optimization Phase 2 : Time (s): cpu = 00:00:08 ; elapsed = 00:00:09 . Memory (MB): peak = 2420.332 ; gain = 556.512
---------------------------------------------------------------------------------
---------------------------------------------------------------------------------
Start RTL Component Statistics 
---------------------------------------------------------------------------------
Detailed RTL Component Info : 
+---Adders : 
	   2 Input   32 Bit       Adders := 2     
	   2 Input   20 Bit       Adders := 1     
	   2 Input   17 Bit       Adders := 1     
+---Registers : 
	               32 Bit    Registers := 1     
	               20 Bit    Registers := 1     
	               17 Bit    Registers := 2     
	               16 Bit    Registers := 1     
	                1 Bit    Registers := 7     
+---Muxes : 
	   2 Input   32 Bit        Muxes := 1     
	   2 Input   20 Bit        Muxes := 1     
	   2 Input   17 Bit        Muxes := 4     
	   9 Input   16 Bit        Muxes := 1     
	   9 Input    6 Bit        Muxes := 1     
	   9 Input    4 Bit        Muxes := 1     
	   2 Input    4 Bit        Muxes := 1     
	   2 Input    1 Bit        Muxes := 4     
	   9 Input    1 Bit        Muxes := 5     
---------------------------------------------------------------------------------
Finished RTL Component Statistics 
---------------------------------------------------------------------------------
---------------------------------------------------------------------------------
Start Part Resource Summary
---------------------------------------------------------------------------------
Part Resources:
DSPs: 90 (col length:60)
BRAMs: 100 (col length: RAMB18 60 RAMB36 30)
---------------------------------------------------------------------------------
Finished Part Resource Summary
---------------------------------------------------------------------------------
---------------------------------------------------------------------------------
Start Cross Boundary and Area Optimization
---------------------------------------------------------------------------------
WARNING: [Synth 8-7080] Parallel synthesis criteria is not met
---------------------------------------------------------------------------------
Finished Cross Boundary and Area Optimization : Time (s): cpu = 00:00:09 ; elapsed = 00:00:10 . Memory (MB): peak = 2420.332 ; gain = 556.512
---------------------------------------------------------------------------------
---------------------------------------------------------------------------------
Start Applying XDC Timing Constraints
---------------------------------------------------------------------------------
---------------------------------------------------------------------------------
Finished Applying XDC Timing Constraints : Time (s): cpu = 00:00:12 ; elapsed = 00:00:14 . Memory (MB): peak = 2420.332 ; gain = 556.512
---------------------------------------------------------------------------------
---------------------------------------------------------------------------------
Start Timing Optimization
---------------------------------------------------------------------------------
---------------------------------------------------------------------------------
Finished Timing Optimization : Time (s): cpu = 00:00:13 ; elapsed = 00:00:14 . Memory (MB): peak = 2420.332 ; gain = 556.512
---------------------------------------------------------------------------------
---------------------------------------------------------------------------------
Start Technology Mapping
---------------------------------------------------------------------------------
---------------------------------------------------------------------------------
Finished Technology Mapping : Time (s): cpu = 00:00:13 ; elapsed = 00:00:14 . Memory (MB): peak = 2420.332 ; gain = 556.512
---------------------------------------------------------------------------------
---------------------------------------------------------------------------------
Start IO Insertion
---------------------------------------------------------------------------------
---------------------------------------------------------------------------------
Start Flattening Before IO Insertion
---------------------------------------------------------------------------------
---------------------------------------------------------------------------------
Finished Flattening Before IO Insertion
---------------------------------------------------------------------------------
---------------------------------------------------------------------------------
Start Final Netlist Cleanup
---------------------------------------------------------------------------------
---------------------------------------------------------------------------------
Finished Final Netlist Cleanup
---------------------------------------------------------------------------------
---------------------------------------------------------------------------------
Finished IO Insertion : Time (s): cpu = 00:00:15 ; elapsed = 00:00:17 . Memory (MB): peak = 2420.332 ; gain = 556.512
---------------------------------------------------------------------------------
---------------------------------------------------------------------------------
Start Renaming Generated Instances
---------------------------------------------------------------------------------
---------------------------------------------------------------------------------
Finished Renaming Generated Instances : Time (s): cpu = 00:00:15 ; elapsed = 00:00:17 . Memory (MB): peak = 2420.332 ; gain = 556.512
---------------------------------------------------------------------------------
---------------------------------------------------------------------------------
Start Rebuilding User Hierarchy
---------------------------------------------------------------------------------
---------------------------------------------------------------------------------
Finished Rebuilding User Hierarchy : Time (s): cpu = 00:00:15 ; elapsed = 00:00:17 . Memory (MB): peak = 2420.332 ; gain = 556.512
---------------------------------------------------------------------------------
---------------------------------------------------------------------------------
Start Renaming Generated Ports
---------------------------------------------------------------------------------
---------------------------------------------------------------------------------
Finished Renaming Generated Ports : Time (s): cpu = 00:00:15 ; elapsed = 00:00:17 . Memory (MB): peak = 2420.332 ; gain = 556.512
---------------------------------------------------------------------------------
---------------------------------------------------------------------------------
Start Handling Custom Attributes
---------------------------------------------------------------------------------
---------------------------------------------------------------------------------
Finished Handling Custom Attributes : Time (s): cpu = 00:00:15 ; elapsed = 00:00:17 . Memory (MB): peak = 2420.332 ; gain = 556.512
---------------------------------------------------------------------------------
---------------------------------------------------------------------------------
Start Renaming Generated Nets
---------------------------------------------------------------------------------
---------------------------------------------------------------------------------
Finished Renaming Generated Nets : Time (s): cpu = 00:00:15 ; elapsed = 00:00:17 . Memory (MB): peak = 2420.332 ; gain = 556.512
---------------------------------------------------------------------------------
---------------------------------------------------------------------------------
Start Writing Synthesis Report
---------------------------------------------------------------------------------

Report BlackBoxes: 
+-+--------------+----------+
| |BlackBox name |Instances |
+-+--------------+----------+
+-+--------------+----------+

Report Cell Usage: 
+------+-------+------+
|      |Cell   |Count |
+------+-------+------+
|1     |BUFG   |     1|
|2     |CARRY4 |   152|
|3     |LUT1   |    42|
|4     |LUT2   |   174|
|5     |LUT3   |   296|
|6     |LUT4   |    23|
|7     |LUT5   |    40|
|8     |LUT6   |    28|
|9     |FDCE   |    95|
|10    |FDRE   |    13|
|11    |LD     |     4|
|12    |IBUF   |     3|
|13    |OBUF   |     1|
+------+-------+------+
---------------------------------------------------------------------------------
Finished Writing Synthesis Report : Time (s): cpu = 00:00:15 ; elapsed = 00:00:17 . Memory (MB): peak = 2420.332 ; gain = 556.512
---------------------------------------------------------------------------------
Synthesis finished with 0 errors, 0 critical warnings and 4 warnings.
Synthesis Optimization Runtime : Time (s): cpu = 00:00:10 ; elapsed = 00:00:15 . Memory (MB): peak = 2420.332 ; gain = 500.195
Synthesis Optimization Complete : Time (s): cpu = 00:00:15 ; elapsed = 00:00:17 . Memory (MB): peak = 2420.332 ; gain = 556.512
INFO: [Project 1-571] Translating synthesized netlist
Netlist sorting complete. Time (s): cpu = 00:00:00 ; elapsed = 00:00:00.005 . Memory (MB): peak = 2420.332 ; gain = 0.000
INFO: [Netlist 29-17] Analyzing 156 Unisim elements for replacement
INFO: [Netlist 29-28] Unisim Transformation completed in 0 CPU seconds
INFO: [Project 1-570] Preparing netlist for logic optimization
INFO: [Opt 31-138] Pushed 0 inverter(s) to 0 load pin(s).
Netlist sorting complete. Time (s): cpu = 00:00:00 ; elapsed = 00:00:00 . Memory (MB): peak = 2420.332 ; gain = 0.000
INFO: [Project 1-111] Unisim Transformation Summary:
  A total of 4 instances were transformed.
  LD => LDCE: 4 instances

Synth Design complete | Checksum: 6adf9cd5
INFO: [Common 17-83] Releasing license: Synthesis
27 Infos, 5 Warnings, 0 Critical Warnings and 0 Errors encountered.
synth_design completed successfully
synth_design: Time (s): cpu = 00:00:17 ; elapsed = 00:00:20 . Memory (MB): peak = 2420.332 ; gain = 959.914
INFO: [Common 17-1381] The checkpoint 'D:/vivado_pj/buzzer_pj/buzzer_pj.runs/synth_1/buzzer_top.dcp' has been generated.
INFO: [runtcl-4] Executing : report_utilization -file buzzer_top_utilization_synth.rpt -pb buzzer_top_utilization_synth.pb
INFO: [Common 17-206] Exiting Vivado at Mon Jun 15 14:10:32 2026...
