TRACE::2026-06-01.16:54:02::SCWPlatform::Trying to open the hw design at D:/vivado_pj/workspace_bram02/bram02/hw/bram02.xsa
TRACE::2026-06-01.16:54:02::SCWPlatform::DSA given D:/vivado_pj/workspace_bram02/bram02/hw/bram02.xsa
TRACE::2026-06-01.16:54:02::SCWPlatform::DSA absoulate path D:/vivado_pj/workspace_bram02/bram02/hw/bram02.xsa
TRACE::2026-06-01.16:54:02::SCWPlatform::DSA directory D:/vivado_pj/workspace_bram02/bram02/hw
TRACE::2026-06-01.16:54:02::SCWPlatform:: Platform Path D:/vivado_pj/workspace_bram02/bram02/hw/bram02.xsa
TRACE::2026-06-01.16:54:02::SCWPlatform:: Unique name xilinx:::0.0
TRACE::2026-06-01.16:54:02::SCWPlatform::Do not have an existing db opened. 
TRACE::2026-06-01.16:54:02::SCWPlatform::Opened new HwDB with name system_wrapper_0
TRACE::2026-06-01.16:54:02::SCWWriter::formatted JSON is {
	"platformName":	"bram02",
	"sprVersion":	"2.0",
	"mode":	"gui",
	"dsaType":	"Fixed",
	"platformDesc":	"bram02",
	"platHandOff":	"D:/vivado_pj/bram02/bram02.xsa",
	"platIntHandOff":	"<platformDir>/hw/bram02.xsa",
	"deviceType":	"FPGA",
	"platIsPrebuiltAutogen":	"false",
	"platIsNoBootBsp":	"false",
	"hasFsblMakeHasChanges":	"false",
	"hasPmufwMakeHasChanges":	"false",
	"platPreBuiltFlag":	false,
	"platformSamplesDir":	""
}
TRACE::2026-06-01.16:54:02::SCWWriter::formatted JSON is {
	"platformName":	"bram02",
	"sprVersion":	"2.0",
	"mode":	"gui",
	"dsaType":	"Fixed",
	"platformDesc":	"bram02",
	"platHandOff":	"D:/vivado_pj/bram02/bram02.xsa",
	"platIntHandOff":	"<platformDir>/hw/bram02.xsa",
	"deviceType":	"FPGA",
	"platIsPrebuiltAutogen":	"false",
	"platIsNoBootBsp":	"false",
	"hasFsblMakeHasChanges":	"false",
	"hasPmufwMakeHasChanges":	"false",
	"platPreBuiltFlag":	false,
	"platformSamplesDir":	"",
	"platActiveSys":	"bram02",
	"systems":	[{
			"systemName":	"bram02",
			"systemDesc":	"bram02",
			"sysIsBootAutoGen":	"true",
			"systemDispName":	"bram02"
		}]
}
TRACE::2026-06-01.16:54:02::SCWPlatform::Boot application domains not present, creating them
TRACE::2026-06-01.16:54:02::SCWPlatform::Pure FPGA device, no boot application will be created.
TRACE::2026-06-01.16:54:02::SCWWriter::formatted JSON is {
	"platformName":	"bram02",
	"sprVersion":	"2.0",
	"mode":	"gui",
	"dsaType":	"Fixed",
	"platformDesc":	"bram02",
	"platHandOff":	"D:/vivado_pj/bram02/bram02.xsa",
	"platIntHandOff":	"<platformDir>/hw/bram02.xsa",
	"deviceType":	"FPGA",
	"platIsPrebuiltAutogen":	"false",
	"platIsNoBootBsp":	"false",
	"hasFsblMakeHasChanges":	"false",
	"hasPmufwMakeHasChanges":	"false",
	"platPreBuiltFlag":	false,
	"platformSamplesDir":	"",
	"platActiveSys":	"bram02",
	"systems":	[{
			"systemName":	"bram02",
			"systemDesc":	"bram02",
			"sysIsBootAutoGen":	"true",
			"systemDispName":	"bram02"
		}]
}
TRACE::2026-06-01.16:54:02::SCWWriter::formatted JSON is {
	"platformName":	"bram02",
	"sprVersion":	"2.0",
	"mode":	"gui",
	"dsaType":	"Fixed",
	"platformDesc":	"bram02",
	"platHandOff":	"D:/vivado_pj/bram02/bram02.xsa",
	"platIntHandOff":	"<platformDir>/hw/bram02.xsa",
	"deviceType":	"FPGA",
	"platIsPrebuiltAutogen":	"false",
	"platIsNoBootBsp":	"false",
	"hasFsblMakeHasChanges":	"false",
	"hasPmufwMakeHasChanges":	"false",
	"platPreBuiltFlag":	false,
	"platformSamplesDir":	"",
	"platActiveSys":	"bram02",
	"systems":	[{
			"systemName":	"bram02",
			"systemDesc":	"bram02",
			"sysIsBootAutoGen":	"true",
			"systemDispName":	"bram02"
		}]
}
TRACE::2026-06-01.16:54:02::SCWPlatform::Trying to open the hw design at D:/vivado_pj/workspace_bram02/bram02/hw/bram02.xsa
TRACE::2026-06-01.16:54:02::SCWPlatform::DSA given D:/vivado_pj/workspace_bram02/bram02/hw/bram02.xsa
TRACE::2026-06-01.16:54:02::SCWPlatform::DSA absoulate path D:/vivado_pj/workspace_bram02/bram02/hw/bram02.xsa
TRACE::2026-06-01.16:54:02::SCWPlatform::DSA directory D:/vivado_pj/workspace_bram02/bram02/hw
TRACE::2026-06-01.16:54:02::SCWPlatform:: Platform Path D:/vivado_pj/workspace_bram02/bram02/hw/bram02.xsa
TRACE::2026-06-01.16:54:02::SCWPlatform:: Unique name xilinx:::0.0
TRACE::2026-06-01.16:54:02::SCWPlatform::Trying to set the existing hwdb with name system_wrapper_0
TRACE::2026-06-01.16:54:02::SCWPlatform::Opened existing hwdb system_wrapper_0
TRACE::2026-06-01.16:54:02::SCWPlatform::Found the Hw Db part of the input DSA
TRACE::2026-06-01.16:54:02::SCWPlatform::Trying to open the hw design at D:/vivado_pj/workspace_bram02/bram02/hw/bram02.xsa
TRACE::2026-06-01.16:54:02::SCWPlatform::DSA given D:/vivado_pj/workspace_bram02/bram02/hw/bram02.xsa
TRACE::2026-06-01.16:54:02::SCWPlatform::DSA absoulate path D:/vivado_pj/workspace_bram02/bram02/hw/bram02.xsa
TRACE::2026-06-01.16:54:02::SCWPlatform::DSA directory D:/vivado_pj/workspace_bram02/bram02/hw
TRACE::2026-06-01.16:54:02::SCWPlatform:: Platform Path D:/vivado_pj/workspace_bram02/bram02/hw/bram02.xsa
TRACE::2026-06-01.16:54:02::SCWPlatform:: Unique name xilinx:::0.0
TRACE::2026-06-01.16:54:02::SCWPlatform::Trying to set the existing hwdb with name system_wrapper_0
TRACE::2026-06-01.16:54:02::SCWPlatform::Opened existing hwdb system_wrapper_0
TRACE::2026-06-01.16:54:02::SCWPlatform::Found the Hw Db part of the input DSA
TRACE::2026-06-01.16:54:02::SCWDomain::checking for install qemu data   : 
TRACE::2026-06-01.16:54:02::SCWPlatform::Trying to open the hw design at D:/vivado_pj/workspace_bram02/bram02/hw/bram02.xsa
TRACE::2026-06-01.16:54:02::SCWPlatform::DSA given D:/vivado_pj/workspace_bram02/bram02/hw/bram02.xsa
TRACE::2026-06-01.16:54:02::SCWPlatform::DSA absoulate path D:/vivado_pj/workspace_bram02/bram02/hw/bram02.xsa
TRACE::2026-06-01.16:54:02::SCWPlatform::DSA directory D:/vivado_pj/workspace_bram02/bram02/hw
TRACE::2026-06-01.16:54:02::SCWPlatform:: Platform Path D:/vivado_pj/workspace_bram02/bram02/hw/bram02.xsa
TRACE::2026-06-01.16:54:02::SCWPlatform:: Unique name xilinx:::0.0
TRACE::2026-06-01.16:54:02::SCWPlatform::Trying to set the existing hwdb with name system_wrapper_0
TRACE::2026-06-01.16:54:02::SCWPlatform::Opened existing hwdb system_wrapper_0
TRACE::2026-06-01.16:54:02::SCWPlatform::Found the Hw Db part of the input DSA
TRACE::2026-06-01.16:54:02::SCWPlatform::Trying to open the hw design at D:/vivado_pj/workspace_bram02/bram02/hw/bram02.xsa
TRACE::2026-06-01.16:54:02::SCWPlatform::DSA given D:/vivado_pj/workspace_bram02/bram02/hw/bram02.xsa
TRACE::2026-06-01.16:54:02::SCWPlatform::DSA absoulate path D:/vivado_pj/workspace_bram02/bram02/hw/bram02.xsa
TRACE::2026-06-01.16:54:02::SCWPlatform::DSA directory D:/vivado_pj/workspace_bram02/bram02/hw
TRACE::2026-06-01.16:54:02::SCWPlatform:: Platform Path D:/vivado_pj/workspace_bram02/bram02/hw/bram02.xsa
TRACE::2026-06-01.16:54:02::SCWPlatform:: Unique name xilinx:::0.0
TRACE::2026-06-01.16:54:02::SCWPlatform::Trying to set the existing hwdb with name system_wrapper_0
TRACE::2026-06-01.16:54:02::SCWPlatform::Opened existing hwdb system_wrapper_0
TRACE::2026-06-01.16:54:02::SCWPlatform::Found the Hw Db part of the input DSA
TRACE::2026-06-01.16:54:02::SCWPlatform::Trying to open the hw design at D:/vivado_pj/workspace_bram02/bram02/hw/bram02.xsa
TRACE::2026-06-01.16:54:02::SCWPlatform::DSA given D:/vivado_pj/workspace_bram02/bram02/hw/bram02.xsa
TRACE::2026-06-01.16:54:02::SCWPlatform::DSA absoulate path D:/vivado_pj/workspace_bram02/bram02/hw/bram02.xsa
TRACE::2026-06-01.16:54:02::SCWPlatform::DSA directory D:/vivado_pj/workspace_bram02/bram02/hw
TRACE::2026-06-01.16:54:02::SCWPlatform:: Platform Path D:/vivado_pj/workspace_bram02/bram02/hw/bram02.xsa
TRACE::2026-06-01.16:54:02::SCWPlatform:: Unique name xilinx:::0.0
TRACE::2026-06-01.16:54:02::SCWPlatform::Trying to set the existing hwdb with name system_wrapper_0
TRACE::2026-06-01.16:54:02::SCWPlatform::Opened existing hwdb system_wrapper_0
TRACE::2026-06-01.16:54:02::SCWPlatform::Found the Hw Db part of the input DSA
TRACE::2026-06-01.16:54:02::SCWMssOS::Checking the sw design at  D:/vivado_pj/workspace_bram02/bram02/microblaze_0/standalone_microblaze_0/bsp/system.mss
TRACE::2026-06-01.16:54:02::SCWMssOS::DEBUG:  swdes dump  
TRACE::2026-06-01.16:54:02::SCWMssOS::No sw design opened at  D:/vivado_pj/workspace_bram02/bram02/microblaze_0/standalone_microblaze_0/bsp/system.mss
TRACE::2026-06-01.16:54:02::SCWMssOS::mss does not exists at D:/vivado_pj/workspace_bram02/bram02/microblaze_0/standalone_microblaze_0/bsp/system.mss
TRACE::2026-06-01.16:54:02::SCWMssOS::Creating sw design at  D:/vivado_pj/workspace_bram02/bram02/microblaze_0/standalone_microblaze_0/bsp/system.mss
TRACE::2026-06-01.16:54:02::SCWMssOS::Adding the swdes entry, created swdb D:/vivado_pj/workspace_bram02/bram02/microblaze_0/standalone_microblaze_0/bsp/system.mss with des name D:/vivado_pj/workspace_bram02/bram02/microblaze_0/standalone_microblaze_0/bsp/system.mss
TRACE::2026-06-01.16:54:02::SCWMssOS::updating the scw layer changes to swdes at   D:/vivado_pj/workspace_bram02/bram02/microblaze_0/standalone_microblaze_0/bsp/system.mss
TRACE::2026-06-01.16:54:02::SCWMssOS::Writing mss at D:/vivado_pj/workspace_bram02/bram02/microblaze_0/standalone_microblaze_0/bsp/system.mss
TRACE::2026-06-01.16:54:02::SCWMssOS::Completed writing the mss file at D:/vivado_pj/workspace_bram02/bram02/microblaze_0/standalone_microblaze_0/bsp
TRACE::2026-06-01.16:54:02::SCWMssOS::Picking up changes from newly written mss file into SCW Layer. 
TRACE::2026-06-01.16:54:02::SCWMssOS::Updated the changes from newly written mss file into SCW Layer. 
TRACE::2026-06-01.16:54:02::SCWMssOS::Completed writing the mss file at D:/vivado_pj/workspace_bram02/bram02/microblaze_0/standalone_microblaze_0/bsp
TRACE::2026-06-01.16:54:02::SCWMssOS::Forcing BSP Sources regeneration.
TRACE::2026-06-01.16:54:03::SCWMssOS::Saving the mss changes D:/vivado_pj/workspace_bram02/bram02/microblaze_0/standalone_microblaze_0/bsp/system.mss
TRACE::2026-06-01.16:54:03::SCWMssOS::Adding the swdes entry, mss present, able to open swdb D:/vivado_pj/workspace_bram02/bram02/microblaze_0/standalone_microblaze_0/bsp/system.mss with des name system
TRACE::2026-06-01.16:54:03::SCWMssOS::Writing the mss file completed D:/vivado_pj/workspace_bram02/bram02/microblaze_0/standalone_microblaze_0/bsp/system.mss
TRACE::2026-06-01.16:54:03::SCWMssOS::Commit changes completed.
TRACE::2026-06-01.16:54:03::SCWPlatform::Trying to open the hw design at D:/vivado_pj/workspace_bram02/bram02/hw/bram02.xsa
TRACE::2026-06-01.16:54:03::SCWPlatform::DSA given D:/vivado_pj/workspace_bram02/bram02/hw/bram02.xsa
TRACE::2026-06-01.16:54:03::SCWPlatform::DSA absoulate path D:/vivado_pj/workspace_bram02/bram02/hw/bram02.xsa
TRACE::2026-06-01.16:54:03::SCWPlatform::DSA directory D:/vivado_pj/workspace_bram02/bram02/hw
TRACE::2026-06-01.16:54:03::SCWPlatform:: Platform Path D:/vivado_pj/workspace_bram02/bram02/hw/bram02.xsa
TRACE::2026-06-01.16:54:03::SCWPlatform:: Unique name xilinx:::0.0
TRACE::2026-06-01.16:54:03::SCWPlatform::Trying to set the existing hwdb with name system_wrapper_0
TRACE::2026-06-01.16:54:03::SCWPlatform::Opened existing hwdb system_wrapper_0
TRACE::2026-06-01.16:54:03::SCWPlatform::Found the Hw Db part of the input DSA
TRACE::2026-06-01.16:54:03::SCWMssOS::Checking the sw design at  D:/vivado_pj/workspace_bram02/bram02/microblaze_0/standalone_microblaze_0/bsp/system.mss
TRACE::2026-06-01.16:54:03::SCWMssOS::DEBUG:  swdes dump  D:/vivado_pj/workspace_bram02/bram02/microblaze_0/standalone_microblaze_0/bsp/system.mss|system||

TRACE::2026-06-01.16:54:03::SCWMssOS::Sw design exists and opened at  D:/vivado_pj/workspace_bram02/bram02/microblaze_0/standalone_microblaze_0/bsp/system.mss
TRACE::2026-06-01.16:54:03::SCWPlatform::Trying to open the hw design at D:/vivado_pj/workspace_bram02/bram02/hw/bram02.xsa
TRACE::2026-06-01.16:54:03::SCWPlatform::DSA given D:/vivado_pj/workspace_bram02/bram02/hw/bram02.xsa
TRACE::2026-06-01.16:54:03::SCWPlatform::DSA absoulate path D:/vivado_pj/workspace_bram02/bram02/hw/bram02.xsa
TRACE::2026-06-01.16:54:03::SCWPlatform::DSA directory D:/vivado_pj/workspace_bram02/bram02/hw
TRACE::2026-06-01.16:54:03::SCWPlatform:: Platform Path D:/vivado_pj/workspace_bram02/bram02/hw/bram02.xsa
TRACE::2026-06-01.16:54:03::SCWPlatform:: Unique name xilinx:::0.0
TRACE::2026-06-01.16:54:03::SCWPlatform::Trying to set the existing hwdb with name system_wrapper_0
TRACE::2026-06-01.16:54:03::SCWPlatform::Opened existing hwdb system_wrapper_0
TRACE::2026-06-01.16:54:03::SCWPlatform::Found the Hw Db part of the input DSA
TRACE::2026-06-01.16:54:03::SCWMssOS::Checking the sw design at  D:/vivado_pj/workspace_bram02/bram02/microblaze_0/standalone_microblaze_0/bsp/system.mss
TRACE::2026-06-01.16:54:03::SCWMssOS::DEBUG:  swdes dump  D:/vivado_pj/workspace_bram02/bram02/microblaze_0/standalone_microblaze_0/bsp/system.mss|system||

TRACE::2026-06-01.16:54:03::SCWMssOS::Sw design exists and opened at  D:/vivado_pj/workspace_bram02/bram02/microblaze_0/standalone_microblaze_0/bsp/system.mss
TRACE::2026-06-01.16:54:03::SCWPlatform::Trying to open the hw design at D:/vivado_pj/workspace_bram02/bram02/hw/bram02.xsa
TRACE::2026-06-01.16:54:03::SCWPlatform::DSA given D:/vivado_pj/workspace_bram02/bram02/hw/bram02.xsa
TRACE::2026-06-01.16:54:03::SCWPlatform::DSA absoulate path D:/vivado_pj/workspace_bram02/bram02/hw/bram02.xsa
TRACE::2026-06-01.16:54:03::SCWPlatform::DSA directory D:/vivado_pj/workspace_bram02/bram02/hw
TRACE::2026-06-01.16:54:03::SCWPlatform:: Platform Path D:/vivado_pj/workspace_bram02/bram02/hw/bram02.xsa
TRACE::2026-06-01.16:54:03::SCWPlatform:: Unique name xilinx:::0.0
TRACE::2026-06-01.16:54:03::SCWPlatform::Trying to set the existing hwdb with name system_wrapper_0
TRACE::2026-06-01.16:54:03::SCWPlatform::Opened existing hwdb system_wrapper_0
TRACE::2026-06-01.16:54:03::SCWPlatform::Found the Hw Db part of the input DSA
TRACE::2026-06-01.16:54:03::SCWMssOS::Checking the sw design at  D:/vivado_pj/workspace_bram02/bram02/microblaze_0/standalone_microblaze_0/bsp/system.mss
TRACE::2026-06-01.16:54:03::SCWMssOS::DEBUG:  swdes dump  D:/vivado_pj/workspace_bram02/bram02/microblaze_0/standalone_microblaze_0/bsp/system.mss|system||

TRACE::2026-06-01.16:54:03::SCWMssOS::Sw design exists and opened at  D:/vivado_pj/workspace_bram02/bram02/microblaze_0/standalone_microblaze_0/bsp/system.mss
TRACE::2026-06-01.16:54:03::SCWWriter::formatted JSON is {
	"platformName":	"bram02",
	"sprVersion":	"2.0",
	"mode":	"gui",
	"dsaType":	"Fixed",
	"platformDesc":	"bram02",
	"platHandOff":	"D:/vivado_pj/bram02/bram02.xsa",
	"platIntHandOff":	"<platformDir>/hw/bram02.xsa",
	"deviceType":	"FPGA",
	"platIsPrebuiltAutogen":	"false",
	"platIsNoBootBsp":	"false",
	"hasFsblMakeHasChanges":	"false",
	"hasPmufwMakeHasChanges":	"false",
	"platPreBuiltFlag":	false,
	"platformSamplesDir":	"",
	"platActiveSys":	"bram02",
	"systems":	[{
			"systemName":	"bram02",
			"systemDesc":	"bram02",
			"sysIsBootAutoGen":	"true",
			"systemDispName":	"bram02",
			"sysActiveDom":	"standalone_microblaze_0",
			"sysDefaultDom":	"standalone_microblaze_0",
			"domains":	[{
					"domainName":	"standalone_microblaze_0",
					"domainDispName":	"standalone_microblaze_0",
					"domainDesc":	"standalone_microblaze_0",
					"processors":	"microblaze_0",
					"os":	"standalone",
					"sdxOs":	"standalone",
					"debugEnable":	"False",
					"domRuntimes":	["cpp"],
					"swRepo":	"",
					"mssOsVer":	"8.1",
					"mssFile":	"",
					"md5Digest":	"9713b25ab14a6a584b7df1fe65b27259",
					"compatibleApp":	"hello_world",
					"domType":	"mssDomain",
					"arch":	"32-bit",
					"appSettings":	{
						"appCompilerFlags":	"",
						"appLinkerFlags":	""
					},
					"addedLibs":	[],
					"libOptions":	{
						"libsContainingOptions":	[]
					},
					"prebuiltLibs":	{
						"prebuiltIncPath":	[],
						"prebuiltLibPath":	[]
					},
					"isolation":	{
					}
				}]
		}]
}
LOG::2026-06-01.16:54:03::SCWPlatform::Started generating the artifacts platform bram02
TRACE::2026-06-01.16:54:03::SCWPlatform::Sanity checking of platform is completed
LOG::2026-06-01.16:54:03::SCWPlatform::Started generating the artifacts for system configuration bram02
LOG::2026-06-01.16:54:03::SCWSystem::Checking the domain standalone_microblaze_0
LOG::2026-06-01.16:54:03::SCWSystem::Not a boot domain 
LOG::2026-06-01.16:54:03::SCWSystem::Started Processing the domain standalone_microblaze_0
TRACE::2026-06-01.16:54:03::SCWDomain::Generating domain artifcats
TRACE::2026-06-01.16:54:03::SCWMssOS::Generating standalone artifcats
TRACE::2026-06-01.16:54:03::SCWMssOS:: Copying the user libraries. 
TRACE::2026-06-01.16:54:03::SCWPlatform::Trying to open the hw design at D:/vivado_pj/workspace_bram02/bram02/hw/bram02.xsa
TRACE::2026-06-01.16:54:03::SCWPlatform::DSA given D:/vivado_pj/workspace_bram02/bram02/hw/bram02.xsa
TRACE::2026-06-01.16:54:03::SCWPlatform::DSA absoulate path D:/vivado_pj/workspace_bram02/bram02/hw/bram02.xsa
TRACE::2026-06-01.16:54:03::SCWPlatform::DSA directory D:/vivado_pj/workspace_bram02/bram02/hw
TRACE::2026-06-01.16:54:03::SCWPlatform:: Platform Path D:/vivado_pj/workspace_bram02/bram02/hw/bram02.xsa
TRACE::2026-06-01.16:54:03::SCWPlatform:: Unique name xilinx:::0.0
TRACE::2026-06-01.16:54:03::SCWPlatform::Trying to set the existing hwdb with name system_wrapper_0
TRACE::2026-06-01.16:54:03::SCWPlatform::Opened existing hwdb system_wrapper_0
TRACE::2026-06-01.16:54:03::SCWPlatform::Found the Hw Db part of the input DSA
TRACE::2026-06-01.16:54:03::SCWMssOS::Checking the sw design at  D:/vivado_pj/workspace_bram02/bram02/microblaze_0/standalone_microblaze_0/bsp/system.mss
TRACE::2026-06-01.16:54:03::SCWMssOS::DEBUG:  swdes dump  D:/vivado_pj/workspace_bram02/bram02/microblaze_0/standalone_microblaze_0/bsp/system.mss|system||

TRACE::2026-06-01.16:54:03::SCWMssOS::Sw design exists and opened at  D:/vivado_pj/workspace_bram02/bram02/microblaze_0/standalone_microblaze_0/bsp/system.mss
TRACE::2026-06-01.16:54:03::SCWMssOS::Completed writing the mss file at D:/vivado_pj/workspace_bram02/bram02/microblaze_0/standalone_microblaze_0/bsp
TRACE::2026-06-01.16:54:03::SCWMssOS::Mss edits present, copying mssfile into export location D:/vivado_pj/workspace_bram02/bram02/microblaze_0/standalone_microblaze_0/bsp/system.mss
TRACE::2026-06-01.16:54:03::SCWMssOS::bsp generated is upto date with the mss file. Skipping bsp generation.
TRACE::2026-06-01.16:54:03::SCWMssOS::BSP is already built. skipping the bsp build ... 
TRACE::2026-06-01.16:54:03::SCWDomain::Skipping the build for domain :  standalone_microblaze_0
TRACE::2026-06-01.16:54:03::SCWMssOS::skipping the bsp build ... 
TRACE::2026-06-01.16:54:03::SCWMssOS::Copying to export directory.
TRACE::2026-06-01.16:54:03::SCWMssOS:: Checking if to create the Supporting Applications
TRACE::2026-06-01.16:54:03::SCWMssOS:: No Linux domain exists, trying to generate FSBL 
LOG::2026-06-01.16:54:03::SCWSystem::Completed Processing the domain standalone_microblaze_0
LOG::2026-06-01.16:54:03::SCWSystem::Completed Processing the sysconfig bram02
LOG::2026-06-01.16:54:03::SCWPlatform::Completed generating the artifacts for system configuration bram02
TRACE::2026-06-01.16:54:03::SCWPlatform::Started preparing the platform 
TRACE::2026-06-01.16:54:03::SCWSystem::Writing the bif file for system config bram02
TRACE::2026-06-01.16:54:03::SCWSystem::dir created 
TRACE::2026-06-01.16:54:03::SCWSystem::Writing the bif 
TRACE::2026-06-01.16:54:03::SCWPlatform::Started writing the spfm file 
TRACE::2026-06-01.16:54:03::SCWPlatform::Started writing the xpfm file 
TRACE::2026-06-01.16:54:03::SCWPlatform::Completed generating the platform
TRACE::2026-06-01.16:54:03::SCWMssOS::Saving the mss changes D:/vivado_pj/workspace_bram02/bram02/microblaze_0/standalone_microblaze_0/bsp/system.mss
TRACE::2026-06-01.16:54:03::SCWMssOS::Found a swdesign opened with the mssfile.
TRACE::2026-06-01.16:54:03::SCWMssOS::Completed writemss as part of save.
TRACE::2026-06-01.16:54:03::SCWMssOS::Commit changes completed.
TRACE::2026-06-01.16:54:03::SCWPlatform::Trying to open the hw design at D:/vivado_pj/workspace_bram02/bram02/hw/bram02.xsa
TRACE::2026-06-01.16:54:03::SCWPlatform::DSA given D:/vivado_pj/workspace_bram02/bram02/hw/bram02.xsa
TRACE::2026-06-01.16:54:03::SCWPlatform::DSA absoulate path D:/vivado_pj/workspace_bram02/bram02/hw/bram02.xsa
TRACE::2026-06-01.16:54:03::SCWPlatform::DSA directory D:/vivado_pj/workspace_bram02/bram02/hw
TRACE::2026-06-01.16:54:03::SCWPlatform:: Platform Path D:/vivado_pj/workspace_bram02/bram02/hw/bram02.xsa
TRACE::2026-06-01.16:54:03::SCWPlatform:: Unique name xilinx:::0.0
TRACE::2026-06-01.16:54:03::SCWPlatform::Trying to set the existing hwdb with name system_wrapper_0
TRACE::2026-06-01.16:54:03::SCWPlatform::Opened existing hwdb system_wrapper_0
TRACE::2026-06-01.16:54:03::SCWPlatform::Found the Hw Db part of the input DSA
TRACE::2026-06-01.16:54:03::SCWMssOS::Checking the sw design at  D:/vivado_pj/workspace_bram02/bram02/microblaze_0/standalone_microblaze_0/bsp/system.mss
TRACE::2026-06-01.16:54:03::SCWMssOS::DEBUG:  swdes dump  D:/vivado_pj/workspace_bram02/bram02/microblaze_0/standalone_microblaze_0/bsp/system.mss|system||

TRACE::2026-06-01.16:54:03::SCWMssOS::Sw design exists and opened at  D:/vivado_pj/workspace_bram02/bram02/microblaze_0/standalone_microblaze_0/bsp/system.mss
TRACE::2026-06-01.16:54:03::SCWPlatform::Trying to open the hw design at D:/vivado_pj/workspace_bram02/bram02/hw/bram02.xsa
TRACE::2026-06-01.16:54:03::SCWPlatform::DSA given D:/vivado_pj/workspace_bram02/bram02/hw/bram02.xsa
TRACE::2026-06-01.16:54:03::SCWPlatform::DSA absoulate path D:/vivado_pj/workspace_bram02/bram02/hw/bram02.xsa
TRACE::2026-06-01.16:54:03::SCWPlatform::DSA directory D:/vivado_pj/workspace_bram02/bram02/hw
TRACE::2026-06-01.16:54:03::SCWPlatform:: Platform Path D:/vivado_pj/workspace_bram02/bram02/hw/bram02.xsa
TRACE::2026-06-01.16:54:03::SCWPlatform:: Unique name xilinx:::0.0
TRACE::2026-06-01.16:54:03::SCWPlatform::Trying to set the existing hwdb with name system_wrapper_0
TRACE::2026-06-01.16:54:03::SCWPlatform::Opened existing hwdb system_wrapper_0
TRACE::2026-06-01.16:54:03::SCWPlatform::Found the Hw Db part of the input DSA
TRACE::2026-06-01.16:54:03::SCWMssOS::Checking the sw design at  D:/vivado_pj/workspace_bram02/bram02/microblaze_0/standalone_microblaze_0/bsp/system.mss
TRACE::2026-06-01.16:54:03::SCWMssOS::DEBUG:  swdes dump  D:/vivado_pj/workspace_bram02/bram02/microblaze_0/standalone_microblaze_0/bsp/system.mss|system||

TRACE::2026-06-01.16:54:03::SCWMssOS::Sw design exists and opened at  D:/vivado_pj/workspace_bram02/bram02/microblaze_0/standalone_microblaze_0/bsp/system.mss
TRACE::2026-06-01.16:54:03::SCWPlatform::Trying to open the hw design at D:/vivado_pj/workspace_bram02/bram02/hw/bram02.xsa
TRACE::2026-06-01.16:54:03::SCWPlatform::DSA given D:/vivado_pj/workspace_bram02/bram02/hw/bram02.xsa
TRACE::2026-06-01.16:54:03::SCWPlatform::DSA absoulate path D:/vivado_pj/workspace_bram02/bram02/hw/bram02.xsa
TRACE::2026-06-01.16:54:03::SCWPlatform::DSA directory D:/vivado_pj/workspace_bram02/bram02/hw
TRACE::2026-06-01.16:54:03::SCWPlatform:: Platform Path D:/vivado_pj/workspace_bram02/bram02/hw/bram02.xsa
TRACE::2026-06-01.16:54:03::SCWPlatform:: Unique name xilinx:::0.0
TRACE::2026-06-01.16:54:03::SCWPlatform::Trying to set the existing hwdb with name system_wrapper_0
TRACE::2026-06-01.16:54:03::SCWPlatform::Opened existing hwdb system_wrapper_0
TRACE::2026-06-01.16:54:03::SCWPlatform::Found the Hw Db part of the input DSA
TRACE::2026-06-01.16:54:03::SCWMssOS::Checking the sw design at  D:/vivado_pj/workspace_bram02/bram02/microblaze_0/standalone_microblaze_0/bsp/system.mss
TRACE::2026-06-01.16:54:03::SCWMssOS::DEBUG:  swdes dump  D:/vivado_pj/workspace_bram02/bram02/microblaze_0/standalone_microblaze_0/bsp/system.mss|system||

TRACE::2026-06-01.16:54:03::SCWMssOS::Sw design exists and opened at  D:/vivado_pj/workspace_bram02/bram02/microblaze_0/standalone_microblaze_0/bsp/system.mss
TRACE::2026-06-01.16:54:03::SCWWriter::formatted JSON is {
	"platformName":	"bram02",
	"sprVersion":	"2.0",
	"mode":	"gui",
	"dsaType":	"Fixed",
	"platformDesc":	"bram02",
	"platHandOff":	"D:/vivado_pj/bram02/bram02.xsa",
	"platIntHandOff":	"<platformDir>/hw/bram02.xsa",
	"deviceType":	"FPGA",
	"platIsPrebuiltAutogen":	"false",
	"platIsNoBootBsp":	"false",
	"hasFsblMakeHasChanges":	"false",
	"hasPmufwMakeHasChanges":	"false",
	"platPreBuiltFlag":	false,
	"platformSamplesDir":	"",
	"platActiveSys":	"bram02",
	"systems":	[{
			"systemName":	"bram02",
			"systemDesc":	"bram02",
			"sysIsBootAutoGen":	"true",
			"systemDispName":	"bram02",
			"sysActiveDom":	"standalone_microblaze_0",
			"sysDefaultDom":	"standalone_microblaze_0",
			"domains":	[{
					"domainName":	"standalone_microblaze_0",
					"domainDispName":	"standalone_microblaze_0",
					"domainDesc":	"standalone_microblaze_0",
					"processors":	"microblaze_0",
					"os":	"standalone",
					"sdxOs":	"standalone",
					"debugEnable":	"False",
					"domRuntimes":	["cpp"],
					"swRepo":	"",
					"mssOsVer":	"8.1",
					"mssFile":	"",
					"md5Digest":	"9713b25ab14a6a584b7df1fe65b27259",
					"compatibleApp":	"hello_world",
					"domType":	"mssDomain",
					"arch":	"32-bit",
					"appSettings":	{
						"appCompilerFlags":	"",
						"appLinkerFlags":	""
					},
					"addedLibs":	[],
					"libOptions":	{
						"libsContainingOptions":	[]
					},
					"prebuiltLibs":	{
						"prebuiltIncPath":	[],
						"prebuiltLibPath":	[]
					},
					"isolation":	{
					}
				}]
		}]
}
KEYINFO::2026-06-01.16:54:03::SCWPlatform::updated the xpfm file.
TRACE::2026-06-01.16:54:04::SCWPlatform::Trying to open the hw design at D:/vivado_pj/workspace_bram02/bram02/hw/bram02.xsa
TRACE::2026-06-01.16:54:04::SCWPlatform::DSA given D:/vivado_pj/workspace_bram02/bram02/hw/bram02.xsa
TRACE::2026-06-01.16:54:04::SCWPlatform::DSA absoulate path D:/vivado_pj/workspace_bram02/bram02/hw/bram02.xsa
TRACE::2026-06-01.16:54:04::SCWPlatform::DSA directory D:/vivado_pj/workspace_bram02/bram02/hw
TRACE::2026-06-01.16:54:04::SCWPlatform:: Platform Path D:/vivado_pj/workspace_bram02/bram02/hw/bram02.xsa
TRACE::2026-06-01.16:54:04::SCWPlatform:: Unique name xilinx:::0.0
TRACE::2026-06-01.16:54:04::SCWPlatform::Trying to set the existing hwdb with name system_wrapper_0
TRACE::2026-06-01.16:54:04::SCWPlatform::Opened existing hwdb system_wrapper_0
TRACE::2026-06-01.16:54:04::SCWPlatform::Found the Hw Db part of the input DSA
TRACE::2026-06-01.16:54:04::SCWMssOS::Checking the sw design at  D:/vivado_pj/workspace_bram02/bram02/microblaze_0/standalone_microblaze_0/bsp/system.mss
TRACE::2026-06-01.16:54:04::SCWMssOS::DEBUG:  swdes dump  D:/vivado_pj/workspace_bram02/bram02/microblaze_0/standalone_microblaze_0/bsp/system.mss|system||

TRACE::2026-06-01.16:54:04::SCWMssOS::Sw design exists and opened at  D:/vivado_pj/workspace_bram02/bram02/microblaze_0/standalone_microblaze_0/bsp/system.mss
TRACE::2026-06-01.16:54:04::SCWMssOS::Saving the mss changes D:/vivado_pj/workspace_bram02/bram02/microblaze_0/standalone_microblaze_0/bsp/system.mss
TRACE::2026-06-01.16:54:04::SCWMssOS::Found a swdesign opened with the mssfile.
TRACE::2026-06-01.16:54:04::SCWMssOS::Completed writemss as part of save.
TRACE::2026-06-01.16:54:04::SCWMssOS::Commit changes completed.
TRACE::2026-06-01.16:54:04::SCWPlatform::Trying to open the hw design at D:/vivado_pj/workspace_bram02/bram02/hw/bram02.xsa
TRACE::2026-06-01.16:54:04::SCWPlatform::DSA given D:/vivado_pj/workspace_bram02/bram02/hw/bram02.xsa
TRACE::2026-06-01.16:54:04::SCWPlatform::DSA absoulate path D:/vivado_pj/workspace_bram02/bram02/hw/bram02.xsa
TRACE::2026-06-01.16:54:04::SCWPlatform::DSA directory D:/vivado_pj/workspace_bram02/bram02/hw
TRACE::2026-06-01.16:54:04::SCWPlatform:: Platform Path D:/vivado_pj/workspace_bram02/bram02/hw/bram02.xsa
TRACE::2026-06-01.16:54:04::SCWPlatform:: Unique name xilinx:::0.0
TRACE::2026-06-01.16:54:04::SCWPlatform::Trying to set the existing hwdb with name system_wrapper_0
TRACE::2026-06-01.16:54:04::SCWPlatform::Opened existing hwdb system_wrapper_0
TRACE::2026-06-01.16:54:04::SCWPlatform::Found the Hw Db part of the input DSA
TRACE::2026-06-01.16:54:04::SCWMssOS::Checking the sw design at  D:/vivado_pj/workspace_bram02/bram02/microblaze_0/standalone_microblaze_0/bsp/system.mss
TRACE::2026-06-01.16:54:04::SCWMssOS::DEBUG:  swdes dump  D:/vivado_pj/workspace_bram02/bram02/microblaze_0/standalone_microblaze_0/bsp/system.mss|system||

TRACE::2026-06-01.16:54:04::SCWMssOS::Sw design exists and opened at  D:/vivado_pj/workspace_bram02/bram02/microblaze_0/standalone_microblaze_0/bsp/system.mss
TRACE::2026-06-01.16:54:04::SCWPlatform::Trying to open the hw design at D:/vivado_pj/workspace_bram02/bram02/hw/bram02.xsa
TRACE::2026-06-01.16:54:04::SCWPlatform::DSA given D:/vivado_pj/workspace_bram02/bram02/hw/bram02.xsa
TRACE::2026-06-01.16:54:04::SCWPlatform::DSA absoulate path D:/vivado_pj/workspace_bram02/bram02/hw/bram02.xsa
TRACE::2026-06-01.16:54:04::SCWPlatform::DSA directory D:/vivado_pj/workspace_bram02/bram02/hw
TRACE::2026-06-01.16:54:04::SCWPlatform:: Platform Path D:/vivado_pj/workspace_bram02/bram02/hw/bram02.xsa
TRACE::2026-06-01.16:54:04::SCWPlatform:: Unique name xilinx:::0.0
TRACE::2026-06-01.16:54:04::SCWPlatform::Trying to set the existing hwdb with name system_wrapper_0
TRACE::2026-06-01.16:54:04::SCWPlatform::Opened existing hwdb system_wrapper_0
TRACE::2026-06-01.16:54:04::SCWPlatform::Found the Hw Db part of the input DSA
TRACE::2026-06-01.16:54:04::SCWMssOS::Checking the sw design at  D:/vivado_pj/workspace_bram02/bram02/microblaze_0/standalone_microblaze_0/bsp/system.mss
TRACE::2026-06-01.16:54:04::SCWMssOS::DEBUG:  swdes dump  D:/vivado_pj/workspace_bram02/bram02/microblaze_0/standalone_microblaze_0/bsp/system.mss|system||

TRACE::2026-06-01.16:54:04::SCWMssOS::Sw design exists and opened at  D:/vivado_pj/workspace_bram02/bram02/microblaze_0/standalone_microblaze_0/bsp/system.mss
TRACE::2026-06-01.16:54:04::SCWPlatform::Trying to open the hw design at D:/vivado_pj/workspace_bram02/bram02/hw/bram02.xsa
TRACE::2026-06-01.16:54:04::SCWPlatform::DSA given D:/vivado_pj/workspace_bram02/bram02/hw/bram02.xsa
TRACE::2026-06-01.16:54:04::SCWPlatform::DSA absoulate path D:/vivado_pj/workspace_bram02/bram02/hw/bram02.xsa
TRACE::2026-06-01.16:54:04::SCWPlatform::DSA directory D:/vivado_pj/workspace_bram02/bram02/hw
TRACE::2026-06-01.16:54:04::SCWPlatform:: Platform Path D:/vivado_pj/workspace_bram02/bram02/hw/bram02.xsa
TRACE::2026-06-01.16:54:04::SCWPlatform:: Unique name xilinx:::0.0
TRACE::2026-06-01.16:54:04::SCWPlatform::Trying to set the existing hwdb with name system_wrapper_0
TRACE::2026-06-01.16:54:04::SCWPlatform::Opened existing hwdb system_wrapper_0
TRACE::2026-06-01.16:54:04::SCWPlatform::Found the Hw Db part of the input DSA
TRACE::2026-06-01.16:54:04::SCWMssOS::Checking the sw design at  D:/vivado_pj/workspace_bram02/bram02/microblaze_0/standalone_microblaze_0/bsp/system.mss
TRACE::2026-06-01.16:54:04::SCWMssOS::DEBUG:  swdes dump  D:/vivado_pj/workspace_bram02/bram02/microblaze_0/standalone_microblaze_0/bsp/system.mss|system||

TRACE::2026-06-01.16:54:04::SCWMssOS::Sw design exists and opened at  D:/vivado_pj/workspace_bram02/bram02/microblaze_0/standalone_microblaze_0/bsp/system.mss
TRACE::2026-06-01.16:54:04::SCWWriter::formatted JSON is {
	"platformName":	"bram02",
	"sprVersion":	"2.0",
	"mode":	"gui",
	"dsaType":	"Fixed",
	"platformDesc":	"bram02",
	"platHandOff":	"D:/vivado_pj/bram02/bram02.xsa",
	"platIntHandOff":	"<platformDir>/hw/bram02.xsa",
	"deviceType":	"FPGA",
	"platIsPrebuiltAutogen":	"false",
	"platIsNoBootBsp":	"false",
	"hasFsblMakeHasChanges":	"false",
	"hasPmufwMakeHasChanges":	"false",
	"platPreBuiltFlag":	false,
	"platformSamplesDir":	"",
	"platActiveSys":	"bram02",
	"systems":	[{
			"systemName":	"bram02",
			"systemDesc":	"bram02",
			"sysIsBootAutoGen":	"true",
			"systemDispName":	"bram02",
			"sysActiveDom":	"standalone_microblaze_0",
			"sysDefaultDom":	"standalone_microblaze_0",
			"domains":	[{
					"domainName":	"standalone_microblaze_0",
					"domainDispName":	"standalone_microblaze_0",
					"domainDesc":	"standalone_microblaze_0",
					"processors":	"microblaze_0",
					"os":	"standalone",
					"sdxOs":	"standalone",
					"debugEnable":	"False",
					"domRuntimes":	["cpp"],
					"swRepo":	"",
					"mssOsVer":	"8.1",
					"mssFile":	"",
					"md5Digest":	"9713b25ab14a6a584b7df1fe65b27259",
					"compatibleApp":	"hello_world",
					"domType":	"mssDomain",
					"arch":	"32-bit",
					"appSettings":	{
						"appCompilerFlags":	"",
						"appLinkerFlags":	""
					},
					"addedLibs":	[],
					"libOptions":	{
						"libsContainingOptions":	[]
					},
					"prebuiltLibs":	{
						"prebuiltIncPath":	[],
						"prebuiltLibPath":	[]
					},
					"isolation":	{
					}
				}]
		}]
}
TRACE::2026-06-01.16:54:04::SCWPlatform::Trying to open the hw design at D:/vivado_pj/workspace_bram02/bram02/hw/bram02.xsa
TRACE::2026-06-01.16:54:04::SCWPlatform::DSA given D:/vivado_pj/workspace_bram02/bram02/hw/bram02.xsa
TRACE::2026-06-01.16:54:04::SCWPlatform::DSA absoulate path D:/vivado_pj/workspace_bram02/bram02/hw/bram02.xsa
TRACE::2026-06-01.16:54:04::SCWPlatform::DSA directory D:/vivado_pj/workspace_bram02/bram02/hw
TRACE::2026-06-01.16:54:04::SCWPlatform:: Platform Path D:/vivado_pj/workspace_bram02/bram02/hw/bram02.xsa
TRACE::2026-06-01.16:54:04::SCWPlatform:: Unique name xilinx:::0.0
TRACE::2026-06-01.16:54:04::SCWPlatform::Trying to set the existing hwdb with name system_wrapper_0
TRACE::2026-06-01.16:54:04::SCWPlatform::Opened existing hwdb system_wrapper_0
TRACE::2026-06-01.16:54:04::SCWPlatform::Found the Hw Db part of the input DSA
TRACE::2026-06-01.16:54:04::SCWMssOS::Checking the sw design at  D:/vivado_pj/workspace_bram02/bram02/microblaze_0/standalone_microblaze_0/bsp/system.mss
TRACE::2026-06-01.16:54:04::SCWMssOS::DEBUG:  swdes dump  D:/vivado_pj/workspace_bram02/bram02/microblaze_0/standalone_microblaze_0/bsp/system.mss|system||

TRACE::2026-06-01.16:54:04::SCWMssOS::Sw design exists and opened at  D:/vivado_pj/workspace_bram02/bram02/microblaze_0/standalone_microblaze_0/bsp/system.mss
TRACE::2026-06-01.16:54:04::SCWPlatform::Trying to open the hw design at D:/vivado_pj/workspace_bram02/bram02/hw/bram02.xsa
TRACE::2026-06-01.16:54:04::SCWPlatform::DSA given D:/vivado_pj/workspace_bram02/bram02/hw/bram02.xsa
TRACE::2026-06-01.16:54:04::SCWPlatform::DSA absoulate path D:/vivado_pj/workspace_bram02/bram02/hw/bram02.xsa
TRACE::2026-06-01.16:54:04::SCWPlatform::DSA directory D:/vivado_pj/workspace_bram02/bram02/hw
TRACE::2026-06-01.16:54:04::SCWPlatform:: Platform Path D:/vivado_pj/workspace_bram02/bram02/hw/bram02.xsa
TRACE::2026-06-01.16:54:04::SCWPlatform:: Unique name xilinx:::0.0
TRACE::2026-06-01.16:54:04::SCWPlatform::Trying to set the existing hwdb with name system_wrapper_0
TRACE::2026-06-01.16:54:04::SCWPlatform::Opened existing hwdb system_wrapper_0
TRACE::2026-06-01.16:54:04::SCWPlatform::Found the Hw Db part of the input DSA
TRACE::2026-06-01.16:54:04::SCWMssOS::Checking the sw design at  D:/vivado_pj/workspace_bram02/bram02/microblaze_0/standalone_microblaze_0/bsp/system.mss
TRACE::2026-06-01.16:54:04::SCWMssOS::DEBUG:  swdes dump  D:/vivado_pj/workspace_bram02/bram02/microblaze_0/standalone_microblaze_0/bsp/system.mss|system||

TRACE::2026-06-01.16:54:04::SCWMssOS::Sw design exists and opened at  D:/vivado_pj/workspace_bram02/bram02/microblaze_0/standalone_microblaze_0/bsp/system.mss
TRACE::2026-06-01.16:54:04::SCWMssOS::Saving the mss changes D:/vivado_pj/workspace_bram02/bram02/microblaze_0/standalone_microblaze_0/bsp/system.mss
TRACE::2026-06-01.16:54:04::SCWMssOS::Found a swdesign opened with the mssfile.
TRACE::2026-06-01.16:54:04::SCWMssOS::Completed writemss as part of save.
TRACE::2026-06-01.16:54:04::SCWMssOS::Commit changes completed.
TRACE::2026-06-01.16:54:04::SCWPlatform::Trying to open the hw design at D:/vivado_pj/workspace_bram02/bram02/hw/bram02.xsa
TRACE::2026-06-01.16:54:04::SCWPlatform::DSA given D:/vivado_pj/workspace_bram02/bram02/hw/bram02.xsa
TRACE::2026-06-01.16:54:04::SCWPlatform::DSA absoulate path D:/vivado_pj/workspace_bram02/bram02/hw/bram02.xsa
TRACE::2026-06-01.16:54:04::SCWPlatform::DSA directory D:/vivado_pj/workspace_bram02/bram02/hw
TRACE::2026-06-01.16:54:04::SCWPlatform:: Platform Path D:/vivado_pj/workspace_bram02/bram02/hw/bram02.xsa
TRACE::2026-06-01.16:54:04::SCWPlatform:: Unique name xilinx:::0.0
TRACE::2026-06-01.16:54:04::SCWPlatform::Trying to set the existing hwdb with name system_wrapper_0
TRACE::2026-06-01.16:54:04::SCWPlatform::Opened existing hwdb system_wrapper_0
TRACE::2026-06-01.16:54:04::SCWPlatform::Found the Hw Db part of the input DSA
TRACE::2026-06-01.16:54:04::SCWMssOS::Checking the sw design at  D:/vivado_pj/workspace_bram02/bram02/microblaze_0/standalone_microblaze_0/bsp/system.mss
TRACE::2026-06-01.16:54:04::SCWMssOS::DEBUG:  swdes dump  D:/vivado_pj/workspace_bram02/bram02/microblaze_0/standalone_microblaze_0/bsp/system.mss|system||

TRACE::2026-06-01.16:54:04::SCWMssOS::Sw design exists and opened at  D:/vivado_pj/workspace_bram02/bram02/microblaze_0/standalone_microblaze_0/bsp/system.mss
TRACE::2026-06-01.16:54:04::SCWPlatform::Trying to open the hw design at D:/vivado_pj/workspace_bram02/bram02/hw/bram02.xsa
TRACE::2026-06-01.16:54:04::SCWPlatform::DSA given D:/vivado_pj/workspace_bram02/bram02/hw/bram02.xsa
TRACE::2026-06-01.16:54:04::SCWPlatform::DSA absoulate path D:/vivado_pj/workspace_bram02/bram02/hw/bram02.xsa
TRACE::2026-06-01.16:54:04::SCWPlatform::DSA directory D:/vivado_pj/workspace_bram02/bram02/hw
TRACE::2026-06-01.16:54:04::SCWPlatform:: Platform Path D:/vivado_pj/workspace_bram02/bram02/hw/bram02.xsa
TRACE::2026-06-01.16:54:04::SCWPlatform:: Unique name xilinx:::0.0
TRACE::2026-06-01.16:54:04::SCWPlatform::Trying to set the existing hwdb with name system_wrapper_0
TRACE::2026-06-01.16:54:04::SCWPlatform::Opened existing hwdb system_wrapper_0
TRACE::2026-06-01.16:54:04::SCWPlatform::Found the Hw Db part of the input DSA
TRACE::2026-06-01.16:54:04::SCWMssOS::Checking the sw design at  D:/vivado_pj/workspace_bram02/bram02/microblaze_0/standalone_microblaze_0/bsp/system.mss
TRACE::2026-06-01.16:54:04::SCWMssOS::DEBUG:  swdes dump  D:/vivado_pj/workspace_bram02/bram02/microblaze_0/standalone_microblaze_0/bsp/system.mss|system||

TRACE::2026-06-01.16:54:04::SCWMssOS::Sw design exists and opened at  D:/vivado_pj/workspace_bram02/bram02/microblaze_0/standalone_microblaze_0/bsp/system.mss
TRACE::2026-06-01.16:54:04::SCWPlatform::Trying to open the hw design at D:/vivado_pj/workspace_bram02/bram02/hw/bram02.xsa
TRACE::2026-06-01.16:54:04::SCWPlatform::DSA given D:/vivado_pj/workspace_bram02/bram02/hw/bram02.xsa
TRACE::2026-06-01.16:54:04::SCWPlatform::DSA absoulate path D:/vivado_pj/workspace_bram02/bram02/hw/bram02.xsa
TRACE::2026-06-01.16:54:04::SCWPlatform::DSA directory D:/vivado_pj/workspace_bram02/bram02/hw
TRACE::2026-06-01.16:54:04::SCWPlatform:: Platform Path D:/vivado_pj/workspace_bram02/bram02/hw/bram02.xsa
TRACE::2026-06-01.16:54:04::SCWPlatform:: Unique name xilinx:::0.0
TRACE::2026-06-01.16:54:04::SCWPlatform::Trying to set the existing hwdb with name system_wrapper_0
TRACE::2026-06-01.16:54:04::SCWPlatform::Opened existing hwdb system_wrapper_0
TRACE::2026-06-01.16:54:04::SCWPlatform::Found the Hw Db part of the input DSA
TRACE::2026-06-01.16:54:04::SCWMssOS::Checking the sw design at  D:/vivado_pj/workspace_bram02/bram02/microblaze_0/standalone_microblaze_0/bsp/system.mss
TRACE::2026-06-01.16:54:04::SCWMssOS::DEBUG:  swdes dump  D:/vivado_pj/workspace_bram02/bram02/microblaze_0/standalone_microblaze_0/bsp/system.mss|system||

TRACE::2026-06-01.16:54:04::SCWMssOS::Sw design exists and opened at  D:/vivado_pj/workspace_bram02/bram02/microblaze_0/standalone_microblaze_0/bsp/system.mss
TRACE::2026-06-01.16:54:04::SCWWriter::formatted JSON is {
	"platformName":	"bram02",
	"sprVersion":	"2.0",
	"mode":	"gui",
	"dsaType":	"Fixed",
	"platformDesc":	"bram02",
	"platHandOff":	"D:/vivado_pj/bram02/bram02.xsa",
	"platIntHandOff":	"<platformDir>/hw/bram02.xsa",
	"deviceType":	"FPGA",
	"platIsPrebuiltAutogen":	"false",
	"platIsNoBootBsp":	"false",
	"hasFsblMakeHasChanges":	"false",
	"hasPmufwMakeHasChanges":	"false",
	"platPreBuiltFlag":	false,
	"platformSamplesDir":	"",
	"platActiveSys":	"bram02",
	"systems":	[{
			"systemName":	"bram02",
			"systemDesc":	"bram02",
			"sysIsBootAutoGen":	"true",
			"systemDispName":	"bram02",
			"sysActiveDom":	"standalone_microblaze_0",
			"sysDefaultDom":	"standalone_microblaze_0",
			"domains":	[{
					"domainName":	"standalone_microblaze_0",
					"domainDispName":	"standalone_microblaze_0",
					"domainDesc":	"standalone_microblaze_0",
					"processors":	"microblaze_0",
					"os":	"standalone",
					"sdxOs":	"standalone",
					"debugEnable":	"False",
					"domRuntimes":	["cpp"],
					"swRepo":	"",
					"mssOsVer":	"8.1",
					"mssFile":	"",
					"md5Digest":	"9713b25ab14a6a584b7df1fe65b27259",
					"compatibleApp":	"hello_world",
					"domType":	"mssDomain",
					"arch":	"32-bit",
					"appSettings":	{
						"appCompilerFlags":	"",
						"appLinkerFlags":	""
					},
					"addedLibs":	[],
					"libOptions":	{
						"libsContainingOptions":	[]
					},
					"prebuiltLibs":	{
						"prebuiltIncPath":	[],
						"prebuiltLibPath":	[]
					},
					"isolation":	{
					}
				}]
		}]
}
LOG::2026-06-01.16:54:04::SCWPlatform::Started generating the artifacts platform bram02
TRACE::2026-06-01.16:54:04::SCWPlatform::Sanity checking of platform is completed
LOG::2026-06-01.16:54:04::SCWPlatform::Started generating the artifacts for system configuration bram02
LOG::2026-06-01.16:54:04::SCWSystem::Started Processing the domain standalone_microblaze_0
TRACE::2026-06-01.16:54:04::SCWDomain::Generating domain artifcats
TRACE::2026-06-01.16:54:04::SCWMssOS::Generating standalone artifcats
TRACE::2026-06-01.16:54:04::SCWMssOS:: Copying the user libraries. 
TRACE::2026-06-01.16:54:04::SCWPlatform::Trying to open the hw design at D:/vivado_pj/workspace_bram02/bram02/hw/bram02.xsa
TRACE::2026-06-01.16:54:04::SCWPlatform::DSA given D:/vivado_pj/workspace_bram02/bram02/hw/bram02.xsa
TRACE::2026-06-01.16:54:04::SCWPlatform::DSA absoulate path D:/vivado_pj/workspace_bram02/bram02/hw/bram02.xsa
TRACE::2026-06-01.16:54:04::SCWPlatform::DSA directory D:/vivado_pj/workspace_bram02/bram02/hw
TRACE::2026-06-01.16:54:04::SCWPlatform:: Platform Path D:/vivado_pj/workspace_bram02/bram02/hw/bram02.xsa
TRACE::2026-06-01.16:54:04::SCWPlatform:: Unique name xilinx:::0.0
TRACE::2026-06-01.16:54:04::SCWPlatform::Trying to set the existing hwdb with name system_wrapper_0
TRACE::2026-06-01.16:54:04::SCWPlatform::Opened existing hwdb system_wrapper_0
TRACE::2026-06-01.16:54:04::SCWPlatform::Found the Hw Db part of the input DSA
TRACE::2026-06-01.16:54:04::SCWMssOS::Checking the sw design at  D:/vivado_pj/workspace_bram02/bram02/microblaze_0/standalone_microblaze_0/bsp/system.mss
TRACE::2026-06-01.16:54:04::SCWMssOS::DEBUG:  swdes dump  D:/vivado_pj/workspace_bram02/bram02/microblaze_0/standalone_microblaze_0/bsp/system.mss|system||

TRACE::2026-06-01.16:54:04::SCWMssOS::Sw design exists and opened at  D:/vivado_pj/workspace_bram02/bram02/microblaze_0/standalone_microblaze_0/bsp/system.mss
TRACE::2026-06-01.16:54:04::SCWMssOS::Completed writing the mss file at D:/vivado_pj/workspace_bram02/bram02/microblaze_0/standalone_microblaze_0/bsp
TRACE::2026-06-01.16:54:04::SCWMssOS::Mss edits present, copying mssfile into export location D:/vivado_pj/workspace_bram02/bram02/microblaze_0/standalone_microblaze_0/bsp/system.mss
TRACE::2026-06-01.16:54:04::SCWMssOS::bsp generated is upto date with the mss file. Skipping bsp generation.
TRACE::2026-06-01.16:54:04::SCWMssOS::BSP is already built. skipping the bsp build ... 
TRACE::2026-06-01.16:54:04::SCWDomain::Building the domain as part of full build :  standalone_microblaze_0
TRACE::2026-06-01.16:54:04::SCWMssOS::skipping the bsp build ... 
TRACE::2026-06-01.16:54:04::SCWMssOS::Copying to export directory.
TRACE::2026-06-01.16:54:04::SCWMssOS:: Checking if to create the Supporting Applications
TRACE::2026-06-01.16:54:04::SCWMssOS:: No Linux domain exists, trying to generate FSBL 
LOG::2026-06-01.16:54:04::SCWSystem::Completed Processing the domain standalone_microblaze_0
LOG::2026-06-01.16:54:04::SCWSystem::Completed Processing the sysconfig bram02
LOG::2026-06-01.16:54:04::SCWPlatform::Completed generating the artifacts for system configuration bram02
TRACE::2026-06-01.16:54:04::SCWPlatform::Started preparing the platform 
TRACE::2026-06-01.16:54:04::SCWSystem::Writing the bif file for system config bram02
TRACE::2026-06-01.16:54:04::SCWSystem::dir created 
TRACE::2026-06-01.16:54:04::SCWSystem::Writing the bif 
TRACE::2026-06-01.16:54:04::SCWPlatform::Started writing the spfm file 
TRACE::2026-06-01.16:54:04::SCWPlatform::Started writing the xpfm file 
TRACE::2026-06-01.16:54:04::SCWPlatform::Completed generating the platform
TRACE::2026-06-01.16:54:04::SCWMssOS::Saving the mss changes D:/vivado_pj/workspace_bram02/bram02/microblaze_0/standalone_microblaze_0/bsp/system.mss
TRACE::2026-06-01.16:54:04::SCWMssOS::Found a swdesign opened with the mssfile.
TRACE::2026-06-01.16:54:04::SCWMssOS::Completed writemss as part of save.
TRACE::2026-06-01.16:54:04::SCWMssOS::Commit changes completed.
TRACE::2026-06-01.16:54:04::SCWPlatform::Trying to open the hw design at D:/vivado_pj/workspace_bram02/bram02/hw/bram02.xsa
TRACE::2026-06-01.16:54:04::SCWPlatform::DSA given D:/vivado_pj/workspace_bram02/bram02/hw/bram02.xsa
TRACE::2026-06-01.16:54:04::SCWPlatform::DSA absoulate path D:/vivado_pj/workspace_bram02/bram02/hw/bram02.xsa
TRACE::2026-06-01.16:54:04::SCWPlatform::DSA directory D:/vivado_pj/workspace_bram02/bram02/hw
TRACE::2026-06-01.16:54:04::SCWPlatform:: Platform Path D:/vivado_pj/workspace_bram02/bram02/hw/bram02.xsa
TRACE::2026-06-01.16:54:04::SCWPlatform:: Unique name xilinx:::0.0
TRACE::2026-06-01.16:54:04::SCWPlatform::Trying to set the existing hwdb with name system_wrapper_0
TRACE::2026-06-01.16:54:04::SCWPlatform::Opened existing hwdb system_wrapper_0
TRACE::2026-06-01.16:54:04::SCWPlatform::Found the Hw Db part of the input DSA
TRACE::2026-06-01.16:54:04::SCWMssOS::Checking the sw design at  D:/vivado_pj/workspace_bram02/bram02/microblaze_0/standalone_microblaze_0/bsp/system.mss
TRACE::2026-06-01.16:54:04::SCWMssOS::DEBUG:  swdes dump  D:/vivado_pj/workspace_bram02/bram02/microblaze_0/standalone_microblaze_0/bsp/system.mss|system||

TRACE::2026-06-01.16:54:04::SCWMssOS::Sw design exists and opened at  D:/vivado_pj/workspace_bram02/bram02/microblaze_0/standalone_microblaze_0/bsp/system.mss
TRACE::2026-06-01.16:54:04::SCWPlatform::Trying to open the hw design at D:/vivado_pj/workspace_bram02/bram02/hw/bram02.xsa
TRACE::2026-06-01.16:54:04::SCWPlatform::DSA given D:/vivado_pj/workspace_bram02/bram02/hw/bram02.xsa
TRACE::2026-06-01.16:54:04::SCWPlatform::DSA absoulate path D:/vivado_pj/workspace_bram02/bram02/hw/bram02.xsa
TRACE::2026-06-01.16:54:04::SCWPlatform::DSA directory D:/vivado_pj/workspace_bram02/bram02/hw
TRACE::2026-06-01.16:54:04::SCWPlatform:: Platform Path D:/vivado_pj/workspace_bram02/bram02/hw/bram02.xsa
TRACE::2026-06-01.16:54:04::SCWPlatform:: Unique name xilinx:::0.0
TRACE::2026-06-01.16:54:04::SCWPlatform::Trying to set the existing hwdb with name system_wrapper_0
TRACE::2026-06-01.16:54:04::SCWPlatform::Opened existing hwdb system_wrapper_0
TRACE::2026-06-01.16:54:04::SCWPlatform::Found the Hw Db part of the input DSA
TRACE::2026-06-01.16:54:04::SCWMssOS::Checking the sw design at  D:/vivado_pj/workspace_bram02/bram02/microblaze_0/standalone_microblaze_0/bsp/system.mss
TRACE::2026-06-01.16:54:04::SCWMssOS::DEBUG:  swdes dump  D:/vivado_pj/workspace_bram02/bram02/microblaze_0/standalone_microblaze_0/bsp/system.mss|system||

TRACE::2026-06-01.16:54:04::SCWMssOS::Sw design exists and opened at  D:/vivado_pj/workspace_bram02/bram02/microblaze_0/standalone_microblaze_0/bsp/system.mss
TRACE::2026-06-01.16:54:04::SCWPlatform::Trying to open the hw design at D:/vivado_pj/workspace_bram02/bram02/hw/bram02.xsa
TRACE::2026-06-01.16:54:04::SCWPlatform::DSA given D:/vivado_pj/workspace_bram02/bram02/hw/bram02.xsa
TRACE::2026-06-01.16:54:04::SCWPlatform::DSA absoulate path D:/vivado_pj/workspace_bram02/bram02/hw/bram02.xsa
TRACE::2026-06-01.16:54:04::SCWPlatform::DSA directory D:/vivado_pj/workspace_bram02/bram02/hw
TRACE::2026-06-01.16:54:04::SCWPlatform:: Platform Path D:/vivado_pj/workspace_bram02/bram02/hw/bram02.xsa
TRACE::2026-06-01.16:54:04::SCWPlatform:: Unique name xilinx:::0.0
TRACE::2026-06-01.16:54:04::SCWPlatform::Trying to set the existing hwdb with name system_wrapper_0
TRACE::2026-06-01.16:54:04::SCWPlatform::Opened existing hwdb system_wrapper_0
TRACE::2026-06-01.16:54:04::SCWPlatform::Found the Hw Db part of the input DSA
TRACE::2026-06-01.16:54:04::SCWMssOS::Checking the sw design at  D:/vivado_pj/workspace_bram02/bram02/microblaze_0/standalone_microblaze_0/bsp/system.mss
TRACE::2026-06-01.16:54:04::SCWMssOS::DEBUG:  swdes dump  D:/vivado_pj/workspace_bram02/bram02/microblaze_0/standalone_microblaze_0/bsp/system.mss|system||

TRACE::2026-06-01.16:54:04::SCWMssOS::Sw design exists and opened at  D:/vivado_pj/workspace_bram02/bram02/microblaze_0/standalone_microblaze_0/bsp/system.mss
TRACE::2026-06-01.16:54:04::SCWWriter::formatted JSON is {
	"platformName":	"bram02",
	"sprVersion":	"2.0",
	"mode":	"gui",
	"dsaType":	"Fixed",
	"platformDesc":	"bram02",
	"platHandOff":	"D:/vivado_pj/bram02/bram02.xsa",
	"platIntHandOff":	"<platformDir>/hw/bram02.xsa",
	"deviceType":	"FPGA",
	"platIsPrebuiltAutogen":	"false",
	"platIsNoBootBsp":	"false",
	"hasFsblMakeHasChanges":	"false",
	"hasPmufwMakeHasChanges":	"false",
	"platPreBuiltFlag":	false,
	"platformSamplesDir":	"",
	"platActiveSys":	"bram02",
	"systems":	[{
			"systemName":	"bram02",
			"systemDesc":	"bram02",
			"sysIsBootAutoGen":	"true",
			"systemDispName":	"bram02",
			"sysActiveDom":	"standalone_microblaze_0",
			"sysDefaultDom":	"standalone_microblaze_0",
			"domains":	[{
					"domainName":	"standalone_microblaze_0",
					"domainDispName":	"standalone_microblaze_0",
					"domainDesc":	"standalone_microblaze_0",
					"processors":	"microblaze_0",
					"os":	"standalone",
					"sdxOs":	"standalone",
					"debugEnable":	"False",
					"domRuntimes":	["cpp"],
					"swRepo":	"",
					"mssOsVer":	"8.1",
					"mssFile":	"",
					"md5Digest":	"9713b25ab14a6a584b7df1fe65b27259",
					"compatibleApp":	"hello_world",
					"domType":	"mssDomain",
					"arch":	"32-bit",
					"appSettings":	{
						"appCompilerFlags":	"",
						"appLinkerFlags":	""
					},
					"addedLibs":	[],
					"libOptions":	{
						"libsContainingOptions":	[]
					},
					"prebuiltLibs":	{
						"prebuiltIncPath":	[],
						"prebuiltLibPath":	[]
					},
					"isolation":	{
					}
				}]
		}]
}
KEYINFO::2026-06-01.16:54:04::SCWPlatform::updated the xpfm file.
LOG::2026-06-01.16:59:27::SCWPlatform::Started generating the artifacts platform bram02
TRACE::2026-06-01.16:59:27::SCWPlatform::Sanity checking of platform is completed
LOG::2026-06-01.16:59:27::SCWPlatform::Started generating the artifacts for system configuration bram02
LOG::2026-06-01.16:59:27::SCWSystem::Checking the domain standalone_microblaze_0
LOG::2026-06-01.16:59:27::SCWSystem::Not a boot domain 
LOG::2026-06-01.16:59:27::SCWSystem::Started Processing the domain standalone_microblaze_0
TRACE::2026-06-01.16:59:27::SCWDomain::Generating domain artifcats
TRACE::2026-06-01.16:59:27::SCWMssOS::Generating standalone artifcats
TRACE::2026-06-01.16:59:27::SCWMssOS:: Copying the user libraries. 
TRACE::2026-06-01.16:59:27::SCWPlatform::Trying to open the hw design at D:/vivado_pj/workspace_bram02/bram02/hw/bram02.xsa
TRACE::2026-06-01.16:59:27::SCWPlatform::DSA given D:/vivado_pj/workspace_bram02/bram02/hw/bram02.xsa
TRACE::2026-06-01.16:59:27::SCWPlatform::DSA absoulate path D:/vivado_pj/workspace_bram02/bram02/hw/bram02.xsa
TRACE::2026-06-01.16:59:27::SCWPlatform::DSA directory D:/vivado_pj/workspace_bram02/bram02/hw
TRACE::2026-06-01.16:59:27::SCWPlatform:: Platform Path D:/vivado_pj/workspace_bram02/bram02/hw/bram02.xsa
TRACE::2026-06-01.16:59:27::SCWPlatform:: Unique name xilinx:::0.0
TRACE::2026-06-01.16:59:27::SCWPlatform::Trying to set the existing hwdb with name system_wrapper_0
TRACE::2026-06-01.16:59:27::SCWPlatform::Opened existing hwdb system_wrapper_0
TRACE::2026-06-01.16:59:27::SCWPlatform::Found the Hw Db part of the input DSA
TRACE::2026-06-01.16:59:27::SCWMssOS::Checking the sw design at  D:/vivado_pj/workspace_bram02/bram02/microblaze_0/standalone_microblaze_0/bsp/system.mss
TRACE::2026-06-01.16:59:27::SCWMssOS::DEBUG:  swdes dump  D:/vivado_pj/workspace_bram02/bram02/microblaze_0/standalone_microblaze_0/bsp/system.mss|system||

TRACE::2026-06-01.16:59:27::SCWMssOS::Sw design exists and opened at  D:/vivado_pj/workspace_bram02/bram02/microblaze_0/standalone_microblaze_0/bsp/system.mss
TRACE::2026-06-01.16:59:27::SCWMssOS::Completed writing the mss file at D:/vivado_pj/workspace_bram02/bram02/microblaze_0/standalone_microblaze_0/bsp
TRACE::2026-06-01.16:59:27::SCWMssOS::Mss edits present, copying mssfile into export location D:/vivado_pj/workspace_bram02/bram02/microblaze_0/standalone_microblaze_0/bsp/system.mss
TRACE::2026-06-01.16:59:27::SCWMssOS::bsp generated is upto date with the mss file. Skipping bsp generation.
TRACE::2026-06-01.16:59:27::SCWMssOS::BSP is already built. skipping the bsp build ... 
TRACE::2026-06-01.16:59:27::SCWDomain::Building the domain as part of full build :  standalone_microblaze_0
TRACE::2026-06-01.16:59:27::SCWMssOS::doing bsp build ... 
TRACE::2026-06-01.16:59:27::SCWMssOS::System Command Ran  D: & cd  D:/vivado_pj/workspace_bram02/bram02/microblaze_0/standalone_microblaze_0/bsp & make 
TRACE::2026-06-01.16:59:27::SCWMssOS::make --no-print-directory seq_libs

TRACE::2026-06-01.16:59:27::SCWMssOS::'Finished building libraries sequentially.'

TRACE::2026-06-01.16:59:27::SCWMssOS::make -j 18 --no-print-directory par_libs

TRACE::2026-06-01.16:59:27::SCWMssOS::"Running Make include in microblaze_0/libsrc/bram_v4_8/src"

TRACE::2026-06-01.16:59:27::SCWMssOS::make -C microblaze_0/libsrc/bram_v4_8/src -s include  "SHELL=CMD" "COMPILER=mb-gcc" "ASSEMBLER=mb-as" "ARCHIVER=mb-ar" "COMPILE
TRACE::2026-06-01.16:59:27::SCWMssOS::R_FLAGS=  -O2 -c -mcpu=v11.0 -mlittle-endian -mxl-soft-mul" "EXTRA_COMPILER_FLAGS=-g -ffunction-sections -fdata-sections -Wall 
TRACE::2026-06-01.16:59:27::SCWMssOS::-Wextra -fno-tree-loop-distribute-patterns"

TRACE::2026-06-01.16:59:27::SCWMssOS::"Running Make include in microblaze_0/libsrc/cpu_v2_17/src"

TRACE::2026-06-01.16:59:27::SCWMssOS::make -C microblaze_0/libsrc/cpu_v2_17/src -s include  "SHELL=CMD" "COMPILER=mb-gcc" "ASSEMBLER=mb-as" "ARCHIVER=mb-ar" "COMPILE
TRACE::2026-06-01.16:59:27::SCWMssOS::R_FLAGS=  -O2 -c -mcpu=v11.0 -mlittle-endian -mxl-soft-mul" "EXTRA_COMPILER_FLAGS=-g -ffunction-sections -fdata-sections -Wall 
TRACE::2026-06-01.16:59:27::SCWMssOS::-Wextra -fno-tree-loop-distribute-patterns"

TRACE::2026-06-01.16:59:27::SCWMssOS::"Running Make include in microblaze_0/libsrc/gpio_v4_9/src"

TRACE::2026-06-01.16:59:27::SCWMssOS::make -C microblaze_0/libsrc/gpio_v4_9/src -s include  "SHELL=CMD" "COMPILER=mb-gcc" "ASSEMBLER=mb-as" "ARCHIVER=mb-ar" "COMPILE
TRACE::2026-06-01.16:59:27::SCWMssOS::R_FLAGS=  -O2 -c -mcpu=v11.0 -mlittle-endian -mxl-soft-mul" "EXTRA_COMPILER_FLAGS=-g -ffunction-sections -fdata-sections -Wall 
TRACE::2026-06-01.16:59:27::SCWMssOS::-Wextra -fno-tree-loop-distribute-patterns"

TRACE::2026-06-01.16:59:27::SCWMssOS::"Running Make include in microblaze_0/libsrc/intc_v3_16/src"

TRACE::2026-06-01.16:59:27::SCWMssOS::make -C microblaze_0/libsrc/intc_v3_16/src -s include  "SHELL=CMD" "COMPILER=mb-gcc" "ASSEMBLER=mb-as" "ARCHIVER=mb-ar" "COMPIL
TRACE::2026-06-01.16:59:27::SCWMssOS::ER_FLAGS=  -O2 -c -mcpu=v11.0 -mlittle-endian -mxl-soft-mul" "EXTRA_COMPILER_FLAGS=-g -ffunction-sections -fdata-sections -Wall
TRACE::2026-06-01.16:59:27::SCWMssOS:: -Wextra -fno-tree-loop-distribute-patterns"

TRACE::2026-06-01.16:59:27::SCWMssOS::"Running Make include in microblaze_0/libsrc/standalone_v8_1/src"

TRACE::2026-06-01.16:59:27::SCWMssOS::make -C microblaze_0/libsrc/standalone_v8_1/src -s include  "SHELL=CMD" "COMPILER=mb-gcc" "ASSEMBLER=mb-as" "ARCHIVER=mb-ar" "C
TRACE::2026-06-01.16:59:27::SCWMssOS::OMPILER_FLAGS=  -O2 -c -mcpu=v11.0 -mlittle-endian -mxl-soft-mul" "EXTRA_COMPILER_FLAGS=-g -ffunction-sections -fdata-sections 
TRACE::2026-06-01.16:59:27::SCWMssOS::-Wall -Wextra -fno-tree-loop-distribute-patterns"

TRACE::2026-06-01.16:59:27::SCWMssOS::"Running Make include in microblaze_0/libsrc/uartlite_v3_8/src"

TRACE::2026-06-01.16:59:27::SCWMssOS::make -C microblaze_0/libsrc/uartlite_v3_8/src -s include  "SHELL=CMD" "COMPILER=mb-gcc" "ASSEMBLER=mb-as" "ARCHIVER=mb-ar" "COM
TRACE::2026-06-01.16:59:27::SCWMssOS::PILER_FLAGS=  -O2 -c -mcpu=v11.0 -mlittle-endian -mxl-soft-mul" "EXTRA_COMPILER_FLAGS=-g -ffunction-sections -fdata-sections -W
TRACE::2026-06-01.16:59:27::SCWMssOS::all -Wextra -fno-tree-loop-distribute-patterns"

TRACE::2026-06-01.16:59:28::SCWMssOS::"Running Make libs in microblaze_0/libsrc/bram_v4_8/src"

TRACE::2026-06-01.16:59:28::SCWMssOS::make -C microblaze_0/libsrc/bram_v4_8/src -s libs  "SHELL=CMD" "COMPILER=mb-gcc" "ASSEMBLER=mb-as" "ARCHIVER=mb-ar" "COMPILER_F
TRACE::2026-06-01.16:59:28::SCWMssOS::LAGS=  -O2 -c -mcpu=v11.0 -mlittle-endian -mxl-soft-mul" "EXTRA_COMPILER_FLAGS=-g -ffunction-sections -fdata-sections -Wall -We
TRACE::2026-06-01.16:59:28::SCWMssOS::xtra -fno-tree-loop-distribute-patterns"

TRACE::2026-06-01.16:59:28::SCWMssOS::"Running Make libs in microblaze_0/libsrc/cpu_v2_17/src"

TRACE::2026-06-01.16:59:28::SCWMssOS::make -C microblaze_0/libsrc/cpu_v2_17/src -s libs  "SHELL=CMD" "COMPILER=mb-gcc" "ASSEMBLER=mb-as" "ARCHIVER=mb-ar" "COMPILER_F
TRACE::2026-06-01.16:59:28::SCWMssOS::LAGS=  -O2 -c -mcpu=v11.0 -mlittle-endian -mxl-soft-mul" "EXTRA_COMPILER_FLAGS=-g -ffunction-sections -fdata-sections -Wall -We
TRACE::2026-06-01.16:59:28::SCWMssOS::xtra -fno-tree-loop-distribute-patterns"

TRACE::2026-06-01.16:59:28::SCWMssOS::"Running Make libs in microblaze_0/libsrc/gpio_v4_9/src"

TRACE::2026-06-01.16:59:28::SCWMssOS::make -C microblaze_0/libsrc/gpio_v4_9/src -s libs  "SHELL=CMD" "COMPILER=mb-gcc" "ASSEMBLER=mb-as" "ARCHIVER=mb-ar" "COMPILER_F
TRACE::2026-06-01.16:59:28::SCWMssOS::LAGS=  -O2 -c -mcpu=v11.0 -mlittle-endian -mxl-soft-mul" "EXTRA_COMPILER_FLAGS=-g -ffunction-sections -fdata-sections -Wall -We
TRACE::2026-06-01.16:59:28::SCWMssOS::xtra -fno-tree-loop-distribute-patterns"

TRACE::2026-06-01.16:59:28::SCWMssOS::"Running Make libs in microblaze_0/libsrc/intc_v3_16/src"

TRACE::2026-06-01.16:59:28::SCWMssOS::make -C microblaze_0/libsrc/intc_v3_16/src -s libs  "SHELL=CMD" "COMPILER=mb-gcc" "ASSEMBLER=mb-as" "ARCHIVER=mb-ar" "COMPILER_
TRACE::2026-06-01.16:59:28::SCWMssOS::FLAGS=  -O2 -c -mcpu=v11.0 -mlittle-endian -mxl-soft-mul" "EXTRA_COMPILER_FLAGS=-g -ffunction-sections -fdata-sections -Wall -W
TRACE::2026-06-01.16:59:28::SCWMssOS::extra -fno-tree-loop-distribute-patterns"

TRACE::2026-06-01.16:59:28::SCWMssOS::"Running Make libs in microblaze_0/libsrc/standalone_v8_1/src"

TRACE::2026-06-01.16:59:28::SCWMssOS::make -C microblaze_0/libsrc/standalone_v8_1/src -s libs  "SHELL=CMD" "COMPILER=mb-gcc" "ASSEMBLER=mb-as" "ARCHIVER=mb-ar" "COMP
TRACE::2026-06-01.16:59:28::SCWMssOS::ILER_FLAGS=  -O2 -c -mcpu=v11.0 -mlittle-endian -mxl-soft-mul" "EXTRA_COMPILER_FLAGS=-g -ffunction-sections -fdata-sections -Wa
TRACE::2026-06-01.16:59:28::SCWMssOS::ll -Wextra -fno-tree-loop-distribute-patterns"

TRACE::2026-06-01.16:59:28::SCWMssOS::"Running Make libs in microblaze_0/libsrc/uartlite_v3_8/src"

TRACE::2026-06-01.16:59:28::SCWMssOS::make -C microblaze_0/libsrc/uartlite_v3_8/src -s libs  "SHELL=CMD" "COMPILER=mb-gcc" "ASSEMBLER=mb-as" "ARCHIVER=mb-ar" "COMPIL
TRACE::2026-06-01.16:59:28::SCWMssOS::ER_FLAGS=  -O2 -c -mcpu=v11.0 -mlittle-endian -mxl-soft-mul" "EXTRA_COMPILER_FLAGS=-g -ffunction-sections -fdata-sections -Wall
TRACE::2026-06-01.16:59:28::SCWMssOS:: -Wextra -fno-tree-loop-distribute-patterns"

TRACE::2026-06-01.16:59:29::SCWMssOS::"DEBUG NON_LTO_OBJECTS is ../../../lib/microblaze_interrupt_handler.o"

TRACE::2026-06-01.16:59:29::SCWMssOS::'Finished building libraries parallelly.'

TRACE::2026-06-01.16:59:29::SCWMssOS::make --no-print-directory archive

TRACE::2026-06-01.16:59:29::SCWMssOS::mb-ar -r  microblaze_0/lib/libxil.a microblaze_0/lib/_exit.o microblaze_0/lib/errno.o microblaze_0/lib/fcntl.o microblaze_0/lib
TRACE::2026-06-01.16:59:29::SCWMssOS::/hw_exception_handler.o microblaze_0/lib/inbyte.o microblaze_0/lib/microblaze_disable_dcache.o microblaze_0/lib/microblaze_disa
TRACE::2026-06-01.16:59:29::SCWMssOS::ble_exceptions.o microblaze_0/lib/microblaze_disable_icache.o microblaze_0/lib/microblaze_disable_interrupts.o microblaze_0/lib
TRACE::2026-06-01.16:59:29::SCWMssOS::/microblaze_enable_dcache.o microblaze_0/lib/microblaze_enable_exceptions.o microblaze_0/lib/microblaze_enable_icache.o microbl
TRACE::2026-06-01.16:59:29::SCWMssOS::aze_0/lib/microblaze_enable_interrupts.o microblaze_0/lib/microblaze_exception_handler.o microblaze_0/lib/microblaze_flush_cach
TRACE::2026-06-01.16:59:29::SCWMssOS::e_ext.o microblaze_0/lib/microblaze_flush_cache_ext_range.o microblaze_0/lib/microblaze_flush_dcache.o microblaze_0/lib/microbl
TRACE::2026-06-01.16:59:29::SCWMssOS::aze_flush_dcache_range.o microblaze_0/lib/microblaze_init_dcache_range.o microblaze_0/lib/microblaze_init_icache_range.o microb
TRACE::2026-06-01.16:59:29::SCWMssOS::laze_0/lib/microblaze_interrupt_handler.o microblaze_0/lib/microblaze_interrupts_g.o microblaze_0/lib/microblaze_invalidate_cac
TRACE::2026-06-01.16:59:29::SCWMssOS::he_ext.o microblaze_0/lib/microblaze_invalidate_cache_ext_range.o microblaze_0/lib/microblaze_invalidate_dcache.o microblaze_0/
TRACE::2026-06-01.16:59:29::SCWMssOS::lib/microblaze_invalidate_dcache_range.o microblaze_0/lib/microblaze_invalidate_icache.o microblaze_0/lib/microblaze_invalidate
TRACE::2026-06-01.16:59:29::SCWMssOS::_icache_range.o microblaze_0/lib/microblaze_scrub.o microblaze_0/lib/microblaze_selftest.o microblaze_0/lib/microblaze_sleep.o 
TRACE::2026-06-01.16:59:29::SCWMssOS::microblaze_0/lib/microblaze_update_dcache.o microblaze_0/lib/microblaze_update_icache.o microblaze_0/lib/outbyte.o microblaze_0
TRACE::2026-06-01.16:59:29::SCWMssOS::/lib/print.o microblaze_0/lib/pvr.o microblaze_0/lib/xbram.o microblaze_0/lib/xbram_g.o microblaze_0/lib/xbram_intr.o microblaz
TRACE::2026-06-01.16:59:29::SCWMssOS::e_0/lib/xbram_selftest.o microblaze_0/lib/xbram_sinit.o microblaze_0/lib/xgpio.o microblaze_0/lib/xgpio_extra.o microblaze_0/li
TRACE::2026-06-01.16:59:29::SCWMssOS::b/xgpio_g.o microblaze_0/lib/xgpio_intr.o microblaze_0/lib/xgpio_selftest.o microblaze_0/lib/xgpio_sinit.o microblaze_0/lib/xil
TRACE::2026-06-01.16:59:29::SCWMssOS::_assert.o microblaze_0/lib/xil_cache.o microblaze_0/lib/xil_clocking.o microblaze_0/lib/xil_exception.o microblaze_0/lib/xil_me
TRACE::2026-06-01.16:59:29::SCWMssOS::m.o microblaze_0/lib/xil_misc_psreset_api.o microblaze_0/lib/xil_printf.o microblaze_0/lib/xil_sleepcommon.o microblaze_0/lib/x
TRACE::2026-06-01.16:59:29::SCWMssOS::il_testcache.o microblaze_0/lib/xil_testio.o microblaze_0/lib/xil_testmem.o microblaze_0/lib/xil_util.o microblaze_0/lib/xintc.
TRACE::2026-06-01.16:59:29::SCWMssOS::o microblaze_0/lib/xintc_g.o microblaze_0/lib/xintc_intr.o microblaze_0/lib/xintc_l.o microblaze_0/lib/xintc_options.o microbla
TRACE::2026-06-01.16:59:29::SCWMssOS::ze_0/lib/xintc_selftest.o microblaze_0/lib/xinterrupt_wrap.o microblaze_0/lib/xio.o microblaze_0/lib/xplatform_info.o microblaz
TRACE::2026-06-01.16:59:29::SCWMssOS::e_0/lib/xuartlite.o microblaze_0/lib/xuartlite_g.o microblaze_0/lib/xuartlite_intr.o microblaze_0/lib/xuartlite_l.o microblaze_
TRACE::2026-06-01.16:59:29::SCWMssOS::0/lib/xuartlite_selftest.o microblaze_0/lib/xuartlite_sinit.o microblaze_0/lib/xuartlite_stats.o

TRACE::2026-06-01.16:59:29::SCWMssOS::'Finished building libraries'

TRACE::2026-06-01.16:59:29::SCWMssOS::Copying to export directory.
TRACE::2026-06-01.16:59:29::SCWMssOS:: Checking if to create the Supporting Applications
TRACE::2026-06-01.16:59:29::SCWMssOS:: No Linux domain exists, trying to generate FSBL 
LOG::2026-06-01.16:59:29::SCWSystem::Completed Processing the domain standalone_microblaze_0
LOG::2026-06-01.16:59:29::SCWSystem::Completed Processing the sysconfig bram02
LOG::2026-06-01.16:59:29::SCWPlatform::Completed generating the artifacts for system configuration bram02
TRACE::2026-06-01.16:59:29::SCWPlatform::Started preparing the platform 
TRACE::2026-06-01.16:59:29::SCWSystem::Writing the bif file for system config bram02
TRACE::2026-06-01.16:59:29::SCWSystem::dir created 
TRACE::2026-06-01.16:59:29::SCWSystem::Writing the bif 
TRACE::2026-06-01.16:59:29::SCWPlatform::Started writing the spfm file 
TRACE::2026-06-01.16:59:29::SCWPlatform::Started writing the xpfm file 
TRACE::2026-06-01.16:59:29::SCWPlatform::Completed generating the platform
TRACE::2026-06-01.16:59:29::SCWMssOS::Saving the mss changes D:/vivado_pj/workspace_bram02/bram02/microblaze_0/standalone_microblaze_0/bsp/system.mss
TRACE::2026-06-01.16:59:29::SCWMssOS::Found a swdesign opened with the mssfile.
TRACE::2026-06-01.16:59:29::SCWMssOS::Completed writemss as part of save.
TRACE::2026-06-01.16:59:29::SCWMssOS::Commit changes completed.
TRACE::2026-06-01.16:59:29::SCWPlatform::Trying to open the hw design at D:/vivado_pj/workspace_bram02/bram02/hw/bram02.xsa
TRACE::2026-06-01.16:59:29::SCWPlatform::DSA given D:/vivado_pj/workspace_bram02/bram02/hw/bram02.xsa
TRACE::2026-06-01.16:59:29::SCWPlatform::DSA absoulate path D:/vivado_pj/workspace_bram02/bram02/hw/bram02.xsa
TRACE::2026-06-01.16:59:29::SCWPlatform::DSA directory D:/vivado_pj/workspace_bram02/bram02/hw
TRACE::2026-06-01.16:59:29::SCWPlatform:: Platform Path D:/vivado_pj/workspace_bram02/bram02/hw/bram02.xsa
TRACE::2026-06-01.16:59:29::SCWPlatform:: Unique name xilinx:::0.0
TRACE::2026-06-01.16:59:29::SCWPlatform::Trying to set the existing hwdb with name system_wrapper_0
TRACE::2026-06-01.16:59:29::SCWPlatform::Opened existing hwdb system_wrapper_0
TRACE::2026-06-01.16:59:29::SCWPlatform::Found the Hw Db part of the input DSA
TRACE::2026-06-01.16:59:29::SCWMssOS::Checking the sw design at  D:/vivado_pj/workspace_bram02/bram02/microblaze_0/standalone_microblaze_0/bsp/system.mss
TRACE::2026-06-01.16:59:29::SCWMssOS::DEBUG:  swdes dump  D:/vivado_pj/workspace_bram02/bram02/microblaze_0/standalone_microblaze_0/bsp/system.mss|system||

TRACE::2026-06-01.16:59:29::SCWMssOS::Sw design exists and opened at  D:/vivado_pj/workspace_bram02/bram02/microblaze_0/standalone_microblaze_0/bsp/system.mss
TRACE::2026-06-01.16:59:29::SCWPlatform::Trying to open the hw design at D:/vivado_pj/workspace_bram02/bram02/hw/bram02.xsa
TRACE::2026-06-01.16:59:29::SCWPlatform::DSA given D:/vivado_pj/workspace_bram02/bram02/hw/bram02.xsa
TRACE::2026-06-01.16:59:29::SCWPlatform::DSA absoulate path D:/vivado_pj/workspace_bram02/bram02/hw/bram02.xsa
TRACE::2026-06-01.16:59:29::SCWPlatform::DSA directory D:/vivado_pj/workspace_bram02/bram02/hw
TRACE::2026-06-01.16:59:29::SCWPlatform:: Platform Path D:/vivado_pj/workspace_bram02/bram02/hw/bram02.xsa
TRACE::2026-06-01.16:59:29::SCWPlatform:: Unique name xilinx:::0.0
TRACE::2026-06-01.16:59:29::SCWPlatform::Trying to set the existing hwdb with name system_wrapper_0
TRACE::2026-06-01.16:59:29::SCWPlatform::Opened existing hwdb system_wrapper_0
TRACE::2026-06-01.16:59:29::SCWPlatform::Found the Hw Db part of the input DSA
TRACE::2026-06-01.16:59:29::SCWMssOS::Checking the sw design at  D:/vivado_pj/workspace_bram02/bram02/microblaze_0/standalone_microblaze_0/bsp/system.mss
TRACE::2026-06-01.16:59:29::SCWMssOS::DEBUG:  swdes dump  D:/vivado_pj/workspace_bram02/bram02/microblaze_0/standalone_microblaze_0/bsp/system.mss|system||

TRACE::2026-06-01.16:59:29::SCWMssOS::Sw design exists and opened at  D:/vivado_pj/workspace_bram02/bram02/microblaze_0/standalone_microblaze_0/bsp/system.mss
TRACE::2026-06-01.16:59:29::SCWPlatform::Trying to open the hw design at D:/vivado_pj/workspace_bram02/bram02/hw/bram02.xsa
TRACE::2026-06-01.16:59:29::SCWPlatform::DSA given D:/vivado_pj/workspace_bram02/bram02/hw/bram02.xsa
TRACE::2026-06-01.16:59:29::SCWPlatform::DSA absoulate path D:/vivado_pj/workspace_bram02/bram02/hw/bram02.xsa
TRACE::2026-06-01.16:59:29::SCWPlatform::DSA directory D:/vivado_pj/workspace_bram02/bram02/hw
TRACE::2026-06-01.16:59:29::SCWPlatform:: Platform Path D:/vivado_pj/workspace_bram02/bram02/hw/bram02.xsa
TRACE::2026-06-01.16:59:29::SCWPlatform:: Unique name xilinx:::0.0
TRACE::2026-06-01.16:59:29::SCWPlatform::Trying to set the existing hwdb with name system_wrapper_0
TRACE::2026-06-01.16:59:29::SCWPlatform::Opened existing hwdb system_wrapper_0
TRACE::2026-06-01.16:59:29::SCWPlatform::Found the Hw Db part of the input DSA
TRACE::2026-06-01.16:59:29::SCWMssOS::Checking the sw design at  D:/vivado_pj/workspace_bram02/bram02/microblaze_0/standalone_microblaze_0/bsp/system.mss
TRACE::2026-06-01.16:59:29::SCWMssOS::DEBUG:  swdes dump  D:/vivado_pj/workspace_bram02/bram02/microblaze_0/standalone_microblaze_0/bsp/system.mss|system||

TRACE::2026-06-01.16:59:29::SCWMssOS::Sw design exists and opened at  D:/vivado_pj/workspace_bram02/bram02/microblaze_0/standalone_microblaze_0/bsp/system.mss
TRACE::2026-06-01.16:59:29::SCWWriter::formatted JSON is {
	"platformName":	"bram02",
	"sprVersion":	"2.0",
	"mode":	"gui",
	"dsaType":	"Fixed",
	"platformDesc":	"bram02",
	"platHandOff":	"D:/vivado_pj/bram02/bram02.xsa",
	"platIntHandOff":	"<platformDir>/hw/bram02.xsa",
	"deviceType":	"FPGA",
	"platIsPrebuiltAutogen":	"false",
	"platIsNoBootBsp":	"false",
	"hasFsblMakeHasChanges":	"false",
	"hasPmufwMakeHasChanges":	"false",
	"platPreBuiltFlag":	false,
	"platformSamplesDir":	"",
	"platActiveSys":	"bram02",
	"systems":	[{
			"systemName":	"bram02",
			"systemDesc":	"bram02",
			"sysIsBootAutoGen":	"true",
			"systemDispName":	"bram02",
			"sysActiveDom":	"standalone_microblaze_0",
			"sysDefaultDom":	"standalone_microblaze_0",
			"domains":	[{
					"domainName":	"standalone_microblaze_0",
					"domainDispName":	"standalone_microblaze_0",
					"domainDesc":	"standalone_microblaze_0",
					"processors":	"microblaze_0",
					"os":	"standalone",
					"sdxOs":	"standalone",
					"debugEnable":	"False",
					"domRuntimes":	["cpp"],
					"swRepo":	"",
					"mssOsVer":	"8.1",
					"mssFile":	"",
					"md5Digest":	"9713b25ab14a6a584b7df1fe65b27259",
					"compatibleApp":	"hello_world",
					"domType":	"mssDomain",
					"arch":	"32-bit",
					"appSettings":	{
						"appCompilerFlags":	"",
						"appLinkerFlags":	""
					},
					"addedLibs":	[],
					"libOptions":	{
						"libsContainingOptions":	[]
					},
					"prebuiltLibs":	{
						"prebuiltIncPath":	[],
						"prebuiltLibPath":	[]
					},
					"isolation":	{
					}
				}]
		}]
}
KEYINFO::2026-06-01.16:59:29::SCWPlatform::updated the xpfm file.
TRACE::2026-06-01.16:59:30::SCWPlatform::Trying to open the hw design at D:/vivado_pj/workspace_bram02/bram02/hw/bram02.xsa
TRACE::2026-06-01.16:59:30::SCWPlatform::DSA given D:/vivado_pj/workspace_bram02/bram02/hw/bram02.xsa
TRACE::2026-06-01.16:59:30::SCWPlatform::DSA absoulate path D:/vivado_pj/workspace_bram02/bram02/hw/bram02.xsa
TRACE::2026-06-01.16:59:30::SCWPlatform::DSA directory D:/vivado_pj/workspace_bram02/bram02/hw
TRACE::2026-06-01.16:59:30::SCWPlatform:: Platform Path D:/vivado_pj/workspace_bram02/bram02/hw/bram02.xsa
TRACE::2026-06-01.16:59:30::SCWPlatform:: Unique name xilinx:::0.0
TRACE::2026-06-01.16:59:30::SCWPlatform::Trying to set the existing hwdb with name system_wrapper_0
TRACE::2026-06-01.16:59:30::SCWPlatform::Opened existing hwdb system_wrapper_0
TRACE::2026-06-01.16:59:30::SCWPlatform::Found the Hw Db part of the input DSA
TRACE::2026-06-01.16:59:30::SCWMssOS::Checking the sw design at  D:/vivado_pj/workspace_bram02/bram02/microblaze_0/standalone_microblaze_0/bsp/system.mss
TRACE::2026-06-01.16:59:30::SCWMssOS::DEBUG:  swdes dump  D:/vivado_pj/workspace_bram02/bram02/microblaze_0/standalone_microblaze_0/bsp/system.mss|system||

TRACE::2026-06-01.16:59:30::SCWMssOS::Sw design exists and opened at  D:/vivado_pj/workspace_bram02/bram02/microblaze_0/standalone_microblaze_0/bsp/system.mss
