11:44:21 **** Incremental Build of configuration Debug for project text_lcd_ip ****
make all 
'Building file: ../src/helloworld.c'
'Invoking: MicroBlaze gcc compiler'
mb-gcc -Wall -O0 -g3 -c -fmessage-length=0 -MT"src/helloworld.o" -ID:/vivado_pj/text_lcd_ip_pj/workspace/lcd_test_wrapper/export/lcd_test_wrapper/sw/lcd_test_wrapper/standalone_microblaze_0/bspinclude/include -mlittle-endian -mcpu=v11.0 -mxl-soft-mul -Wl,--no-relax -ffunction-sections -fdata-sections -MMD -MP -MF"src/helloworld.d" -MT"src/helloworld.o" -o "src/helloworld.o" "../src/helloworld.c"
'Finished building: ../src/helloworld.c'
' '
'Building file: ../src/platform.c'
'Invoking: MicroBlaze gcc compiler'
mb-gcc -Wall -O0 -g3 -c -fmessage-length=0 -MT"src/platform.o" -ID:/vivado_pj/text_lcd_ip_pj/workspace/lcd_test_wrapper/export/lcd_test_wrapper/sw/lcd_test_wrapper/standalone_microblaze_0/bspinclude/include -mlittle-endian -mcpu=v11.0 -mxl-soft-mul -Wl,--no-relax -ffunction-sections -fdata-sections -MMD -MP -MF"src/platform.d" -MT"src/platform.o" -o "src/platform.o" "../src/platform.c"
'Finished building: ../src/platform.c'
' '
'Building target: text_lcd_ip.elf'
'Invoking: MicroBlaze gcc linker'
mb-gcc -Wl,-T -Wl,../src/lscript.ld -LD:/vivado_pj/text_lcd_ip_pj/workspace/lcd_test_wrapper/export/lcd_test_wrapper/sw/lcd_test_wrapper/standalone_microblaze_0/bsplib/lib -mlittle-endian -mcpu=v11.0 -mxl-soft-mul -Wl,--no-relax -Wl,--gc-sections -o "text_lcd_ip.elf"  ./src/helloworld.o ./src/platform.o   -Wl,--start-group,-lxil,-lgcc,-lc,--end-group
'Finished building target: text_lcd_ip.elf'
' '
'Invoking: MicroBlaze Print Size'
mb-size text_lcd_ip.elf  |tee "text_lcd_ip.elf.size"
   text	   data	    bss	    dec	    hex	filename
   2452	    268	   3112	   5832	   16c8	text_lcd_ip.elf
'Finished building: text_lcd_ip.elf.size'
' '

11:44:22 Build Finished (took 854ms)

