Nothing to build in platform 'userMapTop'

00:37:01 **** Incremental Build of configuration Debug for project userMap ****
make all 
'Building file: ../src/helloworld.c'
'Invoking: MicroBlaze gcc compiler'
mb-gcc -Wall -O0 -g3 -c -fmessage-length=0 -MT"src/helloworld.o" -ID:/vivado_pj/userMap2023/userMapTop/export/userMapTop/sw/userMapTop/standalone_microblaze_0/bspinclude/include -mlittle-endian -mcpu=v11.0 -mxl-soft-mul -Wl,--no-relax -ffunction-sections -fdata-sections -MMD -MP -MF"src/helloworld.d" -MT"src/helloworld.o" -o "src/helloworld.o" "../src/helloworld.c"
'Finished building: ../src/helloworld.c'
' '
'Building file: ../src/platform.c'
'Invoking: MicroBlaze gcc compiler'
mb-gcc -Wall -O0 -g3 -c -fmessage-length=0 -MT"src/platform.o" -ID:/vivado_pj/userMap2023/userMapTop/export/userMapTop/sw/userMapTop/standalone_microblaze_0/bspinclude/include -mlittle-endian -mcpu=v11.0 -mxl-soft-mul -Wl,--no-relax -ffunction-sections -fdata-sections -MMD -MP -MF"src/platform.d" -MT"src/platform.o" -o "src/platform.o" "../src/platform.c"
'Finished building: ../src/platform.c'
' '
'Building target: userMap.elf'
'Invoking: MicroBlaze gcc linker'
mb-gcc -Wl,-T -Wl,../src/lscript.ld -LD:/vivado_pj/userMap2023/userMapTop/export/userMapTop/sw/userMapTop/standalone_microblaze_0/bsplib/lib -mlittle-endian -mcpu=v11.0 -mxl-soft-mul -Wl,--no-relax -Wl,--gc-sections -o "userMap.elf"  ./src/helloworld.o ./src/platform.o   -Wl,--start-group,-lxil,-lgcc,-lc,--end-group
'Finished building target: userMap.elf'
' '
'Invoking: MicroBlaze Print Size'
mb-size userMap.elf  |tee "userMap.elf.size"
   text	   data	    bss	    dec	    hex	filename
   7712	    328	   3104	  11144	   2b88	userMap.elf
'Finished building: userMap.elf.size'
' '
00:37:02 **** Incremental Build of configuration Debug for project userMap_system ****
make all 
Skipping SD card image generation. Reason: "The system project only has applications for microblaze processors."
