15:27:57 DEBUG : Logs will be stored at 'D:/vivado_pj/workspace_mb_spi/IDE.log'.
15:28:06 INFO  : Launching XSCT server: xsct.bat -n  -interactive D:\vivado_pj\workspace_mb_spi\temp_xsdb_launch_script.tcl
15:28:06 INFO  : Registering command handlers for Vitis TCF services
15:28:07 INFO  : Platform repository initialization has completed.
15:28:10 INFO  : XSCT server has started successfully.
15:28:12 INFO  : Successfully done setting XSCT server connection channel  
15:28:12 INFO  : plnx-install-location is set to ''
15:28:12 INFO  : Successfully done query RDI_DATADIR 
15:28:12 INFO  : Successfully done setting workspace for the tool. 
15:28:47 INFO  : Result from executing command 'getProjects': micBlazeAppTop
15:28:47 INFO  : Result from executing command 'getPlatforms': xilinx_vck190_base_202310_1|G:/Xilinx/Vitis/2023.1/base_platforms/xilinx_vck190_base_202310_1/xilinx_vck190_base_202310_1.xpfm;xilinx_vck190_base_dfx_202310_1|G:/Xilinx/Vitis/2023.1/base_platforms/xilinx_vck190_base_dfx_202310_1/xilinx_vck190_base_dfx_202310_1.xpfm;xilinx_vek280_es1_base_202310_1|G:/Xilinx/Vitis/2023.1/base_platforms/xilinx_vek280_es1_base_202310_1/xilinx_vek280_es1_base_202310_1.xpfm;xilinx_vmk180_base_202310_1|G:/Xilinx/Vitis/2023.1/base_platforms/xilinx_vmk180_base_202310_1/xilinx_vmk180_base_202310_1.xpfm;xilinx_zcu102_base_202310_1|G:/Xilinx/Vitis/2023.1/base_platforms/xilinx_zcu102_base_202310_1/xilinx_zcu102_base_202310_1.xpfm;xilinx_zcu102_base_dfx_202310_1|G:/Xilinx/Vitis/2023.1/base_platforms/xilinx_zcu102_base_dfx_202310_1/xilinx_zcu102_base_dfx_202310_1.xpfm;xilinx_zcu104_base_202310_1|G:/Xilinx/Vitis/2023.1/base_platforms/xilinx_zcu104_base_202310_1/xilinx_zcu104_base_202310_1.xpfm
15:28:48 WARN  : An unexpected exception occurred in the module 'platform project logging'
15:28:49 INFO  : Platform 'micBlazeAppTop' is added to custom repositories.
15:28:52 INFO  : Platform 'micBlazeAppTop' is added to custom repositories.
15:30:07 INFO  : Result from executing command 'getProjects': micBlazeAppTop
15:30:07 INFO  : Result from executing command 'getPlatforms': micBlazeAppTop|D:/vivado_pj/workspace_mb_spi/micBlazeAppTop/export/micBlazeAppTop/micBlazeAppTop.xpfm;xilinx_vck190_base_202310_1|G:/Xilinx/Vitis/2023.1/base_platforms/xilinx_vck190_base_202310_1/xilinx_vck190_base_202310_1.xpfm;xilinx_vck190_base_dfx_202310_1|G:/Xilinx/Vitis/2023.1/base_platforms/xilinx_vck190_base_dfx_202310_1/xilinx_vck190_base_dfx_202310_1.xpfm;xilinx_vek280_es1_base_202310_1|G:/Xilinx/Vitis/2023.1/base_platforms/xilinx_vek280_es1_base_202310_1/xilinx_vek280_es1_base_202310_1.xpfm;xilinx_vmk180_base_202310_1|G:/Xilinx/Vitis/2023.1/base_platforms/xilinx_vmk180_base_202310_1/xilinx_vmk180_base_202310_1.xpfm;xilinx_zcu102_base_202310_1|G:/Xilinx/Vitis/2023.1/base_platforms/xilinx_zcu102_base_202310_1/xilinx_zcu102_base_202310_1.xpfm;xilinx_zcu102_base_dfx_202310_1|G:/Xilinx/Vitis/2023.1/base_platforms/xilinx_zcu102_base_dfx_202310_1/xilinx_zcu102_base_dfx_202310_1.xpfm;xilinx_zcu104_base_202310_1|G:/Xilinx/Vitis/2023.1/base_platforms/xilinx_zcu104_base_202310_1/xilinx_zcu104_base_202310_1.xpfm
15:30:08 INFO  : Checking for BSP changes to sync application flags for project 'spi_test'...
15:35:24 INFO  : Checking for BSP changes to sync application flags for project 'spi_test'...
15:35:32 INFO  : Checking for BSP changes to sync application flags for project 'spi_test'...
16:22:32 INFO  : Checking for BSP changes to sync application flags for project 'spi_test'...
16:23:49 INFO  : Checking for BSP changes to sync application flags for project 'spi_test'...
16:25:05 INFO  : Checking for BSP changes to sync application flags for project 'spi_test'...
16:26:09 INFO  : Checking for BSP changes to sync application flags for project 'spi_test'...
16:27:06 INFO  : Checking for BSP changes to sync application flags for project 'spi_test'...
16:27:26 INFO  : Checking for BSP changes to sync application flags for project 'spi_test'...
16:27:37 INFO  : Checking for BSP changes to sync application flags for project 'spi_test'...
16:53:55 INFO  : Hardware specification for platform project 'micBlazeAppTop' is updated.
16:54:10 INFO  : Result from executing command 'getProjects': micBlazeAppTop
16:54:10 INFO  : Result from executing command 'getPlatforms': micBlazeAppTop|D:/vivado_pj/workspace_mb_spi/micBlazeAppTop/export/micBlazeAppTop/micBlazeAppTop.xpfm;xilinx_vck190_base_202310_1|G:/Xilinx/Vitis/2023.1/base_platforms/xilinx_vck190_base_202310_1/xilinx_vck190_base_202310_1.xpfm;xilinx_vck190_base_dfx_202310_1|G:/Xilinx/Vitis/2023.1/base_platforms/xilinx_vck190_base_dfx_202310_1/xilinx_vck190_base_dfx_202310_1.xpfm;xilinx_vek280_es1_base_202310_1|G:/Xilinx/Vitis/2023.1/base_platforms/xilinx_vek280_es1_base_202310_1/xilinx_vek280_es1_base_202310_1.xpfm;xilinx_vmk180_base_202310_1|G:/Xilinx/Vitis/2023.1/base_platforms/xilinx_vmk180_base_202310_1/xilinx_vmk180_base_202310_1.xpfm;xilinx_zcu102_base_202310_1|G:/Xilinx/Vitis/2023.1/base_platforms/xilinx_zcu102_base_202310_1/xilinx_zcu102_base_202310_1.xpfm;xilinx_zcu102_base_dfx_202310_1|G:/Xilinx/Vitis/2023.1/base_platforms/xilinx_zcu102_base_dfx_202310_1/xilinx_zcu102_base_dfx_202310_1.xpfm;xilinx_zcu104_base_202310_1|G:/Xilinx/Vitis/2023.1/base_platforms/xilinx_zcu104_base_202310_1/xilinx_zcu104_base_202310_1.xpfm
08:59:39 DEBUG : Logs will be stored at 'D:/vivado_pj/workspace_mb_spi/IDE.log'.
08:59:40 INFO  : Launching XSCT server: xsct.bat -n  -interactive D:\vivado_pj\workspace_mb_spi\temp_xsdb_launch_script.tcl
08:59:44 INFO  : Registering command handlers for Vitis TCF services
08:59:44 INFO  : XSCT server has started successfully.
08:59:44 INFO  : Platform repository initialization has completed.
08:59:48 INFO  : Successfully done setting XSCT server connection channel  
08:59:48 INFO  : plnx-install-location is set to ''
08:59:48 INFO  : Successfully done query RDI_DATADIR 
08:59:48 INFO  : Successfully done setting workspace for the tool. 
09:00:00 INFO  : Checking for BSP changes to sync application flags for project 'spi_test'...
09:26:08 INFO  : Hardware specification for platform project 'micBlazeAppTop' is updated.
09:26:20 INFO  : Result from executing command 'getProjects': micBlazeAppTop
09:26:20 INFO  : Result from executing command 'getPlatforms': micBlazeAppTop|D:/vivado_pj/workspace_mb_spi/micBlazeAppTop/export/micBlazeAppTop/micBlazeAppTop.xpfm;xilinx_vck190_base_202310_1|G:/Xilinx/Vitis/2023.1/base_platforms/xilinx_vck190_base_202310_1/xilinx_vck190_base_202310_1.xpfm;xilinx_vck190_base_dfx_202310_1|G:/Xilinx/Vitis/2023.1/base_platforms/xilinx_vck190_base_dfx_202310_1/xilinx_vck190_base_dfx_202310_1.xpfm;xilinx_vek280_es1_base_202310_1|G:/Xilinx/Vitis/2023.1/base_platforms/xilinx_vek280_es1_base_202310_1/xilinx_vek280_es1_base_202310_1.xpfm;xilinx_vmk180_base_202310_1|G:/Xilinx/Vitis/2023.1/base_platforms/xilinx_vmk180_base_202310_1/xilinx_vmk180_base_202310_1.xpfm;xilinx_zcu102_base_202310_1|G:/Xilinx/Vitis/2023.1/base_platforms/xilinx_zcu102_base_202310_1/xilinx_zcu102_base_202310_1.xpfm;xilinx_zcu102_base_dfx_202310_1|G:/Xilinx/Vitis/2023.1/base_platforms/xilinx_zcu102_base_dfx_202310_1/xilinx_zcu102_base_dfx_202310_1.xpfm;xilinx_zcu104_base_202310_1|G:/Xilinx/Vitis/2023.1/base_platforms/xilinx_zcu104_base_202310_1/xilinx_zcu104_base_202310_1.xpfm
09:26:30 INFO  : Checking for BSP changes to sync application flags for project 'spi_test'...
09:26:31 INFO  : The hardware specification used by project 'spi_test' is out of sync with the platform. Resource files extracted from the hardware specification will be updated.
09:26:31 INFO  : The file 'D:\vivado_pj\workspace_mb_spi\spi_test\_ide\bitstream\micBlazeAppTop.bit' stored in project is removed.
09:26:31 INFO  : The file 'D:\vivado_pj\workspace_mb_spi\spi_test\_ide\bitstream\micBlazeAppTop.mmi' stored in project is removed.
09:26:31 INFO  : The updated bitstream files are copied from platform to folder 'D:\vivado_pj\workspace_mb_spi\spi_test\_ide\bitstream' in project 'spi_test'.
09:26:54 INFO  : Checking for BSP changes to sync application flags for project 'spi_test'...
09:27:16 INFO  : Result from executing command 'removePlatformRepo': 
09:27:25 INFO  : Result from executing command 'getProjects': micBlazeAppTop
09:27:25 INFO  : Result from executing command 'getPlatforms': xilinx_vck190_base_202310_1|G:/Xilinx/Vitis/2023.1/base_platforms/xilinx_vck190_base_202310_1/xilinx_vck190_base_202310_1.xpfm;xilinx_vck190_base_dfx_202310_1|G:/Xilinx/Vitis/2023.1/base_platforms/xilinx_vck190_base_dfx_202310_1/xilinx_vck190_base_dfx_202310_1.xpfm;xilinx_vek280_es1_base_202310_1|G:/Xilinx/Vitis/2023.1/base_platforms/xilinx_vek280_es1_base_202310_1/xilinx_vek280_es1_base_202310_1.xpfm;xilinx_vmk180_base_202310_1|G:/Xilinx/Vitis/2023.1/base_platforms/xilinx_vmk180_base_202310_1/xilinx_vmk180_base_202310_1.xpfm;xilinx_zcu102_base_202310_1|G:/Xilinx/Vitis/2023.1/base_platforms/xilinx_zcu102_base_202310_1/xilinx_zcu102_base_202310_1.xpfm;xilinx_zcu102_base_dfx_202310_1|G:/Xilinx/Vitis/2023.1/base_platforms/xilinx_zcu102_base_dfx_202310_1/xilinx_zcu102_base_dfx_202310_1.xpfm;xilinx_zcu104_base_202310_1|G:/Xilinx/Vitis/2023.1/base_platforms/xilinx_zcu104_base_202310_1/xilinx_zcu104_base_202310_1.xpfm
09:27:26 INFO  : Checking for BSP changes to sync application flags for project 'spi_test'...
09:30:19 INFO  : Checking for BSP changes to sync application flags for project 'spi_test'...
09:30:29 INFO  : Checking for BSP changes to sync application flags for project 'spi_test'...
09:48:38 ERROR : Failed to update hardware specification for project 'micBlazeAppTop'.
Reason: Failed to execute command 'platform config -updatehw {D:/vivado_pj/project_mb_spi_2023/micBlazeAppTop4.xsa}'. Click on details for more information.
09:49:01 ERROR : Failed to update hardware specification for project 'micBlazeAppTop'.
Reason: Failed to execute command 'platform config -updatehw {D:/vivado_pj/project_mb_spi_2023/micBlazeAppTop4.xsa}'. Click on details for more information.
09:52:02 INFO  : Hardware specification for platform project 'micBlazeAppTop' is updated.
09:52:14 INFO  : Result from executing command 'getProjects': micBlazeAppTop
09:52:14 INFO  : Result from executing command 'getPlatforms': micBlazeAppTop|D:/vivado_pj/workspace_mb_spi/micBlazeAppTop/export/micBlazeAppTop/micBlazeAppTop.xpfm;xilinx_vck190_base_202310_1|G:/Xilinx/Vitis/2023.1/base_platforms/xilinx_vck190_base_202310_1/xilinx_vck190_base_202310_1.xpfm;xilinx_vck190_base_dfx_202310_1|G:/Xilinx/Vitis/2023.1/base_platforms/xilinx_vck190_base_dfx_202310_1/xilinx_vck190_base_dfx_202310_1.xpfm;xilinx_vek280_es1_base_202310_1|G:/Xilinx/Vitis/2023.1/base_platforms/xilinx_vek280_es1_base_202310_1/xilinx_vek280_es1_base_202310_1.xpfm;xilinx_vmk180_base_202310_1|G:/Xilinx/Vitis/2023.1/base_platforms/xilinx_vmk180_base_202310_1/xilinx_vmk180_base_202310_1.xpfm;xilinx_zcu102_base_202310_1|G:/Xilinx/Vitis/2023.1/base_platforms/xilinx_zcu102_base_202310_1/xilinx_zcu102_base_202310_1.xpfm;xilinx_zcu102_base_dfx_202310_1|G:/Xilinx/Vitis/2023.1/base_platforms/xilinx_zcu102_base_dfx_202310_1/xilinx_zcu102_base_dfx_202310_1.xpfm;xilinx_zcu104_base_202310_1|G:/Xilinx/Vitis/2023.1/base_platforms/xilinx_zcu104_base_202310_1/xilinx_zcu104_base_202310_1.xpfm
09:52:21 INFO  : Checking for BSP changes to sync application flags for project 'spi_test'...
09:52:22 INFO  : The hardware specification used by project 'spi_test' is out of sync with the platform. Resource files extracted from the hardware specification will be updated.
09:52:22 INFO  : The file 'D:\vivado_pj\workspace_mb_spi\spi_test\_ide\bitstream\micBlazeAppTop3.bit' stored in project is removed.
09:52:22 INFO  : The file 'D:\vivado_pj\workspace_mb_spi\spi_test\_ide\bitstream\micBlazeAppTop3.mmi' stored in project is removed.
09:52:22 INFO  : The updated bitstream files are copied from platform to folder 'D:\vivado_pj\workspace_mb_spi\spi_test\_ide\bitstream' in project 'spi_test'.
09:52:28 INFO  : Checking for BSP changes to sync application flags for project 'spi_test'...
14:22:08 DEBUG : Logs will be stored at 'D:/vivado_pj/workspace_mb_spi/IDE.log'.
14:22:08 INFO  : Launching XSCT server: xsct.bat -n  -interactive D:\vivado_pj\workspace_mb_spi\temp_xsdb_launch_script.tcl
14:22:10 INFO  : Registering command handlers for Vitis TCF services
14:22:10 INFO  : XSCT server has started successfully.
14:22:10 INFO  : Successfully done setting XSCT server connection channel  
14:22:10 INFO  : plnx-install-location is set to ''
14:22:10 INFO  : Successfully done query RDI_DATADIR 
14:22:10 INFO  : Successfully done setting workspace for the tool. 
14:22:10 INFO  : Platform repository initialization has completed.
