Copyright 1986-2022 Xilinx, Inc. All Rights Reserved. Copyright 2022-2023 Advanced Micro Devices, Inc. All Rights Reserved.
---------------------------------------------------------------------------------------------------------------------------------------------
| Tool Version : Vivado v.2023.1 (win64) Build 3865809 Sun May  7 15:05:29 MDT 2023
| Date         : Mon Jun 15 17:38:27 2026
| Host         : SmST12 running 64-bit major release  (build 9200)
| Command      : report_control_sets -verbose -file top_fndcontrol_control_sets_placed.rpt
| Design       : top_fndcontrol
| Device       : xc7a35t
---------------------------------------------------------------------------------------------------------------------------------------------

Control Set Information

Table of Contents
-----------------
1. Summary
2. Histogram
3. Flip-Flop Distribution
4. Detailed Control Set Information

1. Summary
----------

+----------------------------------------------------------+-------+
|                          Status                          | Count |
+----------------------------------------------------------+-------+
| Total control sets                                       |    13 |
|    Minimum number of control sets                        |    13 |
|    Addition due to synthesis replication                 |     0 |
|    Addition due to physical synthesis replication        |     0 |
| Unused register locations in slices containing registers |    39 |
+----------------------------------------------------------+-------+
* Control sets can be merged at opt_design using control_set_merge or merge_equivalent_drivers
** Run report_qor_suggestions for automated merging and remapping suggestions


2. Histogram
------------

+--------------------+-------+
|       Fanout       | Count |
+--------------------+-------+
| Total control sets |    13 |
| >= 0 to < 4        |     0 |
| >= 4 to < 6        |     7 |
| >= 6 to < 8        |     1 |
| >= 8 to < 10       |     4 |
| >= 10 to < 12      |     0 |
| >= 12 to < 14      |     0 |
| >= 14 to < 16      |     0 |
| >= 16              |     1 |
+--------------------+-------+
* Control sets can be remapped at either synth_design or opt_design


3. Flip-Flop Distribution
-------------------------

+--------------+-----------------------+------------------------+-----------------+--------------+
| Clock Enable | Synchronous Set/Reset | Asynchronous Set/Reset | Total Registers | Total Slices |
+--------------+-----------------------+------------------------+-----------------+--------------+
| No           | No                    | No                     |               0 |            0 |
| No           | No                    | Yes                    |              69 |           18 |
| No           | Yes                   | No                     |               0 |            0 |
| Yes          | No                    | No                     |               8 |            3 |
| Yes          | No                    | Yes                    |              44 |           17 |
| Yes          | Yes                   | No                     |               0 |            0 |
+--------------+-----------------------+------------------------+-----------------+--------------+


4. Detailed Control Set Information
-----------------------------------

+-------------------+----------------------------------+------------------+------------------+----------------+--------------+
|    Clock Signal   |           Enable Signal          | Set/Reset Signal | Slice Load Count | Bel Load Count | Bels / Slice |
+-------------------+----------------------------------+------------------+------------------+----------------+--------------+
|  clk_IBUF_BUFG    | keypad/key_value                 | U1/reset         |                1 |              4 |         4.00 |
|  w_clkout_BUFG    | U5/B[3]_i_1_n_0                  | U1/reset         |                2 |              4 |         2.00 |
|  w_clkout_BUFG    | U5/A[3]_i_1_n_0                  | U1/reset         |                3 |              4 |         1.33 |
|  w_clkout_BUFG    | U5/digit1[3]_i_1_n_0             | U1/reset         |                1 |              4 |         4.00 |
|  w_clkout_BUFG    | U5/digit2[3]_i_1_n_0             | U1/reset         |                3 |              4 |         1.33 |
|  w_clkout_BUFG    | keypad/key_pressed_flag_reg_0[0] | U1/reset         |                2 |              4 |         2.00 |
|  w_clkout_BUFG    | keypad/E[0]                      | U1/reset         |                1 |              4 |         4.00 |
|  U1/clk50hz_reg_0 |                                  | U1/reset         |                2 |              6 |         3.00 |
|  w_clkout_BUFG    | U5/countbit[3]_i_1_n_0           | U1/reset         |                2 |              8 |         4.00 |
|  w_clkout_BUFG    | keypad/col_val[3]_i_1_n_0        |                  |                3 |              8 |         2.67 |
|  w_clkout_BUFG    | keypad/col[3]_i_1_n_0            | U1/reset         |                2 |              8 |         4.00 |
|  w_clkout_BUFG    |                                  | U1/reset         |                4 |              9 |         2.25 |
|  clk_IBUF_BUFG    |                                  | U1/reset         |               12 |             54 |         4.50 |
+-------------------+----------------------------------+------------------+------------------+----------------+--------------+


