Copyright 1986-2022 Xilinx, Inc. All Rights Reserved. Copyright 2022-2023 Advanced Micro Devices, Inc. All Rights Reserved.
---------------------------------------------------------------------------------------------------------------------------------------------
| Tool Version : Vivado v.2023.1 (win64) Build 3865809 Sun May  7 15:05:29 MDT 2023
| Date         : Thu Jun  4 16:06:25 2026
| Host         : SmST12 running 64-bit major release  (build 9200)
| Command      : report_control_sets -verbose -file axi_fnd_wrapper_control_sets_placed.rpt
| Design       : axi_fnd_wrapper
| Device       : xc7a35t
---------------------------------------------------------------------------------------------------------------------------------------------

Control Set Information

Table of Contents
-----------------
1. Summary
2. Histogram
3. Flip-Flop Distribution
4. Detailed Control Set Information

1. Summary
----------

+----------------------------------------------------------+-------+
|                          Status                          | Count |
+----------------------------------------------------------+-------+
| Total control sets                                       |    78 |
|    Minimum number of control sets                        |    78 |
|    Addition due to synthesis replication                 |     0 |
|    Addition due to physical synthesis replication        |     0 |
| Unused register locations in slices containing registers |   183 |
+----------------------------------------------------------+-------+
* Control sets can be merged at opt_design using control_set_merge or merge_equivalent_drivers
** Run report_qor_suggestions for automated merging and remapping suggestions


2. Histogram
------------

+--------------------+-------+
|       Fanout       | Count |
+--------------------+-------+
| Total control sets |    78 |
| >= 0 to < 4        |    11 |
| >= 4 to < 6        |     8 |
| >= 6 to < 8        |     7 |
| >= 8 to < 10       |    23 |
| >= 10 to < 12      |     3 |
| >= 12 to < 14      |     0 |
| >= 14 to < 16      |     0 |
| >= 16              |    26 |
+--------------------+-------+
* Control sets can be remapped at either synth_design or opt_design


3. Flip-Flop Distribution
-------------------------

+--------------+-----------------------+------------------------+-----------------+--------------+
| Clock Enable | Synchronous Set/Reset | Asynchronous Set/Reset | Total Registers | Total Slices |
+--------------+-----------------------+------------------------+-----------------+--------------+
| No           | No                    | No                     |             210 |           76 |
| No           | No                    | Yes                    |              57 |           13 |
| No           | Yes                   | No                     |             260 |          109 |
| Yes          | No                    | No                     |             202 |           47 |
| Yes          | No                    | Yes                    |              15 |            8 |
| Yes          | Yes                   | No                     |             769 |          230 |
+--------------+-----------------------+------------------------+-----------------+--------------+


4. Detailed Control Set Information
-----------------------------------

+-----------------------------------------------------------+--------------------------------------------------------------------------------------------------------------------------------------------------------------------------------------------------------+-----------------------------------------------------------------------------------------------------------------------------------------------+------------------+----------------+--------------+
|                        Clock Signal                       |                                                                                              Enable Signal                                                                                             |                                                                Set/Reset Signal                                                               | Slice Load Count | Bel Load Count | Bels / Slice |
+-----------------------------------------------------------+--------------------------------------------------------------------------------------------------------------------------------------------------------------------------------------------------------+-----------------------------------------------------------------------------------------------------------------------------------------------+------------------+----------------+--------------+
|  axi_fnd_i/mdm_1/U0/Use_E2.BSCAN_I/Dbg_Update_0_BUFG      | axi_fnd_i/microblaze_0/U0/MicroBlaze_Core_I/Performance.Core/Use_Debug_Logic.Master_Core.Debug_Perf/Control_Reg_En                                                                                     | axi_fnd_i/microblaze_0/U0/MicroBlaze_Core_I/Performance.Core/Use_Debug_Logic.Master_Core.Debug_Perf/start_single_step_reg_n_0                 |                1 |              1 |         1.00 |
|  axi_fnd_i/clk_wiz_1/inst/clk_out1                        |                                                                                                                                                                                                        | axi_fnd_i/microblaze_0/U0/MicroBlaze_Core_I/Performance.Core/Use_Debug_Logic.Master_Core.Debug_Perf/Serial_Dbg_Intf.capture_1                 |                1 |              1 |         1.00 |
| ~axi_fnd_i/mdm_1/U0/Use_E2.BSCAN_I/Dbg_Update_0_BUFG      |                                                                                                                                                                                                        | axi_fnd_i/mdm_1/U0/MDM_Core_I1/JTAG_CONTROL_I/sel_n                                                                                           |                1 |              1 |         1.00 |
|  axi_fnd_i/mdm_1/U0/No_Dbg_Reg_Access.BUFG_DRCK/Dbg_Clk_0 | axi_fnd_i/mdm_1/U0/Use_E2.BSCAN_I/Use_E2.BSCANE2_I_0                                                                                                                                                   | axi_fnd_i/mdm_1/U0/MDM_Core_I1/JTAG_CONTROL_I/Functional_Reset                                                                                |                1 |              1 |         1.00 |
| ~axi_fnd_i/mdm_1/U0/No_Dbg_Reg_Access.BUFG_DRCK/Dbg_Clk_0 | axi_fnd_i/mdm_1/U0/MDM_Core_I1/JTAG_CONTROL_I/Use_BSCAN.FDC_I/CE                                                                                                                                       | axi_fnd_i/mdm_1/U0/MDM_Core_I1/JTAG_CONTROL_I/Use_BSCAN.FDC_I/D                                                                               |                1 |              1 |         1.00 |
|  axi_fnd_i/mdm_1/U0/Use_E2.BSCAN_I/Dbg_Update_0_BUFG      | axi_fnd_i/microblaze_0/U0/MicroBlaze_Core_I/Performance.Core/Use_Debug_Logic.Master_Core.Debug_Perf/Control_Reg_En                                                                                     | axi_fnd_i/microblaze_0/U0/MicroBlaze_Core_I/Performance.Core/Use_Debug_Logic.Master_Core.Debug_Perf/Serial_Dbg_Intf.continue_from_brk_reg_n_0 |                1 |              1 |         1.00 |
|  axi_fnd_i/mdm_1/U0/Use_E2.BSCAN_I/Dbg_Update_0_BUFG      | axi_fnd_i/microblaze_0/U0/MicroBlaze_Core_I/Performance.Core/Use_Debug_Logic.Master_Core.Debug_Perf/Control_Reg_En                                                                                     | axi_fnd_i/microblaze_0/U0/MicroBlaze_Core_I/Performance.Core/Use_Debug_Logic.Master_Core.Debug_Perf/Serial_Dbg_Intf.force_stop_cmd_i_reg_0    |                1 |              1 |         1.00 |
|  axi_fnd_i/mdm_1/U0/Use_E2.BSCAN_I/Dbg_Update_0_BUFG      | axi_fnd_i/microblaze_0/U0/MicroBlaze_Core_I/Performance.Core/Use_Debug_Logic.Master_Core.Debug_Perf/Control_Reg_En                                                                                     | axi_fnd_i/microblaze_0/U0/MicroBlaze_Core_I/Performance.Core/Use_Debug_Logic.Master_Core.Debug_Perf/Serial_Dbg_Intf.normal_stop_cmd_i_reg_n_0 |                1 |              1 |         1.00 |
|  axi_fnd_i/mdm_1/U0/Use_E2.BSCAN_I/Dbg_Update_0_BUFG      | axi_fnd_i/microblaze_0/U0/MicroBlaze_Core_I/Performance.Core/Use_Debug_Logic.Master_Core.Debug_Perf/Command_Reg_En                                                                                     | axi_fnd_i/microblaze_0/U0/MicroBlaze_Core_I/Performance.Core/Use_Debug_Logic.Master_Core.Debug_Perf/command_reg_clear                         |                1 |              2 |         2.00 |
|  axi_fnd_i/axi_fnd_v1_0_0/inst/U1/CLK                     |                                                                                                                                                                                                        | axi_fnd_i/axi_fnd_v1_0_0/inst/axi_fnd_v1_0_S00_fnd_AXI_inst/SR[0]                                                                             |                1 |              2 |         2.00 |
|  axi_fnd_i/mdm_1/U0/Use_E2.BSCAN_I/Dbg_Update_0_BUFG      |                                                                                                                                                                                                        |                                                                                                                                               |                3 |              3 |         1.00 |
|  axi_fnd_i/mdm_1/U0/Use_E2.BSCAN_I/Dbg_Update_0_BUFG      | axi_fnd_i/mdm_1/U0/MDM_Core_I1/Use_BSCAN.MDM_SEL                                                                                                                                                       | axi_fnd_i/mdm_1/U0/Use_E2.BSCAN_I/AR[0]                                                                                                       |                1 |              4 |         4.00 |
|  axi_fnd_i/mdm_1/U0/No_Dbg_Reg_Access.BUFG_DRCK/Dbg_Clk_0 | axi_fnd_i/mdm_1/U0/MDM_Core_I1/Use_BSCAN.TDI_Shifter0                                                                                                                                                  | axi_fnd_i/mdm_1/U0/Use_E2.BSCAN_I/AR[0]                                                                                                       |                1 |              4 |         4.00 |
| ~axi_fnd_i/mdm_1/U0/Use_E2.BSCAN_I/Dbg_Update_0_BUFG      |                                                                                                                                                                                                        | axi_fnd_i/mdm_1/U0/Use_E2.BSCAN_I/AR[0]                                                                                                       |                1 |              4 |         4.00 |
|  axi_fnd_i/clk_wiz_1/inst/clk_out1                        | axi_fnd_i/axi_uartlite_0/U0/UARTLITE_CORE_I/BAUD_RATE_I/en_16x_Baud                                                                                                                                    |                                                                                                                                               |                1 |              4 |         4.00 |
|  axi_fnd_i/clk_wiz_1/inst/clk_out1                        | axi_fnd_i/axi_uartlite_0/U0/AXI_LITE_IPIF_I/I_SLAVE_ATTACHMENT/start2                                                                                                                                  | axi_fnd_i/axi_uartlite_0/U0/AXI_LITE_IPIF_I/I_SLAVE_ATTACHMENT/I_DECODER/cs_ce_clr                                                            |                1 |              4 |         4.00 |
|  axi_fnd_i/mdm_1/U0/Use_E2.BSCAN_I/Dbg_Update_0_BUFG      | axi_fnd_i/microblaze_0/U0/MicroBlaze_Core_I/Performance.Core/Use_Debug_Logic.Master_Core.Debug_Perf/Control_Reg_En                                                                                     |                                                                                                                                               |                2 |              4 |         2.00 |
|  axi_fnd_i/clk_wiz_1/inst/clk_out1                        | axi_fnd_i/microblaze_0/U0/MicroBlaze_Core_I/Performance.Core/Decode_I/wb_Halted                                                                                                                        | axi_fnd_i/microblaze_0/U0/MicroBlaze_Core_I/sync_reset                                                                                        |                2 |              5 |         2.50 |
|  axi_fnd_i/clk_wiz_1/inst/clk_out1                        |                                                                                                                                                                                                        | axi_fnd_i/rst_clk_wiz_1_100M/U0/EXT_LPF/lpf_int                                                                                               |                3 |              5 |         1.67 |
|  axi_fnd_i/mdm_1/U0/No_Dbg_Reg_Access.BUFG_DRCK/Dbg_Clk_0 | axi_fnd_i/mdm_1/U0/Use_E2.BSCAN_I/sel                                                                                                                                                                  |                                                                                                                                               |                2 |              6 |         3.00 |
|  axi_fnd_i/clk_wiz_1/inst/clk_out1                        |                                                                                                                                                                                                        | axi_fnd_i/axi_uartlite_0/U0/UARTLITE_CORE_I/UARTLITE_TX_I/SRL_FIFO_I/I_SRL_FIFO_RBU_F/CNTR_INCR_DECR_ADDN_F_I/SS[0]                           |                2 |              6 |         3.00 |
|  axi_fnd_i/mdm_1/U0/No_Dbg_Reg_Access.BUFG_DRCK/Dbg_Clk_0 | axi_fnd_i/mdm_1/U0/MDM_Core_I1/JTAG_CONTROL_I/Use_BSCAN.FDC_I/sample_1                                                                                                                                 |                                                                                                                                               |                2 |              6 |         3.00 |
|  axi_fnd_i/clk_wiz_1/inst/clk_out1                        |                                                                                                                                                                                                        | axi_fnd_i/axi_uartlite_0/U0/UARTLITE_CORE_I/UARTLITE_RX_I/SRL_FIFO_I/I_SRL_FIFO_RBU_F/CNTR_INCR_DECR_ADDN_F_I/SS[0]                           |                3 |              6 |         2.00 |
|  axi_fnd_i/mdm_1/U0/No_Dbg_Reg_Access.BUFG_DRCK/Dbg_Clk_0 | axi_fnd_i/mdm_1/U0/Use_E2.BSCAN_I/Use_E2.BSCANE2_I_2                                                                                                                                                   |                                                                                                                                               |                2 |              6 |         3.00 |
|  axi_fnd_i/clk_wiz_1/inst/clk_out1                        | axi_fnd_i/rst_clk_wiz_1_100M/U0/SEQ/seq_cnt_en                                                                                                                                                         | axi_fnd_i/rst_clk_wiz_1_100M/U0/SEQ/SEQ_COUNTER/clear                                                                                         |                1 |              6 |         6.00 |
|  axi_fnd_i/clk_wiz_1/inst/clk_out1                        | axi_fnd_i/axi_uartlite_0/U0/UARTLITE_CORE_I/BAUD_RATE_I/en_16x_Baud                                                                                                                                    | axi_fnd_i/axi_uartlite_0/U0/UARTLITE_CORE_I/UARTLITE_RX_I/SERIAL_TO_PARALLEL[8].fifo_din[8]_i_1_n_0                                           |                1 |              7 |         7.00 |
|  axi_fnd_i/mdm_1/U0/No_Dbg_Reg_Access.BUFG_DRCK/Dbg_Clk_0 | axi_fnd_i/microblaze_0/U0/MicroBlaze_Core_I/Performance.Core/Use_Debug_Logic.Master_Core.Debug_Perf/Using_PC_Breakpoints.All_PC_Brks[0].Serial_Interface_1.address_hit_I/Compare[0].SRLC16E_I/which_pc |                                                                                                                                               |                7 |              8 |         1.14 |
|  axi_fnd_i/mdm_1/U0/No_Dbg_Reg_Access.BUFG_DRCK/Dbg_Clk_0 | axi_fnd_i/mdm_1/U0/MDM_Core_I1/JTAG_CONTROL_I/tdi_shifter0                                                                                                                                             |                                                                                                                                               |                1 |              8 |         8.00 |
|  axi_fnd_i/clk_wiz_1/inst/clk_out1                        | axi_fnd_i/axi_fnd_v1_0_0/inst/axi_fnd_v1_0_S00_fnd_AXI_inst/p_1_in[15]                                                                                                                                 | axi_fnd_i/axi_fnd_v1_0_0/inst/axi_fnd_v1_0_S00_fnd_AXI_inst/SR[0]                                                                             |                2 |              8 |         4.00 |
|  axi_fnd_i/mdm_1/U0/Use_E2.BSCAN_I/Dbg_Update_0_BUFG      | axi_fnd_i/mdm_1/U0/MDM_Core_I1/JTAG_CONTROL_I/Use_BSCAN.FDC_I/command_10                                                                                                                               |                                                                                                                                               |                1 |              8 |         8.00 |
| ~axi_fnd_i/mdm_1/U0/Use_E2.BSCAN_I/Dbg_Update_0_BUFG      | axi_fnd_i/mdm_1/U0/MDM_Core_I1/JTAG_CONTROL_I/Use_BSCAN.command[0]_i_1_n_0                                                                                                                             |                                                                                                                                               |                2 |              8 |         4.00 |
|  axi_fnd_i/clk_wiz_1/inst/clk_out1                        | axi_fnd_i/axi_fnd_v1_0_0/inst/axi_fnd_v1_0_S00_fnd_AXI_inst/p_1_in[31]                                                                                                                                 | axi_fnd_i/axi_fnd_v1_0_0/inst/axi_fnd_v1_0_S00_fnd_AXI_inst/SR[0]                                                                             |                1 |              8 |         8.00 |
|  axi_fnd_i/clk_wiz_1/inst/clk_out1                        | axi_fnd_i/axi_fnd_v1_0_0/inst/axi_fnd_v1_0_S00_fnd_AXI_inst/p_1_in[23]                                                                                                                                 | axi_fnd_i/axi_fnd_v1_0_0/inst/axi_fnd_v1_0_S00_fnd_AXI_inst/SR[0]                                                                             |                2 |              8 |         4.00 |
|  axi_fnd_i/clk_wiz_1/inst/clk_out1                        | axi_fnd_i/axi_fnd_v1_0_0/inst/axi_fnd_v1_0_S00_fnd_AXI_inst/p_1_in[3]                                                                                                                                  | axi_fnd_i/axi_fnd_v1_0_0/inst/axi_fnd_v1_0_S00_fnd_AXI_inst/SR[0]                                                                             |                1 |              8 |         8.00 |
|  axi_fnd_i/clk_wiz_1/inst/clk_out1                        | axi_fnd_i/axi_fnd_v1_0_0/inst/axi_fnd_v1_0_S00_fnd_AXI_inst/slv_reg2[23]_i_1_n_0                                                                                                                       | axi_fnd_i/axi_fnd_v1_0_0/inst/axi_fnd_v1_0_S00_fnd_AXI_inst/SR[0]                                                                             |                3 |              8 |         2.67 |
|  axi_fnd_i/clk_wiz_1/inst/clk_out1                        | axi_fnd_i/axi_fnd_v1_0_0/inst/axi_fnd_v1_0_S00_fnd_AXI_inst/slv_reg1[23]_i_1_n_0                                                                                                                       | axi_fnd_i/axi_fnd_v1_0_0/inst/axi_fnd_v1_0_S00_fnd_AXI_inst/SR[0]                                                                             |                3 |              8 |         2.67 |
|  axi_fnd_i/clk_wiz_1/inst/clk_out1                        | axi_fnd_i/axi_fnd_v1_0_0/inst/axi_fnd_v1_0_S00_fnd_AXI_inst/slv_reg2[31]_i_1_n_0                                                                                                                       | axi_fnd_i/axi_fnd_v1_0_0/inst/axi_fnd_v1_0_S00_fnd_AXI_inst/SR[0]                                                                             |                1 |              8 |         8.00 |
|  axi_fnd_i/clk_wiz_1/inst/clk_out1                        | axi_fnd_i/axi_fnd_v1_0_0/inst/axi_fnd_v1_0_S00_fnd_AXI_inst/slv_reg2[7]_i_1_n_0                                                                                                                        | axi_fnd_i/axi_fnd_v1_0_0/inst/axi_fnd_v1_0_S00_fnd_AXI_inst/SR[0]                                                                             |                2 |              8 |         4.00 |
|  axi_fnd_i/clk_wiz_1/inst/clk_out1                        | axi_fnd_i/axi_fnd_v1_0_0/inst/axi_fnd_v1_0_S00_fnd_AXI_inst/slv_reg3[7]_i_1_n_0                                                                                                                        | axi_fnd_i/axi_fnd_v1_0_0/inst/axi_fnd_v1_0_S00_fnd_AXI_inst/SR[0]                                                                             |                2 |              8 |         4.00 |
|  axi_fnd_i/clk_wiz_1/inst/clk_out1                        | axi_fnd_i/axi_fnd_v1_0_0/inst/axi_fnd_v1_0_S00_fnd_AXI_inst/slv_reg1[31]_i_1_n_0                                                                                                                       | axi_fnd_i/axi_fnd_v1_0_0/inst/axi_fnd_v1_0_S00_fnd_AXI_inst/SR[0]                                                                             |                2 |              8 |         4.00 |
|  axi_fnd_i/clk_wiz_1/inst/clk_out1                        | axi_fnd_i/axi_fnd_v1_0_0/inst/axi_fnd_v1_0_S00_fnd_AXI_inst/slv_reg2[15]_i_1_n_0                                                                                                                       | axi_fnd_i/axi_fnd_v1_0_0/inst/axi_fnd_v1_0_S00_fnd_AXI_inst/SR[0]                                                                             |                3 |              8 |         2.67 |
|  axi_fnd_i/clk_wiz_1/inst/clk_out1                        | axi_fnd_i/axi_fnd_v1_0_0/inst/axi_fnd_v1_0_S00_fnd_AXI_inst/slv_reg1[15]_i_1_n_0                                                                                                                       | axi_fnd_i/axi_fnd_v1_0_0/inst/axi_fnd_v1_0_S00_fnd_AXI_inst/SR[0]                                                                             |                2 |              8 |         4.00 |
|  axi_fnd_i/clk_wiz_1/inst/clk_out1                        | axi_fnd_i/axi_fnd_v1_0_0/inst/axi_fnd_v1_0_S00_fnd_AXI_inst/slv_reg3[31]_i_1_n_0                                                                                                                       | axi_fnd_i/axi_fnd_v1_0_0/inst/axi_fnd_v1_0_S00_fnd_AXI_inst/SR[0]                                                                             |                1 |              8 |         8.00 |
|  axi_fnd_i/clk_wiz_1/inst/clk_out1                        | axi_fnd_i/axi_fnd_v1_0_0/inst/axi_fnd_v1_0_S00_fnd_AXI_inst/slv_reg1[7]_i_1_n_0                                                                                                                        | axi_fnd_i/axi_fnd_v1_0_0/inst/axi_fnd_v1_0_S00_fnd_AXI_inst/SR[0]                                                                             |                3 |              8 |         2.67 |
|  axi_fnd_i/clk_wiz_1/inst/clk_out1                        | axi_fnd_i/axi_fnd_v1_0_0/inst/axi_fnd_v1_0_S00_fnd_AXI_inst/slv_reg3[23]_i_1_n_0                                                                                                                       | axi_fnd_i/axi_fnd_v1_0_0/inst/axi_fnd_v1_0_S00_fnd_AXI_inst/SR[0]                                                                             |                3 |              8 |         2.67 |
|  axi_fnd_i/clk_wiz_1/inst/clk_out1                        | axi_fnd_i/axi_uartlite_0/U0/UARTLITE_CORE_I/UARTLITE_RX_I/SRL_FIFO_I/I_SRL_FIFO_RBU_F/DYNSHREG_F_I/fifo_wr                                                                                             |                                                                                                                                               |                1 |              8 |         8.00 |
|  axi_fnd_i/clk_wiz_1/inst/clk_out1                        | axi_fnd_i/axi_uartlite_0/U0/AXI_LITE_IPIF_I/I_SLAVE_ATTACHMENT/I_DECODER/fifo_wr                                                                                                                       |                                                                                                                                               |                1 |              8 |         8.00 |
|  axi_fnd_i/clk_wiz_1/inst/clk_out1                        | axi_fnd_i/axi_fnd_v1_0_0/inst/axi_fnd_v1_0_S00_fnd_AXI_inst/slv_reg3[15]_i_1_n_0                                                                                                                       | axi_fnd_i/axi_fnd_v1_0_0/inst/axi_fnd_v1_0_S00_fnd_AXI_inst/SR[0]                                                                             |                2 |              8 |         4.00 |
|  axi_fnd_i/clk_wiz_1/inst/clk_out1                        | axi_fnd_i/axi_uartlite_0/U0/AXI_LITE_IPIF_I/I_SLAVE_ATTACHMENT/s_axi_rresp_i                                                                                                                           | axi_fnd_i/axi_uartlite_0/U0/AXI_LITE_IPIF_I/I_SLAVE_ATTACHMENT/rst                                                                            |                2 |              8 |         4.00 |
|  axi_fnd_i/mdm_1/U0/No_Dbg_Reg_Access.BUFG_DRCK/Dbg_Clk_0 | axi_fnd_i/mdm_1/U0/MDM_Core_I1/JTAG_CONTROL_I/Use_BSCAN.FDC_I/Use_Serial_Unified_Completion.completion_block_reg                                                                                       |                                                                                                                                               |                4 |             10 |         2.50 |
|  axi_fnd_i/clk_wiz_1/inst/clk_out1                        |                                                                                                                                                                                                        | axi_fnd_i/axi_uartlite_0/U0/AXI_LITE_IPIF_I/I_SLAVE_ATTACHMENT/rst                                                                            |                4 |             10 |         2.50 |
|  axi_fnd_i/clk_wiz_1/inst/clk_out1                        |                                                                                                                                                                                                        | axi_fnd_i/microblaze_0_axi_periph/xbar/inst/gen_sasd.crossbar_sasd_0/addr_arbiter_inst/SR[0]                                                  |                3 |             11 |         3.67 |
|  axi_fnd_i/clk_wiz_1/inst/clk_out1                        | axi_fnd_i/microblaze_0/U0/MicroBlaze_Core_I/Performance.Core/Decode_I/PreFetch_Buffer_I1/OF_Valid_DFF/E[0]                                                                                             | axi_fnd_i/microblaze_0/U0/MicroBlaze_Core_I/sync_reset                                                                                        |                7 |             16 |         2.29 |
|  axi_fnd_i/clk_wiz_1/inst/clk_out1                        | axi_fnd_i/microblaze_0/U0/MicroBlaze_Core_I/Performance.Core/Decode_I/mem_wait_on_ready_N_carry_or/MUXCY_I/lopt_1                                                                                      | axi_fnd_i/microblaze_0/U0/MicroBlaze_Core_I/sync_reset                                                                                        |                4 |             20 |         5.00 |
|  axi_fnd_i/clk_wiz_1/inst/clk_out1                        | axi_fnd_i/microblaze_0_axi_periph/xbar/inst/gen_sasd.crossbar_sasd_0/addr_arbiter_inst/p_0_in1_in                                                                                                      | axi_fnd_i/microblaze_0_axi_periph/xbar/inst/gen_sasd.crossbar_sasd_0/addr_arbiter_inst/SR[0]                                                  |                4 |             22 |         5.50 |
|  axi_fnd_i/mdm_1/U0/No_Dbg_Reg_Access.BUFG_DRCK/Dbg_Clk_0 |                                                                                                                                                                                                        | axi_fnd_i/mdm_1/U0/Use_E2.BSCAN_I/Use_E2.BSCANE2_I_4                                                                                          |                3 |             23 |         7.67 |
|  axi_fnd_i/clk_wiz_1/inst/clk_out1                        | axi_fnd_i/axi_uartlite_0/U0/UARTLITE_CORE_I/BAUD_RATE_I/en_16x_Baud                                                                                                                                    | axi_fnd_i/axi_uartlite_0/U0/UARTLITE_CORE_I/UARTLITE_RX_I/s_axi_aresetn_0                                                                     |                6 |             28 |         4.67 |
|  axi_fnd_i/clk_wiz_1/inst/clk_out1                        |                                                                                                                                                                                                        | axi_fnd_i/axi_uartlite_0/U0/UARTLITE_CORE_I/UARTLITE_RX_I/s_axi_aresetn_0                                                                     |                9 |             30 |         3.33 |
|  axi_fnd_i/clk_wiz_1/inst/clk_out1                        | axi_fnd_i/microblaze_0/U0/MicroBlaze_Core_I/Performance.Core/Decode_I/Use_MuxCy[3].OF_Piperun_Stage/MUXCY_I/Using_FPGA.Native_0                                                                        | axi_fnd_i/microblaze_0/U0/MicroBlaze_Core_I/Performance.Core/Decode_I/R                                                                       |               10 |             32 |         3.20 |
|  axi_fnd_i/clk_wiz_1/inst/clk_out1                        | axi_fnd_i/microblaze_0/U0/MicroBlaze_Core_I/Performance.Core/Decode_I/Use_MuxCy[3].OF_Piperun_Stage/MUXCY_I/E[0]                                                                                       | axi_fnd_i/microblaze_0/U0/MicroBlaze_Core_I/sync_reset                                                                                        |                5 |             32 |         6.40 |
|  axi_fnd_i/clk_wiz_1/inst/clk_out1                        | axi_fnd_i/microblaze_0/U0/MicroBlaze_Core_I/Performance.Core/Decode_I/mem_wait_on_ready_N_carry_or/MUXCY_I/lopt_1                                                                                      |                                                                                                                                               |                5 |             32 |         6.40 |
|  axi_fnd_i/mdm_1/U0/No_Dbg_Reg_Access.BUFG_DRCK/Dbg_Clk_0 | axi_fnd_i/microblaze_0/U0/MicroBlaze_Core_I/Performance.Core/Use_Debug_Logic.Master_Core.Debug_Perf/Serial_Dbg_Intf.New_Dbg_Instr_TCK                                                                  |                                                                                                                                               |                5 |             32 |         6.40 |
|  axi_fnd_i/clk_wiz_1/inst/clk_out1                        | axi_fnd_i/microblaze_0/U0/MicroBlaze_Core_I/Performance.Core/Decode_I/PreFetch_Buffer_I1/Gen_Mux_Select_LUT6[1].Gen_Sel_DFF/if_fetch_in_progress_reg[0]                                                | axi_fnd_i/microblaze_0/U0/MicroBlaze_Core_I/sync_reset                                                                                        |                6 |             32 |         5.33 |
|  axi_fnd_i/clk_wiz_1/inst/clk_out1                        |                                                                                                                                                                                                        | axi_fnd_i/microblaze_0/U0/MicroBlaze_Core_I/Performance.Core/wb_dlmb_valid_read_data0                                                         |               10 |             32 |         3.20 |
|  axi_fnd_i/clk_wiz_1/inst/clk_out1                        | axi_fnd_i/microblaze_0/U0/MicroBlaze_Core_I/Performance.Core/Use_Debug_Logic.Master_Core.Debug_Perf/data_rd_reg[0]_i_1_n_0                                                                             | axi_fnd_i/microblaze_0/U0/MicroBlaze_Core_I/sync_reset                                                                                        |               10 |             32 |         3.20 |
|  axi_fnd_i/clk_wiz_1/inst/clk_out1                        | axi_fnd_i/microblaze_0/U0/MicroBlaze_Core_I/Performance.Core/Decode_I/mem_wait_on_ready_N_carry_or/MUXCY_I/lopt_1                                                                                      | axi_fnd_i/microblaze_0/U0/MicroBlaze_Core_I/Performance.Core/Decode_I/SR[0]                                                                   |                8 |             32 |         4.00 |
|  axi_fnd_i/clk_wiz_1/inst/clk_out1                        | axi_fnd_i/axi_fnd_v1_0_0/inst/axi_fnd_v1_0_S00_fnd_AXI_inst/slv_reg_rden__0                                                                                                                            | axi_fnd_i/axi_fnd_v1_0_0/inst/axi_fnd_v1_0_S00_fnd_AXI_inst/SR[0]                                                                             |               13 |             32 |         2.46 |
|  axi_fnd_i/clk_wiz_1/inst/clk_out1                        | axi_fnd_i/microblaze_0_axi_periph/xbar/inst/gen_sasd.crossbar_sasd_0/addr_arbiter_inst/s_axi_rvalid[0]                                                                                                 | axi_fnd_i/microblaze_0/U0/MicroBlaze_Core_I/sync_reset                                                                                        |               11 |             32 |         2.91 |
|  axi_fnd_i/clk_wiz_1/inst/clk_out1                        | axi_fnd_i/microblaze_0_axi_periph/xbar/inst/gen_sasd.crossbar_sasd_0/addr_arbiter_inst/E[0]                                                                                                            |                                                                                                                                               |                8 |             33 |         4.12 |
|  axi_fnd_i/clk_wiz_1/inst/clk_out1                        |                                                                                                                                                                                                        | axi_fnd_i/axi_fnd_v1_0_0/inst/axi_fnd_v1_0_S00_fnd_AXI_inst/SR[0]                                                                             |               11 |             36 |         3.27 |
|  axi_fnd_i/mdm_1/U0/No_Dbg_Reg_Access.BUFG_DRCK/Dbg_Clk_0 | axi_fnd_i/mdm_1/U0/Use_E2.BSCAN_I/Use_E2.BSCANE2_I_0                                                                                                                                                   |                                                                                                                                               |               12 |             47 |         3.92 |
|  axi_fnd_i/clk_wiz_1/inst/clk_out1                        | axi_fnd_i/microblaze_0/U0/MicroBlaze_Core_I/Performance.Core/Decode_I/PreFetch_Buffer_I1/Instruction_Prefetch_Mux[42].Instr_Mux_MUXF7/IReady_0                                                         |                                                                                                                                               |               10 |             75 |         7.50 |
|  axi_fnd_i/mdm_1/U0/No_Dbg_Reg_Access.BUFG_DRCK/Dbg_Clk_0 |                                                                                                                                                                                                        |                                                                                                                                               |               25 |             80 |         3.20 |
|  axi_fnd_i/clk_wiz_1/inst/clk_out1                        | axi_fnd_i/microblaze_0/U0/MicroBlaze_Core_I/Performance.Core/Decode_I/Use_MuxCy[3].OF_Piperun_Stage/MUXCY_I/Using_FPGA.Native_0                                                                        | axi_fnd_i/microblaze_0/U0/MicroBlaze_Core_I/sync_reset                                                                                        |               25 |             82 |         3.28 |
|  axi_fnd_i/clk_wiz_1/inst/clk_out1                        | axi_fnd_i/microblaze_0/U0/MicroBlaze_Core_I/Performance.Core/Decode_I/WB_GPR_Wr                                                                                                                        |                                                                                                                                               |               16 |            128 |         8.00 |
|  axi_fnd_i/clk_wiz_1/inst/clk_out1                        |                                                                                                                                                                                                        |                                                                                                                                               |               52 |            144 |         2.77 |
|  axi_fnd_i/clk_wiz_1/inst/clk_out1                        |                                                                                                                                                                                                        | axi_fnd_i/microblaze_0/U0/MicroBlaze_Core_I/sync_reset                                                                                        |               70 |            150 |         2.14 |
|  axi_fnd_i/clk_wiz_1/inst/clk_out1                        | axi_fnd_i/microblaze_0/U0/MicroBlaze_Core_I/Performance.Core/Decode_I/Use_MuxCy[11].OF_Piperun_Stage/MUXCY_I/Using_FPGA.Native_0                                                                       | axi_fnd_i/microblaze_0/U0/MicroBlaze_Core_I/sync_reset                                                                                        |               80 |            218 |         2.72 |
+-----------------------------------------------------------+--------------------------------------------------------------------------------------------------------------------------------------------------------------------------------------------------------+-----------------------------------------------------------------------------------------------------------------------------------------------+------------------+----------------+--------------+


