14:14:49 DEBUG : Logs will be stored at 'D:/vivado_pj/workspace_blaze_w5500_2023/IDE.log'.
14:14:53 INFO  : Launching XSCT server: xsct.bat -n  -interactive D:\vivado_pj\workspace_blaze_w5500_2023\temp_xsdb_launch_script.tcl
14:14:53 INFO  : Registering command handlers for Vitis TCF services
14:14:54 INFO  : Platform repository initialization has completed.
14:14:55 INFO  : XSCT server has started successfully.
14:14:55 INFO  : plnx-install-location is set to ''
14:14:55 INFO  : Successfully done setting XSCT server connection channel  
14:14:55 INFO  : Successfully done setting workspace for the tool. 
14:14:55 INFO  : Successfully done query RDI_DATADIR 
14:16:27 INFO  : Result from executing command 'getProjects': blaze_W5500Top_2023
14:16:27 INFO  : Result from executing command 'getPlatforms': xilinx_vck190_base_202310_1|G:/Xilinx/Vitis/2023.1/base_platforms/xilinx_vck190_base_202310_1/xilinx_vck190_base_202310_1.xpfm;xilinx_vck190_base_dfx_202310_1|G:/Xilinx/Vitis/2023.1/base_platforms/xilinx_vck190_base_dfx_202310_1/xilinx_vck190_base_dfx_202310_1.xpfm;xilinx_vek280_es1_base_202310_1|G:/Xilinx/Vitis/2023.1/base_platforms/xilinx_vek280_es1_base_202310_1/xilinx_vek280_es1_base_202310_1.xpfm;xilinx_vmk180_base_202310_1|G:/Xilinx/Vitis/2023.1/base_platforms/xilinx_vmk180_base_202310_1/xilinx_vmk180_base_202310_1.xpfm;xilinx_zcu102_base_202310_1|G:/Xilinx/Vitis/2023.1/base_platforms/xilinx_zcu102_base_202310_1/xilinx_zcu102_base_202310_1.xpfm;xilinx_zcu102_base_dfx_202310_1|G:/Xilinx/Vitis/2023.1/base_platforms/xilinx_zcu102_base_dfx_202310_1/xilinx_zcu102_base_dfx_202310_1.xpfm;xilinx_zcu104_base_202310_1|G:/Xilinx/Vitis/2023.1/base_platforms/xilinx_zcu104_base_202310_1/xilinx_zcu104_base_202310_1.xpfm
14:16:28 WARN  : An unexpected exception occurred in the module 'platform project logging'
14:16:28 INFO  : Platform 'blaze_W5500Top_2023' is added to custom repositories.
14:16:31 INFO  : Platform 'blaze_W5500Top_2023' is added to custom repositories.
14:20:21 INFO  : Result from executing command 'getProjects': blaze_W5500Top_2023
14:20:21 INFO  : Result from executing command 'getPlatforms': blaze_W5500Top_2023|D:/vivado_pj/workspace_blaze_w5500_2023/blaze_W5500Top_2023/export/blaze_W5500Top_2023/blaze_W5500Top_2023.xpfm;xilinx_vck190_base_202310_1|G:/Xilinx/Vitis/2023.1/base_platforms/xilinx_vck190_base_202310_1/xilinx_vck190_base_202310_1.xpfm;xilinx_vck190_base_dfx_202310_1|G:/Xilinx/Vitis/2023.1/base_platforms/xilinx_vck190_base_dfx_202310_1/xilinx_vck190_base_dfx_202310_1.xpfm;xilinx_vek280_es1_base_202310_1|G:/Xilinx/Vitis/2023.1/base_platforms/xilinx_vek280_es1_base_202310_1/xilinx_vek280_es1_base_202310_1.xpfm;xilinx_vmk180_base_202310_1|G:/Xilinx/Vitis/2023.1/base_platforms/xilinx_vmk180_base_202310_1/xilinx_vmk180_base_202310_1.xpfm;xilinx_zcu102_base_202310_1|G:/Xilinx/Vitis/2023.1/base_platforms/xilinx_zcu102_base_202310_1/xilinx_zcu102_base_202310_1.xpfm;xilinx_zcu102_base_dfx_202310_1|G:/Xilinx/Vitis/2023.1/base_platforms/xilinx_zcu102_base_dfx_202310_1/xilinx_zcu102_base_dfx_202310_1.xpfm;xilinx_zcu104_base_202310_1|G:/Xilinx/Vitis/2023.1/base_platforms/xilinx_zcu104_base_202310_1/xilinx_zcu104_base_202310_1.xpfm
14:20:29 INFO  : Result from executing command 'removePlatformRepo': 
14:20:35 ERROR : Error from executing command 'removePlatformRepo': ERROR: No valid directory exists at given path.
14:20:41 INFO  : Result from executing command 'getProjects': blaze_W5500Top_2023
14:20:41 INFO  : Result from executing command 'getPlatforms': xilinx_vck190_base_202310_1|G:/Xilinx/Vitis/2023.1/base_platforms/xilinx_vck190_base_202310_1/xilinx_vck190_base_202310_1.xpfm;xilinx_vck190_base_dfx_202310_1|G:/Xilinx/Vitis/2023.1/base_platforms/xilinx_vck190_base_dfx_202310_1/xilinx_vck190_base_dfx_202310_1.xpfm;xilinx_vek280_es1_base_202310_1|G:/Xilinx/Vitis/2023.1/base_platforms/xilinx_vek280_es1_base_202310_1/xilinx_vek280_es1_base_202310_1.xpfm;xilinx_vmk180_base_202310_1|G:/Xilinx/Vitis/2023.1/base_platforms/xilinx_vmk180_base_202310_1/xilinx_vmk180_base_202310_1.xpfm;xilinx_zcu102_base_202310_1|G:/Xilinx/Vitis/2023.1/base_platforms/xilinx_zcu102_base_202310_1/xilinx_zcu102_base_202310_1.xpfm;xilinx_zcu102_base_dfx_202310_1|G:/Xilinx/Vitis/2023.1/base_platforms/xilinx_zcu102_base_dfx_202310_1/xilinx_zcu102_base_dfx_202310_1.xpfm;xilinx_zcu104_base_202310_1|G:/Xilinx/Vitis/2023.1/base_platforms/xilinx_zcu104_base_202310_1/xilinx_zcu104_base_202310_1.xpfm
14:20:43 INFO  : Checking for BSP changes to sync application flags for project 'blaze_w5500'...
15:13:27 DEBUG : Logs will be stored at 'D:/vivado_pj/workspace_blaze_w5500_2023/IDE.log'.
15:13:28 INFO  : Launching XSCT server: xsct.bat -n  -interactive D:\vivado_pj\workspace_blaze_w5500_2023\temp_xsdb_launch_script.tcl
15:13:30 INFO  : XSCT server has started successfully.
15:13:30 INFO  : Successfully done setting XSCT server connection channel  
15:13:30 INFO  : plnx-install-location is set to ''
15:13:30 INFO  : Successfully done setting workspace for the tool. 
15:13:40 INFO  : Registering command handlers for Vitis TCF services
15:13:40 INFO  : Successfully done query RDI_DATADIR 
15:13:41 INFO  : Platform repository initialization has completed.
