
*** Running vivado
    with args -log pwm_test_wrapper.vds -m64 -product Vivado -mode batch -messageDb vivado.pb -notrace -source pwm_test_wrapper.tcl



****** Vivado v2023.1 (64-bit)
  **** SW Build 3865809 on Sun May  7 15:05:29 MDT 2023
  **** IP Build 3864474 on Sun May  7 20:36:21 MDT 2023
  **** SharedData Build 3865790 on Sun May 07 13:33:03 MDT 2023
    ** Copyright 1986-2022 Xilinx, Inc. All Rights Reserved.
    ** Copyright 2022-2023 Advanced Micro Devices, Inc. All Rights Reserved.

source pwm_test_wrapper.tcl -notrace
INFO: [IP_Flow 19-234] Refreshing IP repositories
INFO: [IP_Flow 19-1700] Loaded user IP repository 'h:/Xilinx/ip_folder'.
INFO: [IP_Flow 19-2313] Loaded Vivado IP repository 'H:/Xilinx/Vivado/2023.1/data/ip'.
Command: read_checkpoint -auto_incremental -incremental H:/pwm_control_ip/pwm_control_ip.srcs/utils_1/imports/synth_1/pwm_test_wrapper.dcp
INFO: [Vivado 12-5825] Read reference checkpoint from H:/pwm_control_ip/pwm_control_ip.srcs/utils_1/imports/synth_1/pwm_test_wrapper.dcp for incremental synthesis
INFO: [Vivado 12-7989] Please ensure there are no constraint changes
Command: synth_design -top pwm_test_wrapper -part xc7a35tcpg236-1
Starting synth_design
Attempting to get a license for feature 'Synthesis' and/or device 'xc7a35t'
INFO: [Common 17-349] Got license for feature 'Synthesis' and/or device 'xc7a35t'
INFO: [Device 21-403] Loading part xc7a35tcpg236-1
INFO: [Designutils 20-5440] No compile time benefit to using incremental synthesis; A full resynthesis will be run
INFO: [Designutils 20-4379] Flow is switching to default flow due to incremental criteria not met. If you would like to alter this behaviour and have the flow terminate instead, please set the following parameter config_implementation {autoIncr.Synth.RejectBehavior Terminate}
INFO: [Synth 8-7079] Multithreading enabled for synth_design using a maximum of 2 processes.
INFO: [Synth 8-7078] Launching helper process for spawning children vivado processes
INFO: [Synth 8-7075] Helper process launched with PID 16020
---------------------------------------------------------------------------------
Starting RTL Elaboration : Time (s): cpu = 00:00:03 ; elapsed = 00:00:03 . Memory (MB): peak = 2313.914 ; gain = 411.133
---------------------------------------------------------------------------------
INFO: [Synth 8-6157] synthesizing module 'pwm_test_wrapper' [h:/pwm_control_ip/pwm_control_ip.gen/sources_1/bd/pwm_test/hdl/pwm_test_wrapper.v:13]
INFO: [Synth 8-6157] synthesizing module 'pwm_test' [h:/pwm_control_ip/pwm_control_ip.gen/sources_1/bd/pwm_test/synth/pwm_test.v:789]
INFO: [Synth 8-6157] synthesizing module 'pwm_test_axi_gpio_0_1' [H:/pwm_control_ip/pwm_control_ip.runs/synth_1/.Xil/Vivado-41556-SmST12/realtime/pwm_test_axi_gpio_0_1_stub.v:6]
INFO: [Synth 8-6155] done synthesizing module 'pwm_test_axi_gpio_0_1' (0#1) [H:/pwm_control_ip/pwm_control_ip.runs/synth_1/.Xil/Vivado-41556-SmST12/realtime/pwm_test_axi_gpio_0_1_stub.v:6]
INFO: [Synth 8-6157] synthesizing module 'pwm_test_axi_uartlite_0_1' [H:/pwm_control_ip/pwm_control_ip.runs/synth_1/.Xil/Vivado-41556-SmST12/realtime/pwm_test_axi_uartlite_0_1_stub.v:6]
INFO: [Synth 8-6155] done synthesizing module 'pwm_test_axi_uartlite_0_1' (0#1) [H:/pwm_control_ip/pwm_control_ip.runs/synth_1/.Xil/Vivado-41556-SmST12/realtime/pwm_test_axi_uartlite_0_1_stub.v:6]
WARNING: [Synth 8-7071] port 'interrupt' of module 'pwm_test_axi_uartlite_0_1' is unconnected for instance 'axi_uartlite_0' [h:/pwm_control_ip/pwm_control_ip.gen/sources_1/bd/pwm_test/synth/pwm_test.v:971]
WARNING: [Synth 8-7023] instance 'axi_uartlite_0' of module 'pwm_test_axi_uartlite_0_1' has 22 connections declared, but only 21 given [h:/pwm_control_ip/pwm_control_ip.gen/sources_1/bd/pwm_test/synth/pwm_test.v:971]
INFO: [Synth 8-6157] synthesizing module 'pwm_test_clk_wiz_1_1' [H:/pwm_control_ip/pwm_control_ip.runs/synth_1/.Xil/Vivado-41556-SmST12/realtime/pwm_test_clk_wiz_1_1_stub.v:6]
INFO: [Synth 8-6155] done synthesizing module 'pwm_test_clk_wiz_1_1' (0#1) [H:/pwm_control_ip/pwm_control_ip.runs/synth_1/.Xil/Vivado-41556-SmST12/realtime/pwm_test_clk_wiz_1_1_stub.v:6]
INFO: [Synth 8-6157] synthesizing module 'pwm_test_mdm_1_1' [H:/pwm_control_ip/pwm_control_ip.runs/synth_1/.Xil/Vivado-41556-SmST12/realtime/pwm_test_mdm_1_1_stub.v:6]
INFO: [Synth 8-6155] done synthesizing module 'pwm_test_mdm_1_1' (0#1) [H:/pwm_control_ip/pwm_control_ip.runs/synth_1/.Xil/Vivado-41556-SmST12/realtime/pwm_test_mdm_1_1_stub.v:6]
INFO: [Synth 8-6157] synthesizing module 'pwm_test_microblaze_0_1' [H:/pwm_control_ip/pwm_control_ip.runs/synth_1/.Xil/Vivado-41556-SmST12/realtime/pwm_test_microblaze_0_1_stub.v:6]
INFO: [Synth 8-6155] done synthesizing module 'pwm_test_microblaze_0_1' (0#1) [H:/pwm_control_ip/pwm_control_ip.runs/synth_1/.Xil/Vivado-41556-SmST12/realtime/pwm_test_microblaze_0_1_stub.v:6]
INFO: [Synth 8-6157] synthesizing module 'pwm_test_microblaze_0_axi_intc_1' [H:/pwm_control_ip/pwm_control_ip.runs/synth_1/.Xil/Vivado-41556-SmST12/realtime/pwm_test_microblaze_0_axi_intc_1_stub.v:6]
INFO: [Synth 8-6155] done synthesizing module 'pwm_test_microblaze_0_axi_intc_1' (0#1) [H:/pwm_control_ip/pwm_control_ip.runs/synth_1/.Xil/Vivado-41556-SmST12/realtime/pwm_test_microblaze_0_axi_intc_1_stub.v:6]
INFO: [Synth 8-6157] synthesizing module 'pwm_test_microblaze_0_axi_periph_1' [h:/pwm_control_ip/pwm_control_ip.gen/sources_1/bd/pwm_test/synth/pwm_test.v:1252]
INFO: [Synth 8-6157] synthesizing module 'm00_couplers_imp_VLYEFA' [h:/pwm_control_ip/pwm_control_ip.gen/sources_1/bd/pwm_test/synth/pwm_test.v:13]
INFO: [Synth 8-6155] done synthesizing module 'm00_couplers_imp_VLYEFA' (0#1) [h:/pwm_control_ip/pwm_control_ip.gen/sources_1/bd/pwm_test/synth/pwm_test.v:13]
INFO: [Synth 8-6157] synthesizing module 'm01_couplers_imp_181N1IF' [h:/pwm_control_ip/pwm_control_ip.gen/sources_1/bd/pwm_test/synth/pwm_test.v:145]
INFO: [Synth 8-6155] done synthesizing module 'm01_couplers_imp_181N1IF' (0#1) [h:/pwm_control_ip/pwm_control_ip.gen/sources_1/bd/pwm_test/synth/pwm_test.v:145]
INFO: [Synth 8-6157] synthesizing module 'm02_couplers_imp_W8WTFP' [h:/pwm_control_ip/pwm_control_ip.gen/sources_1/bd/pwm_test/synth/pwm_test.v:277]
INFO: [Synth 8-6155] done synthesizing module 'm02_couplers_imp_W8WTFP' (0#1) [h:/pwm_control_ip/pwm_control_ip.gen/sources_1/bd/pwm_test/synth/pwm_test.v:277]
INFO: [Synth 8-6157] synthesizing module 'm03_couplers_imp_174EF38' [h:/pwm_control_ip/pwm_control_ip.gen/sources_1/bd/pwm_test/synth/pwm_test.v:409]
INFO: [Synth 8-6155] done synthesizing module 'm03_couplers_imp_174EF38' (0#1) [h:/pwm_control_ip/pwm_control_ip.gen/sources_1/bd/pwm_test/synth/pwm_test.v:409]
INFO: [Synth 8-6157] synthesizing module 's00_couplers_imp_11YOD6S' [h:/pwm_control_ip/pwm_control_ip.gen/sources_1/bd/pwm_test/synth/pwm_test.v:1976]
INFO: [Synth 8-6155] done synthesizing module 's00_couplers_imp_11YOD6S' (0#1) [h:/pwm_control_ip/pwm_control_ip.gen/sources_1/bd/pwm_test/synth/pwm_test.v:1976]
INFO: [Synth 8-6157] synthesizing module 'pwm_test_xbar_1' [H:/pwm_control_ip/pwm_control_ip.runs/synth_1/.Xil/Vivado-41556-SmST12/realtime/pwm_test_xbar_1_stub.v:6]
INFO: [Synth 8-6155] done synthesizing module 'pwm_test_xbar_1' (0#1) [H:/pwm_control_ip/pwm_control_ip.runs/synth_1/.Xil/Vivado-41556-SmST12/realtime/pwm_test_xbar_1_stub.v:6]
INFO: [Synth 8-6155] done synthesizing module 'pwm_test_microblaze_0_axi_periph_1' (0#1) [h:/pwm_control_ip/pwm_control_ip.gen/sources_1/bd/pwm_test/synth/pwm_test.v:1252]
INFO: [Synth 8-6157] synthesizing module 'microblaze_0_local_memory_imp_1AI3D8I' [h:/pwm_control_ip/pwm_control_ip.gen/sources_1/bd/pwm_test/synth/pwm_test.v:555]
INFO: [Synth 8-6157] synthesizing module 'pwm_test_dlmb_bram_if_cntlr_1' [H:/pwm_control_ip/pwm_control_ip.runs/synth_1/.Xil/Vivado-41556-SmST12/realtime/pwm_test_dlmb_bram_if_cntlr_1_stub.v:6]
INFO: [Synth 8-6155] done synthesizing module 'pwm_test_dlmb_bram_if_cntlr_1' (0#1) [H:/pwm_control_ip/pwm_control_ip.runs/synth_1/.Xil/Vivado-41556-SmST12/realtime/pwm_test_dlmb_bram_if_cntlr_1_stub.v:6]
INFO: [Synth 8-6157] synthesizing module 'pwm_test_dlmb_v10_1' [H:/pwm_control_ip/pwm_control_ip.runs/synth_1/.Xil/Vivado-41556-SmST12/realtime/pwm_test_dlmb_v10_1_stub.v:6]
INFO: [Synth 8-6155] done synthesizing module 'pwm_test_dlmb_v10_1' (0#1) [H:/pwm_control_ip/pwm_control_ip.runs/synth_1/.Xil/Vivado-41556-SmST12/realtime/pwm_test_dlmb_v10_1_stub.v:6]
WARNING: [Synth 8-7071] port 'LMB_Rst' of module 'pwm_test_dlmb_v10_1' is unconnected for instance 'dlmb_v10' [h:/pwm_control_ip/pwm_control_ip.gen/sources_1/bd/pwm_test/synth/pwm_test.v:701]
WARNING: [Synth 8-7023] instance 'dlmb_v10' of module 'pwm_test_dlmb_v10_1' has 25 connections declared, but only 24 given [h:/pwm_control_ip/pwm_control_ip.gen/sources_1/bd/pwm_test/synth/pwm_test.v:701]
INFO: [Synth 8-6157] synthesizing module 'pwm_test_ilmb_bram_if_cntlr_1' [H:/pwm_control_ip/pwm_control_ip.runs/synth_1/.Xil/Vivado-41556-SmST12/realtime/pwm_test_ilmb_bram_if_cntlr_1_stub.v:6]
INFO: [Synth 8-6155] done synthesizing module 'pwm_test_ilmb_bram_if_cntlr_1' (0#1) [H:/pwm_control_ip/pwm_control_ip.runs/synth_1/.Xil/Vivado-41556-SmST12/realtime/pwm_test_ilmb_bram_if_cntlr_1_stub.v:6]
INFO: [Synth 8-6157] synthesizing module 'pwm_test_ilmb_v10_1' [H:/pwm_control_ip/pwm_control_ip.runs/synth_1/.Xil/Vivado-41556-SmST12/realtime/pwm_test_ilmb_v10_1_stub.v:6]
INFO: [Synth 8-6155] done synthesizing module 'pwm_test_ilmb_v10_1' (0#1) [H:/pwm_control_ip/pwm_control_ip.runs/synth_1/.Xil/Vivado-41556-SmST12/realtime/pwm_test_ilmb_v10_1_stub.v:6]
WARNING: [Synth 8-7071] port 'LMB_Rst' of module 'pwm_test_ilmb_v10_1' is unconnected for instance 'ilmb_v10' [h:/pwm_control_ip/pwm_control_ip.gen/sources_1/bd/pwm_test/synth/pwm_test.v:747]
WARNING: [Synth 8-7023] instance 'ilmb_v10' of module 'pwm_test_ilmb_v10_1' has 25 connections declared, but only 24 given [h:/pwm_control_ip/pwm_control_ip.gen/sources_1/bd/pwm_test/synth/pwm_test.v:747]
INFO: [Synth 8-6157] synthesizing module 'pwm_test_lmb_bram_1' [H:/pwm_control_ip/pwm_control_ip.runs/synth_1/.Xil/Vivado-41556-SmST12/realtime/pwm_test_lmb_bram_1_stub.v:6]
INFO: [Synth 8-6155] done synthesizing module 'pwm_test_lmb_bram_1' (0#1) [H:/pwm_control_ip/pwm_control_ip.runs/synth_1/.Xil/Vivado-41556-SmST12/realtime/pwm_test_lmb_bram_1_stub.v:6]
WARNING: [Synth 8-7071] port 'rsta_busy' of module 'pwm_test_lmb_bram_1' is unconnected for instance 'lmb_bram' [h:/pwm_control_ip/pwm_control_ip.gen/sources_1/bd/pwm_test/synth/pwm_test.v:772]
WARNING: [Synth 8-7071] port 'rstb_busy' of module 'pwm_test_lmb_bram_1' is unconnected for instance 'lmb_bram' [h:/pwm_control_ip/pwm_control_ip.gen/sources_1/bd/pwm_test/synth/pwm_test.v:772]
WARNING: [Synth 8-7023] instance 'lmb_bram' of module 'pwm_test_lmb_bram_1' has 16 connections declared, but only 14 given [h:/pwm_control_ip/pwm_control_ip.gen/sources_1/bd/pwm_test/synth/pwm_test.v:772]
INFO: [Synth 8-6155] done synthesizing module 'microblaze_0_local_memory_imp_1AI3D8I' (0#1) [h:/pwm_control_ip/pwm_control_ip.gen/sources_1/bd/pwm_test/synth/pwm_test.v:555]
INFO: [Synth 8-6157] synthesizing module 'pwm_test_microblaze_0_xlconcat_1' [h:/pwm_control_ip/pwm_control_ip.gen/sources_1/bd/pwm_test/ip/pwm_test_microblaze_0_xlconcat_1/synth/pwm_test_microblaze_0_xlconcat_1.v:53]
INFO: [Synth 8-6157] synthesizing module 'xlconcat_v2_1_4_xlconcat' [h:/pwm_control_ip/pwm_control_ip.gen/sources_1/bd/pwm_test/ipshared/4b67/hdl/xlconcat_v2_1_vl_rfs.v:14]
INFO: [Synth 8-6155] done synthesizing module 'xlconcat_v2_1_4_xlconcat' (0#1) [h:/pwm_control_ip/pwm_control_ip.gen/sources_1/bd/pwm_test/ipshared/4b67/hdl/xlconcat_v2_1_vl_rfs.v:14]
INFO: [Synth 8-6155] done synthesizing module 'pwm_test_microblaze_0_xlconcat_1' (0#1) [h:/pwm_control_ip/pwm_control_ip.gen/sources_1/bd/pwm_test/ip/pwm_test_microblaze_0_xlconcat_1/synth/pwm_test_microblaze_0_xlconcat_1.v:53]
INFO: [Synth 8-6157] synthesizing module 'pwm_test_pwm_axi_v1_0_0_1' [H:/pwm_control_ip/pwm_control_ip.runs/synth_1/.Xil/Vivado-41556-SmST12/realtime/pwm_test_pwm_axi_v1_0_0_1_stub.v:6]
INFO: [Synth 8-6155] done synthesizing module 'pwm_test_pwm_axi_v1_0_0_1' (0#1) [H:/pwm_control_ip/pwm_control_ip.runs/synth_1/.Xil/Vivado-41556-SmST12/realtime/pwm_test_pwm_axi_v1_0_0_1_stub.v:6]
INFO: [Synth 8-6157] synthesizing module 'pwm_test_rst_clk_wiz_1_100M_1' [H:/pwm_control_ip/pwm_control_ip.runs/synth_1/.Xil/Vivado-41556-SmST12/realtime/pwm_test_rst_clk_wiz_1_100M_1_stub.v:6]
INFO: [Synth 8-6155] done synthesizing module 'pwm_test_rst_clk_wiz_1_100M_1' (0#1) [H:/pwm_control_ip/pwm_control_ip.runs/synth_1/.Xil/Vivado-41556-SmST12/realtime/pwm_test_rst_clk_wiz_1_100M_1_stub.v:6]
WARNING: [Synth 8-7071] port 'peripheral_reset' of module 'pwm_test_rst_clk_wiz_1_100M_1' is unconnected for instance 'rst_clk_wiz_1_100M' [h:/pwm_control_ip/pwm_control_ip.gen/sources_1/bd/pwm_test/synth/pwm_test.v:1241]
WARNING: [Synth 8-7071] port 'interconnect_aresetn' of module 'pwm_test_rst_clk_wiz_1_100M_1' is unconnected for instance 'rst_clk_wiz_1_100M' [h:/pwm_control_ip/pwm_control_ip.gen/sources_1/bd/pwm_test/synth/pwm_test.v:1241]
WARNING: [Synth 8-7023] instance 'rst_clk_wiz_1_100M' of module 'pwm_test_rst_clk_wiz_1_100M_1' has 10 connections declared, but only 8 given [h:/pwm_control_ip/pwm_control_ip.gen/sources_1/bd/pwm_test/synth/pwm_test.v:1241]
INFO: [Synth 8-6155] done synthesizing module 'pwm_test' (0#1) [h:/pwm_control_ip/pwm_control_ip.gen/sources_1/bd/pwm_test/synth/pwm_test.v:789]
INFO: [Synth 8-6155] done synthesizing module 'pwm_test_wrapper' (0#1) [h:/pwm_control_ip/pwm_control_ip.gen/sources_1/bd/pwm_test/hdl/pwm_test_wrapper.v:13]
WARNING: [Synth 8-7129] Port In1[0] in module xlconcat_v2_1_4_xlconcat is either unconnected or has no load
WARNING: [Synth 8-7129] Port In2[0] in module xlconcat_v2_1_4_xlconcat is either unconnected or has no load
WARNING: [Synth 8-7129] Port In3[0] in module xlconcat_v2_1_4_xlconcat is either unconnected or has no load
WARNING: [Synth 8-7129] Port In4[0] in module xlconcat_v2_1_4_xlconcat is either unconnected or has no load
WARNING: [Synth 8-7129] Port In5[0] in module xlconcat_v2_1_4_xlconcat is either unconnected or has no load
WARNING: [Synth 8-7129] Port In6[0] in module xlconcat_v2_1_4_xlconcat is either unconnected or has no load
WARNING: [Synth 8-7129] Port In7[0] in module xlconcat_v2_1_4_xlconcat is either unconnected or has no load
WARNING: [Synth 8-7129] Port In8[0] in module xlconcat_v2_1_4_xlconcat is either unconnected or has no load
WARNING: [Synth 8-7129] Port In9[0] in module xlconcat_v2_1_4_xlconcat is either unconnected or has no load
WARNING: [Synth 8-7129] Port In10[0] in module xlconcat_v2_1_4_xlconcat is either unconnected or has no load
WARNING: [Synth 8-7129] Port In11[0] in module xlconcat_v2_1_4_xlconcat is either unconnected or has no load
WARNING: [Synth 8-7129] Port In12[0] in module xlconcat_v2_1_4_xlconcat is either unconnected or has no load
WARNING: [Synth 8-7129] Port In13[0] in module xlconcat_v2_1_4_xlconcat is either unconnected or has no load
WARNING: [Synth 8-7129] Port In14[0] in module xlconcat_v2_1_4_xlconcat is either unconnected or has no load
WARNING: [Synth 8-7129] Port In15[0] in module xlconcat_v2_1_4_xlconcat is either unconnected or has no load
WARNING: [Synth 8-7129] Port In16[0] in module xlconcat_v2_1_4_xlconcat is either unconnected or has no load
WARNING: [Synth 8-7129] Port In17[0] in module xlconcat_v2_1_4_xlconcat is either unconnected or has no load
WARNING: [Synth 8-7129] Port In18[0] in module xlconcat_v2_1_4_xlconcat is either unconnected or has no load
WARNING: [Synth 8-7129] Port In19[0] in module xlconcat_v2_1_4_xlconcat is either unconnected or has no load
WARNING: [Synth 8-7129] Port In20[0] in module xlconcat_v2_1_4_xlconcat is either unconnected or has no load
WARNING: [Synth 8-7129] Port In21[0] in module xlconcat_v2_1_4_xlconcat is either unconnected or has no load
WARNING: [Synth 8-7129] Port In22[0] in module xlconcat_v2_1_4_xlconcat is either unconnected or has no load
WARNING: [Synth 8-7129] Port In23[0] in module xlconcat_v2_1_4_xlconcat is either unconnected or has no load
WARNING: [Synth 8-7129] Port In24[0] in module xlconcat_v2_1_4_xlconcat is either unconnected or has no load
WARNING: [Synth 8-7129] Port In25[0] in module xlconcat_v2_1_4_xlconcat is either unconnected or has no load
WARNING: [Synth 8-7129] Port In26[0] in module xlconcat_v2_1_4_xlconcat is either unconnected or has no load
WARNING: [Synth 8-7129] Port In27[0] in module xlconcat_v2_1_4_xlconcat is either unconnected or has no load
WARNING: [Synth 8-7129] Port In28[0] in module xlconcat_v2_1_4_xlconcat is either unconnected or has no load
WARNING: [Synth 8-7129] Port In29[0] in module xlconcat_v2_1_4_xlconcat is either unconnected or has no load
WARNING: [Synth 8-7129] Port In30[0] in module xlconcat_v2_1_4_xlconcat is either unconnected or has no load
WARNING: [Synth 8-7129] Port In31[0] in module xlconcat_v2_1_4_xlconcat is either unconnected or has no load
WARNING: [Synth 8-7129] Port In32[0] in module xlconcat_v2_1_4_xlconcat is either unconnected or has no load
WARNING: [Synth 8-7129] Port In33[0] in module xlconcat_v2_1_4_xlconcat is either unconnected or has no load
WARNING: [Synth 8-7129] Port In34[0] in module xlconcat_v2_1_4_xlconcat is either unconnected or has no load
WARNING: [Synth 8-7129] Port In35[0] in module xlconcat_v2_1_4_xlconcat is either unconnected or has no load
WARNING: [Synth 8-7129] Port In36[0] in module xlconcat_v2_1_4_xlconcat is either unconnected or has no load
WARNING: [Synth 8-7129] Port In37[0] in module xlconcat_v2_1_4_xlconcat is either unconnected or has no load
WARNING: [Synth 8-7129] Port In38[0] in module xlconcat_v2_1_4_xlconcat is either unconnected or has no load
WARNING: [Synth 8-7129] Port In39[0] in module xlconcat_v2_1_4_xlconcat is either unconnected or has no load
WARNING: [Synth 8-7129] Port In40[0] in module xlconcat_v2_1_4_xlconcat is either unconnected or has no load
WARNING: [Synth 8-7129] Port In41[0] in module xlconcat_v2_1_4_xlconcat is either unconnected or has no load
WARNING: [Synth 8-7129] Port In42[0] in module xlconcat_v2_1_4_xlconcat is either unconnected or has no load
WARNING: [Synth 8-7129] Port In43[0] in module xlconcat_v2_1_4_xlconcat is either unconnected or has no load
WARNING: [Synth 8-7129] Port In44[0] in module xlconcat_v2_1_4_xlconcat is either unconnected or has no load
WARNING: [Synth 8-7129] Port In45[0] in module xlconcat_v2_1_4_xlconcat is either unconnected or has no load
WARNING: [Synth 8-7129] Port In46[0] in module xlconcat_v2_1_4_xlconcat is either unconnected or has no load
WARNING: [Synth 8-7129] Port In47[0] in module xlconcat_v2_1_4_xlconcat is either unconnected or has no load
WARNING: [Synth 8-7129] Port In48[0] in module xlconcat_v2_1_4_xlconcat is either unconnected or has no load
WARNING: [Synth 8-7129] Port In49[0] in module xlconcat_v2_1_4_xlconcat is either unconnected or has no load
WARNING: [Synth 8-7129] Port In50[0] in module xlconcat_v2_1_4_xlconcat is either unconnected or has no load
WARNING: [Synth 8-7129] Port In51[0] in module xlconcat_v2_1_4_xlconcat is either unconnected or has no load
WARNING: [Synth 8-7129] Port In52[0] in module xlconcat_v2_1_4_xlconcat is either unconnected or has no load
WARNING: [Synth 8-7129] Port In53[0] in module xlconcat_v2_1_4_xlconcat is either unconnected or has no load
WARNING: [Synth 8-7129] Port In54[0] in module xlconcat_v2_1_4_xlconcat is either unconnected or has no load
WARNING: [Synth 8-7129] Port In55[0] in module xlconcat_v2_1_4_xlconcat is either unconnected or has no load
WARNING: [Synth 8-7129] Port In56[0] in module xlconcat_v2_1_4_xlconcat is either unconnected or has no load
WARNING: [Synth 8-7129] Port In57[0] in module xlconcat_v2_1_4_xlconcat is either unconnected or has no load
WARNING: [Synth 8-7129] Port In58[0] in module xlconcat_v2_1_4_xlconcat is either unconnected or has no load
WARNING: [Synth 8-7129] Port In59[0] in module xlconcat_v2_1_4_xlconcat is either unconnected or has no load
WARNING: [Synth 8-7129] Port In60[0] in module xlconcat_v2_1_4_xlconcat is either unconnected or has no load
WARNING: [Synth 8-7129] Port In61[0] in module xlconcat_v2_1_4_xlconcat is either unconnected or has no load
WARNING: [Synth 8-7129] Port In62[0] in module xlconcat_v2_1_4_xlconcat is either unconnected or has no load
WARNING: [Synth 8-7129] Port In63[0] in module xlconcat_v2_1_4_xlconcat is either unconnected or has no load
WARNING: [Synth 8-7129] Port In64[0] in module xlconcat_v2_1_4_xlconcat is either unconnected or has no load
WARNING: [Synth 8-7129] Port In65[0] in module xlconcat_v2_1_4_xlconcat is either unconnected or has no load
WARNING: [Synth 8-7129] Port In66[0] in module xlconcat_v2_1_4_xlconcat is either unconnected or has no load
WARNING: [Synth 8-7129] Port In67[0] in module xlconcat_v2_1_4_xlconcat is either unconnected or has no load
WARNING: [Synth 8-7129] Port In68[0] in module xlconcat_v2_1_4_xlconcat is either unconnected or has no load
WARNING: [Synth 8-7129] Port In69[0] in module xlconcat_v2_1_4_xlconcat is either unconnected or has no load
WARNING: [Synth 8-7129] Port In70[0] in module xlconcat_v2_1_4_xlconcat is either unconnected or has no load
WARNING: [Synth 8-7129] Port In71[0] in module xlconcat_v2_1_4_xlconcat is either unconnected or has no load
WARNING: [Synth 8-7129] Port In72[0] in module xlconcat_v2_1_4_xlconcat is either unconnected or has no load
WARNING: [Synth 8-7129] Port In73[0] in module xlconcat_v2_1_4_xlconcat is either unconnected or has no load
WARNING: [Synth 8-7129] Port In74[0] in module xlconcat_v2_1_4_xlconcat is either unconnected or has no load
WARNING: [Synth 8-7129] Port In75[0] in module xlconcat_v2_1_4_xlconcat is either unconnected or has no load
WARNING: [Synth 8-7129] Port In76[0] in module xlconcat_v2_1_4_xlconcat is either unconnected or has no load
WARNING: [Synth 8-7129] Port In77[0] in module xlconcat_v2_1_4_xlconcat is either unconnected or has no load
WARNING: [Synth 8-7129] Port In78[0] in module xlconcat_v2_1_4_xlconcat is either unconnected or has no load
WARNING: [Synth 8-7129] Port In79[0] in module xlconcat_v2_1_4_xlconcat is either unconnected or has no load
WARNING: [Synth 8-7129] Port In80[0] in module xlconcat_v2_1_4_xlconcat is either unconnected or has no load
WARNING: [Synth 8-7129] Port In81[0] in module xlconcat_v2_1_4_xlconcat is either unconnected or has no load
WARNING: [Synth 8-7129] Port In82[0] in module xlconcat_v2_1_4_xlconcat is either unconnected or has no load
WARNING: [Synth 8-7129] Port In83[0] in module xlconcat_v2_1_4_xlconcat is either unconnected or has no load
WARNING: [Synth 8-7129] Port In84[0] in module xlconcat_v2_1_4_xlconcat is either unconnected or has no load
WARNING: [Synth 8-7129] Port In85[0] in module xlconcat_v2_1_4_xlconcat is either unconnected or has no load
WARNING: [Synth 8-7129] Port In86[0] in module xlconcat_v2_1_4_xlconcat is either unconnected or has no load
WARNING: [Synth 8-7129] Port In87[0] in module xlconcat_v2_1_4_xlconcat is either unconnected or has no load
WARNING: [Synth 8-7129] Port In88[0] in module xlconcat_v2_1_4_xlconcat is either unconnected or has no load
WARNING: [Synth 8-7129] Port In89[0] in module xlconcat_v2_1_4_xlconcat is either unconnected or has no load
WARNING: [Synth 8-7129] Port In90[0] in module xlconcat_v2_1_4_xlconcat is either unconnected or has no load
WARNING: [Synth 8-7129] Port In91[0] in module xlconcat_v2_1_4_xlconcat is either unconnected or has no load
WARNING: [Synth 8-7129] Port In92[0] in module xlconcat_v2_1_4_xlconcat is either unconnected or has no load
WARNING: [Synth 8-7129] Port In93[0] in module xlconcat_v2_1_4_xlconcat is either unconnected or has no load
WARNING: [Synth 8-7129] Port In94[0] in module xlconcat_v2_1_4_xlconcat is either unconnected or has no load
WARNING: [Synth 8-7129] Port In95[0] in module xlconcat_v2_1_4_xlconcat is either unconnected or has no load
WARNING: [Synth 8-7129] Port In96[0] in module xlconcat_v2_1_4_xlconcat is either unconnected or has no load
WARNING: [Synth 8-7129] Port In97[0] in module xlconcat_v2_1_4_xlconcat is either unconnected or has no load
WARNING: [Synth 8-7129] Port In98[0] in module xlconcat_v2_1_4_xlconcat is either unconnected or has no load
WARNING: [Synth 8-7129] Port In99[0] in module xlconcat_v2_1_4_xlconcat is either unconnected or has no load
WARNING: [Synth 8-7129] Port In100[0] in module xlconcat_v2_1_4_xlconcat is either unconnected or has no load
INFO: [Common 17-14] Message 'Synth 8-7129' appears 100 times and further instances of the messages will be disabled. Use the Tcl command set_msg_config to change the current settings.
---------------------------------------------------------------------------------
Finished RTL Elaboration : Time (s): cpu = 00:00:04 ; elapsed = 00:00:04 . Memory (MB): peak = 2412.758 ; gain = 509.977
---------------------------------------------------------------------------------
---------------------------------------------------------------------------------
Start Handling Custom Attributes
---------------------------------------------------------------------------------
---------------------------------------------------------------------------------
Finished Handling Custom Attributes : Time (s): cpu = 00:00:04 ; elapsed = 00:00:04 . Memory (MB): peak = 2430.660 ; gain = 527.879
---------------------------------------------------------------------------------
---------------------------------------------------------------------------------
Finished RTL Optimization Phase 1 : Time (s): cpu = 00:00:04 ; elapsed = 00:00:04 . Memory (MB): peak = 2430.660 ; gain = 527.879
---------------------------------------------------------------------------------
Netlist sorting complete. Time (s): cpu = 00:00:00 ; elapsed = 00:00:00.016 . Memory (MB): peak = 2430.660 ; gain = 0.000
INFO: [Project 1-570] Preparing netlist for logic optimization

Processing XDC Constraints
Initializing timing engine
Parsing XDC File [h:/pwm_control_ip/pwm_control_ip.gen/sources_1/bd/pwm_test/ip/pwm_test_microblaze_0_1/pwm_test_microblaze_0_1/pwm_test_microblaze_0_0_in_context.xdc] for cell 'pwm_test_i/microblaze_0'
Finished Parsing XDC File [h:/pwm_control_ip/pwm_control_ip.gen/sources_1/bd/pwm_test/ip/pwm_test_microblaze_0_1/pwm_test_microblaze_0_1/pwm_test_microblaze_0_0_in_context.xdc] for cell 'pwm_test_i/microblaze_0'
Parsing XDC File [h:/pwm_control_ip/pwm_control_ip.gen/sources_1/bd/pwm_test/ip/pwm_test_axi_uartlite_0_1/pwm_test_axi_uartlite_0_1/pwm_test_axi_uartlite_0_0_in_context.xdc] for cell 'pwm_test_i/axi_uartlite_0'
Finished Parsing XDC File [h:/pwm_control_ip/pwm_control_ip.gen/sources_1/bd/pwm_test/ip/pwm_test_axi_uartlite_0_1/pwm_test_axi_uartlite_0_1/pwm_test_axi_uartlite_0_0_in_context.xdc] for cell 'pwm_test_i/axi_uartlite_0'
Parsing XDC File [h:/pwm_control_ip/pwm_control_ip.gen/sources_1/bd/pwm_test/ip/pwm_test_pwm_axi_v1_0_0_1/pwm_test_pwm_axi_v1_0_0_1/pwm_test_pwm_axi_v1_0_0_0_in_context.xdc] for cell 'pwm_test_i/pwm_axi_v1_0_0'
Finished Parsing XDC File [h:/pwm_control_ip/pwm_control_ip.gen/sources_1/bd/pwm_test/ip/pwm_test_pwm_axi_v1_0_0_1/pwm_test_pwm_axi_v1_0_0_1/pwm_test_pwm_axi_v1_0_0_0_in_context.xdc] for cell 'pwm_test_i/pwm_axi_v1_0_0'
Parsing XDC File [h:/pwm_control_ip/pwm_control_ip.gen/sources_1/bd/pwm_test/ip/pwm_test_axi_gpio_0_1/pwm_test_axi_gpio_0_1/pwm_test_axi_gpio_0_0_in_context.xdc] for cell 'pwm_test_i/axi_gpio_0'
Finished Parsing XDC File [h:/pwm_control_ip/pwm_control_ip.gen/sources_1/bd/pwm_test/ip/pwm_test_axi_gpio_0_1/pwm_test_axi_gpio_0_1/pwm_test_axi_gpio_0_0_in_context.xdc] for cell 'pwm_test_i/axi_gpio_0'
Parsing XDC File [h:/pwm_control_ip/pwm_control_ip.gen/sources_1/bd/pwm_test/ip/pwm_test_dlmb_v10_1/pwm_test_dlmb_v10_1/pwm_test_ilmb_v10_0_in_context.xdc] for cell 'pwm_test_i/microblaze_0_local_memory/dlmb_v10'
Finished Parsing XDC File [h:/pwm_control_ip/pwm_control_ip.gen/sources_1/bd/pwm_test/ip/pwm_test_dlmb_v10_1/pwm_test_dlmb_v10_1/pwm_test_ilmb_v10_0_in_context.xdc] for cell 'pwm_test_i/microblaze_0_local_memory/dlmb_v10'
Parsing XDC File [h:/pwm_control_ip/pwm_control_ip.gen/sources_1/bd/pwm_test/ip/pwm_test_ilmb_v10_1/pwm_test_ilmb_v10_1/pwm_test_ilmb_v10_0_in_context.xdc] for cell 'pwm_test_i/microblaze_0_local_memory/ilmb_v10'
Finished Parsing XDC File [h:/pwm_control_ip/pwm_control_ip.gen/sources_1/bd/pwm_test/ip/pwm_test_ilmb_v10_1/pwm_test_ilmb_v10_1/pwm_test_ilmb_v10_0_in_context.xdc] for cell 'pwm_test_i/microblaze_0_local_memory/ilmb_v10'
Parsing XDC File [h:/pwm_control_ip/pwm_control_ip.gen/sources_1/bd/pwm_test/ip/pwm_test_dlmb_bram_if_cntlr_1/pwm_test_dlmb_bram_if_cntlr_1/pwm_test_dlmb_bram_if_cntlr_0_in_context.xdc] for cell 'pwm_test_i/microblaze_0_local_memory/dlmb_bram_if_cntlr'
Finished Parsing XDC File [h:/pwm_control_ip/pwm_control_ip.gen/sources_1/bd/pwm_test/ip/pwm_test_dlmb_bram_if_cntlr_1/pwm_test_dlmb_bram_if_cntlr_1/pwm_test_dlmb_bram_if_cntlr_0_in_context.xdc] for cell 'pwm_test_i/microblaze_0_local_memory/dlmb_bram_if_cntlr'
Parsing XDC File [h:/pwm_control_ip/pwm_control_ip.gen/sources_1/bd/pwm_test/ip/pwm_test_ilmb_bram_if_cntlr_1/pwm_test_ilmb_bram_if_cntlr_1/pwm_test_ilmb_bram_if_cntlr_0_in_context.xdc] for cell 'pwm_test_i/microblaze_0_local_memory/ilmb_bram_if_cntlr'
Finished Parsing XDC File [h:/pwm_control_ip/pwm_control_ip.gen/sources_1/bd/pwm_test/ip/pwm_test_ilmb_bram_if_cntlr_1/pwm_test_ilmb_bram_if_cntlr_1/pwm_test_ilmb_bram_if_cntlr_0_in_context.xdc] for cell 'pwm_test_i/microblaze_0_local_memory/ilmb_bram_if_cntlr'
Parsing XDC File [h:/pwm_control_ip/pwm_control_ip.gen/sources_1/bd/pwm_test/ip/pwm_test_lmb_bram_1/pwm_test_lmb_bram_1/pwm_test_lmb_bram_1_in_context.xdc] for cell 'pwm_test_i/microblaze_0_local_memory/lmb_bram'
Finished Parsing XDC File [h:/pwm_control_ip/pwm_control_ip.gen/sources_1/bd/pwm_test/ip/pwm_test_lmb_bram_1/pwm_test_lmb_bram_1/pwm_test_lmb_bram_1_in_context.xdc] for cell 'pwm_test_i/microblaze_0_local_memory/lmb_bram'
Parsing XDC File [h:/pwm_control_ip/pwm_control_ip.gen/sources_1/bd/pwm_test/ip/pwm_test_xbar_1/pwm_test_xbar_1/pwm_test_xbar_0_in_context.xdc] for cell 'pwm_test_i/microblaze_0_axi_periph/xbar'
Finished Parsing XDC File [h:/pwm_control_ip/pwm_control_ip.gen/sources_1/bd/pwm_test/ip/pwm_test_xbar_1/pwm_test_xbar_1/pwm_test_xbar_0_in_context.xdc] for cell 'pwm_test_i/microblaze_0_axi_periph/xbar'
Parsing XDC File [h:/pwm_control_ip/pwm_control_ip.gen/sources_1/bd/pwm_test/ip/pwm_test_microblaze_0_axi_intc_1/pwm_test_microblaze_0_axi_intc_1/pwm_test_microblaze_0_axi_intc_0_in_context.xdc] for cell 'pwm_test_i/microblaze_0_axi_intc'
Finished Parsing XDC File [h:/pwm_control_ip/pwm_control_ip.gen/sources_1/bd/pwm_test/ip/pwm_test_microblaze_0_axi_intc_1/pwm_test_microblaze_0_axi_intc_1/pwm_test_microblaze_0_axi_intc_0_in_context.xdc] for cell 'pwm_test_i/microblaze_0_axi_intc'
Parsing XDC File [h:/pwm_control_ip/pwm_control_ip.gen/sources_1/bd/pwm_test/ip/pwm_test_mdm_1_1/pwm_test_mdm_1_1/pwm_test_mdm_1_0_in_context.xdc] for cell 'pwm_test_i/mdm_1'
Finished Parsing XDC File [h:/pwm_control_ip/pwm_control_ip.gen/sources_1/bd/pwm_test/ip/pwm_test_mdm_1_1/pwm_test_mdm_1_1/pwm_test_mdm_1_0_in_context.xdc] for cell 'pwm_test_i/mdm_1'
Parsing XDC File [h:/pwm_control_ip/pwm_control_ip.gen/sources_1/bd/pwm_test/ip/pwm_test_clk_wiz_1_1/pwm_test_clk_wiz_1_1/pwm_test_clk_wiz_1_1_in_context.xdc] for cell 'pwm_test_i/clk_wiz_1'
Finished Parsing XDC File [h:/pwm_control_ip/pwm_control_ip.gen/sources_1/bd/pwm_test/ip/pwm_test_clk_wiz_1_1/pwm_test_clk_wiz_1_1/pwm_test_clk_wiz_1_1_in_context.xdc] for cell 'pwm_test_i/clk_wiz_1'
Parsing XDC File [h:/pwm_control_ip/pwm_control_ip.gen/sources_1/bd/pwm_test/ip/pwm_test_rst_clk_wiz_1_100M_1/pwm_test_rst_clk_wiz_1_100M_1/pwm_test_rst_clk_wiz_1_100M_0_in_context.xdc] for cell 'pwm_test_i/rst_clk_wiz_1_100M'
Finished Parsing XDC File [h:/pwm_control_ip/pwm_control_ip.gen/sources_1/bd/pwm_test/ip/pwm_test_rst_clk_wiz_1_100M_1/pwm_test_rst_clk_wiz_1_100M_1/pwm_test_rst_clk_wiz_1_100M_0_in_context.xdc] for cell 'pwm_test_i/rst_clk_wiz_1_100M'
Parsing XDC File [H:/pwm_control_ip/pwm_control_ip.srcs/constrs_1/new/pwm_test_xdc.xdc]
Finished Parsing XDC File [H:/pwm_control_ip/pwm_control_ip.srcs/constrs_1/new/pwm_test_xdc.xdc]
INFO: [Project 1-236] Implementation specific constraints were found while reading constraint file [H:/pwm_control_ip/pwm_control_ip.srcs/constrs_1/new/pwm_test_xdc.xdc]. These constraints will be ignored for synthesis but will be used in implementation. Impacted constraints are listed in the file [.Xil/pwm_test_wrapper_propImpl.xdc].
Resolution: To avoid this warning, move constraints listed in [.Xil/pwm_test_wrapper_propImpl.xdc] to another XDC file and exclude this new file from synthesis with the used_in_synthesis property (File Properties dialog in GUI) and re-run elaboration/synthesis.
Parsing XDC File [H:/pwm_control_ip/pwm_control_ip.runs/synth_1/dont_touch.xdc]
Finished Parsing XDC File [H:/pwm_control_ip/pwm_control_ip.runs/synth_1/dont_touch.xdc]
Completed Processing XDC Constraints

Netlist sorting complete. Time (s): cpu = 00:00:00 ; elapsed = 00:00:00 . Memory (MB): peak = 2458.531 ; gain = 0.000
INFO: [Project 1-111] Unisim Transformation Summary:
No Unisim elements were transformed.

Constraint Validation Runtime : Time (s): cpu = 00:00:00 ; elapsed = 00:00:00.005 . Memory (MB): peak = 2458.531 ; gain = 0.000
WARNING: [Timing 38-316] Clock period '20.000' specified during out-of-context synthesis of instance 'pwm_test_i/microblaze_0_local_memory/lmb_bram' at clock pin 'clka' is different from the actual clock period '10.000', this can lead to different synthesis results.
INFO: [Designutils 20-5440] No compile time benefit to using incremental synthesis; A full resynthesis will be run
INFO: [Designutils 20-4379] Flow is switching to default flow due to incremental criteria not met. If you would like to alter this behaviour and have the flow terminate instead, please set the following parameter config_implementation {autoIncr.Synth.RejectBehavior Terminate}
---------------------------------------------------------------------------------
Finished Constraint Validation : Time (s): cpu = 00:00:08 ; elapsed = 00:00:09 . Memory (MB): peak = 2458.531 ; gain = 555.750
---------------------------------------------------------------------------------
---------------------------------------------------------------------------------
Start Loading Part and Timing Information
---------------------------------------------------------------------------------
Loading part: xc7a35tcpg236-1
---------------------------------------------------------------------------------
Finished Loading Part and Timing Information : Time (s): cpu = 00:00:08 ; elapsed = 00:00:09 . Memory (MB): peak = 2458.531 ; gain = 555.750
---------------------------------------------------------------------------------
---------------------------------------------------------------------------------
Start Applying 'set_property' XDC Constraints
---------------------------------------------------------------------------------
Applied set_property IO_BUFFER_TYPE = NONE for sys_clock. (constraint file  h:/pwm_control_ip/pwm_control_ip.gen/sources_1/bd/pwm_test/ip/pwm_test_clk_wiz_1_1/pwm_test_clk_wiz_1_1/pwm_test_clk_wiz_1_1_in_context.xdc, line 3).
Applied set_property CLOCK_BUFFER_TYPE = NONE for sys_clock. (constraint file  h:/pwm_control_ip/pwm_control_ip.gen/sources_1/bd/pwm_test/ip/pwm_test_clk_wiz_1_1/pwm_test_clk_wiz_1_1/pwm_test_clk_wiz_1_1_in_context.xdc, line 4).
Applied set_property KEEP_HIERARCHY = SOFT for pwm_test_i. (constraint file  auto generated constraint).
Applied set_property KEEP_HIERARCHY = SOFT for pwm_test_i/microblaze_0. (constraint file  auto generated constraint).
Applied set_property KEEP_HIERARCHY = SOFT for pwm_test_i/axi_uartlite_0. (constraint file  auto generated constraint).
Applied set_property KEEP_HIERARCHY = SOFT for pwm_test_i/pwm_axi_v1_0_0. (constraint file  auto generated constraint).
Applied set_property KEEP_HIERARCHY = SOFT for pwm_test_i/axi_gpio_0. (constraint file  auto generated constraint).
Applied set_property KEEP_HIERARCHY = SOFT for pwm_test_i/microblaze_0_local_memory/dlmb_v10. (constraint file  auto generated constraint).
Applied set_property KEEP_HIERARCHY = SOFT for pwm_test_i/microblaze_0_local_memory/ilmb_v10. (constraint file  auto generated constraint).
Applied set_property KEEP_HIERARCHY = SOFT for pwm_test_i/microblaze_0_local_memory/dlmb_bram_if_cntlr. (constraint file  auto generated constraint).
Applied set_property KEEP_HIERARCHY = SOFT for pwm_test_i/microblaze_0_local_memory/ilmb_bram_if_cntlr. (constraint file  auto generated constraint).
Applied set_property KEEP_HIERARCHY = SOFT for pwm_test_i/microblaze_0_local_memory/lmb_bram. (constraint file  auto generated constraint).
Applied set_property KEEP_HIERARCHY = SOFT for pwm_test_i/microblaze_0_axi_periph/xbar. (constraint file  auto generated constraint).
Applied set_property KEEP_HIERARCHY = SOFT for pwm_test_i/microblaze_0_axi_periph. (constraint file  auto generated constraint).
Applied set_property KEEP_HIERARCHY = SOFT for pwm_test_i/microblaze_0_axi_intc. (constraint file  auto generated constraint).
Applied set_property KEEP_HIERARCHY = SOFT for pwm_test_i/microblaze_0_xlconcat. (constraint file  auto generated constraint).
Applied set_property KEEP_HIERARCHY = SOFT for pwm_test_i/mdm_1. (constraint file  auto generated constraint).
Applied set_property KEEP_HIERARCHY = SOFT for pwm_test_i/clk_wiz_1. (constraint file  auto generated constraint).
Applied set_property KEEP_HIERARCHY = SOFT for pwm_test_i/rst_clk_wiz_1_100M. (constraint file  auto generated constraint).
---------------------------------------------------------------------------------
Finished applying 'set_property' XDC Constraints : Time (s): cpu = 00:00:08 ; elapsed = 00:00:09 . Memory (MB): peak = 2458.531 ; gain = 555.750
---------------------------------------------------------------------------------
---------------------------------------------------------------------------------
Finished RTL Optimization Phase 2 : Time (s): cpu = 00:00:08 ; elapsed = 00:00:09 . Memory (MB): peak = 2458.531 ; gain = 555.750
---------------------------------------------------------------------------------
---------------------------------------------------------------------------------
Start RTL Component Statistics 
---------------------------------------------------------------------------------
Detailed RTL Component Info : 
---------------------------------------------------------------------------------
Finished RTL Component Statistics 
---------------------------------------------------------------------------------
---------------------------------------------------------------------------------
Start Part Resource Summary
---------------------------------------------------------------------------------
Part Resources:
DSPs: 90 (col length:60)
BRAMs: 100 (col length: RAMB18 60 RAMB36 30)
---------------------------------------------------------------------------------
Finished Part Resource Summary
---------------------------------------------------------------------------------
---------------------------------------------------------------------------------
Start Cross Boundary and Area Optimization
---------------------------------------------------------------------------------
WARNING: [Synth 8-7080] Parallel synthesis criteria is not met
---------------------------------------------------------------------------------
Finished Cross Boundary and Area Optimization : Time (s): cpu = 00:00:09 ; elapsed = 00:00:11 . Memory (MB): peak = 2458.531 ; gain = 555.750
---------------------------------------------------------------------------------
---------------------------------------------------------------------------------
Start Applying XDC Timing Constraints
---------------------------------------------------------------------------------
---------------------------------------------------------------------------------
Finished Applying XDC Timing Constraints : Time (s): cpu = 00:00:12 ; elapsed = 00:00:14 . Memory (MB): peak = 2458.531 ; gain = 555.750
---------------------------------------------------------------------------------
---------------------------------------------------------------------------------
Start Timing Optimization
---------------------------------------------------------------------------------
---------------------------------------------------------------------------------
Finished Timing Optimization : Time (s): cpu = 00:00:12 ; elapsed = 00:00:14 . Memory (MB): peak = 2458.531 ; gain = 555.750
---------------------------------------------------------------------------------
---------------------------------------------------------------------------------
Start Technology Mapping
---------------------------------------------------------------------------------
---------------------------------------------------------------------------------
Finished Technology Mapping : Time (s): cpu = 00:00:12 ; elapsed = 00:00:14 . Memory (MB): peak = 2458.531 ; gain = 555.750
---------------------------------------------------------------------------------
---------------------------------------------------------------------------------
Start IO Insertion
---------------------------------------------------------------------------------
---------------------------------------------------------------------------------
Start Flattening Before IO Insertion
---------------------------------------------------------------------------------
---------------------------------------------------------------------------------
Finished Flattening Before IO Insertion
---------------------------------------------------------------------------------
---------------------------------------------------------------------------------
Start Final Netlist Cleanup
---------------------------------------------------------------------------------
---------------------------------------------------------------------------------
Finished Final Netlist Cleanup
---------------------------------------------------------------------------------
---------------------------------------------------------------------------------
Finished IO Insertion : Time (s): cpu = 00:00:15 ; elapsed = 00:00:16 . Memory (MB): peak = 2458.531 ; gain = 555.750
---------------------------------------------------------------------------------
---------------------------------------------------------------------------------
Start Renaming Generated Instances
---------------------------------------------------------------------------------
---------------------------------------------------------------------------------
Finished Renaming Generated Instances : Time (s): cpu = 00:00:15 ; elapsed = 00:00:16 . Memory (MB): peak = 2458.531 ; gain = 555.750
---------------------------------------------------------------------------------
---------------------------------------------------------------------------------
Start Rebuilding User Hierarchy
---------------------------------------------------------------------------------
---------------------------------------------------------------------------------
Finished Rebuilding User Hierarchy : Time (s): cpu = 00:00:15 ; elapsed = 00:00:16 . Memory (MB): peak = 2458.531 ; gain = 555.750
---------------------------------------------------------------------------------
---------------------------------------------------------------------------------
Start Renaming Generated Ports
---------------------------------------------------------------------------------
---------------------------------------------------------------------------------
Finished Renaming Generated Ports : Time (s): cpu = 00:00:15 ; elapsed = 00:00:16 . Memory (MB): peak = 2458.531 ; gain = 555.750
---------------------------------------------------------------------------------
---------------------------------------------------------------------------------
Start Handling Custom Attributes
---------------------------------------------------------------------------------
---------------------------------------------------------------------------------
Finished Handling Custom Attributes : Time (s): cpu = 00:00:15 ; elapsed = 00:00:16 . Memory (MB): peak = 2458.531 ; gain = 555.750
---------------------------------------------------------------------------------
---------------------------------------------------------------------------------
Start Renaming Generated Nets
---------------------------------------------------------------------------------
---------------------------------------------------------------------------------
Finished Renaming Generated Nets : Time (s): cpu = 00:00:15 ; elapsed = 00:00:16 . Memory (MB): peak = 2458.531 ; gain = 555.750
---------------------------------------------------------------------------------
---------------------------------------------------------------------------------
Start Writing Synthesis Report
---------------------------------------------------------------------------------

Report BlackBoxes: 
+------+---------------------------------+----------+
|      |BlackBox name                    |Instances |
+------+---------------------------------+----------+
|1     |pwm_test_xbar_1                  |         1|
|2     |pwm_test_axi_gpio_0_1            |         1|
|3     |pwm_test_axi_uartlite_0_1        |         1|
|4     |pwm_test_clk_wiz_1_1             |         1|
|5     |pwm_test_mdm_1_1                 |         1|
|6     |pwm_test_microblaze_0_1          |         1|
|7     |pwm_test_microblaze_0_axi_intc_1 |         1|
|8     |pwm_test_pwm_axi_v1_0_0_1        |         1|
|9     |pwm_test_rst_clk_wiz_1_100M_1    |         1|
|10    |pwm_test_dlmb_bram_if_cntlr_1    |         1|
|11    |pwm_test_dlmb_v10_1              |         1|
|12    |pwm_test_ilmb_bram_if_cntlr_1    |         1|
|13    |pwm_test_ilmb_v10_1              |         1|
|14    |pwm_test_lmb_bram_1              |         1|
+------+---------------------------------+----------+

Report Cell Usage: 
+------+-------------------------------+------+
|      |Cell                           |Count |
+------+-------------------------------+------+
|1     |pwm_test_axi_gpio_0            |     1|
|2     |pwm_test_axi_uartlite_0        |     1|
|3     |pwm_test_clk_wiz_1             |     1|
|4     |pwm_test_dlmb_bram_if_cntlr    |     1|
|5     |pwm_test_dlmb_v10              |     1|
|6     |pwm_test_ilmb_bram_if_cntlr    |     1|
|7     |pwm_test_ilmb_v10              |     1|
|8     |pwm_test_lmb_bram              |     1|
|9     |pwm_test_mdm_1                 |     1|
|10    |pwm_test_microblaze_0          |     1|
|11    |pwm_test_microblaze_0_axi_intc |     1|
|12    |pwm_test_pwm_axi_v1_0_0        |     1|
|13    |pwm_test_rst_clk_wiz_1_100M    |     1|
|14    |pwm_test_xbar                  |     1|
|15    |IBUF                           |     6|
|16    |OBUF                           |     4|
+------+-------------------------------+------+
---------------------------------------------------------------------------------
Finished Writing Synthesis Report : Time (s): cpu = 00:00:15 ; elapsed = 00:00:16 . Memory (MB): peak = 2458.531 ; gain = 555.750
---------------------------------------------------------------------------------
Synthesis finished with 0 errors, 0 critical warnings and 11 warnings.
Synthesis Optimization Runtime : Time (s): cpu = 00:00:10 ; elapsed = 00:00:15 . Memory (MB): peak = 2458.531 ; gain = 527.879
Synthesis Optimization Complete : Time (s): cpu = 00:00:15 ; elapsed = 00:00:16 . Memory (MB): peak = 2458.531 ; gain = 555.750
INFO: [Project 1-571] Translating synthesized netlist
Netlist sorting complete. Time (s): cpu = 00:00:00 ; elapsed = 00:00:00.010 . Memory (MB): peak = 2458.531 ; gain = 0.000
INFO: [Project 1-570] Preparing netlist for logic optimization
INFO: [Opt 31-138] Pushed 0 inverter(s) to 0 load pin(s).
Netlist sorting complete. Time (s): cpu = 00:00:00 ; elapsed = 00:00:00 . Memory (MB): peak = 2458.531 ; gain = 0.000
INFO: [Project 1-111] Unisim Transformation Summary:
No Unisim elements were transformed.

Synth Design complete | Checksum: ff64c133
INFO: [Common 17-83] Releasing license: Synthesis
73 Infos, 114 Warnings, 0 Critical Warnings and 0 Errors encountered.
synth_design completed successfully
synth_design: Time (s): cpu = 00:00:17 ; elapsed = 00:00:20 . Memory (MB): peak = 2458.531 ; gain = 940.320
INFO: [Common 17-1381] The checkpoint 'H:/pwm_control_ip/pwm_control_ip.runs/synth_1/pwm_test_wrapper.dcp' has been generated.
INFO: [runtcl-4] Executing : report_utilization -file pwm_test_wrapper_utilization_synth.rpt -pb pwm_test_wrapper_utilization_synth.pb
INFO: [Common 17-206] Exiting Vivado at Wed Jun 10 09:59:13 2026...
