TRACE::2026-06-08.11:27:25::SCWPlatform::Trying to open the hw design at D:/JeongJongMin_12/workspace_bramW5500/bramW5500Top/hw/bramW5500Top.xsa
TRACE::2026-06-08.11:27:25::SCWPlatform::DSA given D:/JeongJongMin_12/workspace_bramW5500/bramW5500Top/hw/bramW5500Top.xsa
TRACE::2026-06-08.11:27:25::SCWPlatform::DSA absoulate path D:/JeongJongMin_12/workspace_bramW5500/bramW5500Top/hw/bramW5500Top.xsa
TRACE::2026-06-08.11:27:25::SCWPlatform::DSA directory D:/JeongJongMin_12/workspace_bramW5500/bramW5500Top/hw
TRACE::2026-06-08.11:27:25::SCWPlatform:: Platform Path D:/JeongJongMin_12/workspace_bramW5500/bramW5500Top/hw/bramW5500Top.xsa
TRACE::2026-06-08.11:27:25::SCWPlatform:: Unique name xilinx:::0.0
TRACE::2026-06-08.11:27:25::SCWPlatform::Do not have an existing db opened. 
TRACE::2026-06-08.11:27:25::SCWPlatform::Opened new HwDB with name bramW5500Top_0
TRACE::2026-06-08.11:27:25::SCWWriter::formatted JSON is {
	"platformName":	"bramW5500Top",
	"sprVersion":	"2.0",
	"mode":	"gui",
	"dsaType":	"Fixed",
	"platformDesc":	"bramW5500Top",
	"platHandOff":	"D:/JeongJongMin_12/bramW5500Top.xsa",
	"platIntHandOff":	"<platformDir>/hw/bramW5500Top.xsa",
	"deviceType":	"FPGA",
	"platIsPrebuiltAutogen":	"false",
	"platIsNoBootBsp":	"false",
	"hasFsblMakeHasChanges":	"false",
	"hasPmufwMakeHasChanges":	"false",
	"platPreBuiltFlag":	false,
	"platformSamplesDir":	""
}
TRACE::2026-06-08.11:27:25::SCWWriter::formatted JSON is {
	"platformName":	"bramW5500Top",
	"sprVersion":	"2.0",
	"mode":	"gui",
	"dsaType":	"Fixed",
	"platformDesc":	"bramW5500Top",
	"platHandOff":	"D:/JeongJongMin_12/bramW5500Top.xsa",
	"platIntHandOff":	"<platformDir>/hw/bramW5500Top.xsa",
	"deviceType":	"FPGA",
	"platIsPrebuiltAutogen":	"false",
	"platIsNoBootBsp":	"false",
	"hasFsblMakeHasChanges":	"false",
	"hasPmufwMakeHasChanges":	"false",
	"platPreBuiltFlag":	false,
	"platformSamplesDir":	"",
	"platActiveSys":	"bramW5500Top",
	"systems":	[{
			"systemName":	"bramW5500Top",
			"systemDesc":	"bramW5500Top",
			"sysIsBootAutoGen":	"true",
			"systemDispName":	"bramW5500Top"
		}]
}
TRACE::2026-06-08.11:27:25::SCWPlatform::Boot application domains not present, creating them
TRACE::2026-06-08.11:27:25::SCWPlatform::Pure FPGA device, no boot application will be created.
TRACE::2026-06-08.11:27:25::SCWWriter::formatted JSON is {
	"platformName":	"bramW5500Top",
	"sprVersion":	"2.0",
	"mode":	"gui",
	"dsaType":	"Fixed",
	"platformDesc":	"bramW5500Top",
	"platHandOff":	"D:/JeongJongMin_12/bramW5500Top.xsa",
	"platIntHandOff":	"<platformDir>/hw/bramW5500Top.xsa",
	"deviceType":	"FPGA",
	"platIsPrebuiltAutogen":	"false",
	"platIsNoBootBsp":	"false",
	"hasFsblMakeHasChanges":	"false",
	"hasPmufwMakeHasChanges":	"false",
	"platPreBuiltFlag":	false,
	"platformSamplesDir":	"",
	"platActiveSys":	"bramW5500Top",
	"systems":	[{
			"systemName":	"bramW5500Top",
			"systemDesc":	"bramW5500Top",
			"sysIsBootAutoGen":	"true",
			"systemDispName":	"bramW5500Top"
		}]
}
TRACE::2026-06-08.11:27:26::SCWWriter::formatted JSON is {
	"platformName":	"bramW5500Top",
	"sprVersion":	"2.0",
	"mode":	"gui",
	"dsaType":	"Fixed",
	"platformDesc":	"bramW5500Top",
	"platHandOff":	"D:/JeongJongMin_12/bramW5500Top.xsa",
	"platIntHandOff":	"<platformDir>/hw/bramW5500Top.xsa",
	"deviceType":	"FPGA",
	"platIsPrebuiltAutogen":	"false",
	"platIsNoBootBsp":	"false",
	"hasFsblMakeHasChanges":	"false",
	"hasPmufwMakeHasChanges":	"false",
	"platPreBuiltFlag":	false,
	"platformSamplesDir":	"",
	"platActiveSys":	"bramW5500Top",
	"systems":	[{
			"systemName":	"bramW5500Top",
			"systemDesc":	"bramW5500Top",
			"sysIsBootAutoGen":	"true",
			"systemDispName":	"bramW5500Top"
		}]
}
TRACE::2026-06-08.11:27:26::SCWPlatform::Trying to open the hw design at D:/JeongJongMin_12/workspace_bramW5500/bramW5500Top/hw/bramW5500Top.xsa
TRACE::2026-06-08.11:27:26::SCWPlatform::DSA given D:/JeongJongMin_12/workspace_bramW5500/bramW5500Top/hw/bramW5500Top.xsa
TRACE::2026-06-08.11:27:26::SCWPlatform::DSA absoulate path D:/JeongJongMin_12/workspace_bramW5500/bramW5500Top/hw/bramW5500Top.xsa
TRACE::2026-06-08.11:27:26::SCWPlatform::DSA directory D:/JeongJongMin_12/workspace_bramW5500/bramW5500Top/hw
TRACE::2026-06-08.11:27:26::SCWPlatform:: Platform Path D:/JeongJongMin_12/workspace_bramW5500/bramW5500Top/hw/bramW5500Top.xsa
TRACE::2026-06-08.11:27:26::SCWPlatform:: Unique name xilinx:::0.0
TRACE::2026-06-08.11:27:26::SCWPlatform::Trying to set the existing hwdb with name bramW5500Top_0
TRACE::2026-06-08.11:27:26::SCWPlatform::Opened existing hwdb bramW5500Top_0
TRACE::2026-06-08.11:27:26::SCWPlatform::Found the Hw Db part of the input DSA
TRACE::2026-06-08.11:27:26::SCWPlatform::Trying to open the hw design at D:/JeongJongMin_12/workspace_bramW5500/bramW5500Top/hw/bramW5500Top.xsa
TRACE::2026-06-08.11:27:26::SCWPlatform::DSA given D:/JeongJongMin_12/workspace_bramW5500/bramW5500Top/hw/bramW5500Top.xsa
TRACE::2026-06-08.11:27:26::SCWPlatform::DSA absoulate path D:/JeongJongMin_12/workspace_bramW5500/bramW5500Top/hw/bramW5500Top.xsa
TRACE::2026-06-08.11:27:26::SCWPlatform::DSA directory D:/JeongJongMin_12/workspace_bramW5500/bramW5500Top/hw
TRACE::2026-06-08.11:27:26::SCWPlatform:: Platform Path D:/JeongJongMin_12/workspace_bramW5500/bramW5500Top/hw/bramW5500Top.xsa
TRACE::2026-06-08.11:27:26::SCWPlatform:: Unique name xilinx:::0.0
TRACE::2026-06-08.11:27:26::SCWPlatform::Trying to set the existing hwdb with name bramW5500Top_0
TRACE::2026-06-08.11:27:26::SCWPlatform::Opened existing hwdb bramW5500Top_0
TRACE::2026-06-08.11:27:26::SCWPlatform::Found the Hw Db part of the input DSA
TRACE::2026-06-08.11:27:26::SCWDomain::checking for install qemu data   : 
TRACE::2026-06-08.11:27:26::SCWPlatform::Trying to open the hw design at D:/JeongJongMin_12/workspace_bramW5500/bramW5500Top/hw/bramW5500Top.xsa
TRACE::2026-06-08.11:27:26::SCWPlatform::DSA given D:/JeongJongMin_12/workspace_bramW5500/bramW5500Top/hw/bramW5500Top.xsa
TRACE::2026-06-08.11:27:26::SCWPlatform::DSA absoulate path D:/JeongJongMin_12/workspace_bramW5500/bramW5500Top/hw/bramW5500Top.xsa
TRACE::2026-06-08.11:27:26::SCWPlatform::DSA directory D:/JeongJongMin_12/workspace_bramW5500/bramW5500Top/hw
TRACE::2026-06-08.11:27:26::SCWPlatform:: Platform Path D:/JeongJongMin_12/workspace_bramW5500/bramW5500Top/hw/bramW5500Top.xsa
TRACE::2026-06-08.11:27:26::SCWPlatform:: Unique name xilinx:::0.0
TRACE::2026-06-08.11:27:26::SCWPlatform::Trying to set the existing hwdb with name bramW5500Top_0
TRACE::2026-06-08.11:27:26::SCWPlatform::Opened existing hwdb bramW5500Top_0
TRACE::2026-06-08.11:27:26::SCWPlatform::Found the Hw Db part of the input DSA
TRACE::2026-06-08.11:27:26::SCWPlatform::Trying to open the hw design at D:/JeongJongMin_12/workspace_bramW5500/bramW5500Top/hw/bramW5500Top.xsa
TRACE::2026-06-08.11:27:26::SCWPlatform::DSA given D:/JeongJongMin_12/workspace_bramW5500/bramW5500Top/hw/bramW5500Top.xsa
TRACE::2026-06-08.11:27:26::SCWPlatform::DSA absoulate path D:/JeongJongMin_12/workspace_bramW5500/bramW5500Top/hw/bramW5500Top.xsa
TRACE::2026-06-08.11:27:26::SCWPlatform::DSA directory D:/JeongJongMin_12/workspace_bramW5500/bramW5500Top/hw
TRACE::2026-06-08.11:27:26::SCWPlatform:: Platform Path D:/JeongJongMin_12/workspace_bramW5500/bramW5500Top/hw/bramW5500Top.xsa
TRACE::2026-06-08.11:27:26::SCWPlatform:: Unique name xilinx:::0.0
TRACE::2026-06-08.11:27:26::SCWPlatform::Trying to set the existing hwdb with name bramW5500Top_0
TRACE::2026-06-08.11:27:26::SCWPlatform::Opened existing hwdb bramW5500Top_0
TRACE::2026-06-08.11:27:26::SCWPlatform::Found the Hw Db part of the input DSA
TRACE::2026-06-08.11:27:26::SCWPlatform::Trying to open the hw design at D:/JeongJongMin_12/workspace_bramW5500/bramW5500Top/hw/bramW5500Top.xsa
TRACE::2026-06-08.11:27:26::SCWPlatform::DSA given D:/JeongJongMin_12/workspace_bramW5500/bramW5500Top/hw/bramW5500Top.xsa
TRACE::2026-06-08.11:27:26::SCWPlatform::DSA absoulate path D:/JeongJongMin_12/workspace_bramW5500/bramW5500Top/hw/bramW5500Top.xsa
TRACE::2026-06-08.11:27:26::SCWPlatform::DSA directory D:/JeongJongMin_12/workspace_bramW5500/bramW5500Top/hw
TRACE::2026-06-08.11:27:26::SCWPlatform:: Platform Path D:/JeongJongMin_12/workspace_bramW5500/bramW5500Top/hw/bramW5500Top.xsa
TRACE::2026-06-08.11:27:26::SCWPlatform:: Unique name xilinx:::0.0
TRACE::2026-06-08.11:27:26::SCWPlatform::Trying to set the existing hwdb with name bramW5500Top_0
TRACE::2026-06-08.11:27:26::SCWPlatform::Opened existing hwdb bramW5500Top_0
TRACE::2026-06-08.11:27:26::SCWPlatform::Found the Hw Db part of the input DSA
TRACE::2026-06-08.11:27:26::SCWMssOS::Checking the sw design at  D:/JeongJongMin_12/workspace_bramW5500/bramW5500Top/microblaze_0/standalone_microblaze_0/bsp/system.mss
TRACE::2026-06-08.11:27:26::SCWMssOS::DEBUG:  swdes dump  
TRACE::2026-06-08.11:27:26::SCWMssOS::No sw design opened at  D:/JeongJongMin_12/workspace_bramW5500/bramW5500Top/microblaze_0/standalone_microblaze_0/bsp/system.mss
TRACE::2026-06-08.11:27:26::SCWMssOS::mss does not exists at D:/JeongJongMin_12/workspace_bramW5500/bramW5500Top/microblaze_0/standalone_microblaze_0/bsp/system.mss
TRACE::2026-06-08.11:27:26::SCWMssOS::Creating sw design at  D:/JeongJongMin_12/workspace_bramW5500/bramW5500Top/microblaze_0/standalone_microblaze_0/bsp/system.mss
TRACE::2026-06-08.11:27:26::SCWMssOS::Adding the swdes entry, created swdb D:/JeongJongMin_12/workspace_bramW5500/bramW5500Top/microblaze_0/standalone_microblaze_0/bsp/system.mss with des name D:/JeongJongMin_12/workspace_bramW5500/bramW5500Top/microblaze_0/standalone_microblaze_0/bsp/system.mss
TRACE::2026-06-08.11:27:26::SCWMssOS::updating the scw layer changes to swdes at   D:/JeongJongMin_12/workspace_bramW5500/bramW5500Top/microblaze_0/standalone_microblaze_0/bsp/system.mss
TRACE::2026-06-08.11:27:26::SCWMssOS::Writing mss at D:/JeongJongMin_12/workspace_bramW5500/bramW5500Top/microblaze_0/standalone_microblaze_0/bsp/system.mss
TRACE::2026-06-08.11:27:26::SCWMssOS::Completed writing the mss file at D:/JeongJongMin_12/workspace_bramW5500/bramW5500Top/microblaze_0/standalone_microblaze_0/bsp
TRACE::2026-06-08.11:27:26::SCWMssOS::Picking up changes from newly written mss file into SCW Layer. 
TRACE::2026-06-08.11:27:26::SCWMssOS::Updated the changes from newly written mss file into SCW Layer. 
TRACE::2026-06-08.11:27:26::SCWMssOS::Completed writing the mss file at D:/JeongJongMin_12/workspace_bramW5500/bramW5500Top/microblaze_0/standalone_microblaze_0/bsp
TRACE::2026-06-08.11:27:26::SCWMssOS::Forcing BSP Sources regeneration.
TRACE::2026-06-08.11:27:27::SCWMssOS::Saving the mss changes D:/JeongJongMin_12/workspace_bramW5500/bramW5500Top/microblaze_0/standalone_microblaze_0/bsp/system.mss
TRACE::2026-06-08.11:27:27::SCWMssOS::Adding the swdes entry, mss present, able to open swdb D:/JeongJongMin_12/workspace_bramW5500/bramW5500Top/microblaze_0/standalone_microblaze_0/bsp/system.mss with des name system
TRACE::2026-06-08.11:27:27::SCWMssOS::Writing the mss file completed D:/JeongJongMin_12/workspace_bramW5500/bramW5500Top/microblaze_0/standalone_microblaze_0/bsp/system.mss
TRACE::2026-06-08.11:27:27::SCWMssOS::Commit changes completed.
TRACE::2026-06-08.11:27:27::SCWPlatform::Trying to open the hw design at D:/JeongJongMin_12/workspace_bramW5500/bramW5500Top/hw/bramW5500Top.xsa
TRACE::2026-06-08.11:27:27::SCWPlatform::DSA given D:/JeongJongMin_12/workspace_bramW5500/bramW5500Top/hw/bramW5500Top.xsa
TRACE::2026-06-08.11:27:27::SCWPlatform::DSA absoulate path D:/JeongJongMin_12/workspace_bramW5500/bramW5500Top/hw/bramW5500Top.xsa
TRACE::2026-06-08.11:27:27::SCWPlatform::DSA directory D:/JeongJongMin_12/workspace_bramW5500/bramW5500Top/hw
TRACE::2026-06-08.11:27:27::SCWPlatform:: Platform Path D:/JeongJongMin_12/workspace_bramW5500/bramW5500Top/hw/bramW5500Top.xsa
TRACE::2026-06-08.11:27:27::SCWPlatform:: Unique name xilinx:::0.0
TRACE::2026-06-08.11:27:27::SCWPlatform::Trying to set the existing hwdb with name bramW5500Top_0
TRACE::2026-06-08.11:27:27::SCWPlatform::Opened existing hwdb bramW5500Top_0
TRACE::2026-06-08.11:27:27::SCWPlatform::Found the Hw Db part of the input DSA
TRACE::2026-06-08.11:27:27::SCWMssOS::Checking the sw design at  D:/JeongJongMin_12/workspace_bramW5500/bramW5500Top/microblaze_0/standalone_microblaze_0/bsp/system.mss
TRACE::2026-06-08.11:27:27::SCWMssOS::DEBUG:  swdes dump  D:/JeongJongMin_12/workspace_bramW5500/bramW5500Top/microblaze_0/standalone_microblaze_0/bsp/system.mss|system||

TRACE::2026-06-08.11:27:27::SCWMssOS::Sw design exists and opened at  D:/JeongJongMin_12/workspace_bramW5500/bramW5500Top/microblaze_0/standalone_microblaze_0/bsp/system.mss
TRACE::2026-06-08.11:27:27::SCWPlatform::Trying to open the hw design at D:/JeongJongMin_12/workspace_bramW5500/bramW5500Top/hw/bramW5500Top.xsa
TRACE::2026-06-08.11:27:27::SCWPlatform::DSA given D:/JeongJongMin_12/workspace_bramW5500/bramW5500Top/hw/bramW5500Top.xsa
TRACE::2026-06-08.11:27:27::SCWPlatform::DSA absoulate path D:/JeongJongMin_12/workspace_bramW5500/bramW5500Top/hw/bramW5500Top.xsa
TRACE::2026-06-08.11:27:27::SCWPlatform::DSA directory D:/JeongJongMin_12/workspace_bramW5500/bramW5500Top/hw
TRACE::2026-06-08.11:27:27::SCWPlatform:: Platform Path D:/JeongJongMin_12/workspace_bramW5500/bramW5500Top/hw/bramW5500Top.xsa
TRACE::2026-06-08.11:27:27::SCWPlatform:: Unique name xilinx:::0.0
TRACE::2026-06-08.11:27:27::SCWPlatform::Trying to set the existing hwdb with name bramW5500Top_0
TRACE::2026-06-08.11:27:27::SCWPlatform::Opened existing hwdb bramW5500Top_0
TRACE::2026-06-08.11:27:27::SCWPlatform::Found the Hw Db part of the input DSA
TRACE::2026-06-08.11:27:27::SCWMssOS::Checking the sw design at  D:/JeongJongMin_12/workspace_bramW5500/bramW5500Top/microblaze_0/standalone_microblaze_0/bsp/system.mss
TRACE::2026-06-08.11:27:27::SCWMssOS::DEBUG:  swdes dump  D:/JeongJongMin_12/workspace_bramW5500/bramW5500Top/microblaze_0/standalone_microblaze_0/bsp/system.mss|system||

TRACE::2026-06-08.11:27:27::SCWMssOS::Sw design exists and opened at  D:/JeongJongMin_12/workspace_bramW5500/bramW5500Top/microblaze_0/standalone_microblaze_0/bsp/system.mss
TRACE::2026-06-08.11:27:27::SCWPlatform::Trying to open the hw design at D:/JeongJongMin_12/workspace_bramW5500/bramW5500Top/hw/bramW5500Top.xsa
TRACE::2026-06-08.11:27:27::SCWPlatform::DSA given D:/JeongJongMin_12/workspace_bramW5500/bramW5500Top/hw/bramW5500Top.xsa
TRACE::2026-06-08.11:27:27::SCWPlatform::DSA absoulate path D:/JeongJongMin_12/workspace_bramW5500/bramW5500Top/hw/bramW5500Top.xsa
TRACE::2026-06-08.11:27:27::SCWPlatform::DSA directory D:/JeongJongMin_12/workspace_bramW5500/bramW5500Top/hw
TRACE::2026-06-08.11:27:27::SCWPlatform:: Platform Path D:/JeongJongMin_12/workspace_bramW5500/bramW5500Top/hw/bramW5500Top.xsa
TRACE::2026-06-08.11:27:27::SCWPlatform:: Unique name xilinx:::0.0
TRACE::2026-06-08.11:27:27::SCWPlatform::Trying to set the existing hwdb with name bramW5500Top_0
TRACE::2026-06-08.11:27:27::SCWPlatform::Opened existing hwdb bramW5500Top_0
TRACE::2026-06-08.11:27:27::SCWPlatform::Found the Hw Db part of the input DSA
TRACE::2026-06-08.11:27:27::SCWMssOS::Checking the sw design at  D:/JeongJongMin_12/workspace_bramW5500/bramW5500Top/microblaze_0/standalone_microblaze_0/bsp/system.mss
TRACE::2026-06-08.11:27:27::SCWMssOS::DEBUG:  swdes dump  D:/JeongJongMin_12/workspace_bramW5500/bramW5500Top/microblaze_0/standalone_microblaze_0/bsp/system.mss|system||

TRACE::2026-06-08.11:27:27::SCWMssOS::Sw design exists and opened at  D:/JeongJongMin_12/workspace_bramW5500/bramW5500Top/microblaze_0/standalone_microblaze_0/bsp/system.mss
TRACE::2026-06-08.11:27:27::SCWWriter::formatted JSON is {
	"platformName":	"bramW5500Top",
	"sprVersion":	"2.0",
	"mode":	"gui",
	"dsaType":	"Fixed",
	"platformDesc":	"bramW5500Top",
	"platHandOff":	"D:/JeongJongMin_12/bramW5500Top.xsa",
	"platIntHandOff":	"<platformDir>/hw/bramW5500Top.xsa",
	"deviceType":	"FPGA",
	"platIsPrebuiltAutogen":	"false",
	"platIsNoBootBsp":	"false",
	"hasFsblMakeHasChanges":	"false",
	"hasPmufwMakeHasChanges":	"false",
	"platPreBuiltFlag":	false,
	"platformSamplesDir":	"",
	"platActiveSys":	"bramW5500Top",
	"systems":	[{
			"systemName":	"bramW5500Top",
			"systemDesc":	"bramW5500Top",
			"sysIsBootAutoGen":	"true",
			"systemDispName":	"bramW5500Top",
			"sysActiveDom":	"standalone_microblaze_0",
			"sysDefaultDom":	"standalone_microblaze_0",
			"domains":	[{
					"domainName":	"standalone_microblaze_0",
					"domainDispName":	"standalone_microblaze_0",
					"domainDesc":	"standalone_microblaze_0",
					"processors":	"microblaze_0",
					"os":	"standalone",
					"sdxOs":	"standalone",
					"debugEnable":	"False",
					"domRuntimes":	["cpp"],
					"swRepo":	"",
					"mssOsVer":	"8.1",
					"mssFile":	"",
					"md5Digest":	"2387726c7969e4016a1fc62dc46e34ae",
					"compatibleApp":	"hello_world",
					"domType":	"mssDomain",
					"arch":	"32-bit",
					"appSettings":	{
						"appCompilerFlags":	"",
						"appLinkerFlags":	""
					},
					"addedLibs":	[],
					"libOptions":	{
						"libsContainingOptions":	[]
					},
					"prebuiltLibs":	{
						"prebuiltIncPath":	[],
						"prebuiltLibPath":	[]
					},
					"isolation":	{
					}
				}]
		}]
}
LOG::2026-06-08.11:27:27::SCWPlatform::Started generating the artifacts platform bramW5500Top
TRACE::2026-06-08.11:27:27::SCWPlatform::Sanity checking of platform is completed
LOG::2026-06-08.11:27:27::SCWPlatform::Started generating the artifacts for system configuration bramW5500Top
LOG::2026-06-08.11:27:27::SCWSystem::Checking the domain standalone_microblaze_0
LOG::2026-06-08.11:27:27::SCWSystem::Not a boot domain 
LOG::2026-06-08.11:27:27::SCWSystem::Started Processing the domain standalone_microblaze_0
TRACE::2026-06-08.11:27:27::SCWDomain::Generating domain artifcats
TRACE::2026-06-08.11:27:27::SCWMssOS::Generating standalone artifcats
TRACE::2026-06-08.11:27:27::SCWMssOS:: Copying the user libraries. 
TRACE::2026-06-08.11:27:27::SCWPlatform::Trying to open the hw design at D:/JeongJongMin_12/workspace_bramW5500/bramW5500Top/hw/bramW5500Top.xsa
TRACE::2026-06-08.11:27:27::SCWPlatform::DSA given D:/JeongJongMin_12/workspace_bramW5500/bramW5500Top/hw/bramW5500Top.xsa
TRACE::2026-06-08.11:27:27::SCWPlatform::DSA absoulate path D:/JeongJongMin_12/workspace_bramW5500/bramW5500Top/hw/bramW5500Top.xsa
TRACE::2026-06-08.11:27:27::SCWPlatform::DSA directory D:/JeongJongMin_12/workspace_bramW5500/bramW5500Top/hw
TRACE::2026-06-08.11:27:27::SCWPlatform:: Platform Path D:/JeongJongMin_12/workspace_bramW5500/bramW5500Top/hw/bramW5500Top.xsa
TRACE::2026-06-08.11:27:27::SCWPlatform:: Unique name xilinx:::0.0
TRACE::2026-06-08.11:27:27::SCWPlatform::Trying to set the existing hwdb with name bramW5500Top_0
TRACE::2026-06-08.11:27:27::SCWPlatform::Opened existing hwdb bramW5500Top_0
TRACE::2026-06-08.11:27:27::SCWPlatform::Found the Hw Db part of the input DSA
TRACE::2026-06-08.11:27:27::SCWMssOS::Checking the sw design at  D:/JeongJongMin_12/workspace_bramW5500/bramW5500Top/microblaze_0/standalone_microblaze_0/bsp/system.mss
TRACE::2026-06-08.11:27:27::SCWMssOS::DEBUG:  swdes dump  D:/JeongJongMin_12/workspace_bramW5500/bramW5500Top/microblaze_0/standalone_microblaze_0/bsp/system.mss|system||

TRACE::2026-06-08.11:27:27::SCWMssOS::Sw design exists and opened at  D:/JeongJongMin_12/workspace_bramW5500/bramW5500Top/microblaze_0/standalone_microblaze_0/bsp/system.mss
TRACE::2026-06-08.11:27:27::SCWMssOS::Completed writing the mss file at D:/JeongJongMin_12/workspace_bramW5500/bramW5500Top/microblaze_0/standalone_microblaze_0/bsp
TRACE::2026-06-08.11:27:27::SCWMssOS::Mss edits present, copying mssfile into export location D:/JeongJongMin_12/workspace_bramW5500/bramW5500Top/microblaze_0/standalone_microblaze_0/bsp/system.mss
TRACE::2026-06-08.11:27:27::SCWMssOS::bsp generated is upto date with the mss file. Skipping bsp generation.
TRACE::2026-06-08.11:27:27::SCWMssOS::BSP is already built. skipping the bsp build ... 
TRACE::2026-06-08.11:27:27::SCWDomain::Skipping the build for domain :  standalone_microblaze_0
TRACE::2026-06-08.11:27:27::SCWMssOS::skipping the bsp build ... 
TRACE::2026-06-08.11:27:27::SCWMssOS::Copying to export directory.
TRACE::2026-06-08.11:27:27::SCWMssOS:: Checking if to create the Supporting Applications
TRACE::2026-06-08.11:27:27::SCWMssOS:: No Linux domain exists, trying to generate FSBL 
LOG::2026-06-08.11:27:27::SCWSystem::Completed Processing the domain standalone_microblaze_0
LOG::2026-06-08.11:27:27::SCWSystem::Completed Processing the sysconfig bramW5500Top
LOG::2026-06-08.11:27:27::SCWPlatform::Completed generating the artifacts for system configuration bramW5500Top
TRACE::2026-06-08.11:27:27::SCWPlatform::Started preparing the platform 
TRACE::2026-06-08.11:27:27::SCWSystem::Writing the bif file for system config bramW5500Top
TRACE::2026-06-08.11:27:27::SCWSystem::dir created 
TRACE::2026-06-08.11:27:27::SCWSystem::Writing the bif 
TRACE::2026-06-08.11:27:27::SCWPlatform::Started writing the spfm file 
TRACE::2026-06-08.11:27:27::SCWPlatform::Started writing the xpfm file 
TRACE::2026-06-08.11:27:27::SCWPlatform::Completed generating the platform
TRACE::2026-06-08.11:27:27::SCWMssOS::Saving the mss changes D:/JeongJongMin_12/workspace_bramW5500/bramW5500Top/microblaze_0/standalone_microblaze_0/bsp/system.mss
TRACE::2026-06-08.11:27:27::SCWMssOS::Found a swdesign opened with the mssfile.
TRACE::2026-06-08.11:27:27::SCWMssOS::Completed writemss as part of save.
TRACE::2026-06-08.11:27:27::SCWMssOS::Commit changes completed.
TRACE::2026-06-08.11:27:27::SCWPlatform::Trying to open the hw design at D:/JeongJongMin_12/workspace_bramW5500/bramW5500Top/hw/bramW5500Top.xsa
TRACE::2026-06-08.11:27:27::SCWPlatform::DSA given D:/JeongJongMin_12/workspace_bramW5500/bramW5500Top/hw/bramW5500Top.xsa
TRACE::2026-06-08.11:27:27::SCWPlatform::DSA absoulate path D:/JeongJongMin_12/workspace_bramW5500/bramW5500Top/hw/bramW5500Top.xsa
TRACE::2026-06-08.11:27:27::SCWPlatform::DSA directory D:/JeongJongMin_12/workspace_bramW5500/bramW5500Top/hw
TRACE::2026-06-08.11:27:27::SCWPlatform:: Platform Path D:/JeongJongMin_12/workspace_bramW5500/bramW5500Top/hw/bramW5500Top.xsa
TRACE::2026-06-08.11:27:27::SCWPlatform:: Unique name xilinx:::0.0
TRACE::2026-06-08.11:27:27::SCWPlatform::Trying to set the existing hwdb with name bramW5500Top_0
TRACE::2026-06-08.11:27:27::SCWPlatform::Opened existing hwdb bramW5500Top_0
TRACE::2026-06-08.11:27:27::SCWPlatform::Found the Hw Db part of the input DSA
TRACE::2026-06-08.11:27:27::SCWMssOS::Checking the sw design at  D:/JeongJongMin_12/workspace_bramW5500/bramW5500Top/microblaze_0/standalone_microblaze_0/bsp/system.mss
TRACE::2026-06-08.11:27:27::SCWMssOS::DEBUG:  swdes dump  D:/JeongJongMin_12/workspace_bramW5500/bramW5500Top/microblaze_0/standalone_microblaze_0/bsp/system.mss|system||

TRACE::2026-06-08.11:27:27::SCWMssOS::Sw design exists and opened at  D:/JeongJongMin_12/workspace_bramW5500/bramW5500Top/microblaze_0/standalone_microblaze_0/bsp/system.mss
TRACE::2026-06-08.11:27:27::SCWPlatform::Trying to open the hw design at D:/JeongJongMin_12/workspace_bramW5500/bramW5500Top/hw/bramW5500Top.xsa
TRACE::2026-06-08.11:27:27::SCWPlatform::DSA given D:/JeongJongMin_12/workspace_bramW5500/bramW5500Top/hw/bramW5500Top.xsa
TRACE::2026-06-08.11:27:27::SCWPlatform::DSA absoulate path D:/JeongJongMin_12/workspace_bramW5500/bramW5500Top/hw/bramW5500Top.xsa
TRACE::2026-06-08.11:27:27::SCWPlatform::DSA directory D:/JeongJongMin_12/workspace_bramW5500/bramW5500Top/hw
TRACE::2026-06-08.11:27:27::SCWPlatform:: Platform Path D:/JeongJongMin_12/workspace_bramW5500/bramW5500Top/hw/bramW5500Top.xsa
TRACE::2026-06-08.11:27:27::SCWPlatform:: Unique name xilinx:::0.0
TRACE::2026-06-08.11:27:27::SCWPlatform::Trying to set the existing hwdb with name bramW5500Top_0
TRACE::2026-06-08.11:27:27::SCWPlatform::Opened existing hwdb bramW5500Top_0
TRACE::2026-06-08.11:27:27::SCWPlatform::Found the Hw Db part of the input DSA
TRACE::2026-06-08.11:27:27::SCWMssOS::Checking the sw design at  D:/JeongJongMin_12/workspace_bramW5500/bramW5500Top/microblaze_0/standalone_microblaze_0/bsp/system.mss
TRACE::2026-06-08.11:27:27::SCWMssOS::DEBUG:  swdes dump  D:/JeongJongMin_12/workspace_bramW5500/bramW5500Top/microblaze_0/standalone_microblaze_0/bsp/system.mss|system||

TRACE::2026-06-08.11:27:27::SCWMssOS::Sw design exists and opened at  D:/JeongJongMin_12/workspace_bramW5500/bramW5500Top/microblaze_0/standalone_microblaze_0/bsp/system.mss
TRACE::2026-06-08.11:27:27::SCWPlatform::Trying to open the hw design at D:/JeongJongMin_12/workspace_bramW5500/bramW5500Top/hw/bramW5500Top.xsa
TRACE::2026-06-08.11:27:27::SCWPlatform::DSA given D:/JeongJongMin_12/workspace_bramW5500/bramW5500Top/hw/bramW5500Top.xsa
TRACE::2026-06-08.11:27:27::SCWPlatform::DSA absoulate path D:/JeongJongMin_12/workspace_bramW5500/bramW5500Top/hw/bramW5500Top.xsa
TRACE::2026-06-08.11:27:27::SCWPlatform::DSA directory D:/JeongJongMin_12/workspace_bramW5500/bramW5500Top/hw
TRACE::2026-06-08.11:27:27::SCWPlatform:: Platform Path D:/JeongJongMin_12/workspace_bramW5500/bramW5500Top/hw/bramW5500Top.xsa
TRACE::2026-06-08.11:27:27::SCWPlatform:: Unique name xilinx:::0.0
TRACE::2026-06-08.11:27:27::SCWPlatform::Trying to set the existing hwdb with name bramW5500Top_0
TRACE::2026-06-08.11:27:27::SCWPlatform::Opened existing hwdb bramW5500Top_0
TRACE::2026-06-08.11:27:27::SCWPlatform::Found the Hw Db part of the input DSA
TRACE::2026-06-08.11:27:27::SCWMssOS::Checking the sw design at  D:/JeongJongMin_12/workspace_bramW5500/bramW5500Top/microblaze_0/standalone_microblaze_0/bsp/system.mss
TRACE::2026-06-08.11:27:27::SCWMssOS::DEBUG:  swdes dump  D:/JeongJongMin_12/workspace_bramW5500/bramW5500Top/microblaze_0/standalone_microblaze_0/bsp/system.mss|system||

TRACE::2026-06-08.11:27:27::SCWMssOS::Sw design exists and opened at  D:/JeongJongMin_12/workspace_bramW5500/bramW5500Top/microblaze_0/standalone_microblaze_0/bsp/system.mss
TRACE::2026-06-08.11:27:27::SCWWriter::formatted JSON is {
	"platformName":	"bramW5500Top",
	"sprVersion":	"2.0",
	"mode":	"gui",
	"dsaType":	"Fixed",
	"platformDesc":	"bramW5500Top",
	"platHandOff":	"D:/JeongJongMin_12/bramW5500Top.xsa",
	"platIntHandOff":	"<platformDir>/hw/bramW5500Top.xsa",
	"deviceType":	"FPGA",
	"platIsPrebuiltAutogen":	"false",
	"platIsNoBootBsp":	"false",
	"hasFsblMakeHasChanges":	"false",
	"hasPmufwMakeHasChanges":	"false",
	"platPreBuiltFlag":	false,
	"platformSamplesDir":	"",
	"platActiveSys":	"bramW5500Top",
	"systems":	[{
			"systemName":	"bramW5500Top",
			"systemDesc":	"bramW5500Top",
			"sysIsBootAutoGen":	"true",
			"systemDispName":	"bramW5500Top",
			"sysActiveDom":	"standalone_microblaze_0",
			"sysDefaultDom":	"standalone_microblaze_0",
			"domains":	[{
					"domainName":	"standalone_microblaze_0",
					"domainDispName":	"standalone_microblaze_0",
					"domainDesc":	"standalone_microblaze_0",
					"processors":	"microblaze_0",
					"os":	"standalone",
					"sdxOs":	"standalone",
					"debugEnable":	"False",
					"domRuntimes":	["cpp"],
					"swRepo":	"",
					"mssOsVer":	"8.1",
					"mssFile":	"",
					"md5Digest":	"2387726c7969e4016a1fc62dc46e34ae",
					"compatibleApp":	"hello_world",
					"domType":	"mssDomain",
					"arch":	"32-bit",
					"appSettings":	{
						"appCompilerFlags":	"",
						"appLinkerFlags":	""
					},
					"addedLibs":	[],
					"libOptions":	{
						"libsContainingOptions":	[]
					},
					"prebuiltLibs":	{
						"prebuiltIncPath":	[],
						"prebuiltLibPath":	[]
					},
					"isolation":	{
					}
				}]
		}]
}
KEYINFO::2026-06-08.11:27:27::SCWPlatform::updated the xpfm file.
TRACE::2026-06-08.11:27:28::SCWPlatform::Trying to open the hw design at D:/JeongJongMin_12/workspace_bramW5500/bramW5500Top/hw/bramW5500Top.xsa
TRACE::2026-06-08.11:27:28::SCWPlatform::DSA given D:/JeongJongMin_12/workspace_bramW5500/bramW5500Top/hw/bramW5500Top.xsa
TRACE::2026-06-08.11:27:28::SCWPlatform::DSA absoulate path D:/JeongJongMin_12/workspace_bramW5500/bramW5500Top/hw/bramW5500Top.xsa
TRACE::2026-06-08.11:27:28::SCWPlatform::DSA directory D:/JeongJongMin_12/workspace_bramW5500/bramW5500Top/hw
TRACE::2026-06-08.11:27:28::SCWPlatform:: Platform Path D:/JeongJongMin_12/workspace_bramW5500/bramW5500Top/hw/bramW5500Top.xsa
TRACE::2026-06-08.11:27:28::SCWPlatform:: Unique name xilinx:::0.0
TRACE::2026-06-08.11:27:28::SCWPlatform::Trying to set the existing hwdb with name bramW5500Top_0
TRACE::2026-06-08.11:27:28::SCWPlatform::Opened existing hwdb bramW5500Top_0
TRACE::2026-06-08.11:27:28::SCWPlatform::Found the Hw Db part of the input DSA
TRACE::2026-06-08.11:27:28::SCWMssOS::Checking the sw design at  D:/JeongJongMin_12/workspace_bramW5500/bramW5500Top/microblaze_0/standalone_microblaze_0/bsp/system.mss
TRACE::2026-06-08.11:27:28::SCWMssOS::DEBUG:  swdes dump  D:/JeongJongMin_12/workspace_bramW5500/bramW5500Top/microblaze_0/standalone_microblaze_0/bsp/system.mss|system||

TRACE::2026-06-08.11:27:28::SCWMssOS::Sw design exists and opened at  D:/JeongJongMin_12/workspace_bramW5500/bramW5500Top/microblaze_0/standalone_microblaze_0/bsp/system.mss
TRACE::2026-06-08.11:27:28::SCWMssOS::Saving the mss changes D:/JeongJongMin_12/workspace_bramW5500/bramW5500Top/microblaze_0/standalone_microblaze_0/bsp/system.mss
TRACE::2026-06-08.11:27:28::SCWMssOS::Found a swdesign opened with the mssfile.
TRACE::2026-06-08.11:27:28::SCWMssOS::Completed writemss as part of save.
TRACE::2026-06-08.11:27:28::SCWMssOS::Commit changes completed.
TRACE::2026-06-08.11:27:28::SCWPlatform::Trying to open the hw design at D:/JeongJongMin_12/workspace_bramW5500/bramW5500Top/hw/bramW5500Top.xsa
TRACE::2026-06-08.11:27:28::SCWPlatform::DSA given D:/JeongJongMin_12/workspace_bramW5500/bramW5500Top/hw/bramW5500Top.xsa
TRACE::2026-06-08.11:27:28::SCWPlatform::DSA absoulate path D:/JeongJongMin_12/workspace_bramW5500/bramW5500Top/hw/bramW5500Top.xsa
TRACE::2026-06-08.11:27:28::SCWPlatform::DSA directory D:/JeongJongMin_12/workspace_bramW5500/bramW5500Top/hw
TRACE::2026-06-08.11:27:28::SCWPlatform:: Platform Path D:/JeongJongMin_12/workspace_bramW5500/bramW5500Top/hw/bramW5500Top.xsa
TRACE::2026-06-08.11:27:28::SCWPlatform:: Unique name xilinx:::0.0
TRACE::2026-06-08.11:27:28::SCWPlatform::Trying to set the existing hwdb with name bramW5500Top_0
TRACE::2026-06-08.11:27:28::SCWPlatform::Opened existing hwdb bramW5500Top_0
TRACE::2026-06-08.11:27:28::SCWPlatform::Found the Hw Db part of the input DSA
TRACE::2026-06-08.11:27:28::SCWMssOS::Checking the sw design at  D:/JeongJongMin_12/workspace_bramW5500/bramW5500Top/microblaze_0/standalone_microblaze_0/bsp/system.mss
TRACE::2026-06-08.11:27:28::SCWMssOS::DEBUG:  swdes dump  D:/JeongJongMin_12/workspace_bramW5500/bramW5500Top/microblaze_0/standalone_microblaze_0/bsp/system.mss|system||

TRACE::2026-06-08.11:27:28::SCWMssOS::Sw design exists and opened at  D:/JeongJongMin_12/workspace_bramW5500/bramW5500Top/microblaze_0/standalone_microblaze_0/bsp/system.mss
TRACE::2026-06-08.11:27:28::SCWPlatform::Trying to open the hw design at D:/JeongJongMin_12/workspace_bramW5500/bramW5500Top/hw/bramW5500Top.xsa
TRACE::2026-06-08.11:27:28::SCWPlatform::DSA given D:/JeongJongMin_12/workspace_bramW5500/bramW5500Top/hw/bramW5500Top.xsa
TRACE::2026-06-08.11:27:28::SCWPlatform::DSA absoulate path D:/JeongJongMin_12/workspace_bramW5500/bramW5500Top/hw/bramW5500Top.xsa
TRACE::2026-06-08.11:27:28::SCWPlatform::DSA directory D:/JeongJongMin_12/workspace_bramW5500/bramW5500Top/hw
TRACE::2026-06-08.11:27:28::SCWPlatform:: Platform Path D:/JeongJongMin_12/workspace_bramW5500/bramW5500Top/hw/bramW5500Top.xsa
TRACE::2026-06-08.11:27:28::SCWPlatform:: Unique name xilinx:::0.0
TRACE::2026-06-08.11:27:28::SCWPlatform::Trying to set the existing hwdb with name bramW5500Top_0
TRACE::2026-06-08.11:27:28::SCWPlatform::Opened existing hwdb bramW5500Top_0
TRACE::2026-06-08.11:27:28::SCWPlatform::Found the Hw Db part of the input DSA
TRACE::2026-06-08.11:27:28::SCWMssOS::Checking the sw design at  D:/JeongJongMin_12/workspace_bramW5500/bramW5500Top/microblaze_0/standalone_microblaze_0/bsp/system.mss
TRACE::2026-06-08.11:27:28::SCWMssOS::DEBUG:  swdes dump  D:/JeongJongMin_12/workspace_bramW5500/bramW5500Top/microblaze_0/standalone_microblaze_0/bsp/system.mss|system||

TRACE::2026-06-08.11:27:28::SCWMssOS::Sw design exists and opened at  D:/JeongJongMin_12/workspace_bramW5500/bramW5500Top/microblaze_0/standalone_microblaze_0/bsp/system.mss
TRACE::2026-06-08.11:27:28::SCWPlatform::Trying to open the hw design at D:/JeongJongMin_12/workspace_bramW5500/bramW5500Top/hw/bramW5500Top.xsa
TRACE::2026-06-08.11:27:28::SCWPlatform::DSA given D:/JeongJongMin_12/workspace_bramW5500/bramW5500Top/hw/bramW5500Top.xsa
TRACE::2026-06-08.11:27:28::SCWPlatform::DSA absoulate path D:/JeongJongMin_12/workspace_bramW5500/bramW5500Top/hw/bramW5500Top.xsa
TRACE::2026-06-08.11:27:28::SCWPlatform::DSA directory D:/JeongJongMin_12/workspace_bramW5500/bramW5500Top/hw
TRACE::2026-06-08.11:27:28::SCWPlatform:: Platform Path D:/JeongJongMin_12/workspace_bramW5500/bramW5500Top/hw/bramW5500Top.xsa
TRACE::2026-06-08.11:27:28::SCWPlatform:: Unique name xilinx:::0.0
TRACE::2026-06-08.11:27:28::SCWPlatform::Trying to set the existing hwdb with name bramW5500Top_0
TRACE::2026-06-08.11:27:28::SCWPlatform::Opened existing hwdb bramW5500Top_0
TRACE::2026-06-08.11:27:28::SCWPlatform::Found the Hw Db part of the input DSA
TRACE::2026-06-08.11:27:28::SCWMssOS::Checking the sw design at  D:/JeongJongMin_12/workspace_bramW5500/bramW5500Top/microblaze_0/standalone_microblaze_0/bsp/system.mss
TRACE::2026-06-08.11:27:28::SCWMssOS::DEBUG:  swdes dump  D:/JeongJongMin_12/workspace_bramW5500/bramW5500Top/microblaze_0/standalone_microblaze_0/bsp/system.mss|system||

TRACE::2026-06-08.11:27:28::SCWMssOS::Sw design exists and opened at  D:/JeongJongMin_12/workspace_bramW5500/bramW5500Top/microblaze_0/standalone_microblaze_0/bsp/system.mss
TRACE::2026-06-08.11:27:28::SCWWriter::formatted JSON is {
	"platformName":	"bramW5500Top",
	"sprVersion":	"2.0",
	"mode":	"gui",
	"dsaType":	"Fixed",
	"platformDesc":	"bramW5500Top",
	"platHandOff":	"D:/JeongJongMin_12/bramW5500Top.xsa",
	"platIntHandOff":	"<platformDir>/hw/bramW5500Top.xsa",
	"deviceType":	"FPGA",
	"platIsPrebuiltAutogen":	"false",
	"platIsNoBootBsp":	"false",
	"hasFsblMakeHasChanges":	"false",
	"hasPmufwMakeHasChanges":	"false",
	"platPreBuiltFlag":	false,
	"platformSamplesDir":	"",
	"platActiveSys":	"bramW5500Top",
	"systems":	[{
			"systemName":	"bramW5500Top",
			"systemDesc":	"bramW5500Top",
			"sysIsBootAutoGen":	"true",
			"systemDispName":	"bramW5500Top",
			"sysActiveDom":	"standalone_microblaze_0",
			"sysDefaultDom":	"standalone_microblaze_0",
			"domains":	[{
					"domainName":	"standalone_microblaze_0",
					"domainDispName":	"standalone_microblaze_0",
					"domainDesc":	"standalone_microblaze_0",
					"processors":	"microblaze_0",
					"os":	"standalone",
					"sdxOs":	"standalone",
					"debugEnable":	"False",
					"domRuntimes":	["cpp"],
					"swRepo":	"",
					"mssOsVer":	"8.1",
					"mssFile":	"",
					"md5Digest":	"2387726c7969e4016a1fc62dc46e34ae",
					"compatibleApp":	"hello_world",
					"domType":	"mssDomain",
					"arch":	"32-bit",
					"appSettings":	{
						"appCompilerFlags":	"",
						"appLinkerFlags":	""
					},
					"addedLibs":	[],
					"libOptions":	{
						"libsContainingOptions":	[]
					},
					"prebuiltLibs":	{
						"prebuiltIncPath":	[],
						"prebuiltLibPath":	[]
					},
					"isolation":	{
					}
				}]
		}]
}
TRACE::2026-06-08.11:27:28::SCWPlatform::Trying to open the hw design at D:/JeongJongMin_12/workspace_bramW5500/bramW5500Top/hw/bramW5500Top.xsa
TRACE::2026-06-08.11:27:28::SCWPlatform::DSA given D:/JeongJongMin_12/workspace_bramW5500/bramW5500Top/hw/bramW5500Top.xsa
TRACE::2026-06-08.11:27:28::SCWPlatform::DSA absoulate path D:/JeongJongMin_12/workspace_bramW5500/bramW5500Top/hw/bramW5500Top.xsa
TRACE::2026-06-08.11:27:28::SCWPlatform::DSA directory D:/JeongJongMin_12/workspace_bramW5500/bramW5500Top/hw
TRACE::2026-06-08.11:27:28::SCWPlatform:: Platform Path D:/JeongJongMin_12/workspace_bramW5500/bramW5500Top/hw/bramW5500Top.xsa
TRACE::2026-06-08.11:27:28::SCWPlatform:: Unique name xilinx:::0.0
TRACE::2026-06-08.11:27:28::SCWPlatform::Trying to set the existing hwdb with name bramW5500Top_0
TRACE::2026-06-08.11:27:28::SCWPlatform::Opened existing hwdb bramW5500Top_0
TRACE::2026-06-08.11:27:28::SCWPlatform::Found the Hw Db part of the input DSA
TRACE::2026-06-08.11:27:28::SCWMssOS::Checking the sw design at  D:/JeongJongMin_12/workspace_bramW5500/bramW5500Top/microblaze_0/standalone_microblaze_0/bsp/system.mss
TRACE::2026-06-08.11:27:28::SCWMssOS::DEBUG:  swdes dump  D:/JeongJongMin_12/workspace_bramW5500/bramW5500Top/microblaze_0/standalone_microblaze_0/bsp/system.mss|system||

TRACE::2026-06-08.11:27:28::SCWMssOS::Sw design exists and opened at  D:/JeongJongMin_12/workspace_bramW5500/bramW5500Top/microblaze_0/standalone_microblaze_0/bsp/system.mss
TRACE::2026-06-08.11:27:28::SCWPlatform::Trying to open the hw design at D:/JeongJongMin_12/workspace_bramW5500/bramW5500Top/hw/bramW5500Top.xsa
TRACE::2026-06-08.11:27:28::SCWPlatform::DSA given D:/JeongJongMin_12/workspace_bramW5500/bramW5500Top/hw/bramW5500Top.xsa
TRACE::2026-06-08.11:27:28::SCWPlatform::DSA absoulate path D:/JeongJongMin_12/workspace_bramW5500/bramW5500Top/hw/bramW5500Top.xsa
TRACE::2026-06-08.11:27:28::SCWPlatform::DSA directory D:/JeongJongMin_12/workspace_bramW5500/bramW5500Top/hw
TRACE::2026-06-08.11:27:28::SCWPlatform:: Platform Path D:/JeongJongMin_12/workspace_bramW5500/bramW5500Top/hw/bramW5500Top.xsa
TRACE::2026-06-08.11:27:28::SCWPlatform:: Unique name xilinx:::0.0
TRACE::2026-06-08.11:27:28::SCWPlatform::Trying to set the existing hwdb with name bramW5500Top_0
TRACE::2026-06-08.11:27:28::SCWPlatform::Opened existing hwdb bramW5500Top_0
TRACE::2026-06-08.11:27:28::SCWPlatform::Found the Hw Db part of the input DSA
TRACE::2026-06-08.11:27:28::SCWMssOS::Checking the sw design at  D:/JeongJongMin_12/workspace_bramW5500/bramW5500Top/microblaze_0/standalone_microblaze_0/bsp/system.mss
TRACE::2026-06-08.11:27:28::SCWMssOS::DEBUG:  swdes dump  D:/JeongJongMin_12/workspace_bramW5500/bramW5500Top/microblaze_0/standalone_microblaze_0/bsp/system.mss|system||

TRACE::2026-06-08.11:27:28::SCWMssOS::Sw design exists and opened at  D:/JeongJongMin_12/workspace_bramW5500/bramW5500Top/microblaze_0/standalone_microblaze_0/bsp/system.mss
TRACE::2026-06-08.11:27:28::SCWMssOS::Saving the mss changes D:/JeongJongMin_12/workspace_bramW5500/bramW5500Top/microblaze_0/standalone_microblaze_0/bsp/system.mss
TRACE::2026-06-08.11:27:28::SCWMssOS::Found a swdesign opened with the mssfile.
TRACE::2026-06-08.11:27:28::SCWMssOS::Completed writemss as part of save.
TRACE::2026-06-08.11:27:28::SCWMssOS::Commit changes completed.
TRACE::2026-06-08.11:27:28::SCWPlatform::Trying to open the hw design at D:/JeongJongMin_12/workspace_bramW5500/bramW5500Top/hw/bramW5500Top.xsa
TRACE::2026-06-08.11:27:28::SCWPlatform::DSA given D:/JeongJongMin_12/workspace_bramW5500/bramW5500Top/hw/bramW5500Top.xsa
TRACE::2026-06-08.11:27:28::SCWPlatform::DSA absoulate path D:/JeongJongMin_12/workspace_bramW5500/bramW5500Top/hw/bramW5500Top.xsa
TRACE::2026-06-08.11:27:28::SCWPlatform::DSA directory D:/JeongJongMin_12/workspace_bramW5500/bramW5500Top/hw
TRACE::2026-06-08.11:27:28::SCWPlatform:: Platform Path D:/JeongJongMin_12/workspace_bramW5500/bramW5500Top/hw/bramW5500Top.xsa
TRACE::2026-06-08.11:27:28::SCWPlatform:: Unique name xilinx:::0.0
TRACE::2026-06-08.11:27:28::SCWPlatform::Trying to set the existing hwdb with name bramW5500Top_0
TRACE::2026-06-08.11:27:28::SCWPlatform::Opened existing hwdb bramW5500Top_0
TRACE::2026-06-08.11:27:28::SCWPlatform::Found the Hw Db part of the input DSA
TRACE::2026-06-08.11:27:28::SCWMssOS::Checking the sw design at  D:/JeongJongMin_12/workspace_bramW5500/bramW5500Top/microblaze_0/standalone_microblaze_0/bsp/system.mss
TRACE::2026-06-08.11:27:28::SCWMssOS::DEBUG:  swdes dump  D:/JeongJongMin_12/workspace_bramW5500/bramW5500Top/microblaze_0/standalone_microblaze_0/bsp/system.mss|system||

TRACE::2026-06-08.11:27:28::SCWMssOS::Sw design exists and opened at  D:/JeongJongMin_12/workspace_bramW5500/bramW5500Top/microblaze_0/standalone_microblaze_0/bsp/system.mss
TRACE::2026-06-08.11:27:28::SCWPlatform::Trying to open the hw design at D:/JeongJongMin_12/workspace_bramW5500/bramW5500Top/hw/bramW5500Top.xsa
TRACE::2026-06-08.11:27:28::SCWPlatform::DSA given D:/JeongJongMin_12/workspace_bramW5500/bramW5500Top/hw/bramW5500Top.xsa
TRACE::2026-06-08.11:27:28::SCWPlatform::DSA absoulate path D:/JeongJongMin_12/workspace_bramW5500/bramW5500Top/hw/bramW5500Top.xsa
TRACE::2026-06-08.11:27:28::SCWPlatform::DSA directory D:/JeongJongMin_12/workspace_bramW5500/bramW5500Top/hw
TRACE::2026-06-08.11:27:28::SCWPlatform:: Platform Path D:/JeongJongMin_12/workspace_bramW5500/bramW5500Top/hw/bramW5500Top.xsa
TRACE::2026-06-08.11:27:28::SCWPlatform:: Unique name xilinx:::0.0
TRACE::2026-06-08.11:27:28::SCWPlatform::Trying to set the existing hwdb with name bramW5500Top_0
TRACE::2026-06-08.11:27:28::SCWPlatform::Opened existing hwdb bramW5500Top_0
TRACE::2026-06-08.11:27:28::SCWPlatform::Found the Hw Db part of the input DSA
TRACE::2026-06-08.11:27:28::SCWMssOS::Checking the sw design at  D:/JeongJongMin_12/workspace_bramW5500/bramW5500Top/microblaze_0/standalone_microblaze_0/bsp/system.mss
TRACE::2026-06-08.11:27:28::SCWMssOS::DEBUG:  swdes dump  D:/JeongJongMin_12/workspace_bramW5500/bramW5500Top/microblaze_0/standalone_microblaze_0/bsp/system.mss|system||

TRACE::2026-06-08.11:27:28::SCWMssOS::Sw design exists and opened at  D:/JeongJongMin_12/workspace_bramW5500/bramW5500Top/microblaze_0/standalone_microblaze_0/bsp/system.mss
TRACE::2026-06-08.11:27:28::SCWPlatform::Trying to open the hw design at D:/JeongJongMin_12/workspace_bramW5500/bramW5500Top/hw/bramW5500Top.xsa
TRACE::2026-06-08.11:27:28::SCWPlatform::DSA given D:/JeongJongMin_12/workspace_bramW5500/bramW5500Top/hw/bramW5500Top.xsa
TRACE::2026-06-08.11:27:28::SCWPlatform::DSA absoulate path D:/JeongJongMin_12/workspace_bramW5500/bramW5500Top/hw/bramW5500Top.xsa
TRACE::2026-06-08.11:27:28::SCWPlatform::DSA directory D:/JeongJongMin_12/workspace_bramW5500/bramW5500Top/hw
TRACE::2026-06-08.11:27:28::SCWPlatform:: Platform Path D:/JeongJongMin_12/workspace_bramW5500/bramW5500Top/hw/bramW5500Top.xsa
TRACE::2026-06-08.11:27:28::SCWPlatform:: Unique name xilinx:::0.0
TRACE::2026-06-08.11:27:28::SCWPlatform::Trying to set the existing hwdb with name bramW5500Top_0
TRACE::2026-06-08.11:27:28::SCWPlatform::Opened existing hwdb bramW5500Top_0
TRACE::2026-06-08.11:27:28::SCWPlatform::Found the Hw Db part of the input DSA
TRACE::2026-06-08.11:27:28::SCWMssOS::Checking the sw design at  D:/JeongJongMin_12/workspace_bramW5500/bramW5500Top/microblaze_0/standalone_microblaze_0/bsp/system.mss
TRACE::2026-06-08.11:27:28::SCWMssOS::DEBUG:  swdes dump  D:/JeongJongMin_12/workspace_bramW5500/bramW5500Top/microblaze_0/standalone_microblaze_0/bsp/system.mss|system||

TRACE::2026-06-08.11:27:28::SCWMssOS::Sw design exists and opened at  D:/JeongJongMin_12/workspace_bramW5500/bramW5500Top/microblaze_0/standalone_microblaze_0/bsp/system.mss
TRACE::2026-06-08.11:27:28::SCWWriter::formatted JSON is {
	"platformName":	"bramW5500Top",
	"sprVersion":	"2.0",
	"mode":	"gui",
	"dsaType":	"Fixed",
	"platformDesc":	"bramW5500Top",
	"platHandOff":	"D:/JeongJongMin_12/bramW5500Top.xsa",
	"platIntHandOff":	"<platformDir>/hw/bramW5500Top.xsa",
	"deviceType":	"FPGA",
	"platIsPrebuiltAutogen":	"false",
	"platIsNoBootBsp":	"false",
	"hasFsblMakeHasChanges":	"false",
	"hasPmufwMakeHasChanges":	"false",
	"platPreBuiltFlag":	false,
	"platformSamplesDir":	"",
	"platActiveSys":	"bramW5500Top",
	"systems":	[{
			"systemName":	"bramW5500Top",
			"systemDesc":	"bramW5500Top",
			"sysIsBootAutoGen":	"true",
			"systemDispName":	"bramW5500Top",
			"sysActiveDom":	"standalone_microblaze_0",
			"sysDefaultDom":	"standalone_microblaze_0",
			"domains":	[{
					"domainName":	"standalone_microblaze_0",
					"domainDispName":	"standalone_microblaze_0",
					"domainDesc":	"standalone_microblaze_0",
					"processors":	"microblaze_0",
					"os":	"standalone",
					"sdxOs":	"standalone",
					"debugEnable":	"False",
					"domRuntimes":	["cpp"],
					"swRepo":	"",
					"mssOsVer":	"8.1",
					"mssFile":	"",
					"md5Digest":	"2387726c7969e4016a1fc62dc46e34ae",
					"compatibleApp":	"hello_world",
					"domType":	"mssDomain",
					"arch":	"32-bit",
					"appSettings":	{
						"appCompilerFlags":	"",
						"appLinkerFlags":	""
					},
					"addedLibs":	[],
					"libOptions":	{
						"libsContainingOptions":	[]
					},
					"prebuiltLibs":	{
						"prebuiltIncPath":	[],
						"prebuiltLibPath":	[]
					},
					"isolation":	{
					}
				}]
		}]
}
LOG::2026-06-08.11:27:28::SCWPlatform::Started generating the artifacts platform bramW5500Top
TRACE::2026-06-08.11:27:28::SCWPlatform::Sanity checking of platform is completed
LOG::2026-06-08.11:27:28::SCWPlatform::Started generating the artifacts for system configuration bramW5500Top
LOG::2026-06-08.11:27:28::SCWSystem::Started Processing the domain standalone_microblaze_0
TRACE::2026-06-08.11:27:28::SCWDomain::Generating domain artifcats
TRACE::2026-06-08.11:27:28::SCWMssOS::Generating standalone artifcats
TRACE::2026-06-08.11:27:28::SCWMssOS:: Copying the user libraries. 
TRACE::2026-06-08.11:27:28::SCWPlatform::Trying to open the hw design at D:/JeongJongMin_12/workspace_bramW5500/bramW5500Top/hw/bramW5500Top.xsa
TRACE::2026-06-08.11:27:28::SCWPlatform::DSA given D:/JeongJongMin_12/workspace_bramW5500/bramW5500Top/hw/bramW5500Top.xsa
TRACE::2026-06-08.11:27:28::SCWPlatform::DSA absoulate path D:/JeongJongMin_12/workspace_bramW5500/bramW5500Top/hw/bramW5500Top.xsa
TRACE::2026-06-08.11:27:28::SCWPlatform::DSA directory D:/JeongJongMin_12/workspace_bramW5500/bramW5500Top/hw
TRACE::2026-06-08.11:27:28::SCWPlatform:: Platform Path D:/JeongJongMin_12/workspace_bramW5500/bramW5500Top/hw/bramW5500Top.xsa
TRACE::2026-06-08.11:27:28::SCWPlatform:: Unique name xilinx:::0.0
TRACE::2026-06-08.11:27:28::SCWPlatform::Trying to set the existing hwdb with name bramW5500Top_0
TRACE::2026-06-08.11:27:28::SCWPlatform::Opened existing hwdb bramW5500Top_0
TRACE::2026-06-08.11:27:28::SCWPlatform::Found the Hw Db part of the input DSA
TRACE::2026-06-08.11:27:28::SCWMssOS::Checking the sw design at  D:/JeongJongMin_12/workspace_bramW5500/bramW5500Top/microblaze_0/standalone_microblaze_0/bsp/system.mss
TRACE::2026-06-08.11:27:28::SCWMssOS::DEBUG:  swdes dump  D:/JeongJongMin_12/workspace_bramW5500/bramW5500Top/microblaze_0/standalone_microblaze_0/bsp/system.mss|system||

TRACE::2026-06-08.11:27:28::SCWMssOS::Sw design exists and opened at  D:/JeongJongMin_12/workspace_bramW5500/bramW5500Top/microblaze_0/standalone_microblaze_0/bsp/system.mss
TRACE::2026-06-08.11:27:28::SCWMssOS::Completed writing the mss file at D:/JeongJongMin_12/workspace_bramW5500/bramW5500Top/microblaze_0/standalone_microblaze_0/bsp
TRACE::2026-06-08.11:27:28::SCWMssOS::Mss edits present, copying mssfile into export location D:/JeongJongMin_12/workspace_bramW5500/bramW5500Top/microblaze_0/standalone_microblaze_0/bsp/system.mss
TRACE::2026-06-08.11:27:28::SCWMssOS::bsp generated is upto date with the mss file. Skipping bsp generation.
TRACE::2026-06-08.11:27:28::SCWMssOS::BSP is already built. skipping the bsp build ... 
TRACE::2026-06-08.11:27:28::SCWDomain::Building the domain as part of full build :  standalone_microblaze_0
TRACE::2026-06-08.11:27:28::SCWMssOS::skipping the bsp build ... 
TRACE::2026-06-08.11:27:28::SCWMssOS::Copying to export directory.
TRACE::2026-06-08.11:27:28::SCWMssOS:: Checking if to create the Supporting Applications
TRACE::2026-06-08.11:27:28::SCWMssOS:: No Linux domain exists, trying to generate FSBL 
LOG::2026-06-08.11:27:28::SCWSystem::Completed Processing the domain standalone_microblaze_0
LOG::2026-06-08.11:27:28::SCWSystem::Completed Processing the sysconfig bramW5500Top
LOG::2026-06-08.11:27:28::SCWPlatform::Completed generating the artifacts for system configuration bramW5500Top
TRACE::2026-06-08.11:27:28::SCWPlatform::Started preparing the platform 
TRACE::2026-06-08.11:27:28::SCWSystem::Writing the bif file for system config bramW5500Top
TRACE::2026-06-08.11:27:28::SCWSystem::dir created 
TRACE::2026-06-08.11:27:28::SCWSystem::Writing the bif 
TRACE::2026-06-08.11:27:28::SCWPlatform::Started writing the spfm file 
TRACE::2026-06-08.11:27:28::SCWPlatform::Started writing the xpfm file 
TRACE::2026-06-08.11:27:28::SCWPlatform::Completed generating the platform
TRACE::2026-06-08.11:27:28::SCWMssOS::Saving the mss changes D:/JeongJongMin_12/workspace_bramW5500/bramW5500Top/microblaze_0/standalone_microblaze_0/bsp/system.mss
TRACE::2026-06-08.11:27:28::SCWMssOS::Found a swdesign opened with the mssfile.
TRACE::2026-06-08.11:27:28::SCWMssOS::Completed writemss as part of save.
TRACE::2026-06-08.11:27:28::SCWMssOS::Commit changes completed.
TRACE::2026-06-08.11:27:28::SCWPlatform::Trying to open the hw design at D:/JeongJongMin_12/workspace_bramW5500/bramW5500Top/hw/bramW5500Top.xsa
TRACE::2026-06-08.11:27:28::SCWPlatform::DSA given D:/JeongJongMin_12/workspace_bramW5500/bramW5500Top/hw/bramW5500Top.xsa
TRACE::2026-06-08.11:27:28::SCWPlatform::DSA absoulate path D:/JeongJongMin_12/workspace_bramW5500/bramW5500Top/hw/bramW5500Top.xsa
TRACE::2026-06-08.11:27:28::SCWPlatform::DSA directory D:/JeongJongMin_12/workspace_bramW5500/bramW5500Top/hw
TRACE::2026-06-08.11:27:28::SCWPlatform:: Platform Path D:/JeongJongMin_12/workspace_bramW5500/bramW5500Top/hw/bramW5500Top.xsa
TRACE::2026-06-08.11:27:28::SCWPlatform:: Unique name xilinx:::0.0
TRACE::2026-06-08.11:27:28::SCWPlatform::Trying to set the existing hwdb with name bramW5500Top_0
TRACE::2026-06-08.11:27:28::SCWPlatform::Opened existing hwdb bramW5500Top_0
TRACE::2026-06-08.11:27:28::SCWPlatform::Found the Hw Db part of the input DSA
TRACE::2026-06-08.11:27:28::SCWMssOS::Checking the sw design at  D:/JeongJongMin_12/workspace_bramW5500/bramW5500Top/microblaze_0/standalone_microblaze_0/bsp/system.mss
TRACE::2026-06-08.11:27:28::SCWMssOS::DEBUG:  swdes dump  D:/JeongJongMin_12/workspace_bramW5500/bramW5500Top/microblaze_0/standalone_microblaze_0/bsp/system.mss|system||

TRACE::2026-06-08.11:27:28::SCWMssOS::Sw design exists and opened at  D:/JeongJongMin_12/workspace_bramW5500/bramW5500Top/microblaze_0/standalone_microblaze_0/bsp/system.mss
TRACE::2026-06-08.11:27:28::SCWPlatform::Trying to open the hw design at D:/JeongJongMin_12/workspace_bramW5500/bramW5500Top/hw/bramW5500Top.xsa
TRACE::2026-06-08.11:27:28::SCWPlatform::DSA given D:/JeongJongMin_12/workspace_bramW5500/bramW5500Top/hw/bramW5500Top.xsa
TRACE::2026-06-08.11:27:28::SCWPlatform::DSA absoulate path D:/JeongJongMin_12/workspace_bramW5500/bramW5500Top/hw/bramW5500Top.xsa
TRACE::2026-06-08.11:27:28::SCWPlatform::DSA directory D:/JeongJongMin_12/workspace_bramW5500/bramW5500Top/hw
TRACE::2026-06-08.11:27:28::SCWPlatform:: Platform Path D:/JeongJongMin_12/workspace_bramW5500/bramW5500Top/hw/bramW5500Top.xsa
TRACE::2026-06-08.11:27:28::SCWPlatform:: Unique name xilinx:::0.0
TRACE::2026-06-08.11:27:28::SCWPlatform::Trying to set the existing hwdb with name bramW5500Top_0
TRACE::2026-06-08.11:27:28::SCWPlatform::Opened existing hwdb bramW5500Top_0
TRACE::2026-06-08.11:27:28::SCWPlatform::Found the Hw Db part of the input DSA
TRACE::2026-06-08.11:27:28::SCWMssOS::Checking the sw design at  D:/JeongJongMin_12/workspace_bramW5500/bramW5500Top/microblaze_0/standalone_microblaze_0/bsp/system.mss
TRACE::2026-06-08.11:27:28::SCWMssOS::DEBUG:  swdes dump  D:/JeongJongMin_12/workspace_bramW5500/bramW5500Top/microblaze_0/standalone_microblaze_0/bsp/system.mss|system||

TRACE::2026-06-08.11:27:28::SCWMssOS::Sw design exists and opened at  D:/JeongJongMin_12/workspace_bramW5500/bramW5500Top/microblaze_0/standalone_microblaze_0/bsp/system.mss
TRACE::2026-06-08.11:27:28::SCWPlatform::Trying to open the hw design at D:/JeongJongMin_12/workspace_bramW5500/bramW5500Top/hw/bramW5500Top.xsa
TRACE::2026-06-08.11:27:28::SCWPlatform::DSA given D:/JeongJongMin_12/workspace_bramW5500/bramW5500Top/hw/bramW5500Top.xsa
TRACE::2026-06-08.11:27:28::SCWPlatform::DSA absoulate path D:/JeongJongMin_12/workspace_bramW5500/bramW5500Top/hw/bramW5500Top.xsa
TRACE::2026-06-08.11:27:28::SCWPlatform::DSA directory D:/JeongJongMin_12/workspace_bramW5500/bramW5500Top/hw
TRACE::2026-06-08.11:27:28::SCWPlatform:: Platform Path D:/JeongJongMin_12/workspace_bramW5500/bramW5500Top/hw/bramW5500Top.xsa
TRACE::2026-06-08.11:27:28::SCWPlatform:: Unique name xilinx:::0.0
TRACE::2026-06-08.11:27:28::SCWPlatform::Trying to set the existing hwdb with name bramW5500Top_0
TRACE::2026-06-08.11:27:28::SCWPlatform::Opened existing hwdb bramW5500Top_0
TRACE::2026-06-08.11:27:28::SCWPlatform::Found the Hw Db part of the input DSA
TRACE::2026-06-08.11:27:28::SCWMssOS::Checking the sw design at  D:/JeongJongMin_12/workspace_bramW5500/bramW5500Top/microblaze_0/standalone_microblaze_0/bsp/system.mss
TRACE::2026-06-08.11:27:28::SCWMssOS::DEBUG:  swdes dump  D:/JeongJongMin_12/workspace_bramW5500/bramW5500Top/microblaze_0/standalone_microblaze_0/bsp/system.mss|system||

TRACE::2026-06-08.11:27:28::SCWMssOS::Sw design exists and opened at  D:/JeongJongMin_12/workspace_bramW5500/bramW5500Top/microblaze_0/standalone_microblaze_0/bsp/system.mss
TRACE::2026-06-08.11:27:28::SCWWriter::formatted JSON is {
	"platformName":	"bramW5500Top",
	"sprVersion":	"2.0",
	"mode":	"gui",
	"dsaType":	"Fixed",
	"platformDesc":	"bramW5500Top",
	"platHandOff":	"D:/JeongJongMin_12/bramW5500Top.xsa",
	"platIntHandOff":	"<platformDir>/hw/bramW5500Top.xsa",
	"deviceType":	"FPGA",
	"platIsPrebuiltAutogen":	"false",
	"platIsNoBootBsp":	"false",
	"hasFsblMakeHasChanges":	"false",
	"hasPmufwMakeHasChanges":	"false",
	"platPreBuiltFlag":	false,
	"platformSamplesDir":	"",
	"platActiveSys":	"bramW5500Top",
	"systems":	[{
			"systemName":	"bramW5500Top",
			"systemDesc":	"bramW5500Top",
			"sysIsBootAutoGen":	"true",
			"systemDispName":	"bramW5500Top",
			"sysActiveDom":	"standalone_microblaze_0",
			"sysDefaultDom":	"standalone_microblaze_0",
			"domains":	[{
					"domainName":	"standalone_microblaze_0",
					"domainDispName":	"standalone_microblaze_0",
					"domainDesc":	"standalone_microblaze_0",
					"processors":	"microblaze_0",
					"os":	"standalone",
					"sdxOs":	"standalone",
					"debugEnable":	"False",
					"domRuntimes":	["cpp"],
					"swRepo":	"",
					"mssOsVer":	"8.1",
					"mssFile":	"",
					"md5Digest":	"2387726c7969e4016a1fc62dc46e34ae",
					"compatibleApp":	"hello_world",
					"domType":	"mssDomain",
					"arch":	"32-bit",
					"appSettings":	{
						"appCompilerFlags":	"",
						"appLinkerFlags":	""
					},
					"addedLibs":	[],
					"libOptions":	{
						"libsContainingOptions":	[]
					},
					"prebuiltLibs":	{
						"prebuiltIncPath":	[],
						"prebuiltLibPath":	[]
					},
					"isolation":	{
					}
				}]
		}]
}
KEYINFO::2026-06-08.11:27:28::SCWPlatform::updated the xpfm file.
LOG::2026-06-08.11:28:56::SCWPlatform::Started generating the artifacts platform bramW5500Top
TRACE::2026-06-08.11:28:56::SCWPlatform::Sanity checking of platform is completed
LOG::2026-06-08.11:28:56::SCWPlatform::Started generating the artifacts for system configuration bramW5500Top
LOG::2026-06-08.11:28:56::SCWSystem::Checking the domain standalone_microblaze_0
LOG::2026-06-08.11:28:56::SCWSystem::Not a boot domain 
LOG::2026-06-08.11:28:56::SCWSystem::Started Processing the domain standalone_microblaze_0
TRACE::2026-06-08.11:28:56::SCWDomain::Generating domain artifcats
TRACE::2026-06-08.11:28:56::SCWMssOS::Generating standalone artifcats
TRACE::2026-06-08.11:28:56::SCWMssOS:: Copying the user libraries. 
TRACE::2026-06-08.11:28:56::SCWPlatform::Trying to open the hw design at D:/JeongJongMin_12/workspace_bramW5500/bramW5500Top/hw/bramW5500Top.xsa
TRACE::2026-06-08.11:28:56::SCWPlatform::DSA given D:/JeongJongMin_12/workspace_bramW5500/bramW5500Top/hw/bramW5500Top.xsa
TRACE::2026-06-08.11:28:56::SCWPlatform::DSA absoulate path D:/JeongJongMin_12/workspace_bramW5500/bramW5500Top/hw/bramW5500Top.xsa
TRACE::2026-06-08.11:28:56::SCWPlatform::DSA directory D:/JeongJongMin_12/workspace_bramW5500/bramW5500Top/hw
TRACE::2026-06-08.11:28:56::SCWPlatform:: Platform Path D:/JeongJongMin_12/workspace_bramW5500/bramW5500Top/hw/bramW5500Top.xsa
TRACE::2026-06-08.11:28:56::SCWPlatform:: Unique name xilinx:::0.0
TRACE::2026-06-08.11:28:56::SCWPlatform::Trying to set the existing hwdb with name bramW5500Top_0
TRACE::2026-06-08.11:28:56::SCWPlatform::Opened existing hwdb bramW5500Top_0
TRACE::2026-06-08.11:28:56::SCWPlatform::Found the Hw Db part of the input DSA
TRACE::2026-06-08.11:28:56::SCWMssOS::Checking the sw design at  D:/JeongJongMin_12/workspace_bramW5500/bramW5500Top/microblaze_0/standalone_microblaze_0/bsp/system.mss
TRACE::2026-06-08.11:28:56::SCWMssOS::DEBUG:  swdes dump  D:/JeongJongMin_12/workspace_bramW5500/bramW5500Top/microblaze_0/standalone_microblaze_0/bsp/system.mss|system||

TRACE::2026-06-08.11:28:56::SCWMssOS::Sw design exists and opened at  D:/JeongJongMin_12/workspace_bramW5500/bramW5500Top/microblaze_0/standalone_microblaze_0/bsp/system.mss
TRACE::2026-06-08.11:28:56::SCWMssOS::Completed writing the mss file at D:/JeongJongMin_12/workspace_bramW5500/bramW5500Top/microblaze_0/standalone_microblaze_0/bsp
TRACE::2026-06-08.11:28:56::SCWMssOS::Mss edits present, copying mssfile into export location D:/JeongJongMin_12/workspace_bramW5500/bramW5500Top/microblaze_0/standalone_microblaze_0/bsp/system.mss
TRACE::2026-06-08.11:28:56::SCWMssOS::bsp generated is upto date with the mss file. Skipping bsp generation.
TRACE::2026-06-08.11:28:56::SCWMssOS::BSP is already built. skipping the bsp build ... 
TRACE::2026-06-08.11:28:56::SCWDomain::Building the domain as part of full build :  standalone_microblaze_0
TRACE::2026-06-08.11:28:56::SCWMssOS::doing bsp build ... 
TRACE::2026-06-08.11:28:56::SCWMssOS::System Command Ran  D: & cd  D:/JeongJongMin_12/workspace_bramW5500/bramW5500Top/microblaze_0/standalone_microblaze_0/bsp & make 
TRACE::2026-06-08.11:28:57::SCWMssOS::make --no-print-directory seq_libs

TRACE::2026-06-08.11:28:57::SCWMssOS::'Finished building libraries sequentially.'

TRACE::2026-06-08.11:28:57::SCWMssOS::make -j 18 --no-print-directory par_libs

TRACE::2026-06-08.11:28:57::SCWMssOS::"Running Make include in microblaze_0/libsrc/bram_v4_8/src"

TRACE::2026-06-08.11:28:57::SCWMssOS::make -C microblaze_0/libsrc/bram_v4_8/src -s include  "SHELL=CMD" "COMPILER=mb-gcc" "ASSEMBLER=mb-as" "ARCHIVER=mb-ar" "COMPILE
TRACE::2026-06-08.11:28:57::SCWMssOS::R_FLAGS=  -O2 -c -mcpu=v11.0 -mlittle-endian -mxl-soft-mul" "EXTRA_COMPILER_FLAGS=-g -ffunction-sections -fdata-sections -Wall 
TRACE::2026-06-08.11:28:57::SCWMssOS::-Wextra -fno-tree-loop-distribute-patterns"

TRACE::2026-06-08.11:28:57::SCWMssOS::"Running Make include in microblaze_0/libsrc/cpu_v2_17/src"

TRACE::2026-06-08.11:28:57::SCWMssOS::make -C microblaze_0/libsrc/cpu_v2_17/src -s include  "SHELL=CMD" "COMPILER=mb-gcc" "ASSEMBLER=mb-as" "ARCHIVER=mb-ar" "COMPILE
TRACE::2026-06-08.11:28:57::SCWMssOS::R_FLAGS=  -O2 -c -mcpu=v11.0 -mlittle-endian -mxl-soft-mul" "EXTRA_COMPILER_FLAGS=-g -ffunction-sections -fdata-sections -Wall 
TRACE::2026-06-08.11:28:57::SCWMssOS::-Wextra -fno-tree-loop-distribute-patterns"

TRACE::2026-06-08.11:28:57::SCWMssOS::"Running Make include in microblaze_0/libsrc/gpio_v4_9/src"

TRACE::2026-06-08.11:28:57::SCWMssOS::make -C microblaze_0/libsrc/gpio_v4_9/src -s include  "SHELL=CMD" "COMPILER=mb-gcc" "ASSEMBLER=mb-as" "ARCHIVER=mb-ar" "COMPILE
TRACE::2026-06-08.11:28:57::SCWMssOS::R_FLAGS=  -O2 -c -mcpu=v11.0 -mlittle-endian -mxl-soft-mul" "EXTRA_COMPILER_FLAGS=-g -ffunction-sections -fdata-sections -Wall 
TRACE::2026-06-08.11:28:57::SCWMssOS::-Wextra -fno-tree-loop-distribute-patterns"

TRACE::2026-06-08.11:28:57::SCWMssOS::"Running Make include in microblaze_0/libsrc/intc_v3_16/src"

TRACE::2026-06-08.11:28:57::SCWMssOS::make -C microblaze_0/libsrc/intc_v3_16/src -s include  "SHELL=CMD" "COMPILER=mb-gcc" "ASSEMBLER=mb-as" "ARCHIVER=mb-ar" "COMPIL
TRACE::2026-06-08.11:28:57::SCWMssOS::ER_FLAGS=  -O2 -c -mcpu=v11.0 -mlittle-endian -mxl-soft-mul" "EXTRA_COMPILER_FLAGS=-g -ffunction-sections -fdata-sections -Wall
TRACE::2026-06-08.11:28:57::SCWMssOS:: -Wextra -fno-tree-loop-distribute-patterns"

TRACE::2026-06-08.11:28:57::SCWMssOS::"Running Make include in microblaze_0/libsrc/standalone_v8_1/src"

TRACE::2026-06-08.11:28:57::SCWMssOS::make -C microblaze_0/libsrc/standalone_v8_1/src -s include  "SHELL=CMD" "COMPILER=mb-gcc" "ASSEMBLER=mb-as" "ARCHIVER=mb-ar" "C
TRACE::2026-06-08.11:28:57::SCWMssOS::OMPILER_FLAGS=  -O2 -c -mcpu=v11.0 -mlittle-endian -mxl-soft-mul" "EXTRA_COMPILER_FLAGS=-g -ffunction-sections -fdata-sections 
TRACE::2026-06-08.11:28:57::SCWMssOS::-Wall -Wextra -fno-tree-loop-distribute-patterns"

TRACE::2026-06-08.11:28:57::SCWMssOS::"Running Make include in microblaze_0/libsrc/uartlite_v3_8/src"

TRACE::2026-06-08.11:28:57::SCWMssOS::make -C microblaze_0/libsrc/uartlite_v3_8/src -s include  "SHELL=CMD" "COMPILER=mb-gcc" "ASSEMBLER=mb-as" "ARCHIVER=mb-ar" "COM
TRACE::2026-06-08.11:28:57::SCWMssOS::PILER_FLAGS=  -O2 -c -mcpu=v11.0 -mlittle-endian -mxl-soft-mul" "EXTRA_COMPILER_FLAGS=-g -ffunction-sections -fdata-sections -W
TRACE::2026-06-08.11:28:57::SCWMssOS::all -Wextra -fno-tree-loop-distribute-patterns"

TRACE::2026-06-08.11:28:57::SCWMssOS::"Running Make libs in microblaze_0/libsrc/bram_v4_8/src"

TRACE::2026-06-08.11:28:57::SCWMssOS::make -C microblaze_0/libsrc/bram_v4_8/src -s libs  "SHELL=CMD" "COMPILER=mb-gcc" "ASSEMBLER=mb-as" "ARCHIVER=mb-ar" "COMPILER_F
TRACE::2026-06-08.11:28:57::SCWMssOS::LAGS=  -O2 -c -mcpu=v11.0 -mlittle-endian -mxl-soft-mul" "EXTRA_COMPILER_FLAGS=-g -ffunction-sections -fdata-sections -Wall -We
TRACE::2026-06-08.11:28:57::SCWMssOS::xtra -fno-tree-loop-distribute-patterns"

TRACE::2026-06-08.11:28:57::SCWMssOS::"Running Make libs in microblaze_0/libsrc/cpu_v2_17/src"

TRACE::2026-06-08.11:28:57::SCWMssOS::make -C microblaze_0/libsrc/cpu_v2_17/src -s libs  "SHELL=CMD" "COMPILER=mb-gcc" "ASSEMBLER=mb-as" "ARCHIVER=mb-ar" "COMPILER_F
TRACE::2026-06-08.11:28:57::SCWMssOS::LAGS=  -O2 -c -mcpu=v11.0 -mlittle-endian -mxl-soft-mul" "EXTRA_COMPILER_FLAGS=-g -ffunction-sections -fdata-sections -Wall -We
TRACE::2026-06-08.11:28:57::SCWMssOS::xtra -fno-tree-loop-distribute-patterns"

TRACE::2026-06-08.11:28:57::SCWMssOS::"Running Make libs in microblaze_0/libsrc/gpio_v4_9/src"

TRACE::2026-06-08.11:28:57::SCWMssOS::make -C microblaze_0/libsrc/gpio_v4_9/src -s libs  "SHELL=CMD" "COMPILER=mb-gcc" "ASSEMBLER=mb-as" "ARCHIVER=mb-ar" "COMPILER_F
TRACE::2026-06-08.11:28:57::SCWMssOS::LAGS=  -O2 -c -mcpu=v11.0 -mlittle-endian -mxl-soft-mul" "EXTRA_COMPILER_FLAGS=-g -ffunction-sections -fdata-sections -Wall -We
TRACE::2026-06-08.11:28:57::SCWMssOS::xtra -fno-tree-loop-distribute-patterns"

TRACE::2026-06-08.11:28:57::SCWMssOS::"Running Make libs in microblaze_0/libsrc/intc_v3_16/src"

TRACE::2026-06-08.11:28:57::SCWMssOS::make -C microblaze_0/libsrc/intc_v3_16/src -s libs  "SHELL=CMD" "COMPILER=mb-gcc" "ASSEMBLER=mb-as" "ARCHIVER=mb-ar" "COMPILER_
TRACE::2026-06-08.11:28:57::SCWMssOS::FLAGS=  -O2 -c -mcpu=v11.0 -mlittle-endian -mxl-soft-mul" "EXTRA_COMPILER_FLAGS=-g -ffunction-sections -fdata-sections -Wall -W
TRACE::2026-06-08.11:28:57::SCWMssOS::extra -fno-tree-loop-distribute-patterns"

TRACE::2026-06-08.11:28:57::SCWMssOS::"Running Make libs in microblaze_0/libsrc/standalone_v8_1/src"

TRACE::2026-06-08.11:28:57::SCWMssOS::make -C microblaze_0/libsrc/standalone_v8_1/src -s libs  "SHELL=CMD" "COMPILER=mb-gcc" "ASSEMBLER=mb-as" "ARCHIVER=mb-ar" "COMP
TRACE::2026-06-08.11:28:57::SCWMssOS::ILER_FLAGS=  -O2 -c -mcpu=v11.0 -mlittle-endian -mxl-soft-mul" "EXTRA_COMPILER_FLAGS=-g -ffunction-sections -fdata-sections -Wa
TRACE::2026-06-08.11:28:57::SCWMssOS::ll -Wextra -fno-tree-loop-distribute-patterns"

TRACE::2026-06-08.11:28:57::SCWMssOS::"Running Make libs in microblaze_0/libsrc/uartlite_v3_8/src"

TRACE::2026-06-08.11:28:57::SCWMssOS::make -C microblaze_0/libsrc/uartlite_v3_8/src -s libs  "SHELL=CMD" "COMPILER=mb-gcc" "ASSEMBLER=mb-as" "ARCHIVER=mb-ar" "COMPIL
TRACE::2026-06-08.11:28:57::SCWMssOS::ER_FLAGS=  -O2 -c -mcpu=v11.0 -mlittle-endian -mxl-soft-mul" "EXTRA_COMPILER_FLAGS=-g -ffunction-sections -fdata-sections -Wall
TRACE::2026-06-08.11:28:57::SCWMssOS:: -Wextra -fno-tree-loop-distribute-patterns"

TRACE::2026-06-08.11:28:58::SCWMssOS::"DEBUG NON_LTO_OBJECTS is ../../../lib/microblaze_interrupt_handler.o"

TRACE::2026-06-08.11:28:58::SCWMssOS::'Finished building libraries parallelly.'

TRACE::2026-06-08.11:28:58::SCWMssOS::make --no-print-directory archive

TRACE::2026-06-08.11:28:58::SCWMssOS::mb-ar -r  microblaze_0/lib/libxil.a microblaze_0/lib/_exit.o microblaze_0/lib/errno.o microblaze_0/lib/fcntl.o microblaze_0/lib
TRACE::2026-06-08.11:28:58::SCWMssOS::/hw_exception_handler.o microblaze_0/lib/inbyte.o microblaze_0/lib/microblaze_disable_dcache.o microblaze_0/lib/microblaze_disa
TRACE::2026-06-08.11:28:58::SCWMssOS::ble_exceptions.o microblaze_0/lib/microblaze_disable_icache.o microblaze_0/lib/microblaze_disable_interrupts.o microblaze_0/lib
TRACE::2026-06-08.11:28:58::SCWMssOS::/microblaze_enable_dcache.o microblaze_0/lib/microblaze_enable_exceptions.o microblaze_0/lib/microblaze_enable_icache.o microbl
TRACE::2026-06-08.11:28:58::SCWMssOS::aze_0/lib/microblaze_enable_interrupts.o microblaze_0/lib/microblaze_exception_handler.o microblaze_0/lib/microblaze_flush_cach
TRACE::2026-06-08.11:28:58::SCWMssOS::e_ext.o microblaze_0/lib/microblaze_flush_cache_ext_range.o microblaze_0/lib/microblaze_flush_dcache.o microblaze_0/lib/microbl
TRACE::2026-06-08.11:28:58::SCWMssOS::aze_flush_dcache_range.o microblaze_0/lib/microblaze_init_dcache_range.o microblaze_0/lib/microblaze_init_icache_range.o microb
TRACE::2026-06-08.11:28:58::SCWMssOS::laze_0/lib/microblaze_interrupt_handler.o microblaze_0/lib/microblaze_interrupts_g.o microblaze_0/lib/microblaze_invalidate_cac
TRACE::2026-06-08.11:28:58::SCWMssOS::he_ext.o microblaze_0/lib/microblaze_invalidate_cache_ext_range.o microblaze_0/lib/microblaze_invalidate_dcache.o microblaze_0/
TRACE::2026-06-08.11:28:58::SCWMssOS::lib/microblaze_invalidate_dcache_range.o microblaze_0/lib/microblaze_invalidate_icache.o microblaze_0/lib/microblaze_invalidate
TRACE::2026-06-08.11:28:58::SCWMssOS::_icache_range.o microblaze_0/lib/microblaze_scrub.o microblaze_0/lib/microblaze_selftest.o microblaze_0/lib/microblaze_sleep.o 
TRACE::2026-06-08.11:28:58::SCWMssOS::microblaze_0/lib/microblaze_update_dcache.o microblaze_0/lib/microblaze_update_icache.o microblaze_0/lib/outbyte.o microblaze_0
TRACE::2026-06-08.11:28:58::SCWMssOS::/lib/print.o microblaze_0/lib/pvr.o microblaze_0/lib/xbram.o microblaze_0/lib/xbram_g.o microblaze_0/lib/xbram_intr.o microblaz
TRACE::2026-06-08.11:28:58::SCWMssOS::e_0/lib/xbram_selftest.o microblaze_0/lib/xbram_sinit.o microblaze_0/lib/xgpio.o microblaze_0/lib/xgpio_extra.o microblaze_0/li
TRACE::2026-06-08.11:28:58::SCWMssOS::b/xgpio_g.o microblaze_0/lib/xgpio_intr.o microblaze_0/lib/xgpio_selftest.o microblaze_0/lib/xgpio_sinit.o microblaze_0/lib/xil
TRACE::2026-06-08.11:28:58::SCWMssOS::_assert.o microblaze_0/lib/xil_cache.o microblaze_0/lib/xil_clocking.o microblaze_0/lib/xil_exception.o microblaze_0/lib/xil_me
TRACE::2026-06-08.11:28:58::SCWMssOS::m.o microblaze_0/lib/xil_misc_psreset_api.o microblaze_0/lib/xil_printf.o microblaze_0/lib/xil_sleepcommon.o microblaze_0/lib/x
TRACE::2026-06-08.11:28:58::SCWMssOS::il_testcache.o microblaze_0/lib/xil_testio.o microblaze_0/lib/xil_testmem.o microblaze_0/lib/xil_util.o microblaze_0/lib/xintc.
TRACE::2026-06-08.11:28:58::SCWMssOS::o microblaze_0/lib/xintc_g.o microblaze_0/lib/xintc_intr.o microblaze_0/lib/xintc_l.o microblaze_0/lib/xintc_options.o microbla
TRACE::2026-06-08.11:28:58::SCWMssOS::ze_0/lib/xintc_selftest.o microblaze_0/lib/xinterrupt_wrap.o microblaze_0/lib/xio.o microblaze_0/lib/xplatform_info.o microblaz
TRACE::2026-06-08.11:28:58::SCWMssOS::e_0/lib/xuartlite.o microblaze_0/lib/xuartlite_g.o microblaze_0/lib/xuartlite_intr.o microblaze_0/lib/xuartlite_l.o microblaze_
TRACE::2026-06-08.11:28:58::SCWMssOS::0/lib/xuartlite_selftest.o microblaze_0/lib/xuartlite_sinit.o microblaze_0/lib/xuartlite_stats.o

TRACE::2026-06-08.11:28:58::SCWMssOS::'Finished building libraries'

TRACE::2026-06-08.11:28:58::SCWMssOS::Copying to export directory.
TRACE::2026-06-08.11:28:58::SCWMssOS:: Checking if to create the Supporting Applications
TRACE::2026-06-08.11:28:58::SCWMssOS:: No Linux domain exists, trying to generate FSBL 
LOG::2026-06-08.11:28:58::SCWSystem::Completed Processing the domain standalone_microblaze_0
LOG::2026-06-08.11:28:58::SCWSystem::Completed Processing the sysconfig bramW5500Top
LOG::2026-06-08.11:28:58::SCWPlatform::Completed generating the artifacts for system configuration bramW5500Top
TRACE::2026-06-08.11:28:58::SCWPlatform::Started preparing the platform 
TRACE::2026-06-08.11:28:58::SCWSystem::Writing the bif file for system config bramW5500Top
TRACE::2026-06-08.11:28:58::SCWSystem::dir created 
TRACE::2026-06-08.11:28:58::SCWSystem::Writing the bif 
TRACE::2026-06-08.11:28:58::SCWPlatform::Started writing the spfm file 
TRACE::2026-06-08.11:28:58::SCWPlatform::Started writing the xpfm file 
TRACE::2026-06-08.11:28:58::SCWPlatform::Completed generating the platform
TRACE::2026-06-08.11:28:58::SCWMssOS::Saving the mss changes D:/JeongJongMin_12/workspace_bramW5500/bramW5500Top/microblaze_0/standalone_microblaze_0/bsp/system.mss
TRACE::2026-06-08.11:28:58::SCWMssOS::Found a swdesign opened with the mssfile.
TRACE::2026-06-08.11:28:58::SCWMssOS::Completed writemss as part of save.
TRACE::2026-06-08.11:28:58::SCWMssOS::Commit changes completed.
TRACE::2026-06-08.11:28:58::SCWPlatform::Trying to open the hw design at D:/JeongJongMin_12/workspace_bramW5500/bramW5500Top/hw/bramW5500Top.xsa
TRACE::2026-06-08.11:28:58::SCWPlatform::DSA given D:/JeongJongMin_12/workspace_bramW5500/bramW5500Top/hw/bramW5500Top.xsa
TRACE::2026-06-08.11:28:58::SCWPlatform::DSA absoulate path D:/JeongJongMin_12/workspace_bramW5500/bramW5500Top/hw/bramW5500Top.xsa
TRACE::2026-06-08.11:28:58::SCWPlatform::DSA directory D:/JeongJongMin_12/workspace_bramW5500/bramW5500Top/hw
TRACE::2026-06-08.11:28:58::SCWPlatform:: Platform Path D:/JeongJongMin_12/workspace_bramW5500/bramW5500Top/hw/bramW5500Top.xsa
TRACE::2026-06-08.11:28:58::SCWPlatform:: Unique name xilinx:::0.0
TRACE::2026-06-08.11:28:58::SCWPlatform::Trying to set the existing hwdb with name bramW5500Top_0
TRACE::2026-06-08.11:28:58::SCWPlatform::Opened existing hwdb bramW5500Top_0
TRACE::2026-06-08.11:28:58::SCWPlatform::Found the Hw Db part of the input DSA
TRACE::2026-06-08.11:28:58::SCWMssOS::Checking the sw design at  D:/JeongJongMin_12/workspace_bramW5500/bramW5500Top/microblaze_0/standalone_microblaze_0/bsp/system.mss
TRACE::2026-06-08.11:28:58::SCWMssOS::DEBUG:  swdes dump  D:/JeongJongMin_12/workspace_bramW5500/bramW5500Top/microblaze_0/standalone_microblaze_0/bsp/system.mss|system||

TRACE::2026-06-08.11:28:58::SCWMssOS::Sw design exists and opened at  D:/JeongJongMin_12/workspace_bramW5500/bramW5500Top/microblaze_0/standalone_microblaze_0/bsp/system.mss
TRACE::2026-06-08.11:28:58::SCWPlatform::Trying to open the hw design at D:/JeongJongMin_12/workspace_bramW5500/bramW5500Top/hw/bramW5500Top.xsa
TRACE::2026-06-08.11:28:58::SCWPlatform::DSA given D:/JeongJongMin_12/workspace_bramW5500/bramW5500Top/hw/bramW5500Top.xsa
TRACE::2026-06-08.11:28:58::SCWPlatform::DSA absoulate path D:/JeongJongMin_12/workspace_bramW5500/bramW5500Top/hw/bramW5500Top.xsa
TRACE::2026-06-08.11:28:58::SCWPlatform::DSA directory D:/JeongJongMin_12/workspace_bramW5500/bramW5500Top/hw
TRACE::2026-06-08.11:28:58::SCWPlatform:: Platform Path D:/JeongJongMin_12/workspace_bramW5500/bramW5500Top/hw/bramW5500Top.xsa
TRACE::2026-06-08.11:28:58::SCWPlatform:: Unique name xilinx:::0.0
TRACE::2026-06-08.11:28:58::SCWPlatform::Trying to set the existing hwdb with name bramW5500Top_0
TRACE::2026-06-08.11:28:58::SCWPlatform::Opened existing hwdb bramW5500Top_0
TRACE::2026-06-08.11:28:58::SCWPlatform::Found the Hw Db part of the input DSA
TRACE::2026-06-08.11:28:58::SCWMssOS::Checking the sw design at  D:/JeongJongMin_12/workspace_bramW5500/bramW5500Top/microblaze_0/standalone_microblaze_0/bsp/system.mss
TRACE::2026-06-08.11:28:58::SCWMssOS::DEBUG:  swdes dump  D:/JeongJongMin_12/workspace_bramW5500/bramW5500Top/microblaze_0/standalone_microblaze_0/bsp/system.mss|system||

TRACE::2026-06-08.11:28:58::SCWMssOS::Sw design exists and opened at  D:/JeongJongMin_12/workspace_bramW5500/bramW5500Top/microblaze_0/standalone_microblaze_0/bsp/system.mss
TRACE::2026-06-08.11:28:58::SCWPlatform::Trying to open the hw design at D:/JeongJongMin_12/workspace_bramW5500/bramW5500Top/hw/bramW5500Top.xsa
TRACE::2026-06-08.11:28:58::SCWPlatform::DSA given D:/JeongJongMin_12/workspace_bramW5500/bramW5500Top/hw/bramW5500Top.xsa
TRACE::2026-06-08.11:28:58::SCWPlatform::DSA absoulate path D:/JeongJongMin_12/workspace_bramW5500/bramW5500Top/hw/bramW5500Top.xsa
TRACE::2026-06-08.11:28:58::SCWPlatform::DSA directory D:/JeongJongMin_12/workspace_bramW5500/bramW5500Top/hw
TRACE::2026-06-08.11:28:58::SCWPlatform:: Platform Path D:/JeongJongMin_12/workspace_bramW5500/bramW5500Top/hw/bramW5500Top.xsa
TRACE::2026-06-08.11:28:58::SCWPlatform:: Unique name xilinx:::0.0
TRACE::2026-06-08.11:28:58::SCWPlatform::Trying to set the existing hwdb with name bramW5500Top_0
TRACE::2026-06-08.11:28:58::SCWPlatform::Opened existing hwdb bramW5500Top_0
TRACE::2026-06-08.11:28:58::SCWPlatform::Found the Hw Db part of the input DSA
TRACE::2026-06-08.11:28:58::SCWMssOS::Checking the sw design at  D:/JeongJongMin_12/workspace_bramW5500/bramW5500Top/microblaze_0/standalone_microblaze_0/bsp/system.mss
TRACE::2026-06-08.11:28:58::SCWMssOS::DEBUG:  swdes dump  D:/JeongJongMin_12/workspace_bramW5500/bramW5500Top/microblaze_0/standalone_microblaze_0/bsp/system.mss|system||

TRACE::2026-06-08.11:28:58::SCWMssOS::Sw design exists and opened at  D:/JeongJongMin_12/workspace_bramW5500/bramW5500Top/microblaze_0/standalone_microblaze_0/bsp/system.mss
TRACE::2026-06-08.11:28:58::SCWWriter::formatted JSON is {
	"platformName":	"bramW5500Top",
	"sprVersion":	"2.0",
	"mode":	"gui",
	"dsaType":	"Fixed",
	"platformDesc":	"bramW5500Top",
	"platHandOff":	"D:/JeongJongMin_12/bramW5500Top.xsa",
	"platIntHandOff":	"<platformDir>/hw/bramW5500Top.xsa",
	"deviceType":	"FPGA",
	"platIsPrebuiltAutogen":	"false",
	"platIsNoBootBsp":	"false",
	"hasFsblMakeHasChanges":	"false",
	"hasPmufwMakeHasChanges":	"false",
	"platPreBuiltFlag":	false,
	"platformSamplesDir":	"",
	"platActiveSys":	"bramW5500Top",
	"systems":	[{
			"systemName":	"bramW5500Top",
			"systemDesc":	"bramW5500Top",
			"sysIsBootAutoGen":	"true",
			"systemDispName":	"bramW5500Top",
			"sysActiveDom":	"standalone_microblaze_0",
			"sysDefaultDom":	"standalone_microblaze_0",
			"domains":	[{
					"domainName":	"standalone_microblaze_0",
					"domainDispName":	"standalone_microblaze_0",
					"domainDesc":	"standalone_microblaze_0",
					"processors":	"microblaze_0",
					"os":	"standalone",
					"sdxOs":	"standalone",
					"debugEnable":	"False",
					"domRuntimes":	["cpp"],
					"swRepo":	"",
					"mssOsVer":	"8.1",
					"mssFile":	"",
					"md5Digest":	"2387726c7969e4016a1fc62dc46e34ae",
					"compatibleApp":	"hello_world",
					"domType":	"mssDomain",
					"arch":	"32-bit",
					"appSettings":	{
						"appCompilerFlags":	"",
						"appLinkerFlags":	""
					},
					"addedLibs":	[],
					"libOptions":	{
						"libsContainingOptions":	[]
					},
					"prebuiltLibs":	{
						"prebuiltIncPath":	[],
						"prebuiltLibPath":	[]
					},
					"isolation":	{
					}
				}]
		}]
}
KEYINFO::2026-06-08.11:28:58::SCWPlatform::updated the xpfm file.
TRACE::2026-06-08.11:28:59::SCWPlatform::Trying to open the hw design at D:/JeongJongMin_12/workspace_bramW5500/bramW5500Top/hw/bramW5500Top.xsa
TRACE::2026-06-08.11:28:59::SCWPlatform::DSA given D:/JeongJongMin_12/workspace_bramW5500/bramW5500Top/hw/bramW5500Top.xsa
TRACE::2026-06-08.11:28:59::SCWPlatform::DSA absoulate path D:/JeongJongMin_12/workspace_bramW5500/bramW5500Top/hw/bramW5500Top.xsa
TRACE::2026-06-08.11:28:59::SCWPlatform::DSA directory D:/JeongJongMin_12/workspace_bramW5500/bramW5500Top/hw
TRACE::2026-06-08.11:28:59::SCWPlatform:: Platform Path D:/JeongJongMin_12/workspace_bramW5500/bramW5500Top/hw/bramW5500Top.xsa
TRACE::2026-06-08.11:28:59::SCWPlatform:: Unique name xilinx:::0.0
TRACE::2026-06-08.11:28:59::SCWPlatform::Trying to set the existing hwdb with name bramW5500Top_0
TRACE::2026-06-08.11:28:59::SCWPlatform::Opened existing hwdb bramW5500Top_0
TRACE::2026-06-08.11:28:59::SCWPlatform::Found the Hw Db part of the input DSA
TRACE::2026-06-08.11:28:59::SCWMssOS::Checking the sw design at  D:/JeongJongMin_12/workspace_bramW5500/bramW5500Top/microblaze_0/standalone_microblaze_0/bsp/system.mss
TRACE::2026-06-08.11:28:59::SCWMssOS::DEBUG:  swdes dump  D:/JeongJongMin_12/workspace_bramW5500/bramW5500Top/microblaze_0/standalone_microblaze_0/bsp/system.mss|system||

TRACE::2026-06-08.11:28:59::SCWMssOS::Sw design exists and opened at  D:/JeongJongMin_12/workspace_bramW5500/bramW5500Top/microblaze_0/standalone_microblaze_0/bsp/system.mss
