
*** Running vivado
    with args -log top.vdi -applog -m64 -product Vivado -messageDb vivado.pb -mode batch -source top.tcl -notrace



****** Vivado v2023.1 (64-bit)
  **** SW Build 3865809 on Sun May  7 15:05:29 MDT 2023
  **** IP Build 3864474 on Sun May  7 20:36:21 MDT 2023
  **** SharedData Build 3865790 on Sun May 07 13:33:03 MDT 2023
    ** Copyright 1986-2022 Xilinx, Inc. All Rights Reserved.
    ** Copyright 2022-2023 Advanced Micro Devices, Inc. All Rights Reserved.

source top.tcl -notrace
INFO: [IP_Flow 19-234] Refreshing IP repositories
INFO: [IP_Flow 19-1704] No user IP repositories specified
INFO: [IP_Flow 19-2313] Loaded Vivado IP repository 'G:/Xilinx/Vivado/2023.1/data/ip'.
Command: link_design -top top -part xc7a35tcpg236-1
Design is defaulting to srcset: sources_1
Design is defaulting to constrset: constrs_1
INFO: [Device 21-403] Loading part xc7a35tcpg236-1
INFO: [Project 1-454] Reading design checkpoint 'd:/vivado_pj/spi_master_ip/spi_master_ip.gen/sources_1/bd/spi/ip/spi_axi_quad_spi_0_2/spi_axi_quad_spi_0_2.dcp' for cell 'spi_i/axi_quad_spi_0'
INFO: [Project 1-454] Reading design checkpoint 'd:/vivado_pj/spi_master_ip/spi_master_ip.gen/sources_1/bd/spi/ip/spi_axi_uartlite_0_1/spi_axi_uartlite_0_1.dcp' for cell 'spi_i/axi_uartlite_0'
INFO: [Project 1-454] Reading design checkpoint 'd:/vivado_pj/spi_master_ip/spi_master_ip.gen/sources_1/bd/spi/ip/spi_clk_wiz_1_2/spi_clk_wiz_1_2.dcp' for cell 'spi_i/clk_wiz_1'
INFO: [Project 1-454] Reading design checkpoint 'd:/vivado_pj/spi_master_ip/spi_master_ip.gen/sources_1/bd/spi/ip/spi_mdm_1_2/spi_mdm_1_2.dcp' for cell 'spi_i/mdm_1'
INFO: [Project 1-454] Reading design checkpoint 'd:/vivado_pj/spi_master_ip/spi_master_ip.gen/sources_1/bd/spi/ip/spi_microblaze_0_2/spi_microblaze_0_2.dcp' for cell 'spi_i/microblaze_0'
INFO: [Project 1-454] Reading design checkpoint 'd:/vivado_pj/spi_master_ip/spi_master_ip.gen/sources_1/bd/spi/ip/spi_rst_clk_wiz_1_100M_2/spi_rst_clk_wiz_1_100M_2.dcp' for cell 'spi_i/rst_clk_wiz_1_100M'
INFO: [Project 1-454] Reading design checkpoint 'd:/vivado_pj/spi_master_ip/spi_master_ip.gen/sources_1/bd/spi/ip/spi_xbar_1/spi_xbar_1.dcp' for cell 'spi_i/microblaze_0_axi_periph/xbar'
INFO: [Project 1-454] Reading design checkpoint 'd:/vivado_pj/spi_master_ip/spi_master_ip.gen/sources_1/bd/spi/ip/spi_dlmb_bram_if_cntlr_2/spi_dlmb_bram_if_cntlr_2.dcp' for cell 'spi_i/microblaze_0_local_memory/dlmb_bram_if_cntlr'
INFO: [Project 1-454] Reading design checkpoint 'd:/vivado_pj/spi_master_ip/spi_master_ip.gen/sources_1/bd/spi/ip/spi_dlmb_v10_2/spi_dlmb_v10_2.dcp' for cell 'spi_i/microblaze_0_local_memory/dlmb_v10'
INFO: [Project 1-454] Reading design checkpoint 'd:/vivado_pj/spi_master_ip/spi_master_ip.gen/sources_1/bd/spi/ip/spi_ilmb_bram_if_cntlr_2/spi_ilmb_bram_if_cntlr_2.dcp' for cell 'spi_i/microblaze_0_local_memory/ilmb_bram_if_cntlr'
INFO: [Project 1-454] Reading design checkpoint 'd:/vivado_pj/spi_master_ip/spi_master_ip.gen/sources_1/bd/spi/ip/spi_ilmb_v10_2/spi_ilmb_v10_2.dcp' for cell 'spi_i/microblaze_0_local_memory/ilmb_v10'
INFO: [Project 1-454] Reading design checkpoint 'd:/vivado_pj/spi_master_ip/spi_master_ip.gen/sources_1/bd/spi/ip/spi_lmb_bram_2/spi_lmb_bram_2.dcp' for cell 'spi_i/microblaze_0_local_memory/lmb_bram'
Netlist sorting complete. Time (s): cpu = 00:00:00 ; elapsed = 00:00:00.092 . Memory (MB): peak = 1961.695 ; gain = 0.000
INFO: [Netlist 29-17] Analyzing 258 Unisim elements for replacement
INFO: [Netlist 29-28] Unisim Transformation completed in 0 CPU seconds
INFO: [Project 1-479] Netlist was created with Vivado 2023.1
INFO: [Project 1-570] Preparing netlist for logic optimization
Parsing XDC File [d:/vivado_pj/spi_master_ip/spi_master_ip.gen/sources_1/bd/spi/ip/spi_microblaze_0_2/spi_microblaze_0_2.xdc] for cell 'spi_i/microblaze_0/U0'
Finished Parsing XDC File [d:/vivado_pj/spi_master_ip/spi_master_ip.gen/sources_1/bd/spi/ip/spi_microblaze_0_2/spi_microblaze_0_2.xdc] for cell 'spi_i/microblaze_0/U0'
Parsing XDC File [d:/vivado_pj/spi_master_ip/spi_master_ip.gen/sources_1/bd/spi/ip/spi_axi_quad_spi_0_2/spi_axi_quad_spi_0_2_board.xdc] for cell 'spi_i/axi_quad_spi_0/U0'
Finished Parsing XDC File [d:/vivado_pj/spi_master_ip/spi_master_ip.gen/sources_1/bd/spi/ip/spi_axi_quad_spi_0_2/spi_axi_quad_spi_0_2_board.xdc] for cell 'spi_i/axi_quad_spi_0/U0'
Parsing XDC File [d:/vivado_pj/spi_master_ip/spi_master_ip.gen/sources_1/bd/spi/ip/spi_axi_quad_spi_0_2/spi_axi_quad_spi_0_2.xdc] for cell 'spi_i/axi_quad_spi_0/U0'
Finished Parsing XDC File [d:/vivado_pj/spi_master_ip/spi_master_ip.gen/sources_1/bd/spi/ip/spi_axi_quad_spi_0_2/spi_axi_quad_spi_0_2.xdc] for cell 'spi_i/axi_quad_spi_0/U0'
Parsing XDC File [d:/vivado_pj/spi_master_ip/spi_master_ip.gen/sources_1/bd/spi/ip/spi_axi_uartlite_0_1/spi_axi_uartlite_0_1_board.xdc] for cell 'spi_i/axi_uartlite_0/U0'
Finished Parsing XDC File [d:/vivado_pj/spi_master_ip/spi_master_ip.gen/sources_1/bd/spi/ip/spi_axi_uartlite_0_1/spi_axi_uartlite_0_1_board.xdc] for cell 'spi_i/axi_uartlite_0/U0'
Parsing XDC File [d:/vivado_pj/spi_master_ip/spi_master_ip.gen/sources_1/bd/spi/ip/spi_axi_uartlite_0_1/spi_axi_uartlite_0_1.xdc] for cell 'spi_i/axi_uartlite_0/U0'
Finished Parsing XDC File [d:/vivado_pj/spi_master_ip/spi_master_ip.gen/sources_1/bd/spi/ip/spi_axi_uartlite_0_1/spi_axi_uartlite_0_1.xdc] for cell 'spi_i/axi_uartlite_0/U0'
Parsing XDC File [d:/vivado_pj/spi_master_ip/spi_master_ip.gen/sources_1/bd/spi/ip/spi_clk_wiz_1_2/spi_clk_wiz_1_2_board.xdc] for cell 'spi_i/clk_wiz_1/inst'
Finished Parsing XDC File [d:/vivado_pj/spi_master_ip/spi_master_ip.gen/sources_1/bd/spi/ip/spi_clk_wiz_1_2/spi_clk_wiz_1_2_board.xdc] for cell 'spi_i/clk_wiz_1/inst'
Parsing XDC File [d:/vivado_pj/spi_master_ip/spi_master_ip.gen/sources_1/bd/spi/ip/spi_clk_wiz_1_2/spi_clk_wiz_1_2.xdc] for cell 'spi_i/clk_wiz_1/inst'
INFO: [Timing 38-35] Done setting XDC timing constraints. [d:/vivado_pj/spi_master_ip/spi_master_ip.gen/sources_1/bd/spi/ip/spi_clk_wiz_1_2/spi_clk_wiz_1_2.xdc:57]
INFO: [Timing 38-2] Deriving generated clocks [d:/vivado_pj/spi_master_ip/spi_master_ip.gen/sources_1/bd/spi/ip/spi_clk_wiz_1_2/spi_clk_wiz_1_2.xdc:57]
Finished Parsing XDC File [d:/vivado_pj/spi_master_ip/spi_master_ip.gen/sources_1/bd/spi/ip/spi_clk_wiz_1_2/spi_clk_wiz_1_2.xdc] for cell 'spi_i/clk_wiz_1/inst'
Parsing XDC File [d:/vivado_pj/spi_master_ip/spi_master_ip.gen/sources_1/bd/spi/ip/spi_rst_clk_wiz_1_100M_2/spi_rst_clk_wiz_1_100M_2_board.xdc] for cell 'spi_i/rst_clk_wiz_1_100M/U0'
Finished Parsing XDC File [d:/vivado_pj/spi_master_ip/spi_master_ip.gen/sources_1/bd/spi/ip/spi_rst_clk_wiz_1_100M_2/spi_rst_clk_wiz_1_100M_2_board.xdc] for cell 'spi_i/rst_clk_wiz_1_100M/U0'
Parsing XDC File [d:/vivado_pj/spi_master_ip/spi_master_ip.gen/sources_1/bd/spi/ip/spi_rst_clk_wiz_1_100M_2/spi_rst_clk_wiz_1_100M_2.xdc] for cell 'spi_i/rst_clk_wiz_1_100M/U0'
Finished Parsing XDC File [d:/vivado_pj/spi_master_ip/spi_master_ip.gen/sources_1/bd/spi/ip/spi_rst_clk_wiz_1_100M_2/spi_rst_clk_wiz_1_100M_2.xdc] for cell 'spi_i/rst_clk_wiz_1_100M/U0'
Parsing XDC File [D:/vivado_pj/spi_master_ip/spi_master_ip.srcs/constrs_1/new/spi_master_xdc.xdc]
WARNING: [Vivado 12-584] No ports matched 'resetn'. [D:/vivado_pj/spi_master_ip/spi_master_ip.srcs/constrs_1/new/spi_master_xdc.xdc:4]
CRITICAL WARNING: [Common 17-55] 'set_property' expects at least one object. [D:/vivado_pj/spi_master_ip/spi_master_ip.srcs/constrs_1/new/spi_master_xdc.xdc:4]
Resolution: If [get_<value>] was used to populate the object, check to make sure this command returns at least one valid object.
Finished Parsing XDC File [D:/vivado_pj/spi_master_ip/spi_master_ip.srcs/constrs_1/new/spi_master_xdc.xdc]
Parsing XDC File [d:/vivado_pj/spi_master_ip/spi_master_ip.gen/sources_1/bd/spi/ip/spi_axi_quad_spi_0_2/spi_axi_quad_spi_0_2_clocks.xdc] for cell 'spi_i/axi_quad_spi_0/U0'
INFO: [Timing 38-2] Deriving generated clocks [d:/vivado_pj/spi_master_ip/spi_master_ip.gen/sources_1/bd/spi/ip/spi_axi_quad_spi_0_2/spi_axi_quad_spi_0_2_clocks.xdc:50]
Finished Parsing XDC File [d:/vivado_pj/spi_master_ip/spi_master_ip.gen/sources_1/bd/spi/ip/spi_axi_quad_spi_0_2/spi_axi_quad_spi_0_2_clocks.xdc] for cell 'spi_i/axi_quad_spi_0/U0'
Parsing XDC File [d:/vivado_pj/spi_master_ip/spi_master_ip.gen/sources_1/bd/spi/ip/spi_mdm_1_2/spi_mdm_1_2.xdc] for cell 'spi_i/mdm_1/U0'
Finished Parsing XDC File [d:/vivado_pj/spi_master_ip/spi_master_ip.gen/sources_1/bd/spi/ip/spi_mdm_1_2/spi_mdm_1_2.xdc] for cell 'spi_i/mdm_1/U0'
WARNING: [XPM_CDC_GRAY: TCL-1000] The source and destination clocks are the same. 
     Instance: spi_i/axi_quad_spi_0/U0/NO_DUAL_QUAD_MODE.QSPI_NORMAL/QSPI_LEGACY_MD_GEN.QSPI_CORE_INTERFACE_I/FIFO_EXISTS.TX_FIFO_II/xpm_fifo_instance.xpm_fifo_async_inst/gnuram_async_fifo.xpm_fifo_base_inst/gen_cdc_pntr.rd_pntr_cdc_inst 
  This will add unnecessary latency to the design. Please check the design for the following: 
 1) Manually instantiated XPM_CDC modules: Xilinx recommends that you remove these modules. 
 2) Xilinx IP that contains XPM_CDC modules: Verify the connections to the IP to determine whether you can safely ignore this message.
 [G:/Xilinx/Vivado/2023.1/data/ip/xpm/xpm_cdc/tcl/xpm_cdc_gray.tcl:16]
WARNING: [XPM_CDC_GRAY: TCL-1000] The source and destination clocks are the same. 
     Instance: spi_i/axi_quad_spi_0/U0/NO_DUAL_QUAD_MODE.QSPI_NORMAL/QSPI_LEGACY_MD_GEN.QSPI_CORE_INTERFACE_I/FIFO_EXISTS.RX_FIFO_II/gnuram_async_fifo.xpm_fifo_base_inst/gen_cdc_pntr.wr_pntr_cdc_inst 
  This will add unnecessary latency to the design. Please check the design for the following: 
 1) Manually instantiated XPM_CDC modules: Xilinx recommends that you remove these modules. 
 2) Xilinx IP that contains XPM_CDC modules: Verify the connections to the IP to determine whether you can safely ignore this message.
 [G:/Xilinx/Vivado/2023.1/data/ip/xpm/xpm_cdc/tcl/xpm_cdc_gray.tcl:16]
WARNING: [XPM_CDC_GRAY: TCL-1000] The source and destination clocks are the same. 
     Instance: spi_i/axi_quad_spi_0/U0/NO_DUAL_QUAD_MODE.QSPI_NORMAL/QSPI_LEGACY_MD_GEN.QSPI_CORE_INTERFACE_I/FIFO_EXISTS.RX_FIFO_II/gnuram_async_fifo.xpm_fifo_base_inst/gen_cdc_pntr.rd_pntr_cdc_inst 
  This will add unnecessary latency to the design. Please check the design for the following: 
 1) Manually instantiated XPM_CDC modules: Xilinx recommends that you remove these modules. 
 2) Xilinx IP that contains XPM_CDC modules: Verify the connections to the IP to determine whether you can safely ignore this message.
 [G:/Xilinx/Vivado/2023.1/data/ip/xpm/xpm_cdc/tcl/xpm_cdc_gray.tcl:16]
WARNING: [XPM_CDC_GRAY: TCL-1000] The source and destination clocks are the same. 
     Instance: spi_i/axi_quad_spi_0/U0/NO_DUAL_QUAD_MODE.QSPI_NORMAL/QSPI_LEGACY_MD_GEN.QSPI_CORE_INTERFACE_I/FIFO_EXISTS.TX_FIFO_II/xpm_fifo_instance.xpm_fifo_async_inst/gnuram_async_fifo.xpm_fifo_base_inst/gen_cdc_pntr.wr_pntr_cdc_inst 
  This will add unnecessary latency to the design. Please check the design for the following: 
 1) Manually instantiated XPM_CDC modules: Xilinx recommends that you remove these modules. 
 2) Xilinx IP that contains XPM_CDC modules: Verify the connections to the IP to determine whether you can safely ignore this message.
 [G:/Xilinx/Vivado/2023.1/data/ip/xpm/xpm_cdc/tcl/xpm_cdc_gray.tcl:16]
WARNING: [XPM_CDC_GRAY: TCL-1000] The source and destination clocks are the same. 
     Instance: spi_i/axi_quad_spi_0/U0/NO_DUAL_QUAD_MODE.QSPI_NORMAL/QSPI_LEGACY_MD_GEN.QSPI_CORE_INTERFACE_I/FIFO_EXISTS.TX_FIFO_II/xpm_fifo_instance.xpm_fifo_async_inst/gnuram_async_fifo.xpm_fifo_base_inst/gen_cdc_pntr.wr_pntr_cdc_dc_inst 
  This will add unnecessary latency to the design. Please check the design for the following: 
 1) Manually instantiated XPM_CDC modules: Xilinx recommends that you remove these modules. 
 2) Xilinx IP that contains XPM_CDC modules: Verify the connections to the IP to determine whether you can safely ignore this message.
 [G:/Xilinx/Vivado/2023.1/data/ip/xpm/xpm_cdc/tcl/xpm_cdc_gray.tcl:16]
WARNING: [XPM_CDC_GRAY: TCL-1000] The source and destination clocks are the same. 
     Instance: spi_i/axi_quad_spi_0/U0/NO_DUAL_QUAD_MODE.QSPI_NORMAL/QSPI_LEGACY_MD_GEN.QSPI_CORE_INTERFACE_I/FIFO_EXISTS.RX_FIFO_II/gnuram_async_fifo.xpm_fifo_base_inst/gen_cdc_pntr.wr_pntr_cdc_dc_inst 
  This will add unnecessary latency to the design. Please check the design for the following: 
 1) Manually instantiated XPM_CDC modules: Xilinx recommends that you remove these modules. 
 2) Xilinx IP that contains XPM_CDC modules: Verify the connections to the IP to determine whether you can safely ignore this message.
 [G:/Xilinx/Vivado/2023.1/data/ip/xpm/xpm_cdc/tcl/xpm_cdc_gray.tcl:16]
WARNING: [XPM_CDC_GRAY: TCL-1000] The source and destination clocks are the same. 
     Instance: spi_i/axi_quad_spi_0/U0/NO_DUAL_QUAD_MODE.QSPI_NORMAL/QSPI_LEGACY_MD_GEN.QSPI_CORE_INTERFACE_I/FIFO_EXISTS.TX_FIFO_II/xpm_fifo_instance.xpm_fifo_async_inst/gnuram_async_fifo.xpm_fifo_base_inst/gen_cdc_pntr.rd_pntr_cdc_dc_inst 
  This will add unnecessary latency to the design. Please check the design for the following: 
 1) Manually instantiated XPM_CDC modules: Xilinx recommends that you remove these modules. 
 2) Xilinx IP that contains XPM_CDC modules: Verify the connections to the IP to determine whether you can safely ignore this message.
 [G:/Xilinx/Vivado/2023.1/data/ip/xpm/xpm_cdc/tcl/xpm_cdc_gray.tcl:16]
WARNING: [XPM_CDC_GRAY: TCL-1000] The source and destination clocks are the same. 
     Instance: spi_i/axi_quad_spi_0/U0/NO_DUAL_QUAD_MODE.QSPI_NORMAL/QSPI_LEGACY_MD_GEN.QSPI_CORE_INTERFACE_I/FIFO_EXISTS.RX_FIFO_II/gnuram_async_fifo.xpm_fifo_base_inst/gen_cdc_pntr.rd_pntr_cdc_dc_inst 
  This will add unnecessary latency to the design. Please check the design for the following: 
 1) Manually instantiated XPM_CDC modules: Xilinx recommends that you remove these modules. 
 2) Xilinx IP that contains XPM_CDC modules: Verify the connections to the IP to determine whether you can safely ignore this message.
 [G:/Xilinx/Vivado/2023.1/data/ip/xpm/xpm_cdc/tcl/xpm_cdc_gray.tcl:16]
INFO: [Project 1-1714] 14 XPM XDC files have been applied to the design.
INFO: [Opt 31-138] Pushed 0 inverter(s) to 0 load pin(s).
WARNING: [Constraints 18-5572] Instance spi_i/axi_quad_spi_0/U0/NO_DUAL_QUAD_MODE.QSPI_NORMAL/IO0_I_REG has IOB constraint set, However, the instance does not seem to have valid I/O connection to be placed into I/O. The constraint on the instance will be ignored.
WARNING: [Constraints 18-5572] Instance spi_i/axi_quad_spi_0/U0/NO_DUAL_QUAD_MODE.QSPI_NORMAL/IO1_I_REG has IOB constraint set, However, the instance does not seem to have valid I/O connection to be placed into I/O. The constraint on the instance will be ignored.
Generating merged BMM file for the design top 'top'...
INFO: [Memdata 28-144] Successfully populated the BRAM INIT strings from the following elf files: d:/vivado_pj/spi_master_ip/spi_master_ip.gen/sources_1/bd/spi/ip/spi_microblaze_0_2/data/mb_bootloop_le.elf 
Netlist sorting complete. Time (s): cpu = 00:00:00 ; elapsed = 00:00:00.003 . Memory (MB): peak = 2665.785 ; gain = 0.000
INFO: [Project 1-111] Unisim Transformation Summary:
  A total of 102 instances were transformed.
  LUT6_2 => LUT6_2 (LUT5, LUT6): 80 instances
  RAM32M => RAM32M (RAMD32(x6), RAMS32(x2)): 18 instances
  RAM32X1D => RAM32X1D (RAMD32(x2)): 4 instances

27 Infos, 11 Warnings, 1 Critical Warnings and 0 Errors encountered.
link_design completed successfully
link_design: Time (s): cpu = 00:00:08 ; elapsed = 00:00:13 . Memory (MB): peak = 2665.785 ; gain = 1142.586
Command: opt_design
Attempting to get a license for feature 'Implementation' and/or device 'xc7a35t'
INFO: [Common 17-349] Got license for feature 'Implementation' and/or device 'xc7a35t'
Running DRC as a precondition to command opt_design

Starting DRC Task
INFO: [DRC 23-27] Running DRC with 2 threads
INFO: [Project 1-461] DRC finished with 0 Errors
INFO: [Project 1-462] Please refer to the DRC report (report_drc) for more information.

Time (s): cpu = 00:00:01 ; elapsed = 00:00:00.666 . Memory (MB): peak = 2665.785 ; gain = 0.000

Starting Cache Timing Information Task
INFO: [Timing 38-35] Done setting XDC timing constraints.
Ending Cache Timing Information Task | Checksum: 1513a7c27

Time (s): cpu = 00:00:00 ; elapsed = 00:00:00.128 . Memory (MB): peak = 2665.785 ; gain = 0.000

Starting Logic Optimization Task

Phase 1 Retarget
INFO: [Opt 31-1566] Pulled 4 inverters resulting in an inversion of 21 pins
INFO: [Opt 31-138] Pushed 1 inverter(s) to 1 load pin(s).
INFO: [Opt 31-49] Retargeted 0 cell(s).
Phase 1 Retarget | Checksum: 1c94fb67a

Time (s): cpu = 00:00:00 ; elapsed = 00:00:00.199 . Memory (MB): peak = 2982.406 ; gain = 0.000
INFO: [Opt 31-389] Phase Retarget created 85 cells and removed 145 cells
INFO: [Opt 31-1021] In phase Retarget, 3 netlist objects are constrained preventing optimization. Please run opt_design with -debug_log to get more detail. 

Phase 2 Constant propagation
INFO: [Opt 31-138] Pushed 0 inverter(s) to 0 load pin(s).
Phase 2 Constant propagation | Checksum: fa6dc7a8

Time (s): cpu = 00:00:00 ; elapsed = 00:00:00.220 . Memory (MB): peak = 2982.406 ; gain = 0.000
INFO: [Opt 31-389] Phase Constant propagation created 6 cells and removed 35 cells
INFO: [Opt 31-1021] In phase Constant propagation, 2 netlist objects are constrained preventing optimization. Please run opt_design with -debug_log to get more detail. 

Phase 3 Sweep
Phase 3 Sweep | Checksum: 1a00a9c17

Time (s): cpu = 00:00:00 ; elapsed = 00:00:00.324 . Memory (MB): peak = 2982.406 ; gain = 0.000
INFO: [Opt 31-389] Phase Sweep created 0 cells and removed 276 cells
INFO: [Opt 31-1021] In phase Sweep, 6 netlist objects are constrained preventing optimization. Please run opt_design with -debug_log to get more detail. 

Phase 4 BUFG optimization
INFO: [Opt 31-194] Inserted BUFG spi_i/mdm_1/U0/Use_E2.BSCAN_I/Dbg_Update_0_BUFG_inst to drive 39 load(s) on clock net spi_i/mdm_1/U0/Use_E2.BSCAN_I/Dbg_Update_0_BUFG
INFO: [Opt 31-193] Inserted 1 BUFG(s) on clock nets
Phase 4 BUFG optimization | Checksum: 148f1a974

Time (s): cpu = 00:00:00 ; elapsed = 00:00:00.369 . Memory (MB): peak = 2982.406 ; gain = 0.000
INFO: [Opt 31-662] Phase BUFG optimization created 1 cells of which 1 are BUFGs and removed 0 cells.

Phase 5 Shift Register Optimization
INFO: [Opt 31-1064] SRL Remap converted 0 SRLs to 0 registers and converted 0 registers of register chains to 0 SRLs
Phase 5 Shift Register Optimization | Checksum: f0586283

Time (s): cpu = 00:00:01 ; elapsed = 00:00:00.447 . Memory (MB): peak = 2982.406 ; gain = 0.000
INFO: [Opt 31-389] Phase Shift Register Optimization created 0 cells and removed 0 cells

Phase 6 Post Processing Netlist
Phase 6 Post Processing Netlist | Checksum: f0586283

Time (s): cpu = 00:00:01 ; elapsed = 00:00:00.465 . Memory (MB): peak = 2982.406 ; gain = 0.000
INFO: [Opt 31-389] Phase Post Processing Netlist created 0 cells and removed 0 cells
INFO: [Opt 31-1021] In phase Post Processing Netlist, 2 netlist objects are constrained preventing optimization. Please run opt_design with -debug_log to get more detail. 
Opt_design Change Summary
=========================


-------------------------------------------------------------------------------------------------------------------------
|  Phase                        |  #Cells created  |  #Cells Removed  |  #Constrained objects preventing optimizations  |
-------------------------------------------------------------------------------------------------------------------------
|  Retarget                     |              85  |             145  |                                              3  |
|  Constant propagation         |               6  |              35  |                                              2  |
|  Sweep                        |               0  |             276  |                                              6  |
|  BUFG optimization            |               1  |               0  |                                              0  |
|  Shift Register Optimization  |               0  |               0  |                                              0  |
|  Post Processing Netlist      |               0  |               0  |                                              2  |
-------------------------------------------------------------------------------------------------------------------------



Starting Connectivity Check Task

Time (s): cpu = 00:00:00 ; elapsed = 00:00:00.004 . Memory (MB): peak = 2982.406 ; gain = 0.000
Ending Logic Optimization Task | Checksum: f0586283

Time (s): cpu = 00:00:01 ; elapsed = 00:00:00.473 . Memory (MB): peak = 2982.406 ; gain = 0.000

Starting Power Optimization Task
INFO: [Pwropt 34-132] Skipping clock gating for clocks with a period < 2.00 ns.
INFO: [Pwropt 34-9] Applying IDT optimizations ...
INFO: [Pwropt 34-10] Applying ODC optimizations ...
INFO: [Timing 38-35] Done setting XDC timing constraints.
Running Vector-less Activity Propagation...

Finished Running Vector-less Activity Propagation


Starting PowerOpt Patch Enables Task
INFO: [Pwropt 34-162] WRITE_MODE attribute of 0 BRAM(s) out of a total of 8 has been updated to save power. Run report_power_opt to get a complete listing of the BRAMs updated.
INFO: [Pwropt 34-201] Structural ODC has moved 0 WE to EN ports
Number of BRAM Ports augmented: 8 newly gated: 0 Total Ports: 16
Ending PowerOpt Patch Enables Task | Checksum: cb1223aa

Time (s): cpu = 00:00:00 ; elapsed = 00:00:00.052 . Memory (MB): peak = 3126.359 ; gain = 0.000
Ending Power Optimization Task | Checksum: cb1223aa

Time (s): cpu = 00:00:01 ; elapsed = 00:00:00.987 . Memory (MB): peak = 3126.359 ; gain = 143.953

Starting Final Cleanup Task

Starting Logic Optimization Task
INFO: [Timing 38-35] Done setting XDC timing constraints.
Ending Logic Optimization Task | Checksum: 16a986df2

Time (s): cpu = 00:00:00 ; elapsed = 00:00:00.281 . Memory (MB): peak = 3126.359 ; gain = 0.000
Ending Final Cleanup Task | Checksum: 16a986df2

Time (s): cpu = 00:00:02 ; elapsed = 00:00:02 . Memory (MB): peak = 3126.359 ; gain = 0.000

Starting Netlist Obfuscation Task
Netlist sorting complete. Time (s): cpu = 00:00:00 ; elapsed = 00:00:00.002 . Memory (MB): peak = 3126.359 ; gain = 0.000
Ending Netlist Obfuscation Task | Checksum: 16a986df2

Time (s): cpu = 00:00:00 ; elapsed = 00:00:00.003 . Memory (MB): peak = 3126.359 ; gain = 0.000
INFO: [Common 17-83] Releasing license: Implementation
57 Infos, 11 Warnings, 1 Critical Warnings and 0 Errors encountered.
opt_design completed successfully
opt_design: Time (s): cpu = 00:00:07 ; elapsed = 00:00:06 . Memory (MB): peak = 3126.359 ; gain = 460.574
INFO: [runtcl-4] Executing : report_drc -file top_drc_opted.rpt -pb top_drc_opted.pb -rpx top_drc_opted.rpx
Command: report_drc -file top_drc_opted.rpt -pb top_drc_opted.pb -rpx top_drc_opted.rpx
INFO: [IP_Flow 19-1839] IP Catalog is up to date.
INFO: [DRC 23-27] Running DRC with 2 threads
INFO: [Vivado_Tcl 2-168] The results of DRC are in file D:/vivado_pj/spi_master_ip/spi_master_ip.runs/impl_1/top_drc_opted.rpt.
report_drc completed successfully
INFO: [Timing 38-35] Done setting XDC timing constraints.
INFO: [Timing 38-480] Writing timing data to binary archive.
Writing XDEF routing.
Writing XDEF routing logical nets.
Writing XDEF routing special nets.
Write XDEF Complete: Time (s): cpu = 00:00:00 ; elapsed = 00:00:00.021 . Memory (MB): peak = 3126.359 ; gain = 0.000
INFO: [Common 17-1381] The checkpoint 'D:/vivado_pj/spi_master_ip/spi_master_ip.runs/impl_1/top_opt.dcp' has been generated.
Command: place_design
Attempting to get a license for feature 'Implementation' and/or device 'xc7a35t'
INFO: [Common 17-349] Got license for feature 'Implementation' and/or device 'xc7a35t'
INFO: [DRC 23-27] Running DRC with 2 threads
INFO: [Vivado_Tcl 4-198] DRC finished with 0 Errors
INFO: [Vivado_Tcl 4-199] Please refer to the DRC report (report_drc) for more information.
Running DRC as a precondition to command place_design
INFO: [DRC 23-27] Running DRC with 2 threads
INFO: [Vivado_Tcl 4-198] DRC finished with 0 Errors
INFO: [Vivado_Tcl 4-199] Please refer to the DRC report (report_drc) for more information.

Starting Placer Task
INFO: [Place 30-611] Multithreading enabled for place_design using a maximum of 2 CPUs

Phase 1 Placer Initialization

Phase 1.1 Placer Initialization Netlist Sorting
Netlist sorting complete. Time (s): cpu = 00:00:00 ; elapsed = 00:00:00.003 . Memory (MB): peak = 3126.359 ; gain = 0.000
Phase 1.1 Placer Initialization Netlist Sorting | Checksum: c8067e35

Time (s): cpu = 00:00:00 ; elapsed = 00:00:00.039 . Memory (MB): peak = 3126.359 ; gain = 0.000
Netlist sorting complete. Time (s): cpu = 00:00:00 ; elapsed = 00:00:00.003 . Memory (MB): peak = 3126.359 ; gain = 0.000

Phase 1.2 IO Placement/ Clock Placement/ Build Placer Device
Phase 1.2 IO Placement/ Clock Placement/ Build Placer Device | Checksum: 123a4582f

Time (s): cpu = 00:00:00 ; elapsed = 00:00:00.353 . Memory (MB): peak = 3126.359 ; gain = 0.000

Phase 1.3 Build Placer Netlist Model
Phase 1.3 Build Placer Netlist Model | Checksum: d9599642

Time (s): cpu = 00:00:01 ; elapsed = 00:00:00.915 . Memory (MB): peak = 3126.359 ; gain = 0.000

Phase 1.4 Constrain Clocks/Macros
Phase 1.4 Constrain Clocks/Macros | Checksum: d9599642

Time (s): cpu = 00:00:01 ; elapsed = 00:00:00.923 . Memory (MB): peak = 3126.359 ; gain = 0.000
Phase 1 Placer Initialization | Checksum: d9599642

Time (s): cpu = 00:00:01 ; elapsed = 00:00:00.947 . Memory (MB): peak = 3126.359 ; gain = 0.000

Phase 2 Global Placement

Phase 2.1 Floorplanning
Phase 2.1 Floorplanning | Checksum: 1a89434f4

Time (s): cpu = 00:00:01 ; elapsed = 00:00:01 . Memory (MB): peak = 3126.359 ; gain = 0.000

Phase 2.2 Update Timing before SLR Path Opt
Phase 2.2 Update Timing before SLR Path Opt | Checksum: 1b2acefa9

Time (s): cpu = 00:00:01 ; elapsed = 00:00:01 . Memory (MB): peak = 3126.359 ; gain = 0.000

Phase 2.3 Post-Processing in Floorplanning
Phase 2.3 Post-Processing in Floorplanning | Checksum: 1b2acefa9

Time (s): cpu = 00:00:01 ; elapsed = 00:00:01 . Memory (MB): peak = 3126.359 ; gain = 0.000

Phase 2.4 Global Placement Core

Phase 2.4.1 UpdateTiming Before Physical Synthesis
Phase 2.4.1 UpdateTiming Before Physical Synthesis | Checksum: 16b808642

Time (s): cpu = 00:00:04 ; elapsed = 00:00:03 . Memory (MB): peak = 3126.359 ; gain = 0.000

Phase 2.4.2 Physical Synthesis In Placer
INFO: [Physopt 32-1035] Found 0 LUTNM shape to break, 171 LUT instances to create LUTNM shape
INFO: [Physopt 32-1044] Break lutnm for timing: one critical 0, two critical 0, total 0, new lutff created 0
INFO: [Physopt 32-1138] End 1 Pass. Optimized 78 nets or LUTs. Breaked 0 LUT, combined 78 existing LUTs and moved 0 existing LUT
INFO: [Physopt 32-65] No nets found for high-fanout optimization.
INFO: [Physopt 32-232] Optimized 0 net. Created 0 new instance.
INFO: [Physopt 32-775] End 1 Pass. Optimized 0 net or cell. Created 0 new cell, deleted 0 existing cell and moved 0 existing cell
INFO: [Physopt 32-670] No setup violation found.  DSP Register Optimization was not performed.
INFO: [Physopt 32-670] No setup violation found.  Shift Register to Pipeline Optimization was not performed.
INFO: [Physopt 32-670] No setup violation found.  Shift Register Optimization was not performed.
INFO: [Physopt 32-670] No setup violation found.  BRAM Register Optimization was not performed.
INFO: [Physopt 32-670] No setup violation found.  URAM Register Optimization was not performed.
INFO: [Physopt 32-949] No candidate nets found for dynamic/static region interface net replication
INFO: [Physopt 32-775] End 1 Pass. Optimized 0 net or cell. Created 0 new cell, deleted 0 existing cell and moved 0 existing cell
Netlist sorting complete. Time (s): cpu = 00:00:00 ; elapsed = 00:00:00.003 . Memory (MB): peak = 3126.359 ; gain = 0.000

Summary of Physical Synthesis Optimizations
============================================


-----------------------------------------------------------------------------------------------------------------------------------------------------------
|  Optimization                                     |  Added Cells  |  Removed Cells  |  Optimized Cells/Nets  |  Dont Touch  |  Iterations  |  Elapsed   |
-----------------------------------------------------------------------------------------------------------------------------------------------------------
|  LUT Combining                                    |            0  |             78  |                    78  |           0  |           1  |  00:00:00  |
|  Retime                                           |            0  |              0  |                     0  |           0  |           1  |  00:00:00  |
|  Very High Fanout                                 |            0  |              0  |                     0  |           0  |           1  |  00:00:00  |
|  DSP Register                                     |            0  |              0  |                     0  |           0  |           0  |  00:00:00  |
|  Shift Register to Pipeline                       |            0  |              0  |                     0  |           0  |           0  |  00:00:00  |
|  Shift Register                                   |            0  |              0  |                     0  |           0  |           0  |  00:00:00  |
|  BRAM Register                                    |            0  |              0  |                     0  |           0  |           0  |  00:00:00  |
|  URAM Register                                    |            0  |              0  |                     0  |           0  |           0  |  00:00:00  |
|  Dynamic/Static Region Interface Net Replication  |            0  |              0  |                     0  |           0  |           1  |  00:00:00  |
|  Total                                            |            0  |             78  |                    78  |           0  |           4  |  00:00:00  |
-----------------------------------------------------------------------------------------------------------------------------------------------------------


Phase 2.4.2 Physical Synthesis In Placer | Checksum: 197097e06

Time (s): cpu = 00:00:04 ; elapsed = 00:00:03 . Memory (MB): peak = 3126.359 ; gain = 0.000
Phase 2.4 Global Placement Core | Checksum: 19d1a55a4

Time (s): cpu = 00:00:04 ; elapsed = 00:00:03 . Memory (MB): peak = 3126.359 ; gain = 0.000
Phase 2 Global Placement | Checksum: 19d1a55a4

Time (s): cpu = 00:00:04 ; elapsed = 00:00:03 . Memory (MB): peak = 3126.359 ; gain = 0.000

Phase 3 Detail Placement

Phase 3.1 Commit Multi Column Macros
Phase 3.1 Commit Multi Column Macros | Checksum: 1ac74bdb9

Time (s): cpu = 00:00:05 ; elapsed = 00:00:03 . Memory (MB): peak = 3126.359 ; gain = 0.000

Phase 3.2 Commit Most Macros & LUTRAMs
Phase 3.2 Commit Most Macros & LUTRAMs | Checksum: 1018563ca

Time (s): cpu = 00:00:05 ; elapsed = 00:00:04 . Memory (MB): peak = 3126.359 ; gain = 0.000

Phase 3.3 Area Swap Optimization
Phase 3.3 Area Swap Optimization | Checksum: 1288cec17

Time (s): cpu = 00:00:05 ; elapsed = 00:00:04 . Memory (MB): peak = 3126.359 ; gain = 0.000

Phase 3.4 Pipeline Register Optimization
Phase 3.4 Pipeline Register Optimization | Checksum: 153ca84dc

Time (s): cpu = 00:00:05 ; elapsed = 00:00:04 . Memory (MB): peak = 3126.359 ; gain = 0.000

Phase 3.5 Small Shape Detail Placement
Phase 3.5 Small Shape Detail Placement | Checksum: 17c7329ef

Time (s): cpu = 00:00:06 ; elapsed = 00:00:04 . Memory (MB): peak = 3126.359 ; gain = 0.000

Phase 3.6 Re-assign LUT pins
Phase 3.6 Re-assign LUT pins | Checksum: 1577e7c8a

Time (s): cpu = 00:00:06 ; elapsed = 00:00:04 . Memory (MB): peak = 3126.359 ; gain = 0.000

Phase 3.7 Pipeline Register Optimization
Phase 3.7 Pipeline Register Optimization | Checksum: 135c2d113

Time (s): cpu = 00:00:06 ; elapsed = 00:00:04 . Memory (MB): peak = 3126.359 ; gain = 0.000
Phase 3 Detail Placement | Checksum: 135c2d113

Time (s): cpu = 00:00:06 ; elapsed = 00:00:04 . Memory (MB): peak = 3126.359 ; gain = 0.000

Phase 4 Post Placement Optimization and Clean-Up

Phase 4.1 Post Commit Optimization
INFO: [Timing 38-35] Done setting XDC timing constraints.

Phase 4.1.1 Post Placement Optimization
Post Placement Optimization Initialization | Checksum: 1327776cf

Phase 4.1.1.1 BUFG Insertion

Starting Physical Synthesis Task

Phase 1 Physical Synthesis Initialization
INFO: [Physopt 32-721] Multithreading enabled for phys_opt_design using a maximum of 2 CPUs
INFO: [Physopt 32-619] Estimated Timing Summary | WNS=2.711 | TNS=0.000 |
Phase 1 Physical Synthesis Initialization | Checksum: 15ccddc51

Time (s): cpu = 00:00:01 ; elapsed = 00:00:00.139 . Memory (MB): peak = 3126.359 ; gain = 0.000
INFO: [Place 46-56] BUFG insertion identified 0 candidate nets. Inserted BUFG: 0, Replicated BUFG Driver: 0, Skipped due to Placement/Routing Conflicts: 0, Skipped due to Timing Degradation: 0, Skipped due to netlist editing failed: 0.
Ending Physical Synthesis Task | Checksum: 15ccddc51

Time (s): cpu = 00:00:01 ; elapsed = 00:00:00.164 . Memory (MB): peak = 3126.359 ; gain = 0.000
Phase 4.1.1.1 BUFG Insertion | Checksum: 1327776cf

Time (s): cpu = 00:00:07 ; elapsed = 00:00:05 . Memory (MB): peak = 3126.359 ; gain = 0.000

Phase 4.1.1.2 Post Placement Timing Optimization
INFO: [Place 30-746] Post Placement Timing Summary WNS=2.711. For the most accurate timing information please run report_timing.
Phase 4.1.1.2 Post Placement Timing Optimization | Checksum: 136c8bdd6

Time (s): cpu = 00:00:07 ; elapsed = 00:00:05 . Memory (MB): peak = 3126.359 ; gain = 0.000

Time (s): cpu = 00:00:07 ; elapsed = 00:00:05 . Memory (MB): peak = 3126.359 ; gain = 0.000
Phase 4.1 Post Commit Optimization | Checksum: 136c8bdd6

Time (s): cpu = 00:00:07 ; elapsed = 00:00:05 . Memory (MB): peak = 3126.359 ; gain = 0.000

Phase 4.2 Post Placement Cleanup
Phase 4.2 Post Placement Cleanup | Checksum: 136c8bdd6

Time (s): cpu = 00:00:07 ; elapsed = 00:00:05 . Memory (MB): peak = 3126.359 ; gain = 0.000

Phase 4.3 Placer Reporting

Phase 4.3.1 Print Estimated Congestion
INFO: [Place 30-612] Post-Placement Estimated Congestion 
 ____________________________________________________
|           | Global Congestion | Short Congestion  |
| Direction | Region Size       | Region Size       |
|___________|___________________|___________________|
|      North|                1x1|                1x1|
|___________|___________________|___________________|
|      South|                1x1|                1x1|
|___________|___________________|___________________|
|       East|                1x1|                1x1|
|___________|___________________|___________________|
|       West|                1x1|                1x1|
|___________|___________________|___________________|

Phase 4.3.1 Print Estimated Congestion | Checksum: 136c8bdd6

Time (s): cpu = 00:00:07 ; elapsed = 00:00:05 . Memory (MB): peak = 3126.359 ; gain = 0.000
Phase 4.3 Placer Reporting | Checksum: 136c8bdd6

Time (s): cpu = 00:00:07 ; elapsed = 00:00:05 . Memory (MB): peak = 3126.359 ; gain = 0.000

Phase 4.4 Final Placement Cleanup
Netlist sorting complete. Time (s): cpu = 00:00:00 ; elapsed = 00:00:00.002 . Memory (MB): peak = 3126.359 ; gain = 0.000

Time (s): cpu = 00:00:07 ; elapsed = 00:00:05 . Memory (MB): peak = 3126.359 ; gain = 0.000
Phase 4 Post Placement Optimization and Clean-Up | Checksum: 11f483911

Time (s): cpu = 00:00:07 ; elapsed = 00:00:05 . Memory (MB): peak = 3126.359 ; gain = 0.000
Ending Placer Task | Checksum: a2bb67cf

Time (s): cpu = 00:00:07 ; elapsed = 00:00:05 . Memory (MB): peak = 3126.359 ; gain = 0.000
INFO: [Common 17-83] Releasing license: Implementation
92 Infos, 11 Warnings, 1 Critical Warnings and 0 Errors encountered.
place_design completed successfully
place_design: Time (s): cpu = 00:00:08 ; elapsed = 00:00:06 . Memory (MB): peak = 3126.359 ; gain = 0.000
INFO: [runtcl-4] Executing : report_io -file top_io_placed.rpt
report_io: Time (s): cpu = 00:00:00 ; elapsed = 00:00:00.020 . Memory (MB): peak = 3126.359 ; gain = 0.000
INFO: [runtcl-4] Executing : report_utilization -file top_utilization_placed.rpt -pb top_utilization_placed.pb
INFO: [runtcl-4] Executing : report_control_sets -verbose -file top_control_sets_placed.rpt
report_control_sets: Time (s): cpu = 00:00:00 ; elapsed = 00:00:00.008 . Memory (MB): peak = 3126.359 ; gain = 0.000
INFO: [Timing 38-480] Writing timing data to binary archive.
Writing XDEF routing.
Writing XDEF routing logical nets.
Writing XDEF routing special nets.
Write XDEF Complete: Time (s): cpu = 00:00:01 ; elapsed = 00:00:00.251 . Memory (MB): peak = 3126.359 ; gain = 0.000
INFO: [Common 17-1381] The checkpoint 'D:/vivado_pj/spi_master_ip/spi_master_ip.runs/impl_1/top_placed.dcp' has been generated.
Command: phys_opt_design
Attempting to get a license for feature 'Implementation' and/or device 'xc7a35t'
INFO: [Common 17-349] Got license for feature 'Implementation' and/or device 'xc7a35t'

Starting Initial Update Timing Task

Time (s): cpu = 00:00:01 ; elapsed = 00:00:00.383 . Memory (MB): peak = 3126.359 ; gain = 0.000
INFO: [Vivado_Tcl 4-383] Design worst setup slack (WNS) is greater than or equal to 0.000 ns. Skipping all physical synthesis optimizations.
INFO: [Vivado_Tcl 4-232] No setup violation found. The netlist was not modified.
INFO: [Common 17-83] Releasing license: Implementation
101 Infos, 11 Warnings, 1 Critical Warnings and 0 Errors encountered.
phys_opt_design completed successfully
INFO: [Timing 38-480] Writing timing data to binary archive.
Writing XDEF routing.
Writing XDEF routing logical nets.
Writing XDEF routing special nets.
Write XDEF Complete: Time (s): cpu = 00:00:01 ; elapsed = 00:00:00.226 . Memory (MB): peak = 3126.359 ; gain = 0.000
INFO: [Common 17-1381] The checkpoint 'D:/vivado_pj/spi_master_ip/spi_master_ip.runs/impl_1/top_physopt.dcp' has been generated.
Command: route_design
Attempting to get a license for feature 'Implementation' and/or device 'xc7a35t'
INFO: [Common 17-349] Got license for feature 'Implementation' and/or device 'xc7a35t'
Running DRC as a precondition to command route_design
INFO: [DRC 23-27] Running DRC with 2 threads
INFO: [Vivado_Tcl 4-198] DRC finished with 0 Errors
INFO: [Vivado_Tcl 4-199] Please refer to the DRC report (report_drc) for more information.


Starting Routing Task
INFO: [Route 35-254] Multithreading enabled for route_design using a maximum of 2 CPUs

Phase 1 Build RT Design
Checksum: PlaceDB: 5494db95 ConstDB: 0 ShapeSum: 4e268c3a RouteDB: 0
Post Restoration Checksum: NetGraph: 2996dd04 | NumContArr: 63b98f8 | Constraints: 190a55ad | Timing: 0
Phase 1 Build RT Design | Checksum: 48dccba9

Time (s): cpu = 00:00:11 ; elapsed = 00:00:12 . Memory (MB): peak = 3190.859 ; gain = 59.016

Phase 2 Router Initialization

Phase 2.1 Fix Topology Constraints
Phase 2.1 Fix Topology Constraints | Checksum: 48dccba9

Time (s): cpu = 00:00:11 ; elapsed = 00:00:12 . Memory (MB): peak = 3190.859 ; gain = 59.016

Phase 2.2 Pre Route Cleanup
Phase 2.2 Pre Route Cleanup | Checksum: 48dccba9

Time (s): cpu = 00:00:11 ; elapsed = 00:00:12 . Memory (MB): peak = 3190.859 ; gain = 59.016
 Number of Nodes with overlaps = 0

Phase 2.3 Update Timing
Phase 2.3 Update Timing | Checksum: 2172c672a

Time (s): cpu = 00:00:13 ; elapsed = 00:00:13 . Memory (MB): peak = 3194.902 ; gain = 63.059
INFO: [Route 35-416] Intermediate Timing Summary | WNS=2.823  | TNS=0.000  | WHS=-0.221 | THS=-127.591|


Router Utilization Summary
  Global Vertical Routing Utilization    = 0.00669696 %
  Global Horizontal Routing Utilization  = 0.00130141 %
  Routable Net Status*
  *Does not include unroutable nets such as driverless and loadless.
  Run report_route_status for detailed report.
  Number of Failed Nets               = 3178
    (Failed Nets is the sum of unrouted and partially routed nets)
  Number of Unrouted Nets             = 3178
  Number of Partially Routed Nets     = 0
  Number of Node Overlaps             = 0

Phase 2 Router Initialization | Checksum: 15f59054b

Time (s): cpu = 00:00:13 ; elapsed = 00:00:13 . Memory (MB): peak = 3194.902 ; gain = 63.059

Phase 3 Initial Routing

Phase 3.1 Global Routing
Phase 3.1 Global Routing | Checksum: 15f59054b

Time (s): cpu = 00:00:13 ; elapsed = 00:00:13 . Memory (MB): peak = 3194.902 ; gain = 63.059
Phase 3 Initial Routing | Checksum: 12aac3eca

Time (s): cpu = 00:00:14 ; elapsed = 00:00:13 . Memory (MB): peak = 3194.918 ; gain = 63.074

Phase 4 Rip-up And Reroute

Phase 4.1 Global Iteration 0
 Number of Nodes with overlaps = 349
 Number of Nodes with overlaps = 18
 Number of Nodes with overlaps = 0
INFO: [Route 35-416] Intermediate Timing Summary | WNS=2.700  | TNS=0.000  | WHS=N/A    | THS=N/A    |

Phase 4.1 Global Iteration 0 | Checksum: bfd0e679

Time (s): cpu = 00:00:15 ; elapsed = 00:00:14 . Memory (MB): peak = 3194.918 ; gain = 63.074
Phase 4 Rip-up And Reroute | Checksum: bfd0e679

Time (s): cpu = 00:00:15 ; elapsed = 00:00:14 . Memory (MB): peak = 3194.918 ; gain = 63.074

Phase 5 Delay and Skew Optimization

Phase 5.1 Delay CleanUp

Phase 5.1.1 Update Timing
Phase 5.1.1 Update Timing | Checksum: 178f81b04

Time (s): cpu = 00:00:15 ; elapsed = 00:00:15 . Memory (MB): peak = 3194.918 ; gain = 63.074
INFO: [Route 35-416] Intermediate Timing Summary | WNS=2.794  | TNS=0.000  | WHS=N/A    | THS=N/A    |

Phase 5.1 Delay CleanUp | Checksum: 178f81b04

Time (s): cpu = 00:00:15 ; elapsed = 00:00:15 . Memory (MB): peak = 3194.918 ; gain = 63.074

Phase 5.2 Clock Skew Optimization
Phase 5.2 Clock Skew Optimization | Checksum: 178f81b04

Time (s): cpu = 00:00:15 ; elapsed = 00:00:15 . Memory (MB): peak = 3194.918 ; gain = 63.074
Phase 5 Delay and Skew Optimization | Checksum: 178f81b04

Time (s): cpu = 00:00:15 ; elapsed = 00:00:15 . Memory (MB): peak = 3194.918 ; gain = 63.074

Phase 6 Post Hold Fix

Phase 6.1 Hold Fix Iter

Phase 6.1.1 Update Timing
Phase 6.1.1 Update Timing | Checksum: aa646f60

Time (s): cpu = 00:00:16 ; elapsed = 00:00:15 . Memory (MB): peak = 3194.918 ; gain = 63.074
INFO: [Route 35-416] Intermediate Timing Summary | WNS=2.794  | TNS=0.000  | WHS=0.033  | THS=0.000  |

Phase 6.1 Hold Fix Iter | Checksum: c92792da

Time (s): cpu = 00:00:16 ; elapsed = 00:00:15 . Memory (MB): peak = 3194.918 ; gain = 63.074
Phase 6 Post Hold Fix | Checksum: c92792da

Time (s): cpu = 00:00:16 ; elapsed = 00:00:15 . Memory (MB): peak = 3194.918 ; gain = 63.074

Phase 7 Route finalize

Router Utilization Summary
  Global Vertical Routing Utilization    = 0.961492 %
  Global Horizontal Routing Utilization  = 1.25495 %
  Routable Net Status*
  *Does not include unroutable nets such as driverless and loadless.
  Run report_route_status for detailed report.
  Number of Failed Nets               = 0
    (Failed Nets is the sum of unrouted and partially routed nets)
  Number of Unrouted Nets             = 0
  Number of Partially Routed Nets     = 0
  Number of Node Overlaps             = 0

Phase 7 Route finalize | Checksum: c3ff6765

Time (s): cpu = 00:00:16 ; elapsed = 00:00:15 . Memory (MB): peak = 3194.918 ; gain = 63.074

Phase 8 Verifying routed nets

 Verification completed successfully
Phase 8 Verifying routed nets | Checksum: c3ff6765

Time (s): cpu = 00:00:16 ; elapsed = 00:00:15 . Memory (MB): peak = 3194.918 ; gain = 63.074

Phase 9 Depositing Routes
Phase 9 Depositing Routes | Checksum: 16c821e2a

Time (s): cpu = 00:00:16 ; elapsed = 00:00:15 . Memory (MB): peak = 3194.918 ; gain = 63.074

Phase 10 Post Router Timing
INFO: [Route 35-57] Estimated Timing Summary | WNS=2.794  | TNS=0.000  | WHS=0.033  | THS=0.000  |

INFO: [Route 35-327] The final timing numbers are based on the router estimated timing analysis. For a complete and accurate timing signoff, please run report_timing_summary.
Phase 10 Post Router Timing | Checksum: 16c821e2a

Time (s): cpu = 00:00:16 ; elapsed = 00:00:15 . Memory (MB): peak = 3194.918 ; gain = 63.074
INFO: [Route 35-16] Router Completed Successfully

Phase 11 Post-Route Event Processing
Phase 11 Post-Route Event Processing | Checksum: 9f51d037

Time (s): cpu = 00:00:16 ; elapsed = 00:00:15 . Memory (MB): peak = 3194.918 ; gain = 63.074

Time (s): cpu = 00:00:16 ; elapsed = 00:00:15 . Memory (MB): peak = 3194.918 ; gain = 63.074

Routing Is Done.
INFO: [Common 17-83] Releasing license: Implementation
116 Infos, 11 Warnings, 1 Critical Warnings and 0 Errors encountered.
route_design completed successfully
route_design: Time (s): cpu = 00:00:17 ; elapsed = 00:00:16 . Memory (MB): peak = 3194.918 ; gain = 68.559
INFO: [runtcl-4] Executing : report_drc -file top_drc_routed.rpt -pb top_drc_routed.pb -rpx top_drc_routed.rpx
Command: report_drc -file top_drc_routed.rpt -pb top_drc_routed.pb -rpx top_drc_routed.rpx
INFO: [IP_Flow 19-1839] IP Catalog is up to date.
INFO: [DRC 23-27] Running DRC with 2 threads
INFO: [Vivado_Tcl 2-168] The results of DRC are in file D:/vivado_pj/spi_master_ip/spi_master_ip.runs/impl_1/top_drc_routed.rpt.
report_drc completed successfully
INFO: [runtcl-4] Executing : report_methodology -file top_methodology_drc_routed.rpt -pb top_methodology_drc_routed.pb -rpx top_methodology_drc_routed.rpx
Command: report_methodology -file top_methodology_drc_routed.rpt -pb top_methodology_drc_routed.pb -rpx top_methodology_drc_routed.rpx
INFO: [Timing 38-35] Done setting XDC timing constraints.
INFO: [DRC 23-133] Running Methodology with 2 threads
INFO: [Vivado_Tcl 2-1520] The results of Report Methodology are in file D:/vivado_pj/spi_master_ip/spi_master_ip.runs/impl_1/top_methodology_drc_routed.rpt.
report_methodology completed successfully
INFO: [runtcl-4] Executing : report_power -file top_power_routed.rpt -pb top_power_summary_routed.pb -rpx top_power_routed.rpx
Command: report_power -file top_power_routed.rpt -pb top_power_summary_routed.pb -rpx top_power_routed.rpx
INFO: [Timing 38-35] Done setting XDC timing constraints.
Running Vector-less Activity Propagation...

Finished Running Vector-less Activity Propagation
WARNING: [Power 33-332] Found switching activity that implies high-fanout reset nets being asserted for excessive periods of time which may result in inaccurate power analysis.
Resolution: To review and fix problems, please run Power Constraints Advisor in the GUI from Tools > Power Constraints Advisor or run report_power with the -advisory option to generate a text report.
126 Infos, 12 Warnings, 1 Critical Warnings and 0 Errors encountered.
report_power completed successfully
INFO: [runtcl-4] Executing : report_route_status -file top_route_status.rpt -pb top_route_status.pb
INFO: [runtcl-4] Executing : report_timing_summary -max_paths 10 -report_unconstrained -file top_timing_summary_routed.rpt -pb top_timing_summary_routed.pb -rpx top_timing_summary_routed.rpx -warn_on_violation 
INFO: [Timing 38-91] UpdateTimingParams: Speed grade: -1, Delay Type: min_max.
INFO: [Timing 38-191] Multithreading enabled for timing update using a maximum of 2 CPUs
INFO: [runtcl-4] Executing : report_incremental_reuse -file top_incremental_reuse_routed.rpt
INFO: [Vivado_Tcl 4-1062] Incremental flow is disabled. No incremental reuse Info to report.
INFO: [runtcl-4] Executing : report_clock_utilization -file top_clock_utilization_routed.rpt
INFO: [runtcl-4] Executing : report_bus_skew -warn_on_violation -file top_bus_skew_routed.rpt -pb top_bus_skew_routed.pb -rpx top_bus_skew_routed.rpx
INFO: [Timing 38-91] UpdateTimingParams: Speed grade: -1, Delay Type: min_max.
INFO: [Timing 38-191] Multithreading enabled for timing update using a maximum of 2 CPUs
INFO: [Timing 38-480] Writing timing data to binary archive.
Writing XDEF routing.
Writing XDEF routing logical nets.
Writing XDEF routing special nets.
Write XDEF Complete: Time (s): cpu = 00:00:01 ; elapsed = 00:00:00.258 . Memory (MB): peak = 3249.844 ; gain = 20.160
INFO: [Common 17-1381] The checkpoint 'D:/vivado_pj/spi_master_ip/spi_master_ip.runs/impl_1/top_routed.dcp' has been generated.
INFO: [Memdata 28-167] Found XPM memory block spi_i/axi_quad_spi_0/U0/NO_DUAL_QUAD_MODE.QSPI_NORMAL/QSPI_LEGACY_MD_GEN.QSPI_CORE_INTERFACE_I/FIFO_EXISTS.TX_FIFO_II/xpm_fifo_instance.xpm_fifo_async_inst/gnuram_async_fifo.xpm_fifo_base_inst/gen_sdpram.xpm_memory_base_inst with a P_MEMORY_PRIMITIVE property set to auto. A value of block is required. You will not be able to use the updatemem program to update the bitstream with new data for the spi_i/axi_quad_spi_0/U0/NO_DUAL_QUAD_MODE.QSPI_NORMAL/QSPI_LEGACY_MD_GEN.QSPI_CORE_INTERFACE_I/FIFO_EXISTS.TX_FIFO_II/xpm_fifo_instance.xpm_fifo_async_inst/gnuram_async_fifo.xpm_fifo_base_inst/gen_sdpram.xpm_memory_base_inst block.
INFO: [Memdata 28-167] Found XPM memory block spi_i/axi_quad_spi_0/U0/NO_DUAL_QUAD_MODE.QSPI_NORMAL/QSPI_LEGACY_MD_GEN.QSPI_CORE_INTERFACE_I/FIFO_EXISTS.RX_FIFO_II/gnuram_async_fifo.xpm_fifo_base_inst/gen_sdpram.xpm_memory_base_inst with a P_MEMORY_PRIMITIVE property set to auto. A value of block is required. You will not be able to use the updatemem program to update the bitstream with new data for the spi_i/axi_quad_spi_0/U0/NO_DUAL_QUAD_MODE.QSPI_NORMAL/QSPI_LEGACY_MD_GEN.QSPI_CORE_INTERFACE_I/FIFO_EXISTS.RX_FIFO_II/gnuram_async_fifo.xpm_fifo_base_inst/gen_sdpram.xpm_memory_base_inst block.
Command: write_bitstream -force top.bit
Attempting to get a license for feature 'Implementation' and/or device 'xc7a35t'
INFO: [Common 17-349] Got license for feature 'Implementation' and/or device 'xc7a35t'
Running DRC as a precondition to command write_bitstream
INFO: [IP_Flow 19-1839] IP Catalog is up to date.
INFO: [DRC 23-27] Running DRC with 2 threads
INFO: [Vivado 12-3199] DRC finished with 0 Errors
INFO: [Vivado 12-3200] Please refer to the DRC report (report_drc) for more information.
INFO: [Designutils 20-2272] Running write_bitstream with 2 threads.
Loading data files...
Loading site data...
Loading route data...
Processing options...
Creating bitmap...
Creating bitstream...
Bitstream compression saved 13525280 bits.
Writing bitstream ./top.bit...
INFO: [Vivado 12-1842] Bitgen Completed Successfully.
INFO: [Project 1-1876] WebTalk data collection is mandatory when using a ULT device. To see the specific WebTalk data collected for your design, open the usage_statistics_webtalk.html or usage_statistics_webtalk.xml file in the implementation directory.
INFO: [Common 17-83] Releasing license: Implementation
16 Infos, 0 Warnings, 0 Critical Warnings and 0 Errors encountered.
write_bitstream completed successfully
write_bitstream: Time (s): cpu = 00:00:08 ; elapsed = 00:00:07 . Memory (MB): peak = 3744.465 ; gain = 494.621
INFO: [Common 17-206] Exiting Vivado at Wed May 27 11:30:39 2026...

*** Running vivado
    with args -log top.vdi -applog -m64 -product Vivado -messageDb vivado.pb -mode batch -source top.tcl -notrace



****** Vivado v2023.1 (64-bit)
  **** SW Build 3865809 on Sun May  7 15:05:29 MDT 2023
  **** IP Build 3864474 on Sun May  7 20:36:21 MDT 2023
  **** SharedData Build 3865790 on Sun May 07 13:33:03 MDT 2023
    ** Copyright 1986-2022 Xilinx, Inc. All Rights Reserved.
    ** Copyright 2022-2023 Advanced Micro Devices, Inc. All Rights Reserved.

source top.tcl -notrace
Command: open_checkpoint top_routed.dcp
INFO: [Device 21-403] Loading part xc7a35tcpg236-1
Netlist sorting complete. Time (s): cpu = 00:00:00 ; elapsed = 00:00:00.086 . Memory (MB): peak = 1870.320 ; gain = 0.000
INFO: [Netlist 29-17] Analyzing 257 Unisim elements for replacement
INFO: [Netlist 29-28] Unisim Transformation completed in 0 CPU seconds
INFO: [Project 1-479] Netlist was created with Vivado 2023.1
INFO: [Project 1-570] Preparing netlist for logic optimization
INFO: [Timing 38-478] Restoring timing data from binary archive.
INFO: [Timing 38-479] Binary timing data restore complete.
INFO: [Project 1-856] Restoring constraints from binary archive.
INFO: [Project 1-853] Binary constraint restore complete.
Reading XDEF placement.
Reading placer database...
Reading XDEF routing.
Read XDEF Files: Time (s): cpu = 00:00:01 ; elapsed = 00:00:00.309 . Memory (MB): peak = 2598.781 ; gain = 4.934
Restored from archive | CPU: 1.000000 secs | Memory: 0.000000 MB |
Finished XDEF File Restore: Time (s): cpu = 00:00:01 ; elapsed = 00:00:00.311 . Memory (MB): peak = 2598.781 ; gain = 4.934
Netlist sorting complete. Time (s): cpu = 00:00:00 ; elapsed = 00:00:00.002 . Memory (MB): peak = 2598.781 ; gain = 0.000
INFO: [Project 1-111] Unisim Transformation Summary:
  A total of 102 instances were transformed.
  LUT6_2 => LUT6_2 (LUT5, LUT6): 79 instances
  RAM32M => RAM32M (RAMD32(x6), RAMS32(x2)): 18 instances
  RAM32X1D => RAM32X1D (RAMD32(x2)): 4 instances
  SRLC16E => SRL16E: 1 instance 

INFO: [Project 1-604] Checkpoint was created with Vivado v2023.1 (64-bit) build 3865809
WARNING: [Vivado 12-23575] Critical violations of the methodology design rules detected. Critical violations may contribute to timing failures or cause functional issues in hardware. Run report_methodology for more information.
open_checkpoint: Time (s): cpu = 00:00:12 ; elapsed = 00:00:13 . Memory (MB): peak = 2598.781 ; gain = 1300.969
INFO: [Memdata 28-167] Found XPM memory block spi_i/axi_quad_spi_0/U0/NO_DUAL_QUAD_MODE.QSPI_NORMAL/QSPI_LEGACY_MD_GEN.QSPI_CORE_INTERFACE_I/FIFO_EXISTS.TX_FIFO_II/xpm_fifo_instance.xpm_fifo_async_inst/gnuram_async_fifo.xpm_fifo_base_inst/gen_sdpram.xpm_memory_base_inst with a P_MEMORY_PRIMITIVE property set to auto. A value of block is required. You will not be able to use the updatemem program to update the bitstream with new data for the spi_i/axi_quad_spi_0/U0/NO_DUAL_QUAD_MODE.QSPI_NORMAL/QSPI_LEGACY_MD_GEN.QSPI_CORE_INTERFACE_I/FIFO_EXISTS.TX_FIFO_II/xpm_fifo_instance.xpm_fifo_async_inst/gnuram_async_fifo.xpm_fifo_base_inst/gen_sdpram.xpm_memory_base_inst block.
INFO: [Memdata 28-167] Found XPM memory block spi_i/axi_quad_spi_0/U0/NO_DUAL_QUAD_MODE.QSPI_NORMAL/QSPI_LEGACY_MD_GEN.QSPI_CORE_INTERFACE_I/FIFO_EXISTS.RX_FIFO_II/gnuram_async_fifo.xpm_fifo_base_inst/gen_sdpram.xpm_memory_base_inst with a P_MEMORY_PRIMITIVE property set to auto. A value of block is required. You will not be able to use the updatemem program to update the bitstream with new data for the spi_i/axi_quad_spi_0/U0/NO_DUAL_QUAD_MODE.QSPI_NORMAL/QSPI_LEGACY_MD_GEN.QSPI_CORE_INTERFACE_I/FIFO_EXISTS.RX_FIFO_II/gnuram_async_fifo.xpm_fifo_base_inst/gen_sdpram.xpm_memory_base_inst block.
Command: write_bitstream -force top.bit
Attempting to get a license for feature 'Implementation' and/or device 'xc7a35t'
INFO: [Common 17-349] Got license for feature 'Implementation' and/or device 'xc7a35t'
Running DRC as a precondition to command write_bitstream
INFO: [IP_Flow 19-234] Refreshing IP repositories
INFO: [IP_Flow 19-1704] No user IP repositories specified
INFO: [IP_Flow 19-2313] Loaded Vivado IP repository 'G:/Xilinx/Vivado/2023.1/data/ip'.
INFO: [DRC 23-27] Running DRC with 2 threads
INFO: [Vivado 12-3199] DRC finished with 0 Errors
INFO: [Vivado 12-3200] Please refer to the DRC report (report_drc) for more information.
INFO: [Memdata 28-144] Successfully populated the BRAM INIT strings from the following elf files: D:/vivado_pj/workspace_spi_master_ip/spi_master_pj/Debug/spi_master_pj.elf 
INFO: [Designutils 20-2272] Running write_bitstream with 2 threads.
Loading data files...
Loading site data...
Loading route data...
Processing options...
Creating bitmap...
Creating bitstream...
Bitstream compression saved 13365728 bits.
Writing bitstream ./top.bit...
INFO: [Vivado 12-1842] Bitgen Completed Successfully.
INFO: [Project 1-1876] WebTalk data collection is mandatory when using a ULT device. To see the specific WebTalk data collected for your design, open the usage_statistics_webtalk.html or usage_statistics_webtalk.xml file in the implementation directory.
INFO: [Common 17-83] Releasing license: Implementation
25 Infos, 1 Warnings, 0 Critical Warnings and 0 Errors encountered.
write_bitstream completed successfully
write_bitstream: Time (s): cpu = 00:00:08 ; elapsed = 00:00:07 . Memory (MB): peak = 3168.199 ; gain = 562.441
INFO: [Common 17-206] Exiting Vivado at Wed May 27 12:34:11 2026...
