Copyright 1986-2022 Xilinx, Inc. All Rights Reserved. Copyright 2022-2024 Advanced Micro Devices, Inc. All Rights Reserved.
------------------------------------------------------------------------------------------------------------------------------------------------------------------------------------------------------
| Tool Version : Vivado v.2024.2 (win64) Build 5239630 Fri Nov 08 22:35:27 MST 2024
| Date         : Sun Apr 26 00:02:12 2026
| Host         : DESKTOP-A2AGG41 running 64-bit major release  (build 9200)
| Command      : report_timing_summary -max_paths 10 -report_unconstrained -file top_timing_summary_routed.rpt -pb top_timing_summary_routed.pb -rpx top_timing_summary_routed.rpx -warn_on_violation
| Design       : top
| Device       : 7a35t-cpg236
| Speed File   : -1  PRODUCTION 1.23 2018-06-13
| Design State : Routed
------------------------------------------------------------------------------------------------------------------------------------------------------------------------------------------------------

Timing Summary Report

------------------------------------------------------------------------------------------------
| Timer Settings
| --------------
------------------------------------------------------------------------------------------------

  Enable Multi Corner Analysis               :  Yes
  Enable Pessimism Removal                   :  Yes
  Pessimism Removal Resolution               :  Nearest Common Node
  Enable Input Delay Default Clock           :  No
  Enable Preset / Clear Arcs                 :  No
  Disable Flight Delays                      :  No
  Ignore I/O Paths                           :  No
  Timing Early Launch at Borrowing Latches   :  No
  Borrow Time for Max Delay Exceptions       :  Yes
  Merge Timing Exceptions                    :  Yes
  Inter-SLR Compensation                     :  Conservative

  Corner  Analyze    Analyze    
  Name    Max Paths  Min Paths  
  ------  ---------  ---------  
  Slow    Yes        Yes        
  Fast    Yes        Yes        


------------------------------------------------------------------------------------------------
| Report Methodology
| ------------------
------------------------------------------------------------------------------------------------

Rule       Severity          Description                  Violations  
---------  ----------------  ---------------------------  ----------  
TIMING-17  Critical Warning  Non-clocked sequential cell  62          

Note: This report is based on the most recent report_methodology run and may not be up-to-date. Run report_methodology on the current design for the latest report.



check_timing report

Table of Contents
-----------------
1. checking no_clock (82)
2. checking constant_clock (0)
3. checking pulse_width_clock (0)
4. checking unconstrained_internal_endpoints (132)
5. checking no_input_delay (1)
6. checking no_output_delay (34)
7. checking multiple_clock (0)
8. checking generated_clocks (0)
9. checking loops (0)
10. checking partial_input_delay (0)
11. checking partial_output_delay (0)
12. checking latch_loops (0)

1. checking no_clock (82)
-------------------------
 There are 25 register/latch pins with no clock driven by root clock pin: clk (HIGH)

 There are 20 register/latch pins with no clock driven by root clock pin: vga/r_25Mhz_reg[0]/Q (HIGH)

 There are 20 register/latch pins with no clock driven by root clock pin: vga/r_25Mhz_reg[1]/Q (HIGH)

 There are 17 register/latch pins with no clock driven by root clock pin: vga/v_sync_reg_reg/Q (HIGH)


2. checking constant_clock (0)
------------------------------
 There are 0 register/latch pins with constant_clock.


3. checking pulse_width_clock (0)
---------------------------------
 There are 0 register/latch pins which need pulse_width check


4. checking unconstrained_internal_endpoints (132)
--------------------------------------------------
 There are 132 pins that are not constrained for maximum delay. (HIGH)

 There are 0 pins that are not constrained for maximum delay due to constant clock.


5. checking no_input_delay (1)
------------------------------
 There is 1 input port with no input delay specified. (HIGH)

 There are 0 input ports with no input delay but user has a false path constraint.


6. checking no_output_delay (34)
--------------------------------
 There are 34 ports with no output delay specified. (HIGH)

 There are 0 ports with no output delay but user has a false path constraint

 There are 0 ports with no output delay but with a timing clock defined on it or propagating through it


7. checking multiple_clock (0)
------------------------------
 There are 0 register/latch pins with multiple clocks.


8. checking generated_clocks (0)
--------------------------------
 There are 0 generated clocks that are not connected to a clock source.


9. checking loops (0)
---------------------
 There are 0 combinational loops in the design.


10. checking partial_input_delay (0)
------------------------------------
 There are 0 input ports with partial input delay specified.


11. checking partial_output_delay (0)
-------------------------------------
 There are 0 ports with partial output delay specified.


12. checking latch_loops (0)
----------------------------
 There are 0 combinational latch loops in the design through latch input



------------------------------------------------------------------------------------------------
| Design Timing Summary
| ---------------------
------------------------------------------------------------------------------------------------

    WNS(ns)      TNS(ns)  TNS Failing Endpoints  TNS Total Endpoints      WHS(ns)      THS(ns)  THS Failing Endpoints  THS Total Endpoints     WPWS(ns)     TPWS(ns)  TPWS Failing Endpoints  TPWS Total Endpoints  
    -------      -------  ---------------------  -------------------      -------      -------  ---------------------  -------------------     --------     --------  ----------------------  --------------------  
        inf        0.000                      0                  166          inf        0.000                      0                  166           NA           NA                      NA                    NA  


There are no user specified timing constraints.


------------------------------------------------------------------------------------------------
| Clock Summary
| -------------
------------------------------------------------------------------------------------------------


------------------------------------------------------------------------------------------------
| Intra Clock Table
| -----------------
------------------------------------------------------------------------------------------------

Clock             WNS(ns)      TNS(ns)  TNS Failing Endpoints  TNS Total Endpoints      WHS(ns)      THS(ns)  THS Failing Endpoints  THS Total Endpoints     WPWS(ns)     TPWS(ns)  TPWS Failing Endpoints  TPWS Total Endpoints  
-----             -------      -------  ---------------------  -------------------      -------      -------  ---------------------  -------------------     --------     --------  ----------------------  --------------------  


------------------------------------------------------------------------------------------------
| Inter Clock Table
| -----------------
------------------------------------------------------------------------------------------------

From Clock    To Clock          WNS(ns)      TNS(ns)  TNS Failing Endpoints  TNS Total Endpoints      WHS(ns)      THS(ns)  THS Failing Endpoints  THS Total Endpoints  
----------    --------          -------      -------  ---------------------  -------------------      -------      -------  ---------------------  -------------------  


------------------------------------------------------------------------------------------------
| Other Path Groups Table
| -----------------------
------------------------------------------------------------------------------------------------

Path Group    From Clock    To Clock          WNS(ns)      TNS(ns)  TNS Failing Endpoints  TNS Total Endpoints      WHS(ns)      THS(ns)  THS Failing Endpoints  THS Total Endpoints  
----------    ----------    --------          -------      -------  ---------------------  -------------------      -------      -------  ---------------------  -------------------  


------------------------------------------------------------------------------------------------
| User Ignored Path Table
| -----------------------
------------------------------------------------------------------------------------------------

Path Group    From Clock    To Clock    
----------    ----------    --------    


------------------------------------------------------------------------------------------------
| Unconstrained Path Table
| ------------------------
------------------------------------------------------------------------------------------------

Path Group    From Clock    To Clock    
----------    ----------    --------    
(none)                                    


------------------------------------------------------------------------------------------------
| Timing Details
| --------------
------------------------------------------------------------------------------------------------


--------------------------------------------------------------------------------------
Path Group:  (none)
From Clock:  
  To Clock:  

Max Delay           166 Endpoints
Min Delay           166 Endpoints
--------------------------------------------------------------------------------------


Max Delay Paths
--------------------------------------------------------------------------------------
Slack:                    inf
  Source:                 box_y_reg[5]/C
                            (rising edge-triggered cell FDCE)
  Destination:            vgaRed[3]
                            (output port)
  Path Group:             (none)
  Path Type:              Max at Slow Process Corner
  Data Path Delay:        10.488ns  (logic 4.274ns (40.753%)  route 6.214ns (59.247%))
  Logic Levels:           6  (CARRY4=1 FDCE=1 LUT5=2 LUT6=1 OBUF=1)

    Location             Delay type                Incr(ns)  Path(ns)    Netlist Resource(s)
  -------------------------------------------------------------------    -------------------
    SLICE_X1Y11          FDCE                         0.000     0.000 r  box_y_reg[5]/C
    SLICE_X1Y11          FDCE (Prop_fdce_C_Q)         0.456     0.456 r  box_y_reg[5]/Q
                         net (fo=10, routed)          1.029     1.485    vga/vgaRed_OBUF[3]_inst_i_5_0[4]
    SLICE_X1Y12          LUT5 (Prop_lut5_I4_O)        0.152     1.637 f  vga/vgaRed_OBUF[3]_inst_i_52/O
                         net (fo=4, routed)           0.960     2.596    vga/vgaRed_OBUF[3]_inst_i_52_n_0
    SLICE_X3Y14          LUT6 (Prop_lut6_I1_O)        0.326     2.922 r  vga/vgaRed_OBUF[3]_inst_i_18/O
                         net (fo=1, routed)           0.330     3.252    vga/vgaRed_OBUF[3]_inst_i_18_n_0
    SLICE_X3Y13          CARRY4 (Prop_carry4_DI[0]_CO[0])
                                                      0.379     3.631 r  vga/vgaRed_OBUF[3]_inst_i_5/CO[0]
                         net (fo=1, routed)           0.793     4.424    vga/vgaRed_OBUF[3]_inst_i_5_n_3
    SLICE_X1Y13          LUT5 (Prop_lut5_I4_O)        0.373     4.797 r  vga/vgaRed_OBUF[3]_inst_i_1/O
                         net (fo=9, routed)           3.103     7.900    vgaBlue_OBUF[0]
    N18                  OBUF (Prop_obuf_I_O)         2.588    10.488 r  vgaRed_OBUF[3]_inst/O
                         net (fo=0)                   0.000    10.488    vgaRed[3]
    N18                                                               r  vgaRed[3] (OUT)
  -------------------------------------------------------------------    -------------------

Slack:                    inf
  Source:                 box_y_reg[5]/C
                            (rising edge-triggered cell FDCE)
  Destination:            vgaRed[2]
                            (output port)
  Path Group:             (none)
  Path Type:              Max at Slow Process Corner
  Data Path Delay:        10.354ns  (logic 4.281ns (41.349%)  route 6.073ns (58.651%))
  Logic Levels:           6  (CARRY4=1 FDCE=1 LUT5=2 LUT6=1 OBUF=1)

    Location             Delay type                Incr(ns)  Path(ns)    Netlist Resource(s)
  -------------------------------------------------------------------    -------------------
    SLICE_X1Y11          FDCE                         0.000     0.000 r  box_y_reg[5]/C
    SLICE_X1Y11          FDCE (Prop_fdce_C_Q)         0.456     0.456 r  box_y_reg[5]/Q
                         net (fo=10, routed)          1.029     1.485    vga/vgaRed_OBUF[3]_inst_i_5_0[4]
    SLICE_X1Y12          LUT5 (Prop_lut5_I4_O)        0.152     1.637 f  vga/vgaRed_OBUF[3]_inst_i_52/O
                         net (fo=4, routed)           0.960     2.596    vga/vgaRed_OBUF[3]_inst_i_52_n_0
    SLICE_X3Y14          LUT6 (Prop_lut6_I1_O)        0.326     2.922 r  vga/vgaRed_OBUF[3]_inst_i_18/O
                         net (fo=1, routed)           0.330     3.252    vga/vgaRed_OBUF[3]_inst_i_18_n_0
    SLICE_X3Y13          CARRY4 (Prop_carry4_DI[0]_CO[0])
                                                      0.379     3.631 r  vga/vgaRed_OBUF[3]_inst_i_5/CO[0]
                         net (fo=1, routed)           0.793     4.424    vga/vgaRed_OBUF[3]_inst_i_5_n_3
    SLICE_X1Y13          LUT5 (Prop_lut5_I4_O)        0.373     4.797 r  vga/vgaRed_OBUF[3]_inst_i_1/O
                         net (fo=9, routed)           2.962     7.759    vgaBlue_OBUF[0]
    N19                  OBUF (Prop_obuf_I_O)         2.595    10.354 r  vgaRed_OBUF[2]_inst/O
                         net (fo=0)                   0.000    10.354    vgaRed[2]
    N19                                                               r  vgaRed[2] (OUT)
  -------------------------------------------------------------------    -------------------

Slack:                    inf
  Source:                 box_y_reg[5]/C
                            (rising edge-triggered cell FDCE)
  Destination:            vgaRed[0]
                            (output port)
  Path Group:             (none)
  Path Type:              Max at Slow Process Corner
  Data Path Delay:        10.204ns  (logic 4.282ns (41.967%)  route 5.922ns (58.033%))
  Logic Levels:           6  (CARRY4=1 FDCE=1 LUT5=2 LUT6=1 OBUF=1)

    Location             Delay type                Incr(ns)  Path(ns)    Netlist Resource(s)
  -------------------------------------------------------------------    -------------------
    SLICE_X1Y11          FDCE                         0.000     0.000 r  box_y_reg[5]/C
    SLICE_X1Y11          FDCE (Prop_fdce_C_Q)         0.456     0.456 r  box_y_reg[5]/Q
                         net (fo=10, routed)          1.029     1.485    vga/vgaRed_OBUF[3]_inst_i_5_0[4]
    SLICE_X1Y12          LUT5 (Prop_lut5_I4_O)        0.152     1.637 f  vga/vgaRed_OBUF[3]_inst_i_52/O
                         net (fo=4, routed)           0.960     2.596    vga/vgaRed_OBUF[3]_inst_i_52_n_0
    SLICE_X3Y14          LUT6 (Prop_lut6_I1_O)        0.326     2.922 r  vga/vgaRed_OBUF[3]_inst_i_18/O
                         net (fo=1, routed)           0.330     3.252    vga/vgaRed_OBUF[3]_inst_i_18_n_0
    SLICE_X3Y13          CARRY4 (Prop_carry4_DI[0]_CO[0])
                                                      0.379     3.631 r  vga/vgaRed_OBUF[3]_inst_i_5/CO[0]
                         net (fo=1, routed)           0.793     4.424    vga/vgaRed_OBUF[3]_inst_i_5_n_3
    SLICE_X1Y13          LUT5 (Prop_lut5_I4_O)        0.373     4.797 r  vga/vgaRed_OBUF[3]_inst_i_1/O
                         net (fo=9, routed)           2.810     7.608    vgaBlue_OBUF[0]
    R19                  OBUF (Prop_obuf_I_O)         2.596    10.204 r  vgaRed_OBUF[0]_inst/O
                         net (fo=0)                   0.000    10.204    vgaRed[0]
    R19                                                               r  vgaRed[0] (OUT)
  -------------------------------------------------------------------    -------------------

Slack:                    inf
  Source:                 box_y_reg[5]/C
                            (rising edge-triggered cell FDCE)
  Destination:            vgaGreen[3]
                            (output port)
  Path Group:             (none)
  Path Type:              Max at Slow Process Corner
  Data Path Delay:        10.068ns  (logic 4.298ns (42.688%)  route 5.770ns (57.312%))
  Logic Levels:           6  (CARRY4=1 FDCE=1 LUT5=2 LUT6=1 OBUF=1)

    Location             Delay type                Incr(ns)  Path(ns)    Netlist Resource(s)
  -------------------------------------------------------------------    -------------------
    SLICE_X1Y11          FDCE                         0.000     0.000 r  box_y_reg[5]/C
    SLICE_X1Y11          FDCE (Prop_fdce_C_Q)         0.456     0.456 r  box_y_reg[5]/Q
                         net (fo=10, routed)          1.029     1.485    vga/vgaRed_OBUF[3]_inst_i_5_0[4]
    SLICE_X1Y12          LUT5 (Prop_lut5_I4_O)        0.152     1.637 f  vga/vgaRed_OBUF[3]_inst_i_52/O
                         net (fo=4, routed)           0.960     2.596    vga/vgaRed_OBUF[3]_inst_i_52_n_0
    SLICE_X3Y14          LUT6 (Prop_lut6_I1_O)        0.326     2.922 r  vga/vgaRed_OBUF[3]_inst_i_18/O
                         net (fo=1, routed)           0.330     3.252    vga/vgaRed_OBUF[3]_inst_i_18_n_0
    SLICE_X3Y13          CARRY4 (Prop_carry4_DI[0]_CO[0])
                                                      0.379     3.631 r  vga/vgaRed_OBUF[3]_inst_i_5/CO[0]
                         net (fo=1, routed)           0.793     4.424    vga/vgaRed_OBUF[3]_inst_i_5_n_3
    SLICE_X1Y13          LUT5 (Prop_lut5_I4_O)        0.373     4.797 r  vga/vgaRed_OBUF[3]_inst_i_1/O
                         net (fo=9, routed)           2.659     7.456    vgaBlue_OBUF[0]
    M19                  OBUF (Prop_obuf_I_O)         2.612    10.068 r  vgaGreen_OBUF[3]_inst/O
                         net (fo=0)                   0.000    10.068    vgaGreen[3]
    M19                                                               r  vgaGreen[3] (OUT)
  -------------------------------------------------------------------    -------------------

Slack:                    inf
  Source:                 box_y_reg[5]/C
                            (rising edge-triggered cell FDCE)
  Destination:            vgaGreen[2]
                            (output port)
  Path Group:             (none)
  Path Type:              Max at Slow Process Corner
  Data Path Delay:        9.929ns  (logic 4.310ns (43.406%)  route 5.619ns (56.594%))
  Logic Levels:           6  (CARRY4=1 FDCE=1 LUT5=2 LUT6=1 OBUF=1)

    Location             Delay type                Incr(ns)  Path(ns)    Netlist Resource(s)
  -------------------------------------------------------------------    -------------------
    SLICE_X1Y11          FDCE                         0.000     0.000 r  box_y_reg[5]/C
    SLICE_X1Y11          FDCE (Prop_fdce_C_Q)         0.456     0.456 r  box_y_reg[5]/Q
                         net (fo=10, routed)          1.029     1.485    vga/vgaRed_OBUF[3]_inst_i_5_0[4]
    SLICE_X1Y12          LUT5 (Prop_lut5_I4_O)        0.152     1.637 f  vga/vgaRed_OBUF[3]_inst_i_52/O
                         net (fo=4, routed)           0.960     2.596    vga/vgaRed_OBUF[3]_inst_i_52_n_0
    SLICE_X3Y14          LUT6 (Prop_lut6_I1_O)        0.326     2.922 r  vga/vgaRed_OBUF[3]_inst_i_18/O
                         net (fo=1, routed)           0.330     3.252    vga/vgaRed_OBUF[3]_inst_i_18_n_0
    SLICE_X3Y13          CARRY4 (Prop_carry4_DI[0]_CO[0])
                                                      0.379     3.631 r  vga/vgaRed_OBUF[3]_inst_i_5/CO[0]
                         net (fo=1, routed)           0.793     4.424    vga/vgaRed_OBUF[3]_inst_i_5_n_3
    SLICE_X1Y13          LUT5 (Prop_lut5_I4_O)        0.373     4.797 r  vga/vgaRed_OBUF[3]_inst_i_1/O
                         net (fo=9, routed)           2.508     7.305    vgaBlue_OBUF[0]
    L17                  OBUF (Prop_obuf_I_O)         2.624     9.929 r  vgaGreen_OBUF[2]_inst/O
                         net (fo=0)                   0.000     9.929    vgaGreen[2]
    L17                                                               r  vgaGreen[2] (OUT)
  -------------------------------------------------------------------    -------------------

Slack:                    inf
  Source:                 box_y_reg[5]/C
                            (rising edge-triggered cell FDCE)
  Destination:            vgaGreen[0]
                            (output port)
  Path Group:             (none)
  Path Type:              Max at Slow Process Corner
  Data Path Delay:        9.709ns  (logic 4.271ns (43.995%)  route 5.437ns (56.005%))
  Logic Levels:           6  (CARRY4=1 FDCE=1 LUT5=2 LUT6=1 OBUF=1)

    Location             Delay type                Incr(ns)  Path(ns)    Netlist Resource(s)
  -------------------------------------------------------------------    -------------------
    SLICE_X1Y11          FDCE                         0.000     0.000 r  box_y_reg[5]/C
    SLICE_X1Y11          FDCE (Prop_fdce_C_Q)         0.456     0.456 r  box_y_reg[5]/Q
                         net (fo=10, routed)          1.029     1.485    vga/vgaRed_OBUF[3]_inst_i_5_0[4]
    SLICE_X1Y12          LUT5 (Prop_lut5_I4_O)        0.152     1.637 f  vga/vgaRed_OBUF[3]_inst_i_52/O
                         net (fo=4, routed)           0.960     2.596    vga/vgaRed_OBUF[3]_inst_i_52_n_0
    SLICE_X3Y14          LUT6 (Prop_lut6_I1_O)        0.326     2.922 r  vga/vgaRed_OBUF[3]_inst_i_18/O
                         net (fo=1, routed)           0.330     3.252    vga/vgaRed_OBUF[3]_inst_i_18_n_0
    SLICE_X3Y13          CARRY4 (Prop_carry4_DI[0]_CO[0])
                                                      0.379     3.631 r  vga/vgaRed_OBUF[3]_inst_i_5/CO[0]
                         net (fo=1, routed)           0.793     4.424    vga/vgaRed_OBUF[3]_inst_i_5_n_3
    SLICE_X1Y13          LUT5 (Prop_lut5_I4_O)        0.373     4.797 r  vga/vgaRed_OBUF[3]_inst_i_1/O
                         net (fo=9, routed)           2.326     7.123    vgaBlue_OBUF[0]
    N17                  OBUF (Prop_obuf_I_O)         2.585     9.709 r  vgaGreen_OBUF[0]_inst/O
                         net (fo=0)                   0.000     9.709    vgaGreen[0]
    N17                                                               r  vgaGreen[0] (OUT)
  -------------------------------------------------------------------    -------------------

Slack:                    inf
  Source:                 box_y_reg[5]/C
                            (rising edge-triggered cell FDCE)
  Destination:            vgaBlue[3]
                            (output port)
  Path Group:             (none)
  Path Type:              Max at Slow Process Corner
  Data Path Delay:        9.562ns  (logic 4.276ns (44.715%)  route 5.286ns (55.285%))
  Logic Levels:           6  (CARRY4=1 FDCE=1 LUT5=2 LUT6=1 OBUF=1)

    Location             Delay type                Incr(ns)  Path(ns)    Netlist Resource(s)
  -------------------------------------------------------------------    -------------------
    SLICE_X1Y11          FDCE                         0.000     0.000 r  box_y_reg[5]/C
    SLICE_X1Y11          FDCE (Prop_fdce_C_Q)         0.456     0.456 r  box_y_reg[5]/Q
                         net (fo=10, routed)          1.029     1.485    vga/vgaRed_OBUF[3]_inst_i_5_0[4]
    SLICE_X1Y12          LUT5 (Prop_lut5_I4_O)        0.152     1.637 f  vga/vgaRed_OBUF[3]_inst_i_52/O
                         net (fo=4, routed)           0.960     2.596    vga/vgaRed_OBUF[3]_inst_i_52_n_0
    SLICE_X3Y14          LUT6 (Prop_lut6_I1_O)        0.326     2.922 r  vga/vgaRed_OBUF[3]_inst_i_18/O
                         net (fo=1, routed)           0.330     3.252    vga/vgaRed_OBUF[3]_inst_i_18_n_0
    SLICE_X3Y13          CARRY4 (Prop_carry4_DI[0]_CO[0])
                                                      0.379     3.631 r  vga/vgaRed_OBUF[3]_inst_i_5/CO[0]
                         net (fo=1, routed)           0.793     4.424    vga/vgaRed_OBUF[3]_inst_i_5_n_3
    SLICE_X1Y13          LUT5 (Prop_lut5_I4_O)        0.373     4.797 r  vga/vgaRed_OBUF[3]_inst_i_1/O
                         net (fo=9, routed)           2.175     6.972    vgaBlue_OBUF[0]
    P17                  OBUF (Prop_obuf_I_O)         2.590     9.562 r  vgaBlue_OBUF[3]_inst/O
                         net (fo=0)                   0.000     9.562    vgaBlue[3]
    P17                                                               r  vgaBlue[3] (OUT)
  -------------------------------------------------------------------    -------------------

Slack:                    inf
  Source:                 box_y_reg[5]/C
                            (rising edge-triggered cell FDCE)
  Destination:            vgaBlue[2]
                            (output port)
  Path Group:             (none)
  Path Type:              Max at Slow Process Corner
  Data Path Delay:        9.429ns  (logic 4.293ns (45.532%)  route 5.136ns (54.468%))
  Logic Levels:           6  (CARRY4=1 FDCE=1 LUT5=2 LUT6=1 OBUF=1)

    Location             Delay type                Incr(ns)  Path(ns)    Netlist Resource(s)
  -------------------------------------------------------------------    -------------------
    SLICE_X1Y11          FDCE                         0.000     0.000 r  box_y_reg[5]/C
    SLICE_X1Y11          FDCE (Prop_fdce_C_Q)         0.456     0.456 r  box_y_reg[5]/Q
                         net (fo=10, routed)          1.029     1.485    vga/vgaRed_OBUF[3]_inst_i_5_0[4]
    SLICE_X1Y12          LUT5 (Prop_lut5_I4_O)        0.152     1.637 f  vga/vgaRed_OBUF[3]_inst_i_52/O
                         net (fo=4, routed)           0.960     2.596    vga/vgaRed_OBUF[3]_inst_i_52_n_0
    SLICE_X3Y14          LUT6 (Prop_lut6_I1_O)        0.326     2.922 r  vga/vgaRed_OBUF[3]_inst_i_18/O
                         net (fo=1, routed)           0.330     3.252    vga/vgaRed_OBUF[3]_inst_i_18_n_0
    SLICE_X3Y13          CARRY4 (Prop_carry4_DI[0]_CO[0])
                                                      0.379     3.631 r  vga/vgaRed_OBUF[3]_inst_i_5/CO[0]
                         net (fo=1, routed)           0.793     4.424    vga/vgaRed_OBUF[3]_inst_i_5_n_3
    SLICE_X1Y13          LUT5 (Prop_lut5_I4_O)        0.373     4.797 r  vga/vgaRed_OBUF[3]_inst_i_1/O
                         net (fo=9, routed)           2.024     6.822    vgaBlue_OBUF[0]
    P18                  OBUF (Prop_obuf_I_O)         2.607     9.429 r  vgaBlue_OBUF[2]_inst/O
                         net (fo=0)                   0.000     9.429    vgaBlue[2]
    P18                                                               r  vgaBlue[2] (OUT)
  -------------------------------------------------------------------    -------------------

Slack:                    inf
  Source:                 box_y_reg[5]/C
                            (rising edge-triggered cell FDCE)
  Destination:            vgaBlue[0]
                            (output port)
  Path Group:             (none)
  Path Type:              Max at Slow Process Corner
  Data Path Delay:        9.264ns  (logic 4.280ns (46.199%)  route 4.984ns (53.801%))
  Logic Levels:           6  (CARRY4=1 FDCE=1 LUT5=2 LUT6=1 OBUF=1)

    Location             Delay type                Incr(ns)  Path(ns)    Netlist Resource(s)
  -------------------------------------------------------------------    -------------------
    SLICE_X1Y11          FDCE                         0.000     0.000 r  box_y_reg[5]/C
    SLICE_X1Y11          FDCE (Prop_fdce_C_Q)         0.456     0.456 r  box_y_reg[5]/Q
                         net (fo=10, routed)          1.029     1.485    vga/vgaRed_OBUF[3]_inst_i_5_0[4]
    SLICE_X1Y12          LUT5 (Prop_lut5_I4_O)        0.152     1.637 f  vga/vgaRed_OBUF[3]_inst_i_52/O
                         net (fo=4, routed)           0.960     2.596    vga/vgaRed_OBUF[3]_inst_i_52_n_0
    SLICE_X3Y14          LUT6 (Prop_lut6_I1_O)        0.326     2.922 r  vga/vgaRed_OBUF[3]_inst_i_18/O
                         net (fo=1, routed)           0.330     3.252    vga/vgaRed_OBUF[3]_inst_i_18_n_0
    SLICE_X3Y13          CARRY4 (Prop_carry4_DI[0]_CO[0])
                                                      0.379     3.631 r  vga/vgaRed_OBUF[3]_inst_i_5/CO[0]
                         net (fo=1, routed)           0.793     4.424    vga/vgaRed_OBUF[3]_inst_i_5_n_3
    SLICE_X1Y13          LUT5 (Prop_lut5_I4_O)        0.373     4.797 r  vga/vgaRed_OBUF[3]_inst_i_1/O
                         net (fo=9, routed)           1.873     6.670    vgaBlue_OBUF[0]
    U19                  OBUF (Prop_obuf_I_O)         2.594     9.264 r  vgaBlue_OBUF[0]_inst/O
                         net (fo=0)                   0.000     9.264    vgaBlue[0]
    U19                                                               r  vgaBlue[0] (OUT)
  -------------------------------------------------------------------    -------------------

Slack:                    inf
  Source:                 vga/h_count_reg_reg[8]/C
                            (rising edge-triggered cell FDCE)
  Destination:            vgaRed[1]
                            (output port)
  Path Group:             (none)
  Path Type:              Max at Slow Process Corner
  Data Path Delay:        7.844ns  (logic 3.432ns (43.747%)  route 4.413ns (56.253%))
  Logic Levels:           4  (FDCE=1 LUT4=1 LUT5=1 OBUF=1)

    Location             Delay type                Incr(ns)  Path(ns)    Netlist Resource(s)
  -------------------------------------------------------------------    -------------------
    SLICE_X0Y8           FDCE                         0.000     0.000 r  vga/h_count_reg_reg[8]/C
    SLICE_X0Y8           FDCE (Prop_fdce_C_Q)         0.419     0.419 f  vga/h_count_reg_reg[8]/Q
                         net (fo=9, routed)           1.415     1.834    vga/h_count_reg_reg[9]_0[8]
    SLICE_X0Y11          LUT4 (Prop_lut4_I2_O)        0.299     2.133 f  vga/vgaRed_OBUF[1]_inst_i_2/O
                         net (fo=1, routed)           0.558     2.691    vga/vgaRed_OBUF[1]_inst_i_2_n_0
    SLICE_X0Y13          LUT5 (Prop_lut5_I4_O)        0.124     2.815 r  vga/vgaRed_OBUF[1]_inst_i_1/O
                         net (fo=4, routed)           2.440     5.255    vgaBlue_OBUF[1]
    P19                  OBUF (Prop_obuf_I_O)         2.590     7.844 r  vgaRed_OBUF[1]_inst/O
                         net (fo=0)                   0.000     7.844    vgaRed[1]
    P19                                                               r  vgaRed[1] (OUT)
  -------------------------------------------------------------------    -------------------





Min Delay Paths
--------------------------------------------------------------------------------------
Slack:                    inf
  Source:                 vga/h_count_next_reg[8]/C
                            (rising edge-triggered cell FDCE)
  Destination:            vga/h_count_reg_reg[8]/D
  Path Group:             (none)
  Path Type:              Min at Fast Process Corner
  Data Path Delay:        0.208ns  (logic 0.128ns (61.443%)  route 0.080ns (38.557%))
  Logic Levels:           1  (FDCE=1)

    Location             Delay type                Incr(ns)  Path(ns)    Netlist Resource(s)
  -------------------------------------------------------------------    -------------------
    SLICE_X1Y8           FDCE                         0.000     0.000 r  vga/h_count_next_reg[8]/C
    SLICE_X1Y8           FDCE (Prop_fdce_C_Q)         0.128     0.128 r  vga/h_count_next_reg[8]/Q
                         net (fo=3, routed)           0.080     0.208    vga/h_count_next[8]
    SLICE_X0Y8           FDCE                                         r  vga/h_count_reg_reg[8]/D
  -------------------------------------------------------------------    -------------------

Slack:                    inf
  Source:                 vga/v_count_reg_reg[4]/C
                            (rising edge-triggered cell FDCE)
  Destination:            vga/v_count_next_reg[4]/D
  Path Group:             (none)
  Path Type:              Min at Fast Process Corner
  Data Path Delay:        0.251ns  (logic 0.186ns (74.077%)  route 0.065ns (25.923%))
  Logic Levels:           2  (FDCE=1 LUT5=1)

    Location             Delay type                Incr(ns)  Path(ns)    Netlist Resource(s)
  -------------------------------------------------------------------    -------------------
    SLICE_X4Y12          FDCE                         0.000     0.000 r  vga/v_count_reg_reg[4]/C
    SLICE_X4Y12          FDCE (Prop_fdce_C_Q)         0.141     0.141 r  vga/v_count_reg_reg[4]/Q
                         net (fo=7, routed)           0.065     0.206    vga/Q[4]
    SLICE_X5Y12          LUT5 (Prop_lut5_I1_O)        0.045     0.251 r  vga/v_count_next[4]_i_1/O
                         net (fo=1, routed)           0.000     0.251    vga/v_count_next[4]_i_1_n_0
    SLICE_X5Y12          FDCE                                         r  vga/v_count_next_reg[4]/D
  -------------------------------------------------------------------    -------------------

Slack:                    inf
  Source:                 vga/h_count_next_reg[9]/C
                            (rising edge-triggered cell FDCE)
  Destination:            vga/h_count_reg_reg[9]/D
  Path Group:             (none)
  Path Type:              Min at Fast Process Corner
  Data Path Delay:        0.264ns  (logic 0.141ns (53.387%)  route 0.123ns (46.613%))
  Logic Levels:           1  (FDCE=1)

    Location             Delay type                Incr(ns)  Path(ns)    Netlist Resource(s)
  -------------------------------------------------------------------    -------------------
    SLICE_X1Y8           FDCE                         0.000     0.000 r  vga/h_count_next_reg[9]/C
    SLICE_X1Y8           FDCE (Prop_fdce_C_Q)         0.141     0.141 r  vga/h_count_next_reg[9]/Q
                         net (fo=2, routed)           0.123     0.264    vga/h_count_next[9]
    SLICE_X0Y8           FDCE                                         r  vga/h_count_reg_reg[9]/D
  -------------------------------------------------------------------    -------------------

Slack:                    inf
  Source:                 vga/v_count_next_reg[8]/C
                            (rising edge-triggered cell FDCE)
  Destination:            vga/v_count_reg_reg[8]/D
  Path Group:             (none)
  Path Type:              Min at Fast Process Corner
  Data Path Delay:        0.276ns  (logic 0.141ns (51.119%)  route 0.135ns (48.881%))
  Logic Levels:           1  (FDCE=1)

    Location             Delay type                Incr(ns)  Path(ns)    Netlist Resource(s)
  -------------------------------------------------------------------    -------------------
    SLICE_X4Y11          FDCE                         0.000     0.000 r  vga/v_count_next_reg[8]/C
    SLICE_X4Y11          FDCE (Prop_fdce_C_Q)         0.141     0.141 r  vga/v_count_next_reg[8]/Q
                         net (fo=3, routed)           0.135     0.276    vga/v_count_next[8]
    SLICE_X4Y12          FDCE                                         r  vga/v_count_reg_reg[8]/D
  -------------------------------------------------------------------    -------------------

Slack:                    inf
  Source:                 vga/v_count_next_reg[6]/C
                            (rising edge-triggered cell FDCE)
  Destination:            vga/v_count_reg_reg[6]/D
  Path Group:             (none)
  Path Type:              Min at Fast Process Corner
  Data Path Delay:        0.280ns  (logic 0.141ns (50.441%)  route 0.139ns (49.559%))
  Logic Levels:           1  (FDCE=1)

    Location             Delay type                Incr(ns)  Path(ns)    Netlist Resource(s)
  -------------------------------------------------------------------    -------------------
    SLICE_X5Y12          FDCE                         0.000     0.000 r  vga/v_count_next_reg[6]/C
    SLICE_X5Y12          FDCE (Prop_fdce_C_Q)         0.141     0.141 r  vga/v_count_next_reg[6]/Q
                         net (fo=5, routed)           0.139     0.280    vga/v_count_next[6]
    SLICE_X3Y12          FDCE                                         r  vga/v_count_reg_reg[6]/D
  -------------------------------------------------------------------    -------------------

Slack:                    inf
  Source:                 vga/v_count_reg_reg[5]/C
                            (rising edge-triggered cell FDCE)
  Destination:            vga/v_count_next_reg[5]/D
  Path Group:             (none)
  Path Type:              Min at Fast Process Corner
  Data Path Delay:        0.283ns  (logic 0.186ns (65.709%)  route 0.097ns (34.291%))
  Logic Levels:           2  (FDCE=1 LUT5=1)

    Location             Delay type                Incr(ns)  Path(ns)    Netlist Resource(s)
  -------------------------------------------------------------------    -------------------
    SLICE_X4Y12          FDCE                         0.000     0.000 r  vga/v_count_reg_reg[5]/C
    SLICE_X4Y12          FDCE (Prop_fdce_C_Q)         0.141     0.141 r  vga/v_count_reg_reg[5]/Q
                         net (fo=8, routed)           0.097     0.238    vga/Q[5]
    SLICE_X5Y12          LUT5 (Prop_lut5_I1_O)        0.045     0.283 r  vga/v_count_next[5]_i_1/O
                         net (fo=1, routed)           0.000     0.283    vga/v_count_next[5]_i_1_n_0
    SLICE_X5Y12          FDCE                                         r  vga/v_count_next_reg[5]/D
  -------------------------------------------------------------------    -------------------

Slack:                    inf
  Source:                 vga/v_count_reg_reg[9]/C
                            (rising edge-triggered cell FDCE)
  Destination:            vga/v_count_next_reg[9]/D
  Path Group:             (none)
  Path Type:              Min at Fast Process Corner
  Data Path Delay:        0.285ns  (logic 0.186ns (65.209%)  route 0.099ns (34.791%))
  Logic Levels:           2  (FDCE=1 LUT5=1)

    Location             Delay type                Incr(ns)  Path(ns)    Netlist Resource(s)
  -------------------------------------------------------------------    -------------------
    SLICE_X7Y12          FDCE                         0.000     0.000 r  vga/v_count_reg_reg[9]/C
    SLICE_X7Y12          FDCE (Prop_fdce_C_Q)         0.141     0.141 r  vga/v_count_reg_reg[9]/Q
                         net (fo=9, routed)           0.099     0.240    vga/Q[9]
    SLICE_X6Y12          LUT5 (Prop_lut5_I1_O)        0.045     0.285 r  vga/v_count_next[9]_i_1/O
                         net (fo=1, routed)           0.000     0.285    vga/v_count_next[9]_i_1_n_0
    SLICE_X6Y12          FDCE                                         r  vga/v_count_next_reg[9]/D
  -------------------------------------------------------------------    -------------------

Slack:                    inf
  Source:                 vga/v_count_next_reg[0]/C
                            (rising edge-triggered cell FDCE)
  Destination:            vga/v_count_reg_reg[0]/D
  Path Group:             (none)
  Path Type:              Min at Fast Process Corner
  Data Path Delay:        0.308ns  (logic 0.141ns (45.823%)  route 0.167ns (54.177%))
  Logic Levels:           1  (FDCE=1)

    Location             Delay type                Incr(ns)  Path(ns)    Netlist Resource(s)
  -------------------------------------------------------------------    -------------------
    SLICE_X4Y11          FDCE                         0.000     0.000 r  vga/v_count_next_reg[0]/C
    SLICE_X4Y11          FDCE (Prop_fdce_C_Q)         0.141     0.141 r  vga/v_count_next_reg[0]/Q
                         net (fo=8, routed)           0.167     0.308    vga/v_count_next[0]
    SLICE_X3Y12          FDCE                                         r  vga/v_count_reg_reg[0]/D
  -------------------------------------------------------------------    -------------------

Slack:                    inf
  Source:                 vga/h_count_next_reg[4]/C
                            (rising edge-triggered cell FDCE)
  Destination:            vga/h_count_reg_reg[4]/D
  Path Group:             (none)
  Path Type:              Min at Fast Process Corner
  Data Path Delay:        0.314ns  (logic 0.164ns (52.190%)  route 0.150ns (47.810%))
  Logic Levels:           1  (FDCE=1)

    Location             Delay type                Incr(ns)  Path(ns)    Netlist Resource(s)
  -------------------------------------------------------------------    -------------------
    SLICE_X2Y8           FDCE                         0.000     0.000 r  vga/h_count_next_reg[4]/C
    SLICE_X2Y8           FDCE (Prop_fdce_C_Q)         0.164     0.164 r  vga/h_count_next_reg[4]/Q
                         net (fo=4, routed)           0.150     0.314    vga/h_count_next[4]
    SLICE_X3Y8           FDCE                                         r  vga/h_count_reg_reg[4]/D
  -------------------------------------------------------------------    -------------------

Slack:                    inf
  Source:                 vga/v_count_next_reg[1]/C
                            (rising edge-triggered cell FDCE)
  Destination:            vga/v_count_next_reg[2]/D
  Path Group:             (none)
  Path Type:              Min at Fast Process Corner
  Data Path Delay:        0.329ns  (logic 0.186ns (56.613%)  route 0.143ns (43.387%))
  Logic Levels:           2  (FDCE=1 LUT6=1)

    Location             Delay type                Incr(ns)  Path(ns)    Netlist Resource(s)
  -------------------------------------------------------------------    -------------------
    SLICE_X3Y11          FDCE                         0.000     0.000 r  vga/v_count_next_reg[1]/C
    SLICE_X3Y11          FDCE (Prop_fdce_C_Q)         0.141     0.141 r  vga/v_count_next_reg[1]/Q
                         net (fo=7, routed)           0.143     0.284    vga/v_count_next[1]
    SLICE_X4Y11          LUT6 (Prop_lut6_I3_O)        0.045     0.329 r  vga/v_count_next[2]_i_1/O
                         net (fo=1, routed)           0.000     0.329    vga/v_count_next[2]_i_1_n_0
    SLICE_X4Y11          FDCE                                         r  vga/v_count_next_reg[2]/D
  -------------------------------------------------------------------    -------------------





