Copyright 1986-2022 Xilinx, Inc. All Rights Reserved. Copyright 2022-2023 Advanced Micro Devices, Inc. All Rights Reserved.
--------------------------------------------------------------------------------------------------------------------------------------------------------------------
| Tool Version : Vivado v.2023.1 (win64) Build 3865809 Sun May  7 15:05:29 MDT 2023
| Date         : Mon Jun 15 14:11:26 2026
| Host         : SmST12 running 64-bit major release  (build 9200)
| Command      : report_methodology -file buzzer_top_methodology_drc_routed.rpt -pb buzzer_top_methodology_drc_routed.pb -rpx buzzer_top_methodology_drc_routed.rpx
| Design       : buzzer_top
| Device       : xc7a35tcpg236-1
| Speed File   : -1
| Design State : Fully Routed
--------------------------------------------------------------------------------------------------------------------------------------------------------------------

Report Methodology

Table of Contents
-----------------
1. REPORT SUMMARY
2. REPORT DETAILS

1. REPORT SUMMARY
-----------------
            Netlist: netlist
          Floorplan: design_1
      Design limits: <entire design considered>
             Max violations: <unlimited>
             Violations found: 25
+-----------+----------+--------------------------------+------------+
| Rule      | Severity | Description                    | Violations |
+-----------+----------+--------------------------------+------------+
| TIMING-16 | Warning  | Large setup violation          | 17         |
| TIMING-18 | Warning  | Missing input or output delay  | 3          |
| TIMING-20 | Warning  | Non-clocked latch              | 4          |
| LATCH-1   | Advisory | Existing latches in the design | 1          |
+-----------+----------+--------------------------------+------------+

2. REPORT DETAILS
-----------------
TIMING-16#1 Warning
Large setup violation  
There is a large setup violation of -11.109 ns between fsm_buzzer/r_freq_reg[0]_replica/C (clocked by sys_clk_pin) and freq_gen2/counter1_reg[16]/D (clocked by sys_clk_pin). Large setup violations at the end of those stages might be difficult to fix during the post-placement implementation flow and could be the result of non-optimal XDC constraints or non-optimal design architecture
Related violations: <none>

TIMING-16#2 Warning
Large setup violation  
There is a large setup violation of -13.770 ns between fsm_buzzer/r_freq_reg[0]_replica/C (clocked by sys_clk_pin) and freq_gen2/counter1_reg[15]/D (clocked by sys_clk_pin). Large setup violations at the end of those stages might be difficult to fix during the post-placement implementation flow and could be the result of non-optimal XDC constraints or non-optimal design architecture
Related violations: <none>

TIMING-16#3 Warning
Large setup violation  
There is a large setup violation of -15.465 ns between fsm_buzzer/r_freq_reg[0]_replica/C (clocked by sys_clk_pin) and freq_gen2/counter1_reg[14]/D (clocked by sys_clk_pin). Large setup violations at the end of those stages might be difficult to fix during the post-placement implementation flow and could be the result of non-optimal XDC constraints or non-optimal design architecture
Related violations: <none>

TIMING-16#4 Warning
Large setup violation  
There is a large setup violation of -17.493 ns between fsm_buzzer/r_freq_reg[0]_replica/C (clocked by sys_clk_pin) and freq_gen2/counter1_reg[13]/D (clocked by sys_clk_pin). Large setup violations at the end of those stages might be difficult to fix during the post-placement implementation flow and could be the result of non-optimal XDC constraints or non-optimal design architecture
Related violations: <none>

TIMING-16#5 Warning
Large setup violation  
There is a large setup violation of -19.894 ns between fsm_buzzer/r_freq_reg[0]_replica/C (clocked by sys_clk_pin) and freq_gen2/counter1_reg[12]/D (clocked by sys_clk_pin). Large setup violations at the end of those stages might be difficult to fix during the post-placement implementation flow and could be the result of non-optimal XDC constraints or non-optimal design architecture
Related violations: <none>

TIMING-16#6 Warning
Large setup violation  
There is a large setup violation of -22.081 ns between fsm_buzzer/r_freq_reg[0]_replica/C (clocked by sys_clk_pin) and freq_gen2/counter1_reg[11]/D (clocked by sys_clk_pin). Large setup violations at the end of those stages might be difficult to fix during the post-placement implementation flow and could be the result of non-optimal XDC constraints or non-optimal design architecture
Related violations: <none>

TIMING-16#7 Warning
Large setup violation  
There is a large setup violation of -24.439 ns between fsm_buzzer/r_freq_reg[0]_replica/C (clocked by sys_clk_pin) and freq_gen2/counter1_reg[10]/D (clocked by sys_clk_pin). Large setup violations at the end of those stages might be difficult to fix during the post-placement implementation flow and could be the result of non-optimal XDC constraints or non-optimal design architecture
Related violations: <none>

TIMING-16#8 Warning
Large setup violation  
There is a large setup violation of -25.996 ns between fsm_buzzer/r_freq_reg[0]_replica/C (clocked by sys_clk_pin) and freq_gen2/counter1_reg[9]/D (clocked by sys_clk_pin). Large setup violations at the end of those stages might be difficult to fix during the post-placement implementation flow and could be the result of non-optimal XDC constraints or non-optimal design architecture
Related violations: <none>

TIMING-16#9 Warning
Large setup violation  
There is a large setup violation of -28.354 ns between fsm_buzzer/r_freq_reg[0]_replica/C (clocked by sys_clk_pin) and freq_gen2/counter1_reg[8]/D (clocked by sys_clk_pin). Large setup violations at the end of those stages might be difficult to fix during the post-placement implementation flow and could be the result of non-optimal XDC constraints or non-optimal design architecture
Related violations: <none>

TIMING-16#10 Warning
Large setup violation  
There is a large setup violation of -31.037 ns between fsm_buzzer/r_freq_reg[0]_replica/C (clocked by sys_clk_pin) and freq_gen2/counter1_reg[7]/D (clocked by sys_clk_pin). Large setup violations at the end of those stages might be difficult to fix during the post-placement implementation flow and could be the result of non-optimal XDC constraints or non-optimal design architecture
Related violations: <none>

TIMING-16#11 Warning
Large setup violation  
There is a large setup violation of -32.556 ns between fsm_buzzer/r_freq_reg[0]_replica/C (clocked by sys_clk_pin) and freq_gen2/counter1_reg[6]/D (clocked by sys_clk_pin). Large setup violations at the end of those stages might be difficult to fix during the post-placement implementation flow and could be the result of non-optimal XDC constraints or non-optimal design architecture
Related violations: <none>

TIMING-16#12 Warning
Large setup violation  
There is a large setup violation of -35.012 ns between fsm_buzzer/r_freq_reg[0]_replica/C (clocked by sys_clk_pin) and freq_gen2/counter1_reg[5]/D (clocked by sys_clk_pin). Large setup violations at the end of those stages might be difficult to fix during the post-placement implementation flow and could be the result of non-optimal XDC constraints or non-optimal design architecture
Related violations: <none>

TIMING-16#13 Warning
Large setup violation  
There is a large setup violation of -36.769 ns between fsm_buzzer/r_freq_reg[0]_replica/C (clocked by sys_clk_pin) and freq_gen2/counter1_reg[4]/D (clocked by sys_clk_pin). Large setup violations at the end of those stages might be difficult to fix during the post-placement implementation flow and could be the result of non-optimal XDC constraints or non-optimal design architecture
Related violations: <none>

TIMING-16#14 Warning
Large setup violation  
There is a large setup violation of -38.923 ns between fsm_buzzer/r_freq_reg[0]_replica/C (clocked by sys_clk_pin) and freq_gen2/counter1_reg[3]/D (clocked by sys_clk_pin). Large setup violations at the end of those stages might be difficult to fix during the post-placement implementation flow and could be the result of non-optimal XDC constraints or non-optimal design architecture
Related violations: <none>

TIMING-16#15 Warning
Large setup violation  
There is a large setup violation of -41.017 ns between fsm_buzzer/r_freq_reg[0]_replica/C (clocked by sys_clk_pin) and freq_gen2/counter1_reg[2]/D (clocked by sys_clk_pin). Large setup violations at the end of those stages might be difficult to fix during the post-placement implementation flow and could be the result of non-optimal XDC constraints or non-optimal design architecture
Related violations: <none>

TIMING-16#16 Warning
Large setup violation  
There is a large setup violation of -42.684 ns between fsm_buzzer/r_freq_reg[0]_replica/C (clocked by sys_clk_pin) and freq_gen2/counter1_reg[1]/D (clocked by sys_clk_pin). Large setup violations at the end of those stages might be difficult to fix during the post-placement implementation flow and could be the result of non-optimal XDC constraints or non-optimal design architecture
Related violations: <none>

TIMING-16#17 Warning
Large setup violation  
There is a large setup violation of -44.957 ns between fsm_buzzer/r_freq_reg[0]_replica/C (clocked by sys_clk_pin) and freq_gen2/counter1_reg[0]/D (clocked by sys_clk_pin). Large setup violations at the end of those stages might be difficult to fix during the post-placement implementation flow and could be the result of non-optimal XDC constraints or non-optimal design architecture
Related violations: <none>

TIMING-18#1 Warning
Missing input or output delay  
An input delay is missing on i_btn relative to the rising and/or falling clock edge(s) of sys_clk_pin.
Related violations: <none>

TIMING-18#2 Warning
Missing input or output delay  
An input delay is missing on reset relative to the rising and/or falling clock edge(s) of sys_clk_pin.
Related violations: <none>

TIMING-18#3 Warning
Missing input or output delay  
An output delay is missing on o_freq relative to the rising and/or falling clock edge(s) of sys_clk_pin.
Related violations: <none>

TIMING-20#1 Warning
Non-clocked latch  
The latch fsm_buzzer/FSM_sequential_next_state_reg[0] cannot be properly analyzed as its control pin fsm_buzzer/FSM_sequential_next_state_reg[0]/G is not reached by a timing clock
Related violations: <none>

TIMING-20#2 Warning
Non-clocked latch  
The latch fsm_buzzer/FSM_sequential_next_state_reg[1] cannot be properly analyzed as its control pin fsm_buzzer/FSM_sequential_next_state_reg[1]/G is not reached by a timing clock
Related violations: <none>

TIMING-20#3 Warning
Non-clocked latch  
The latch fsm_buzzer/FSM_sequential_next_state_reg[2] cannot be properly analyzed as its control pin fsm_buzzer/FSM_sequential_next_state_reg[2]/G is not reached by a timing clock
Related violations: <none>

TIMING-20#4 Warning
Non-clocked latch  
The latch fsm_buzzer/FSM_sequential_next_state_reg[3] cannot be properly analyzed as its control pin fsm_buzzer/FSM_sequential_next_state_reg[3]/G is not reached by a timing clock
Related violations: <none>

LATCH-1#1 Advisory
Existing latches in the design  
There are 4 latches found in the design. Inferred latches are often the result of HDL coding mistakes, such as incomplete if or case statements.
Related violations: <none>


