Copyright 1986-2022 Xilinx, Inc. All Rights Reserved. Copyright 2022-2023 Advanced Micro Devices, Inc. All Rights Reserved.
---------------------------------------------------------------------------------------------------------------------------------------------
| Tool Version : Vivado v.2023.1 (win64) Build 3865809 Sun May  7 15:05:29 MDT 2023
| Date         : Mon Jun 15 14:11:08 2026
| Host         : SmST12 running 64-bit major release  (build 9200)
| Command      : report_control_sets -verbose -file buzzer_top_control_sets_placed.rpt
| Design       : buzzer_top
| Device       : xc7a35t
---------------------------------------------------------------------------------------------------------------------------------------------

Control Set Information

Table of Contents
-----------------
1. Summary
2. Histogram
3. Flip-Flop Distribution
4. Detailed Control Set Information

1. Summary
----------

+----------------------------------------------------------+-------+
|                          Status                          | Count |
+----------------------------------------------------------+-------+
| Total control sets                                       |     7 |
|    Minimum number of control sets                        |     7 |
|    Addition due to synthesis replication                 |     0 |
|    Addition due to physical synthesis replication        |     0 |
| Unused register locations in slices containing registers |    32 |
+----------------------------------------------------------+-------+
* Control sets can be merged at opt_design using control_set_merge or merge_equivalent_drivers
** Run report_qor_suggestions for automated merging and remapping suggestions


2. Histogram
------------

+--------------------+-------+
|       Fanout       | Count |
+--------------------+-------+
| Total control sets |     7 |
| >= 0 to < 4        |     1 |
| >= 4 to < 6        |     2 |
| >= 6 to < 8        |     0 |
| >= 8 to < 10       |     0 |
| >= 10 to < 12      |     1 |
| >= 12 to < 14      |     0 |
| >= 14 to < 16      |     0 |
| >= 16              |     3 |
+--------------------+-------+
* Control sets can be remapped at either synth_design or opt_design


3. Flip-Flop Distribution
-------------------------

+--------------+-----------------------+------------------------+-----------------+--------------+
| Clock Enable | Synchronous Set/Reset | Asynchronous Set/Reset | Total Registers | Total Slices |
+--------------+-----------------------+------------------------+-----------------+--------------+
| No           | No                    | No                     |               6 |            4 |
| No           | No                    | Yes                    |              42 |           15 |
| No           | Yes                   | No                     |               0 |            0 |
| Yes          | No                    | No                     |              11 |            4 |
| Yes          | No                    | Yes                    |              53 |           20 |
| Yes          | Yes                   | No                     |               0 |            0 |
+--------------+-----------------------+------------------------+-----------------+--------------+


4. Detailed Control Set Information
-----------------------------------

+------------------------+--------------------------------------------+------------------+------------------+----------------+--------------+
|      Clock Signal      |                Enable Signal               | Set/Reset Signal | Slice Load Count | Bel Load Count | Bels / Slice |
+------------------------+--------------------------------------------+------------------+------------------+----------------+--------------+
|  sysclk_IBUF_BUFG      |                                            |                  |                2 |              2 |         1.00 |
|  fsm_buzzer/next_state |                                            |                  |                2 |              4 |         2.00 |
|  sysclk_IBUF_BUFG      | fsm_buzzer/FSM_sequential_state[3]_i_1_n_0 | fsm_buzzer/reset |                3 |              4 |         1.33 |
|  sysclk_IBUF_BUFG      | fsm_buzzer/r_enable                        |                  |                4 |             11 |         2.75 |
|  sysclk_IBUF_BUFG      | freq_gen2/counter1_n_0                     | fsm_buzzer/reset |                5 |             17 |         3.40 |
|  sysclk_IBUF_BUFG      | fsm_buzzer/time_counter_0                  | fsm_buzzer/reset |               12 |             32 |         2.67 |
|  sysclk_IBUF_BUFG      |                                            | fsm_buzzer/reset |               15 |             42 |         2.80 |
+------------------------+--------------------------------------------+------------------+------------------+----------------+--------------+


