
*** Running vivado
    with args -log buzzer_top.vdi -applog -m64 -product Vivado -messageDb vivado.pb -mode batch -source buzzer_top.tcl -notrace



****** Vivado v2023.1 (64-bit)
  **** SW Build 3865809 on Sun May  7 15:05:29 MDT 2023
  **** IP Build 3864474 on Sun May  7 20:36:21 MDT 2023
  **** SharedData Build 3865790 on Sun May 07 13:33:03 MDT 2023
    ** Copyright 1986-2022 Xilinx, Inc. All Rights Reserved.
    ** Copyright 2022-2023 Advanced Micro Devices, Inc. All Rights Reserved.

source buzzer_top.tcl -notrace
Command: link_design -top buzzer_top -part xc7a35tcpg236-1
Design is defaulting to srcset: sources_1
Design is defaulting to constrset: constrs_1
INFO: [Device 21-403] Loading part xc7a35tcpg236-1
Netlist sorting complete. Time (s): cpu = 00:00:00 ; elapsed = 00:00:00.003 . Memory (MB): peak = 1867.672 ; gain = 0.000
INFO: [Netlist 29-17] Analyzing 152 Unisim elements for replacement
INFO: [Netlist 29-28] Unisim Transformation completed in 0 CPU seconds
INFO: [Project 1-479] Netlist was created with Vivado 2023.1
INFO: [Project 1-570] Preparing netlist for logic optimization
Parsing XDC File [D:/vivado_pj/buzzer_pj/buzzer_pj.srcs/constrs_1/new/buzzer_xdc.xdc]
Finished Parsing XDC File [D:/vivado_pj/buzzer_pj/buzzer_pj.srcs/constrs_1/new/buzzer_xdc.xdc]
INFO: [Opt 31-138] Pushed 0 inverter(s) to 0 load pin(s).
Netlist sorting complete. Time (s): cpu = 00:00:00 ; elapsed = 00:00:00 . Memory (MB): peak = 2000.160 ; gain = 0.000
INFO: [Project 1-111] Unisim Transformation Summary:
No Unisim elements were transformed.

7 Infos, 0 Warnings, 0 Critical Warnings and 0 Errors encountered.
link_design completed successfully
Command: opt_design
Attempting to get a license for feature 'Implementation' and/or device 'xc7a35t'
INFO: [Common 17-349] Got license for feature 'Implementation' and/or device 'xc7a35t'
Running DRC as a precondition to command opt_design

Starting DRC Task
INFO: [DRC 23-27] Running DRC with 2 threads
INFO: [Project 1-461] DRC finished with 0 Errors
INFO: [Project 1-462] Please refer to the DRC report (report_drc) for more information.

Time (s): cpu = 00:00:00 ; elapsed = 00:00:00.651 . Memory (MB): peak = 2023.254 ; gain = 19.066

Starting Cache Timing Information Task
INFO: [Timing 38-35] Done setting XDC timing constraints.
Ending Cache Timing Information Task | Checksum: 14743aeb2

Time (s): cpu = 00:00:04 ; elapsed = 00:00:05 . Memory (MB): peak = 2572.977 ; gain = 549.723

Starting Logic Optimization Task

Phase 1 Retarget
INFO: [Opt 31-138] Pushed 0 inverter(s) to 0 load pin(s).
INFO: [Opt 31-49] Retargeted 0 cell(s).
Phase 1 Retarget | Checksum: 14743aeb2

Time (s): cpu = 00:00:00 ; elapsed = 00:00:00.058 . Memory (MB): peak = 2920.133 ; gain = 0.000
INFO: [Opt 31-389] Phase Retarget created 0 cells and removed 0 cells

Phase 2 Constant propagation
INFO: [Opt 31-138] Pushed 0 inverter(s) to 0 load pin(s).
Phase 2 Constant propagation | Checksum: 14743aeb2

Time (s): cpu = 00:00:00 ; elapsed = 00:00:00.062 . Memory (MB): peak = 2920.133 ; gain = 0.000
INFO: [Opt 31-389] Phase Constant propagation created 0 cells and removed 0 cells

Phase 3 Sweep
Phase 3 Sweep | Checksum: 133625202

Time (s): cpu = 00:00:00 ; elapsed = 00:00:00.074 . Memory (MB): peak = 2920.133 ; gain = 0.000
INFO: [Opt 31-389] Phase Sweep created 0 cells and removed 0 cells

Phase 4 BUFG optimization
Phase 4 BUFG optimization | Checksum: 133625202

Time (s): cpu = 00:00:00 ; elapsed = 00:00:00.099 . Memory (MB): peak = 2920.133 ; gain = 0.000
INFO: [Opt 31-662] Phase BUFG optimization created 0 cells of which 0 are BUFGs and removed 0 cells.

Phase 5 Shift Register Optimization
INFO: [Opt 31-1064] SRL Remap converted 0 SRLs to 0 registers and converted 0 registers of register chains to 0 SRLs
Phase 5 Shift Register Optimization | Checksum: 2b067bb4d

Time (s): cpu = 00:00:00 ; elapsed = 00:00:00.127 . Memory (MB): peak = 2920.133 ; gain = 0.000
INFO: [Opt 31-389] Phase Shift Register Optimization created 0 cells and removed 0 cells

Phase 6 Post Processing Netlist
Phase 6 Post Processing Netlist | Checksum: 2b067bb4d

Time (s): cpu = 00:00:00 ; elapsed = 00:00:00.131 . Memory (MB): peak = 2920.133 ; gain = 0.000
INFO: [Opt 31-389] Phase Post Processing Netlist created 0 cells and removed 0 cells
Opt_design Change Summary
=========================


-------------------------------------------------------------------------------------------------------------------------
|  Phase                        |  #Cells created  |  #Cells Removed  |  #Constrained objects preventing optimizations  |
-------------------------------------------------------------------------------------------------------------------------
|  Retarget                     |               0  |               0  |                                              0  |
|  Constant propagation         |               0  |               0  |                                              0  |
|  Sweep                        |               0  |               0  |                                              0  |
|  BUFG optimization            |               0  |               0  |                                              0  |
|  Shift Register Optimization  |               0  |               0  |                                              0  |
|  Post Processing Netlist      |               0  |               0  |                                              0  |
-------------------------------------------------------------------------------------------------------------------------



Starting Connectivity Check Task

Time (s): cpu = 00:00:00 ; elapsed = 00:00:00.001 . Memory (MB): peak = 2920.133 ; gain = 0.000
Ending Logic Optimization Task | Checksum: 2b067bb4d

Time (s): cpu = 00:00:00 ; elapsed = 00:00:00.133 . Memory (MB): peak = 2920.133 ; gain = 0.000

Starting Power Optimization Task
INFO: [Pwropt 34-132] Skipping clock gating for clocks with a period < 2.00 ns.
Ending Power Optimization Task | Checksum: 2b067bb4d

Time (s): cpu = 00:00:00 ; elapsed = 00:00:00.021 . Memory (MB): peak = 2920.133 ; gain = 0.000

Starting Final Cleanup Task
Ending Final Cleanup Task | Checksum: 2b067bb4d

Time (s): cpu = 00:00:00 ; elapsed = 00:00:00.001 . Memory (MB): peak = 2920.133 ; gain = 0.000

Starting Netlist Obfuscation Task
Netlist sorting complete. Time (s): cpu = 00:00:00 ; elapsed = 00:00:00 . Memory (MB): peak = 2920.133 ; gain = 0.000
Ending Netlist Obfuscation Task | Checksum: 2b067bb4d

Time (s): cpu = 00:00:00 ; elapsed = 00:00:00 . Memory (MB): peak = 2920.133 ; gain = 0.000
INFO: [Common 17-83] Releasing license: Implementation
24 Infos, 0 Warnings, 0 Critical Warnings and 0 Errors encountered.
opt_design completed successfully
opt_design: Time (s): cpu = 00:00:06 ; elapsed = 00:00:07 . Memory (MB): peak = 2920.133 ; gain = 915.945
INFO: [runtcl-4] Executing : report_drc -file buzzer_top_drc_opted.rpt -pb buzzer_top_drc_opted.pb -rpx buzzer_top_drc_opted.rpx
Command: report_drc -file buzzer_top_drc_opted.rpt -pb buzzer_top_drc_opted.pb -rpx buzzer_top_drc_opted.rpx
INFO: [IP_Flow 19-234] Refreshing IP repositories
INFO: [IP_Flow 19-1704] No user IP repositories specified
INFO: [IP_Flow 19-2313] Loaded Vivado IP repository 'H:/Xilinx/Vivado/2023.1/data/ip'.
INFO: [DRC 23-27] Running DRC with 2 threads
INFO: [Vivado_Tcl 2-168] The results of DRC are in file D:/vivado_pj/buzzer_pj/buzzer_pj.runs/impl_1/buzzer_top_drc_opted.rpt.
report_drc completed successfully
INFO: [Timing 38-480] Writing timing data to binary archive.
Writing XDEF routing.
Writing XDEF routing logical nets.
Writing XDEF routing special nets.
Write XDEF Complete: Time (s): cpu = 00:00:00 ; elapsed = 00:00:00.018 . Memory (MB): peak = 2920.133 ; gain = 0.000
INFO: [Common 17-1381] The checkpoint 'D:/vivado_pj/buzzer_pj/buzzer_pj.runs/impl_1/buzzer_top_opt.dcp' has been generated.
Command: place_design
Attempting to get a license for feature 'Implementation' and/or device 'xc7a35t'
INFO: [Common 17-349] Got license for feature 'Implementation' and/or device 'xc7a35t'
INFO: [DRC 23-27] Running DRC with 2 threads
INFO: [Vivado_Tcl 4-198] DRC finished with 0 Errors
INFO: [Vivado_Tcl 4-199] Please refer to the DRC report (report_drc) for more information.
Running DRC as a precondition to command place_design
INFO: [DRC 23-27] Running DRC with 2 threads
INFO: [Vivado_Tcl 4-198] DRC finished with 0 Errors
INFO: [Vivado_Tcl 4-199] Please refer to the DRC report (report_drc) for more information.

Starting Placer Task
INFO: [Place 30-611] Multithreading enabled for place_design using a maximum of 2 CPUs

Phase 1 Placer Initialization

Phase 1.1 Placer Initialization Netlist Sorting
Netlist sorting complete. Time (s): cpu = 00:00:00 ; elapsed = 00:00:00.001 . Memory (MB): peak = 2920.133 ; gain = 0.000
Phase 1.1 Placer Initialization Netlist Sorting | Checksum: 1b92230a3

Time (s): cpu = 00:00:00 ; elapsed = 00:00:00.031 . Memory (MB): peak = 2920.133 ; gain = 0.000
Netlist sorting complete. Time (s): cpu = 00:00:00 ; elapsed = 00:00:00 . Memory (MB): peak = 2920.133 ; gain = 0.000

Phase 1.2 IO Placement/ Clock Placement/ Build Placer Device
INFO: [Timing 38-35] Done setting XDC timing constraints.
Phase 1.2 IO Placement/ Clock Placement/ Build Placer Device | Checksum: cf0f9070

Time (s): cpu = 00:00:00 ; elapsed = 00:00:00.281 . Memory (MB): peak = 2920.133 ; gain = 0.000

Phase 1.3 Build Placer Netlist Model
Phase 1.3 Build Placer Netlist Model | Checksum: 19644cd95

Time (s): cpu = 00:00:00 ; elapsed = 00:00:00.518 . Memory (MB): peak = 2920.133 ; gain = 0.000

Phase 1.4 Constrain Clocks/Macros
Phase 1.4 Constrain Clocks/Macros | Checksum: 19644cd95

Time (s): cpu = 00:00:00 ; elapsed = 00:00:00.522 . Memory (MB): peak = 2920.133 ; gain = 0.000
Phase 1 Placer Initialization | Checksum: 19644cd95

Time (s): cpu = 00:00:00 ; elapsed = 00:00:00.537 . Memory (MB): peak = 2920.133 ; gain = 0.000

Phase 2 Global Placement

Phase 2.1 Floorplanning
Phase 2.1 Floorplanning | Checksum: 15ca78c95

Time (s): cpu = 00:00:00 ; elapsed = 00:00:00.653 . Memory (MB): peak = 2920.133 ; gain = 0.000

Phase 2.2 Update Timing before SLR Path Opt
Phase 2.2 Update Timing before SLR Path Opt | Checksum: 1a22516fe

Time (s): cpu = 00:00:00 ; elapsed = 00:00:00.698 . Memory (MB): peak = 2920.133 ; gain = 0.000

Phase 2.3 Post-Processing in Floorplanning
Phase 2.3 Post-Processing in Floorplanning | Checksum: 1a22516fe

Time (s): cpu = 00:00:00 ; elapsed = 00:00:00.702 . Memory (MB): peak = 2920.133 ; gain = 0.000

Phase 2.4 Global Placement Core

Phase 2.4.1 UpdateTiming Before Physical Synthesis
Phase 2.4.1 UpdateTiming Before Physical Synthesis | Checksum: 12585aae5

Time (s): cpu = 00:00:01 ; elapsed = 00:00:01 . Memory (MB): peak = 2920.133 ; gain = 0.000

Phase 2.4.2 Physical Synthesis In Placer
INFO: [Physopt 32-1035] Found 0 LUTNM shape to break, 5 LUT instances to create LUTNM shape
INFO: [Physopt 32-1044] Break lutnm for timing: one critical 0, two critical 0, total 0, new lutff created 0
INFO: [Physopt 32-1138] End 1 Pass. Optimized 2 nets or LUTs. Breaked 0 LUT, combined 2 existing LUTs and moved 0 existing LUT
INFO: [Physopt 32-65] No nets found for high-fanout optimization.
INFO: [Physopt 32-232] Optimized 0 net. Created 0 new instance.
INFO: [Physopt 32-775] End 1 Pass. Optimized 0 net or cell. Created 0 new cell, deleted 0 existing cell and moved 0 existing cell
INFO: [Physopt 32-456] No candidate cells for DSP register optimization found in the design.
INFO: [Physopt 32-775] End 2 Pass. Optimized 0 net or cell. Created 0 new cell, deleted 0 existing cell and moved 0 existing cell
INFO: [Physopt 32-1123] No candidate cells found for Shift Register to Pipeline optimization
INFO: [Physopt 32-775] End 2 Pass. Optimized 0 net or cell. Created 0 new cell, deleted 0 existing cell and moved 0 existing cell
INFO: [Physopt 32-677] No candidate cells for Shift Register optimization found in the design
INFO: [Physopt 32-775] End 1 Pass. Optimized 0 net or cell. Created 0 new cell, deleted 0 existing cell and moved 0 existing cell
INFO: [Physopt 32-526] No candidate cells for BRAM register optimization found in the design
INFO: [Physopt 32-775] End 1 Pass. Optimized 0 net or cell. Created 0 new cell, deleted 0 existing cell and moved 0 existing cell
INFO: [Physopt 32-846] No candidate cells for URAM register optimization found in the design
INFO: [Physopt 32-775] End 1 Pass. Optimized 0 net or cell. Created 0 new cell, deleted 0 existing cell and moved 0 existing cell
INFO: [Physopt 32-846] No candidate cells for URAM register optimization found in the design
INFO: [Physopt 32-775] End 1 Pass. Optimized 0 net or cell. Created 0 new cell, deleted 0 existing cell and moved 0 existing cell
INFO: [Physopt 32-949] No candidate nets found for dynamic/static region interface net replication
INFO: [Physopt 32-775] End 1 Pass. Optimized 0 net or cell. Created 0 new cell, deleted 0 existing cell and moved 0 existing cell
Netlist sorting complete. Time (s): cpu = 00:00:00 ; elapsed = 00:00:00 . Memory (MB): peak = 2920.133 ; gain = 0.000

Summary of Physical Synthesis Optimizations
============================================


-----------------------------------------------------------------------------------------------------------------------------------------------------------
|  Optimization                                     |  Added Cells  |  Removed Cells  |  Optimized Cells/Nets  |  Dont Touch  |  Iterations  |  Elapsed   |
-----------------------------------------------------------------------------------------------------------------------------------------------------------
|  LUT Combining                                    |            0  |              2  |                     2  |           0  |           1  |  00:00:00  |
|  Retime                                           |            0  |              0  |                     0  |           0  |           1  |  00:00:00  |
|  Very High Fanout                                 |            0  |              0  |                     0  |           0  |           1  |  00:00:00  |
|  DSP Register                                     |            0  |              0  |                     0  |           0  |           1  |  00:00:00  |
|  Shift Register to Pipeline                       |            0  |              0  |                     0  |           0  |           1  |  00:00:00  |
|  Shift Register                                   |            0  |              0  |                     0  |           0  |           1  |  00:00:00  |
|  BRAM Register                                    |            0  |              0  |                     0  |           0  |           1  |  00:00:00  |
|  URAM Register                                    |            0  |              0  |                     0  |           0  |           1  |  00:00:00  |
|  Dynamic/Static Region Interface Net Replication  |            0  |              0  |                     0  |           0  |           1  |  00:00:00  |
|  Total                                            |            0  |              2  |                     2  |           0  |           9  |  00:00:00  |
-----------------------------------------------------------------------------------------------------------------------------------------------------------


Phase 2.4.2 Physical Synthesis In Placer | Checksum: 1c1aeb617

Time (s): cpu = 00:00:01 ; elapsed = 00:00:01 . Memory (MB): peak = 2920.133 ; gain = 0.000
Phase 2.4 Global Placement Core | Checksum: 16bcf8b13

Time (s): cpu = 00:00:01 ; elapsed = 00:00:02 . Memory (MB): peak = 2920.133 ; gain = 0.000
Phase 2 Global Placement | Checksum: 16bcf8b13

Time (s): cpu = 00:00:01 ; elapsed = 00:00:02 . Memory (MB): peak = 2920.133 ; gain = 0.000

Phase 3 Detail Placement

Phase 3.1 Commit Multi Column Macros
Phase 3.1 Commit Multi Column Macros | Checksum: 1724e89a8

Time (s): cpu = 00:00:01 ; elapsed = 00:00:02 . Memory (MB): peak = 2920.133 ; gain = 0.000

Phase 3.2 Commit Most Macros & LUTRAMs
Phase 3.2 Commit Most Macros & LUTRAMs | Checksum: 18bed523c

Time (s): cpu = 00:00:02 ; elapsed = 00:00:02 . Memory (MB): peak = 2920.133 ; gain = 0.000

Phase 3.3 Area Swap Optimization
Phase 3.3 Area Swap Optimization | Checksum: 1300c3fe8

Time (s): cpu = 00:00:02 ; elapsed = 00:00:02 . Memory (MB): peak = 2920.133 ; gain = 0.000

Phase 3.4 Pipeline Register Optimization
Phase 3.4 Pipeline Register Optimization | Checksum: 1ea152335

Time (s): cpu = 00:00:02 ; elapsed = 00:00:02 . Memory (MB): peak = 2920.133 ; gain = 0.000

Phase 3.5 Fast Optimization
Phase 3.5 Fast Optimization | Checksum: 22b750cce

Time (s): cpu = 00:00:02 ; elapsed = 00:00:03 . Memory (MB): peak = 2920.133 ; gain = 0.000

Phase 3.6 Small Shape Detail Placement
Phase 3.6 Small Shape Detail Placement | Checksum: 11cdf6c8a

Time (s): cpu = 00:00:02 ; elapsed = 00:00:03 . Memory (MB): peak = 2920.133 ; gain = 0.000

Phase 3.7 Re-assign LUT pins
Phase 3.7 Re-assign LUT pins | Checksum: 6cca32a9

Time (s): cpu = 00:00:02 ; elapsed = 00:00:03 . Memory (MB): peak = 2920.133 ; gain = 0.000

Phase 3.8 Pipeline Register Optimization
Phase 3.8 Pipeline Register Optimization | Checksum: 112c155f4

Time (s): cpu = 00:00:02 ; elapsed = 00:00:03 . Memory (MB): peak = 2920.133 ; gain = 0.000

Phase 3.9 Fast Optimization
Phase 3.9 Fast Optimization | Checksum: 11a5ca726

Time (s): cpu = 00:00:03 ; elapsed = 00:00:04 . Memory (MB): peak = 2920.133 ; gain = 0.000
Phase 3 Detail Placement | Checksum: 11a5ca726

Time (s): cpu = 00:00:03 ; elapsed = 00:00:04 . Memory (MB): peak = 2920.133 ; gain = 0.000

Phase 4 Post Placement Optimization and Clean-Up

Phase 4.1 Post Commit Optimization
INFO: [Timing 38-35] Done setting XDC timing constraints.

Phase 4.1.1 Post Placement Optimization
Post Placement Optimization Initialization | Checksum: 1a9c11df2

Phase 4.1.1.1 BUFG Insertion

Starting Physical Synthesis Task

Phase 1 Physical Synthesis Initialization
INFO: [Physopt 32-721] Multithreading enabled for phys_opt_design using a maximum of 2 CPUs
INFO: [Physopt 32-619] Estimated Timing Summary | WNS=-44.330 | TNS=-466.658 |
Phase 1 Physical Synthesis Initialization | Checksum: 27329fcf6

Time (s): cpu = 00:00:00 ; elapsed = 00:00:00.023 . Memory (MB): peak = 2920.133 ; gain = 0.000
INFO: [Place 46-56] BUFG insertion identified 0 candidate nets. Inserted BUFG: 0, Replicated BUFG Driver: 0, Skipped due to Placement/Routing Conflicts: 0, Skipped due to Timing Degradation: 0, Skipped due to netlist editing failed: 0.
Ending Physical Synthesis Task | Checksum: 27329fcf6

Time (s): cpu = 00:00:00 ; elapsed = 00:00:00.028 . Memory (MB): peak = 2920.133 ; gain = 0.000
Phase 4.1.1.1 BUFG Insertion | Checksum: 1a9c11df2

Time (s): cpu = 00:00:03 ; elapsed = 00:00:04 . Memory (MB): peak = 2920.133 ; gain = 0.000

Phase 4.1.1.2 Post Placement Timing Optimization
INFO: [Place 30-746] Post Placement Timing Summary WNS=-44.330. For the most accurate timing information please run report_timing.
Phase 4.1.1.2 Post Placement Timing Optimization | Checksum: 1b937ade9

Time (s): cpu = 00:00:05 ; elapsed = 00:00:06 . Memory (MB): peak = 2920.133 ; gain = 0.000

Time (s): cpu = 00:00:05 ; elapsed = 00:00:06 . Memory (MB): peak = 2920.133 ; gain = 0.000
Phase 4.1 Post Commit Optimization | Checksum: 1b937ade9

Time (s): cpu = 00:00:05 ; elapsed = 00:00:06 . Memory (MB): peak = 2920.133 ; gain = 0.000

Phase 4.2 Post Placement Cleanup
Phase 4.2 Post Placement Cleanup | Checksum: 1b937ade9

Time (s): cpu = 00:00:05 ; elapsed = 00:00:06 . Memory (MB): peak = 2920.133 ; gain = 0.000

Phase 4.3 Placer Reporting

Phase 4.3.1 Print Estimated Congestion
INFO: [Place 30-612] Post-Placement Estimated Congestion 
 ____________________________________________________
|           | Global Congestion | Short Congestion  |
| Direction | Region Size       | Region Size       |
|___________|___________________|___________________|
|      North|                1x1|                1x1|
|___________|___________________|___________________|
|      South|                1x1|                1x1|
|___________|___________________|___________________|
|       East|                1x1|                1x1|
|___________|___________________|___________________|
|       West|                1x1|                1x1|
|___________|___________________|___________________|

Phase 4.3.1 Print Estimated Congestion | Checksum: 1b937ade9

Time (s): cpu = 00:00:05 ; elapsed = 00:00:06 . Memory (MB): peak = 2920.133 ; gain = 0.000
Phase 4.3 Placer Reporting | Checksum: 1b937ade9

Time (s): cpu = 00:00:05 ; elapsed = 00:00:06 . Memory (MB): peak = 2920.133 ; gain = 0.000

Phase 4.4 Final Placement Cleanup
Netlist sorting complete. Time (s): cpu = 00:00:00 ; elapsed = 00:00:00 . Memory (MB): peak = 2920.133 ; gain = 0.000

Time (s): cpu = 00:00:05 ; elapsed = 00:00:06 . Memory (MB): peak = 2920.133 ; gain = 0.000
Phase 4 Post Placement Optimization and Clean-Up | Checksum: edde279b

Time (s): cpu = 00:00:05 ; elapsed = 00:00:06 . Memory (MB): peak = 2920.133 ; gain = 0.000
Ending Placer Task | Checksum: b08aebfe

Time (s): cpu = 00:00:05 ; elapsed = 00:00:06 . Memory (MB): peak = 2920.133 ; gain = 0.000
INFO: [Common 17-83] Releasing license: Implementation
68 Infos, 0 Warnings, 0 Critical Warnings and 0 Errors encountered.
place_design completed successfully
place_design: Time (s): cpu = 00:00:06 ; elapsed = 00:00:07 . Memory (MB): peak = 2920.133 ; gain = 0.000
INFO: [runtcl-4] Executing : report_io -file buzzer_top_io_placed.rpt
report_io: Time (s): cpu = 00:00:00 ; elapsed = 00:00:00.019 . Memory (MB): peak = 2920.133 ; gain = 0.000
INFO: [runtcl-4] Executing : report_utilization -file buzzer_top_utilization_placed.rpt -pb buzzer_top_utilization_placed.pb
INFO: [runtcl-4] Executing : report_control_sets -verbose -file buzzer_top_control_sets_placed.rpt
report_control_sets: Time (s): cpu = 00:00:00 ; elapsed = 00:00:00.001 . Memory (MB): peak = 2920.133 ; gain = 0.000
INFO: [Timing 38-480] Writing timing data to binary archive.
Writing XDEF routing.
Writing XDEF routing logical nets.
Writing XDEF routing special nets.
Write XDEF Complete: Time (s): cpu = 00:00:00 ; elapsed = 00:00:00.053 . Memory (MB): peak = 2920.133 ; gain = 0.000
INFO: [Common 17-1381] The checkpoint 'D:/vivado_pj/buzzer_pj/buzzer_pj.runs/impl_1/buzzer_top_placed.dcp' has been generated.
Command: phys_opt_design
Attempting to get a license for feature 'Implementation' and/or device 'xc7a35t'
INFO: [Common 17-349] Got license for feature 'Implementation' and/or device 'xc7a35t'

Starting Initial Update Timing Task

Time (s): cpu = 00:00:00 ; elapsed = 00:00:00.059 . Memory (MB): peak = 2920.133 ; gain = 0.000
INFO: [Vivado_Tcl 4-1435] PhysOpt_Tcl_Interface Runtime Before Starting Physical Synthesis Task | CPU: 0.00s |  WALL: 0.07s
Netlist sorting complete. Time (s): cpu = 00:00:00 ; elapsed = 00:00:00.001 . Memory (MB): peak = 2920.133 ; gain = 0.000

Starting Physical Synthesis Task

Phase 1 Physical Synthesis Initialization
INFO: [Physopt 32-721] Multithreading enabled for phys_opt_design using a maximum of 2 CPUs
INFO: [Physopt 32-619] Estimated Timing Summary | WNS=-44.330 | TNS=-466.658 |
Phase 1 Physical Synthesis Initialization | Checksum: 24e25374f

Time (s): cpu = 00:00:00 ; elapsed = 00:00:00.088 . Memory (MB): peak = 2920.133 ; gain = 0.000
INFO: [Physopt 32-619] Estimated Timing Summary | WNS=-44.330 | TNS=-466.658 |

Phase 2 DSP Register Optimization
INFO: [Physopt 32-456] No candidate cells for DSP register optimization found in the design.
INFO: [Physopt 32-775] End 2 Pass. Optimized 0 net or cell. Created 0 new cell, deleted 0 existing cell and moved 0 existing cell
Phase 2 DSP Register Optimization | Checksum: 24e25374f

Time (s): cpu = 00:00:00 ; elapsed = 00:00:00.102 . Memory (MB): peak = 2920.133 ; gain = 0.000

Phase 3 Critical Path Optimization
INFO: [Physopt 32-619] Estimated Timing Summary | WNS=-44.330 | TNS=-466.658 |
INFO: [Physopt 32-702] Processed net freq_gen2/counter1__0[0]. Optimizations did not improve timing on the net.
INFO: [Physopt 32-81] Processed net fsm_buzzer/Q[4]. Replicated 3 times.
INFO: [Physopt 32-735] Processed net fsm_buzzer/Q[4]. Optimization improves timing on the net.
INFO: [Physopt 32-619] Estimated Timing Summary | WNS=-44.247 | TNS=-465.247 |
INFO: [Physopt 32-81] Processed net fsm_buzzer/Q[9]. Replicated 3 times.
INFO: [Physopt 32-735] Processed net fsm_buzzer/Q[9]. Optimization improves timing on the net.
INFO: [Physopt 32-619] Estimated Timing Summary | WNS=-44.231 | TNS=-464.975 |
INFO: [Physopt 32-81] Processed net fsm_buzzer/Q[5]. Replicated 3 times.
INFO: [Physopt 32-735] Processed net fsm_buzzer/Q[5]. Optimization improves timing on the net.
INFO: [Physopt 32-619] Estimated Timing Summary | WNS=-44.212 | TNS=-464.652 |
INFO: [Physopt 32-81] Processed net fsm_buzzer/Q[1]. Replicated 3 times.
INFO: [Physopt 32-735] Processed net fsm_buzzer/Q[1]. Optimization improves timing on the net.
INFO: [Physopt 32-619] Estimated Timing Summary | WNS=-44.194 | TNS=-464.346 |
INFO: [Physopt 32-81] Processed net fsm_buzzer/Q[0]. Replicated 3 times.
INFO: [Physopt 32-735] Processed net fsm_buzzer/Q[0]. Optimization improves timing on the net.
INFO: [Physopt 32-619] Estimated Timing Summary | WNS=-44.176 | TNS=-464.040 |
INFO: [Physopt 32-81] Processed net fsm_buzzer/Q[3]. Replicated 6 times.
INFO: [Physopt 32-735] Processed net fsm_buzzer/Q[3]. Optimization improves timing on the net.
INFO: [Physopt 32-619] Estimated Timing Summary | WNS=-44.137 | TNS=-463.377 |
INFO: [Physopt 32-81] Processed net fsm_buzzer/Q[0]_repN. Replicated 1 times.
INFO: [Physopt 32-735] Processed net fsm_buzzer/Q[0]_repN. Optimization improves timing on the net.
INFO: [Physopt 32-619] Estimated Timing Summary | WNS=-44.131 | TNS=-463.275 |
INFO: [Physopt 32-702] Processed net fsm_buzzer/Q[0]_repN. Optimizations did not improve timing on the net.
INFO: [Physopt 32-702] Processed net freq_gen2/counter10__126[0]. Optimizations did not improve timing on the net.
INFO: [Physopt 32-702] Processed net freq_gen2/counter10__124_n_0. Optimizations did not improve timing on the net.
INFO: [Physopt 32-702] Processed net freq_gen2/counter10__123_n_0. Optimizations did not improve timing on the net.
INFO: [Physopt 32-702] Processed net freq_gen2/counter10__122_n_0. Optimizations did not improve timing on the net.
INFO: [Physopt 32-702] Processed net freq_gen2/counter10__121_n_0. Optimizations did not improve timing on the net.
INFO: [Physopt 32-702] Processed net fsm_buzzer/r_freq_reg[0]_27[0]. Optimizations did not improve timing on the net.
INFO: [Physopt 32-702] Processed net freq_gen2/counter10__45_i_2_0[0]. Optimizations did not improve timing on the net.
INFO: [Physopt 32-702] Processed net freq_gen2/counter10__119_n_0. Optimizations did not improve timing on the net.
INFO: [Physopt 32-702] Processed net freq_gen2/counter10__118_n_0. Optimizations did not improve timing on the net.
INFO: [Physopt 32-702] Processed net freq_gen2/counter10__117_n_0. Optimizations did not improve timing on the net.
INFO: [Physopt 32-702] Processed net freq_gen2/counter10__116_n_0. Optimizations did not improve timing on the net.
INFO: [Physopt 32-702] Processed net fsm_buzzer/r_freq_reg[0]_26[0]. Optimizations did not improve timing on the net.
INFO: [Physopt 32-702] Processed net freq_gen2/counter10__45_i_2_0[1]. Optimizations did not improve timing on the net.
INFO: [Physopt 32-702] Processed net freq_gen2/counter10__114_n_0. Optimizations did not improve timing on the net.
INFO: [Physopt 32-702] Processed net freq_gen2/counter10__113_n_0. Optimizations did not improve timing on the net.
INFO: [Physopt 32-702] Processed net freq_gen2/counter10__112_n_0. Optimizations did not improve timing on the net.
INFO: [Physopt 32-702] Processed net freq_gen2/counter10__111_n_0. Optimizations did not improve timing on the net.
INFO: [Physopt 32-702] Processed net fsm_buzzer/r_freq_reg[0]_25[0]. Optimizations did not improve timing on the net.
INFO: [Physopt 32-702] Processed net freq_gen2/counter10__45_i_2_0[2]. Optimizations did not improve timing on the net.
INFO: [Physopt 32-702] Processed net freq_gen2/counter10__109_n_0. Optimizations did not improve timing on the net.
INFO: [Physopt 32-702] Processed net freq_gen2/counter10__108_n_0. Optimizations did not improve timing on the net.
INFO: [Physopt 32-702] Processed net freq_gen2/counter10__107_n_0. Optimizations did not improve timing on the net.
INFO: [Physopt 32-702] Processed net freq_gen2/counter10__106_n_0. Optimizations did not improve timing on the net.
INFO: [Physopt 32-702] Processed net fsm_buzzer/r_freq_reg[0]_24[0]. Optimizations did not improve timing on the net.
INFO: [Physopt 32-702] Processed net freq_gen2/counter10__45_i_2_0[3]. Optimizations did not improve timing on the net.
INFO: [Physopt 32-702] Processed net freq_gen2/counter10__104_n_0. Optimizations did not improve timing on the net.
INFO: [Physopt 32-702] Processed net freq_gen2/counter10__103_n_0. Optimizations did not improve timing on the net.
INFO: [Physopt 32-702] Processed net freq_gen2/counter10__102_n_0. Optimizations did not improve timing on the net.
INFO: [Physopt 32-702] Processed net freq_gen2/counter10__101_n_0. Optimizations did not improve timing on the net.
INFO: [Physopt 32-702] Processed net fsm_buzzer/r_freq_reg[0]_23[0]. Optimizations did not improve timing on the net.
INFO: [Physopt 32-702] Processed net freq_gen2/counter10__45_i_2_0[4]. Optimizations did not improve timing on the net.
INFO: [Physopt 32-702] Processed net freq_gen2/counter10__99_n_0. Optimizations did not improve timing on the net.
INFO: [Physopt 32-702] Processed net freq_gen2/counter10__98_n_0. Optimizations did not improve timing on the net.
INFO: [Physopt 32-702] Processed net freq_gen2/counter10__97_n_0. Optimizations did not improve timing on the net.
INFO: [Physopt 32-702] Processed net freq_gen2/counter10__96_n_0. Optimizations did not improve timing on the net.
INFO: [Physopt 32-702] Processed net fsm_buzzer/r_freq_reg[0]_22[0]. Optimizations did not improve timing on the net.
INFO: [Physopt 32-702] Processed net freq_gen2/counter10__45_i_2_0[5]. Optimizations did not improve timing on the net.
INFO: [Physopt 32-702] Processed net freq_gen2/counter10__94_n_0. Optimizations did not improve timing on the net.
INFO: [Physopt 32-702] Processed net freq_gen2/counter10__93_n_0. Optimizations did not improve timing on the net.
INFO: [Physopt 32-702] Processed net freq_gen2/counter10__92_n_0. Optimizations did not improve timing on the net.
INFO: [Physopt 32-702] Processed net freq_gen2/counter10__91_n_0. Optimizations did not improve timing on the net.
INFO: [Physopt 32-702] Processed net fsm_buzzer/r_freq_reg[0]_21[0]. Optimizations did not improve timing on the net.
INFO: [Physopt 32-702] Processed net freq_gen2/counter10__45_i_2_0[6]. Optimizations did not improve timing on the net.
INFO: [Physopt 32-702] Processed net freq_gen2/counter10__89_n_0. Optimizations did not improve timing on the net.
INFO: [Physopt 32-702] Processed net freq_gen2/counter10__88_n_0. Optimizations did not improve timing on the net.
INFO: [Physopt 32-702] Processed net freq_gen2/counter10__87_n_0. Optimizations did not improve timing on the net.
INFO: [Physopt 32-702] Processed net freq_gen2/counter10__86_n_0. Optimizations did not improve timing on the net.
INFO: [Physopt 32-702] Processed net fsm_buzzer/r_freq_reg[0]_38[0]. Optimizations did not improve timing on the net.
INFO: [Physopt 32-702] Processed net freq_gen2/counter10__45_i_2_0[7]. Optimizations did not improve timing on the net.
INFO: [Physopt 32-702] Processed net freq_gen2/counter10__84_n_0. Optimizations did not improve timing on the net.
INFO: [Physopt 32-702] Processed net freq_gen2/counter10__83_n_0. Optimizations did not improve timing on the net.
INFO: [Physopt 32-702] Processed net freq_gen2/counter10__82_n_0. Optimizations did not improve timing on the net.
INFO: [Physopt 32-702] Processed net freq_gen2/counter10__81_n_0. Optimizations did not improve timing on the net.
INFO: [Physopt 32-702] Processed net fsm_buzzer/r_freq_reg[0]_20[0]. Optimizations did not improve timing on the net.
INFO: [Physopt 32-702] Processed net freq_gen2/counter10__45_i_2_0[8]. Optimizations did not improve timing on the net.
INFO: [Physopt 32-702] Processed net freq_gen2/counter10__79_n_0. Optimizations did not improve timing on the net.
INFO: [Physopt 32-702] Processed net freq_gen2/counter10__78_n_0. Optimizations did not improve timing on the net.
INFO: [Physopt 32-702] Processed net freq_gen2/counter10__77_n_0. Optimizations did not improve timing on the net.
INFO: [Physopt 32-702] Processed net freq_gen2/counter10__76_n_0. Optimizations did not improve timing on the net.
INFO: [Physopt 32-702] Processed net fsm_buzzer/r_freq_reg[0]_19[0]. Optimizations did not improve timing on the net.
INFO: [Physopt 32-702] Processed net freq_gen2/counter10__45_i_2_0[9]. Optimizations did not improve timing on the net.
INFO: [Physopt 32-702] Processed net freq_gen2/counter10__74_n_0. Optimizations did not improve timing on the net.
INFO: [Physopt 32-702] Processed net freq_gen2/counter10__73_n_0. Optimizations did not improve timing on the net.
INFO: [Physopt 32-702] Processed net freq_gen2/counter10__72_n_0. Optimizations did not improve timing on the net.
INFO: [Physopt 32-702] Processed net freq_gen2/counter10__71_n_0. Optimizations did not improve timing on the net.
INFO: [Physopt 32-702] Processed net fsm_buzzer/r_freq_reg[0]_18[0]. Optimizations did not improve timing on the net.
INFO: [Physopt 32-702] Processed net freq_gen2/counter10__45_i_2_0[10]. Optimizations did not improve timing on the net.
INFO: [Physopt 32-702] Processed net freq_gen2/counter10__69_n_0. Optimizations did not improve timing on the net.
INFO: [Physopt 32-702] Processed net freq_gen2/counter10__68_n_0. Optimizations did not improve timing on the net.
INFO: [Physopt 32-702] Processed net freq_gen2/counter10__67_n_0. Optimizations did not improve timing on the net.
INFO: [Physopt 32-702] Processed net freq_gen2/counter10__66_n_0. Optimizations did not improve timing on the net.
INFO: [Physopt 32-702] Processed net fsm_buzzer/r_freq_reg[0]_17[0]. Optimizations did not improve timing on the net.
INFO: [Physopt 32-702] Processed net freq_gen2/counter10__45_i_2_0[11]. Optimizations did not improve timing on the net.
INFO: [Physopt 32-702] Processed net freq_gen2/counter10__64_n_0. Optimizations did not improve timing on the net.
INFO: [Physopt 32-702] Processed net freq_gen2/counter10__63_n_0. Optimizations did not improve timing on the net.
INFO: [Physopt 32-702] Processed net freq_gen2/counter10__62_n_0. Optimizations did not improve timing on the net.
INFO: [Physopt 32-702] Processed net freq_gen2/counter10__61_n_0. Optimizations did not improve timing on the net.
INFO: [Physopt 32-702] Processed net fsm_buzzer/r_freq_reg[0]_37[0]. Optimizations did not improve timing on the net.
INFO: [Physopt 32-702] Processed net freq_gen2/counter10__45_i_2_0[12]. Optimizations did not improve timing on the net.
INFO: [Physopt 32-702] Processed net freq_gen2/counter10__59_n_0. Optimizations did not improve timing on the net.
INFO: [Physopt 32-702] Processed net freq_gen2/counter10__58_n_0. Optimizations did not improve timing on the net.
INFO: [Physopt 32-702] Processed net freq_gen2/counter10__57_n_0. Optimizations did not improve timing on the net.
INFO: [Physopt 32-702] Processed net freq_gen2/counter10__56_n_0. Optimizations did not improve timing on the net.
INFO: [Physopt 32-702] Processed net freq_gen2/counter10__45_i_2_0[13]. Optimizations did not improve timing on the net.
INFO: [Physopt 32-702] Processed net freq_gen2/counter10__54_n_0. Optimizations did not improve timing on the net.
INFO: [Physopt 32-702] Processed net freq_gen2/counter10__53_n_0. Optimizations did not improve timing on the net.
INFO: [Physopt 32-702] Processed net freq_gen2/counter10__52_n_0. Optimizations did not improve timing on the net.
INFO: [Physopt 32-702] Processed net freq_gen2/counter10__51_n_0. Optimizations did not improve timing on the net.
INFO: [Physopt 32-702] Processed net fsm_buzzer/r_freq_reg[0]_35[0]. Optimizations did not improve timing on the net.
INFO: [Physopt 32-702] Processed net freq_gen2/counter10__45_i_2_0[14]. Optimizations did not improve timing on the net.
INFO: [Physopt 32-702] Processed net freq_gen2/counter10__49_n_0. Optimizations did not improve timing on the net.
INFO: [Physopt 32-702] Processed net freq_gen2/counter10__48_n_0. Optimizations did not improve timing on the net.
INFO: [Physopt 32-702] Processed net freq_gen2/counter10__47_n_0. Optimizations did not improve timing on the net.
INFO: [Physopt 32-702] Processed net freq_gen2/counter10__46_n_0. Optimizations did not improve timing on the net.
INFO: [Physopt 32-702] Processed net fsm_buzzer/r_freq_reg[0]_34[0]. Optimizations did not improve timing on the net.
INFO: [Physopt 32-702] Processed net freq_gen2/counter10__45_i_2_0[15]. Optimizations did not improve timing on the net.
INFO: [Physopt 32-702] Processed net freq_gen2/counter10__44_n_0. Optimizations did not improve timing on the net.
INFO: [Physopt 32-702] Processed net freq_gen2/counter10__43_n_0. Optimizations did not improve timing on the net.
INFO: [Physopt 32-702] Processed net freq_gen2/counter10__42_n_0. Optimizations did not improve timing on the net.
INFO: [Physopt 32-702] Processed net freq_gen2/counter10__41_n_0. Optimizations did not improve timing on the net.
INFO: [Physopt 32-702] Processed net fsm_buzzer/r_freq_reg[0]_16[0]. Optimizations did not improve timing on the net.
INFO: [Physopt 32-702] Processed net freq_gen2/counter10__40_i_2_0[0]. Optimizations did not improve timing on the net.
INFO: [Physopt 32-702] Processed net freq_gen2/counter10__39_n_0. Optimizations did not improve timing on the net.
INFO: [Physopt 32-702] Processed net freq_gen2/counter10__38_n_0. Optimizations did not improve timing on the net.
INFO: [Physopt 32-702] Processed net freq_gen2/counter10__37_n_0. Optimizations did not improve timing on the net.
INFO: [Physopt 32-702] Processed net freq_gen2/counter10__36_n_0. Optimizations did not improve timing on the net.
INFO: [Physopt 32-702] Processed net fsm_buzzer/r_freq_reg[0]_33[0]. Optimizations did not improve timing on the net.
INFO: [Physopt 32-702] Processed net freq_gen2/counter10__35_i_2_0[0]. Optimizations did not improve timing on the net.
INFO: [Physopt 32-702] Processed net freq_gen2/counter10__34_n_0. Optimizations did not improve timing on the net.
INFO: [Physopt 32-702] Processed net freq_gen2/counter10__33_n_0. Optimizations did not improve timing on the net.
INFO: [Physopt 32-702] Processed net freq_gen2/counter10__32_n_0. Optimizations did not improve timing on the net.
INFO: [Physopt 32-702] Processed net freq_gen2/counter10__31_n_0. Optimizations did not improve timing on the net.
INFO: [Physopt 32-702] Processed net freq_gen2/counter10__30_i_2_0[0]. Optimizations did not improve timing on the net.
INFO: [Physopt 32-702] Processed net freq_gen2/counter10__29_n_0. Optimizations did not improve timing on the net.
INFO: [Physopt 32-702] Processed net freq_gen2/counter10__28_n_0. Optimizations did not improve timing on the net.
INFO: [Physopt 32-702] Processed net freq_gen2/counter10__27_n_0. Optimizations did not improve timing on the net.
INFO: [Physopt 32-702] Processed net freq_gen2/counter10__26_n_0. Optimizations did not improve timing on the net.
INFO: [Physopt 32-702] Processed net fsm_buzzer/r_freq_reg[0]_32[0]. Optimizations did not improve timing on the net.
INFO: [Physopt 32-702] Processed net freq_gen2/counter10__25_i_2_0[0]. Optimizations did not improve timing on the net.
INFO: [Physopt 32-702] Processed net freq_gen2/counter10__24_n_0. Optimizations did not improve timing on the net.
INFO: [Physopt 32-702] Processed net freq_gen2/counter10__23_n_0. Optimizations did not improve timing on the net.
INFO: [Physopt 32-702] Processed net freq_gen2/counter10__22_n_0. Optimizations did not improve timing on the net.
INFO: [Physopt 32-702] Processed net freq_gen2/counter10__21_n_0. Optimizations did not improve timing on the net.
INFO: [Physopt 32-702] Processed net fsm_buzzer/r_freq_reg[0]_31[0]. Optimizations did not improve timing on the net.
INFO: [Physopt 32-702] Processed net freq_gen2/counter10__20_i_1_0[0]. Optimizations did not improve timing on the net.
INFO: [Physopt 32-702] Processed net freq_gen2/counter10__19_n_0. Optimizations did not improve timing on the net.
INFO: [Physopt 32-702] Processed net freq_gen2/counter10__18_n_0. Optimizations did not improve timing on the net.
INFO: [Physopt 32-702] Processed net freq_gen2/counter10__17_n_0. Optimizations did not improve timing on the net.
INFO: [Physopt 32-702] Processed net freq_gen2/counter10__16_n_0. Optimizations did not improve timing on the net.
INFO: [Physopt 32-702] Processed net freq_gen2/counter10__14_0[0]. Optimizations did not improve timing on the net.
INFO: [Physopt 32-702] Processed net freq_gen2/counter10__14_n_0. Optimizations did not improve timing on the net.
INFO: [Physopt 32-702] Processed net freq_gen2/counter10__13_n_0. Optimizations did not improve timing on the net.
INFO: [Physopt 32-702] Processed net freq_gen2/counter10__12_n_0. Optimizations did not improve timing on the net.
INFO: [Physopt 32-702] Processed net freq_gen2/counter10__11_n_0. Optimizations did not improve timing on the net.
INFO: [Physopt 32-702] Processed net fsm_buzzer/r_freq_reg[0]_29[0]. Optimizations did not improve timing on the net.
INFO: [Physopt 32-702] Processed net freq_gen2/r_freq_reg[3]_0[0]. Optimizations did not improve timing on the net.
INFO: [Physopt 32-702] Processed net freq_gen2/counter10__9_n_0. Optimizations did not improve timing on the net.
INFO: [Physopt 32-702] Processed net freq_gen2/counter10__8_n_0. Optimizations did not improve timing on the net.
INFO: [Physopt 32-702] Processed net freq_gen2/counter10__7_n_0. Optimizations did not improve timing on the net.
INFO: [Physopt 32-702] Processed net fsm_buzzer/r_freq_reg[0]_28[0]. Optimizations did not improve timing on the net.
INFO: [Physopt 32-702] Processed net freq_gen2/r_freq_reg[3][0]. Optimizations did not improve timing on the net.
INFO: [Physopt 32-702] Processed net freq_gen2/counter10__5_n_0. Optimizations did not improve timing on the net.
INFO: [Physopt 32-702] Processed net freq_gen2/counter10__4_n_0. Optimizations did not improve timing on the net.
INFO: [Physopt 32-702] Processed net freq_gen2/counter10__3_n_0. Optimizations did not improve timing on the net.
INFO: [Physopt 32-702] Processed net fsm_buzzer/r_freq_reg[0]_14[0]. Optimizations did not improve timing on the net.
INFO: [Physopt 32-702] Processed net freq_gen2/CO[0]. Optimizations did not improve timing on the net.
INFO: [Physopt 32-702] Processed net freq_gen2/counter10__1_n_0. Optimizations did not improve timing on the net.
INFO: [Physopt 32-702] Processed net freq_gen2/counter10__0_n_0. Optimizations did not improve timing on the net.
INFO: [Physopt 32-702] Processed net freq_gen2/counter10_n_0. Optimizations did not improve timing on the net.
INFO: [Physopt 32-702] Processed net freq_gen2/p_1_in[0]. Optimizations did not improve timing on the net.
INFO: [Physopt 32-702] Processed net sysclk_IBUF. Optimizations did not improve timing on the net.
INFO: [Physopt 32-702] Processed net sysclk. Optimizations did not improve timing on the net.
INFO: [Physopt 32-702] Processed net freq_gen2/counter1__0[0]. Optimizations did not improve timing on the net.
INFO: [Physopt 32-702] Processed net fsm_buzzer/Q[0]_repN. Optimizations did not improve timing on the net.
INFO: [Physopt 32-702] Processed net freq_gen2/counter10__126[0]. Optimizations did not improve timing on the net.
INFO: [Physopt 32-702] Processed net fsm_buzzer/r_freq_reg[0]_27[0]. Optimizations did not improve timing on the net.
INFO: [Physopt 32-702] Processed net freq_gen2/counter10__45_i_2_0[0]. Optimizations did not improve timing on the net.
INFO: [Physopt 32-702] Processed net fsm_buzzer/r_freq_reg[0]_26[0]. Optimizations did not improve timing on the net.
INFO: [Physopt 32-702] Processed net freq_gen2/counter10__45_i_2_0[1]. Optimizations did not improve timing on the net.
INFO: [Physopt 32-702] Processed net fsm_buzzer/r_freq_reg[0]_25[0]. Optimizations did not improve timing on the net.
INFO: [Physopt 32-702] Processed net freq_gen2/counter10__45_i_2_0[2]. Optimizations did not improve timing on the net.
INFO: [Physopt 32-702] Processed net fsm_buzzer/r_freq_reg[0]_24[0]. Optimizations did not improve timing on the net.
INFO: [Physopt 32-702] Processed net freq_gen2/counter10__45_i_2_0[3]. Optimizations did not improve timing on the net.
INFO: [Physopt 32-702] Processed net fsm_buzzer/r_freq_reg[0]_23[0]. Optimizations did not improve timing on the net.
INFO: [Physopt 32-702] Processed net freq_gen2/counter10__45_i_2_0[4]. Optimizations did not improve timing on the net.
INFO: [Physopt 32-702] Processed net fsm_buzzer/r_freq_reg[0]_22[0]. Optimizations did not improve timing on the net.
INFO: [Physopt 32-702] Processed net freq_gen2/counter10__45_i_2_0[5]. Optimizations did not improve timing on the net.
INFO: [Physopt 32-702] Processed net fsm_buzzer/r_freq_reg[0]_21[0]. Optimizations did not improve timing on the net.
INFO: [Physopt 32-702] Processed net freq_gen2/counter10__45_i_2_0[6]. Optimizations did not improve timing on the net.
INFO: [Physopt 32-702] Processed net fsm_buzzer/r_freq_reg[0]_38[0]. Optimizations did not improve timing on the net.
INFO: [Physopt 32-702] Processed net freq_gen2/counter10__45_i_2_0[7]. Optimizations did not improve timing on the net.
INFO: [Physopt 32-702] Processed net fsm_buzzer/r_freq_reg[0]_20[0]. Optimizations did not improve timing on the net.
INFO: [Physopt 32-702] Processed net freq_gen2/counter10__45_i_2_0[8]. Optimizations did not improve timing on the net.
INFO: [Physopt 32-702] Processed net fsm_buzzer/r_freq_reg[0]_19[0]. Optimizations did not improve timing on the net.
INFO: [Physopt 32-702] Processed net freq_gen2/counter10__45_i_2_0[9]. Optimizations did not improve timing on the net.
INFO: [Physopt 32-702] Processed net fsm_buzzer/r_freq_reg[0]_18[0]. Optimizations did not improve timing on the net.
INFO: [Physopt 32-702] Processed net freq_gen2/counter10__45_i_2_0[10]. Optimizations did not improve timing on the net.
INFO: [Physopt 32-702] Processed net fsm_buzzer/r_freq_reg[0]_17[0]. Optimizations did not improve timing on the net.
INFO: [Physopt 32-702] Processed net freq_gen2/counter10__45_i_2_0[11]. Optimizations did not improve timing on the net.
INFO: [Physopt 32-702] Processed net fsm_buzzer/r_freq_reg[0]_37[0]. Optimizations did not improve timing on the net.
INFO: [Physopt 32-702] Processed net freq_gen2/counter10__45_i_2_0[12]. Optimizations did not improve timing on the net.
INFO: [Physopt 32-702] Processed net freq_gen2/counter10__45_i_2_0[13]. Optimizations did not improve timing on the net.
INFO: [Physopt 32-702] Processed net fsm_buzzer/r_freq_reg[0]_35[0]. Optimizations did not improve timing on the net.
INFO: [Physopt 32-702] Processed net freq_gen2/counter10__45_i_2_0[14]. Optimizations did not improve timing on the net.
INFO: [Physopt 32-702] Processed net fsm_buzzer/r_freq_reg[0]_34[0]. Optimizations did not improve timing on the net.
INFO: [Physopt 32-702] Processed net freq_gen2/counter10__45_i_2_0[15]. Optimizations did not improve timing on the net.
INFO: [Physopt 32-702] Processed net fsm_buzzer/r_freq_reg[0]_16[0]. Optimizations did not improve timing on the net.
INFO: [Physopt 32-702] Processed net freq_gen2/counter10__40_i_2_0[0]. Optimizations did not improve timing on the net.
INFO: [Physopt 32-702] Processed net fsm_buzzer/r_freq_reg[0]_33[0]. Optimizations did not improve timing on the net.
INFO: [Physopt 32-702] Processed net freq_gen2/counter10__35_i_2_0[0]. Optimizations did not improve timing on the net.
INFO: [Physopt 32-702] Processed net freq_gen2/counter10__30_i_2_0[0]. Optimizations did not improve timing on the net.
INFO: [Physopt 32-702] Processed net fsm_buzzer/r_freq_reg[0]_32[0]. Optimizations did not improve timing on the net.
INFO: [Physopt 32-702] Processed net freq_gen2/counter10__25_i_2_0[0]. Optimizations did not improve timing on the net.
INFO: [Physopt 32-702] Processed net fsm_buzzer/r_freq_reg[0]_31[0]. Optimizations did not improve timing on the net.
INFO: [Physopt 32-702] Processed net freq_gen2/counter10__20_i_1_0[0]. Optimizations did not improve timing on the net.
INFO: [Physopt 32-702] Processed net freq_gen2/counter10__14_0[0]. Optimizations did not improve timing on the net.
INFO: [Physopt 32-702] Processed net fsm_buzzer/r_freq_reg[0]_29[0]. Optimizations did not improve timing on the net.
INFO: [Physopt 32-702] Processed net freq_gen2/r_freq_reg[3]_0[0]. Optimizations did not improve timing on the net.
INFO: [Physopt 32-702] Processed net fsm_buzzer/r_freq_reg[0]_28[0]. Optimizations did not improve timing on the net.
INFO: [Physopt 32-702] Processed net freq_gen2/r_freq_reg[3][0]. Optimizations did not improve timing on the net.
INFO: [Physopt 32-702] Processed net fsm_buzzer/r_freq_reg[0]_14[0]. Optimizations did not improve timing on the net.
INFO: [Physopt 32-702] Processed net freq_gen2/CO[0]. Optimizations did not improve timing on the net.
INFO: [Physopt 32-702] Processed net freq_gen2/p_1_in[0]. Optimizations did not improve timing on the net.
INFO: [Physopt 32-702] Processed net sysclk_IBUF. Optimizations did not improve timing on the net.
INFO: [Physopt 32-702] Processed net sysclk. Optimizations did not improve timing on the net.
INFO: [Physopt 32-619] Estimated Timing Summary | WNS=-44.131 | TNS=-463.275 |
Phase 3 Critical Path Optimization | Checksum: 24e25374f

Time (s): cpu = 00:00:03 ; elapsed = 00:00:03 . Memory (MB): peak = 2958.391 ; gain = 38.258

Phase 4 Critical Path Optimization
INFO: [Physopt 32-619] Estimated Timing Summary | WNS=-44.131 | TNS=-463.275 |
INFO: [Physopt 32-702] Processed net freq_gen2/counter1__0[0]. Optimizations did not improve timing on the net.
INFO: [Physopt 32-702] Processed net fsm_buzzer/Q[0]_repN. Optimizations did not improve timing on the net.
INFO: [Physopt 32-702] Processed net freq_gen2/counter10__126[0]. Optimizations did not improve timing on the net.
INFO: [Physopt 32-702] Processed net freq_gen2/counter10__124_n_0. Optimizations did not improve timing on the net.
INFO: [Physopt 32-702] Processed net freq_gen2/counter10__123_n_0. Optimizations did not improve timing on the net.
INFO: [Physopt 32-702] Processed net freq_gen2/counter10__122_n_0. Optimizations did not improve timing on the net.
INFO: [Physopt 32-702] Processed net freq_gen2/counter10__121_n_0. Optimizations did not improve timing on the net.
INFO: [Physopt 32-702] Processed net fsm_buzzer/r_freq_reg[0]_27[0]. Optimizations did not improve timing on the net.
INFO: [Physopt 32-702] Processed net freq_gen2/counter10__45_i_2_0[0]. Optimizations did not improve timing on the net.
INFO: [Physopt 32-702] Processed net freq_gen2/counter10__119_n_0. Optimizations did not improve timing on the net.
INFO: [Physopt 32-702] Processed net freq_gen2/counter10__118_n_0. Optimizations did not improve timing on the net.
INFO: [Physopt 32-702] Processed net freq_gen2/counter10__117_n_0. Optimizations did not improve timing on the net.
INFO: [Physopt 32-702] Processed net freq_gen2/counter10__116_n_0. Optimizations did not improve timing on the net.
INFO: [Physopt 32-702] Processed net fsm_buzzer/r_freq_reg[0]_26[0]. Optimizations did not improve timing on the net.
INFO: [Physopt 32-702] Processed net freq_gen2/counter10__45_i_2_0[1]. Optimizations did not improve timing on the net.
INFO: [Physopt 32-702] Processed net freq_gen2/counter10__114_n_0. Optimizations did not improve timing on the net.
INFO: [Physopt 32-702] Processed net freq_gen2/counter10__113_n_0. Optimizations did not improve timing on the net.
INFO: [Physopt 32-702] Processed net freq_gen2/counter10__112_n_0. Optimizations did not improve timing on the net.
INFO: [Physopt 32-702] Processed net freq_gen2/counter10__111_n_0. Optimizations did not improve timing on the net.
INFO: [Physopt 32-702] Processed net fsm_buzzer/r_freq_reg[0]_25[0]. Optimizations did not improve timing on the net.
INFO: [Physopt 32-702] Processed net freq_gen2/counter10__45_i_2_0[2]. Optimizations did not improve timing on the net.
INFO: [Physopt 32-702] Processed net freq_gen2/counter10__109_n_0. Optimizations did not improve timing on the net.
INFO: [Physopt 32-702] Processed net freq_gen2/counter10__108_n_0. Optimizations did not improve timing on the net.
INFO: [Physopt 32-702] Processed net freq_gen2/counter10__107_n_0. Optimizations did not improve timing on the net.
INFO: [Physopt 32-702] Processed net freq_gen2/counter10__106_n_0. Optimizations did not improve timing on the net.
INFO: [Physopt 32-702] Processed net fsm_buzzer/r_freq_reg[0]_24[0]. Optimizations did not improve timing on the net.
INFO: [Physopt 32-702] Processed net freq_gen2/counter10__45_i_2_0[3]. Optimizations did not improve timing on the net.
INFO: [Physopt 32-702] Processed net freq_gen2/counter10__104_n_0. Optimizations did not improve timing on the net.
INFO: [Physopt 32-702] Processed net freq_gen2/counter10__103_n_0. Optimizations did not improve timing on the net.
INFO: [Physopt 32-702] Processed net freq_gen2/counter10__102_n_0. Optimizations did not improve timing on the net.
INFO: [Physopt 32-702] Processed net freq_gen2/counter10__101_n_0. Optimizations did not improve timing on the net.
INFO: [Physopt 32-702] Processed net fsm_buzzer/r_freq_reg[0]_23[0]. Optimizations did not improve timing on the net.
INFO: [Physopt 32-702] Processed net freq_gen2/counter10__45_i_2_0[4]. Optimizations did not improve timing on the net.
INFO: [Physopt 32-702] Processed net freq_gen2/counter10__99_n_0. Optimizations did not improve timing on the net.
INFO: [Physopt 32-702] Processed net freq_gen2/counter10__98_n_0. Optimizations did not improve timing on the net.
INFO: [Physopt 32-702] Processed net freq_gen2/counter10__97_n_0. Optimizations did not improve timing on the net.
INFO: [Physopt 32-702] Processed net freq_gen2/counter10__96_n_0. Optimizations did not improve timing on the net.
INFO: [Physopt 32-702] Processed net fsm_buzzer/r_freq_reg[0]_22[0]. Optimizations did not improve timing on the net.
INFO: [Physopt 32-702] Processed net freq_gen2/counter10__45_i_2_0[5]. Optimizations did not improve timing on the net.
INFO: [Physopt 32-702] Processed net freq_gen2/counter10__94_n_0. Optimizations did not improve timing on the net.
INFO: [Physopt 32-702] Processed net freq_gen2/counter10__93_n_0. Optimizations did not improve timing on the net.
INFO: [Physopt 32-702] Processed net freq_gen2/counter10__92_n_0. Optimizations did not improve timing on the net.
INFO: [Physopt 32-702] Processed net freq_gen2/counter10__91_n_0. Optimizations did not improve timing on the net.
INFO: [Physopt 32-702] Processed net fsm_buzzer/r_freq_reg[0]_21[0]. Optimizations did not improve timing on the net.
INFO: [Physopt 32-702] Processed net freq_gen2/counter10__45_i_2_0[6]. Optimizations did not improve timing on the net.
INFO: [Physopt 32-702] Processed net freq_gen2/counter10__89_n_0. Optimizations did not improve timing on the net.
INFO: [Physopt 32-702] Processed net freq_gen2/counter10__88_n_0. Optimizations did not improve timing on the net.
INFO: [Physopt 32-702] Processed net freq_gen2/counter10__87_n_0. Optimizations did not improve timing on the net.
INFO: [Physopt 32-702] Processed net freq_gen2/counter10__86_n_0. Optimizations did not improve timing on the net.
INFO: [Physopt 32-702] Processed net fsm_buzzer/r_freq_reg[0]_38[0]. Optimizations did not improve timing on the net.
INFO: [Physopt 32-702] Processed net freq_gen2/counter10__45_i_2_0[7]. Optimizations did not improve timing on the net.
INFO: [Physopt 32-702] Processed net freq_gen2/counter10__84_n_0. Optimizations did not improve timing on the net.
INFO: [Physopt 32-702] Processed net freq_gen2/counter10__83_n_0. Optimizations did not improve timing on the net.
INFO: [Physopt 32-702] Processed net freq_gen2/counter10__82_n_0. Optimizations did not improve timing on the net.
INFO: [Physopt 32-702] Processed net freq_gen2/counter10__81_n_0. Optimizations did not improve timing on the net.
INFO: [Physopt 32-702] Processed net fsm_buzzer/r_freq_reg[0]_20[0]. Optimizations did not improve timing on the net.
INFO: [Physopt 32-702] Processed net freq_gen2/counter10__45_i_2_0[8]. Optimizations did not improve timing on the net.
INFO: [Physopt 32-702] Processed net freq_gen2/counter10__79_n_0. Optimizations did not improve timing on the net.
INFO: [Physopt 32-702] Processed net freq_gen2/counter10__78_n_0. Optimizations did not improve timing on the net.
INFO: [Physopt 32-702] Processed net freq_gen2/counter10__77_n_0. Optimizations did not improve timing on the net.
INFO: [Physopt 32-702] Processed net freq_gen2/counter10__76_n_0. Optimizations did not improve timing on the net.
INFO: [Physopt 32-702] Processed net fsm_buzzer/r_freq_reg[0]_19[0]. Optimizations did not improve timing on the net.
INFO: [Physopt 32-702] Processed net freq_gen2/counter10__45_i_2_0[9]. Optimizations did not improve timing on the net.
INFO: [Physopt 32-702] Processed net freq_gen2/counter10__74_n_0. Optimizations did not improve timing on the net.
INFO: [Physopt 32-702] Processed net freq_gen2/counter10__73_n_0. Optimizations did not improve timing on the net.
INFO: [Physopt 32-702] Processed net freq_gen2/counter10__72_n_0. Optimizations did not improve timing on the net.
INFO: [Physopt 32-702] Processed net freq_gen2/counter10__71_n_0. Optimizations did not improve timing on the net.
INFO: [Physopt 32-702] Processed net fsm_buzzer/r_freq_reg[0]_18[0]. Optimizations did not improve timing on the net.
INFO: [Physopt 32-702] Processed net freq_gen2/counter10__45_i_2_0[10]. Optimizations did not improve timing on the net.
INFO: [Physopt 32-702] Processed net freq_gen2/counter10__69_n_0. Optimizations did not improve timing on the net.
INFO: [Physopt 32-702] Processed net freq_gen2/counter10__68_n_0. Optimizations did not improve timing on the net.
INFO: [Physopt 32-702] Processed net freq_gen2/counter10__67_n_0. Optimizations did not improve timing on the net.
INFO: [Physopt 32-702] Processed net freq_gen2/counter10__66_n_0. Optimizations did not improve timing on the net.
INFO: [Physopt 32-702] Processed net fsm_buzzer/r_freq_reg[0]_17[0]. Optimizations did not improve timing on the net.
INFO: [Physopt 32-702] Processed net freq_gen2/counter10__45_i_2_0[11]. Optimizations did not improve timing on the net.
INFO: [Physopt 32-702] Processed net freq_gen2/counter10__64_n_0. Optimizations did not improve timing on the net.
INFO: [Physopt 32-702] Processed net freq_gen2/counter10__63_n_0. Optimizations did not improve timing on the net.
INFO: [Physopt 32-702] Processed net freq_gen2/counter10__62_n_0. Optimizations did not improve timing on the net.
INFO: [Physopt 32-702] Processed net freq_gen2/counter10__61_n_0. Optimizations did not improve timing on the net.
INFO: [Physopt 32-702] Processed net fsm_buzzer/r_freq_reg[0]_37[0]. Optimizations did not improve timing on the net.
INFO: [Physopt 32-702] Processed net freq_gen2/counter10__45_i_2_0[12]. Optimizations did not improve timing on the net.
INFO: [Physopt 32-702] Processed net freq_gen2/counter10__59_n_0. Optimizations did not improve timing on the net.
INFO: [Physopt 32-702] Processed net freq_gen2/counter10__58_n_0. Optimizations did not improve timing on the net.
INFO: [Physopt 32-702] Processed net freq_gen2/counter10__57_n_0. Optimizations did not improve timing on the net.
INFO: [Physopt 32-702] Processed net freq_gen2/counter10__56_n_0. Optimizations did not improve timing on the net.
INFO: [Physopt 32-702] Processed net freq_gen2/counter10__45_i_2_0[13]. Optimizations did not improve timing on the net.
INFO: [Physopt 32-702] Processed net freq_gen2/counter10__54_n_0. Optimizations did not improve timing on the net.
INFO: [Physopt 32-702] Processed net freq_gen2/counter10__53_n_0. Optimizations did not improve timing on the net.
INFO: [Physopt 32-702] Processed net freq_gen2/counter10__52_n_0. Optimizations did not improve timing on the net.
INFO: [Physopt 32-702] Processed net freq_gen2/counter10__51_n_0. Optimizations did not improve timing on the net.
INFO: [Physopt 32-702] Processed net fsm_buzzer/r_freq_reg[0]_35[0]. Optimizations did not improve timing on the net.
INFO: [Physopt 32-702] Processed net freq_gen2/counter10__45_i_2_0[14]. Optimizations did not improve timing on the net.
INFO: [Physopt 32-702] Processed net freq_gen2/counter10__49_n_0. Optimizations did not improve timing on the net.
INFO: [Physopt 32-702] Processed net freq_gen2/counter10__48_n_0. Optimizations did not improve timing on the net.
INFO: [Physopt 32-702] Processed net freq_gen2/counter10__47_n_0. Optimizations did not improve timing on the net.
INFO: [Physopt 32-702] Processed net freq_gen2/counter10__46_n_0. Optimizations did not improve timing on the net.
INFO: [Physopt 32-702] Processed net fsm_buzzer/r_freq_reg[0]_34[0]. Optimizations did not improve timing on the net.
INFO: [Physopt 32-702] Processed net freq_gen2/counter10__45_i_2_0[15]. Optimizations did not improve timing on the net.
INFO: [Physopt 32-702] Processed net freq_gen2/counter10__44_n_0. Optimizations did not improve timing on the net.
INFO: [Physopt 32-702] Processed net freq_gen2/counter10__43_n_0. Optimizations did not improve timing on the net.
INFO: [Physopt 32-702] Processed net freq_gen2/counter10__42_n_0. Optimizations did not improve timing on the net.
INFO: [Physopt 32-702] Processed net freq_gen2/counter10__41_n_0. Optimizations did not improve timing on the net.
INFO: [Physopt 32-702] Processed net fsm_buzzer/r_freq_reg[0]_16[0]. Optimizations did not improve timing on the net.
INFO: [Physopt 32-702] Processed net freq_gen2/counter10__40_i_2_0[0]. Optimizations did not improve timing on the net.
INFO: [Physopt 32-702] Processed net freq_gen2/counter10__39_n_0. Optimizations did not improve timing on the net.
INFO: [Physopt 32-702] Processed net freq_gen2/counter10__38_n_0. Optimizations did not improve timing on the net.
INFO: [Physopt 32-702] Processed net freq_gen2/counter10__37_n_0. Optimizations did not improve timing on the net.
INFO: [Physopt 32-702] Processed net freq_gen2/counter10__36_n_0. Optimizations did not improve timing on the net.
INFO: [Physopt 32-702] Processed net fsm_buzzer/r_freq_reg[0]_33[0]. Optimizations did not improve timing on the net.
INFO: [Physopt 32-702] Processed net freq_gen2/counter10__35_i_2_0[0]. Optimizations did not improve timing on the net.
INFO: [Physopt 32-702] Processed net freq_gen2/counter10__34_n_0. Optimizations did not improve timing on the net.
INFO: [Physopt 32-702] Processed net freq_gen2/counter10__33_n_0. Optimizations did not improve timing on the net.
INFO: [Physopt 32-702] Processed net freq_gen2/counter10__32_n_0. Optimizations did not improve timing on the net.
INFO: [Physopt 32-702] Processed net freq_gen2/counter10__31_n_0. Optimizations did not improve timing on the net.
INFO: [Physopt 32-702] Processed net freq_gen2/counter10__30_i_2_0[0]. Optimizations did not improve timing on the net.
INFO: [Physopt 32-702] Processed net freq_gen2/counter10__29_n_0. Optimizations did not improve timing on the net.
INFO: [Physopt 32-702] Processed net freq_gen2/counter10__28_n_0. Optimizations did not improve timing on the net.
INFO: [Physopt 32-702] Processed net freq_gen2/counter10__27_n_0. Optimizations did not improve timing on the net.
INFO: [Physopt 32-702] Processed net freq_gen2/counter10__26_n_0. Optimizations did not improve timing on the net.
INFO: [Physopt 32-702] Processed net fsm_buzzer/r_freq_reg[0]_32[0]. Optimizations did not improve timing on the net.
INFO: [Physopt 32-702] Processed net freq_gen2/counter10__25_i_2_0[0]. Optimizations did not improve timing on the net.
INFO: [Physopt 32-702] Processed net freq_gen2/counter10__24_n_0. Optimizations did not improve timing on the net.
INFO: [Physopt 32-702] Processed net freq_gen2/counter10__23_n_0. Optimizations did not improve timing on the net.
INFO: [Physopt 32-702] Processed net freq_gen2/counter10__22_n_0. Optimizations did not improve timing on the net.
INFO: [Physopt 32-702] Processed net freq_gen2/counter10__21_n_0. Optimizations did not improve timing on the net.
INFO: [Physopt 32-702] Processed net fsm_buzzer/r_freq_reg[0]_31[0]. Optimizations did not improve timing on the net.
INFO: [Physopt 32-702] Processed net freq_gen2/counter10__20_i_1_0[0]. Optimizations did not improve timing on the net.
INFO: [Physopt 32-702] Processed net freq_gen2/counter10__19_n_0. Optimizations did not improve timing on the net.
INFO: [Physopt 32-702] Processed net freq_gen2/counter10__18_n_0. Optimizations did not improve timing on the net.
INFO: [Physopt 32-702] Processed net freq_gen2/counter10__17_n_0. Optimizations did not improve timing on the net.
INFO: [Physopt 32-702] Processed net freq_gen2/counter10__16_n_0. Optimizations did not improve timing on the net.
INFO: [Physopt 32-702] Processed net freq_gen2/counter10__14_0[0]. Optimizations did not improve timing on the net.
INFO: [Physopt 32-702] Processed net freq_gen2/counter10__14_n_0. Optimizations did not improve timing on the net.
INFO: [Physopt 32-702] Processed net freq_gen2/counter10__13_n_0. Optimizations did not improve timing on the net.
INFO: [Physopt 32-702] Processed net freq_gen2/counter10__12_n_0. Optimizations did not improve timing on the net.
INFO: [Physopt 32-702] Processed net freq_gen2/counter10__11_n_0. Optimizations did not improve timing on the net.
INFO: [Physopt 32-702] Processed net fsm_buzzer/r_freq_reg[0]_29[0]. Optimizations did not improve timing on the net.
INFO: [Physopt 32-702] Processed net freq_gen2/r_freq_reg[3]_0[0]. Optimizations did not improve timing on the net.
INFO: [Physopt 32-702] Processed net freq_gen2/counter10__9_n_0. Optimizations did not improve timing on the net.
INFO: [Physopt 32-702] Processed net freq_gen2/counter10__8_n_0. Optimizations did not improve timing on the net.
INFO: [Physopt 32-702] Processed net freq_gen2/counter10__7_n_0. Optimizations did not improve timing on the net.
INFO: [Physopt 32-702] Processed net fsm_buzzer/r_freq_reg[0]_28[0]. Optimizations did not improve timing on the net.
INFO: [Physopt 32-702] Processed net freq_gen2/r_freq_reg[3][0]. Optimizations did not improve timing on the net.
INFO: [Physopt 32-702] Processed net freq_gen2/counter10__5_n_0. Optimizations did not improve timing on the net.
INFO: [Physopt 32-702] Processed net freq_gen2/counter10__4_n_0. Optimizations did not improve timing on the net.
INFO: [Physopt 32-702] Processed net freq_gen2/counter10__3_n_0. Optimizations did not improve timing on the net.
INFO: [Physopt 32-702] Processed net fsm_buzzer/r_freq_reg[0]_14[0]. Optimizations did not improve timing on the net.
INFO: [Physopt 32-702] Processed net freq_gen2/CO[0]. Optimizations did not improve timing on the net.
INFO: [Physopt 32-702] Processed net freq_gen2/counter10__1_n_0. Optimizations did not improve timing on the net.
INFO: [Physopt 32-702] Processed net freq_gen2/counter10__0_n_0. Optimizations did not improve timing on the net.
INFO: [Physopt 32-702] Processed net freq_gen2/counter10_n_0. Optimizations did not improve timing on the net.
INFO: [Physopt 32-702] Processed net freq_gen2/p_1_in[0]. Optimizations did not improve timing on the net.
INFO: [Physopt 32-702] Processed net sysclk_IBUF. Optimizations did not improve timing on the net.
INFO: [Physopt 32-702] Processed net sysclk. Optimizations did not improve timing on the net.
INFO: [Physopt 32-702] Processed net freq_gen2/counter1__0[0]. Optimizations did not improve timing on the net.
INFO: [Physopt 32-702] Processed net fsm_buzzer/Q[0]_repN. Optimizations did not improve timing on the net.
INFO: [Physopt 32-702] Processed net freq_gen2/counter10__126[0]. Optimizations did not improve timing on the net.
INFO: [Physopt 32-702] Processed net fsm_buzzer/r_freq_reg[0]_27[0]. Optimizations did not improve timing on the net.
INFO: [Physopt 32-702] Processed net freq_gen2/counter10__45_i_2_0[0]. Optimizations did not improve timing on the net.
INFO: [Physopt 32-702] Processed net fsm_buzzer/r_freq_reg[0]_26[0]. Optimizations did not improve timing on the net.
INFO: [Physopt 32-702] Processed net freq_gen2/counter10__45_i_2_0[1]. Optimizations did not improve timing on the net.
INFO: [Physopt 32-702] Processed net fsm_buzzer/r_freq_reg[0]_25[0]. Optimizations did not improve timing on the net.
INFO: [Physopt 32-702] Processed net freq_gen2/counter10__45_i_2_0[2]. Optimizations did not improve timing on the net.
INFO: [Physopt 32-702] Processed net fsm_buzzer/r_freq_reg[0]_24[0]. Optimizations did not improve timing on the net.
INFO: [Physopt 32-702] Processed net freq_gen2/counter10__45_i_2_0[3]. Optimizations did not improve timing on the net.
INFO: [Physopt 32-702] Processed net fsm_buzzer/r_freq_reg[0]_23[0]. Optimizations did not improve timing on the net.
INFO: [Physopt 32-702] Processed net freq_gen2/counter10__45_i_2_0[4]. Optimizations did not improve timing on the net.
INFO: [Physopt 32-702] Processed net fsm_buzzer/r_freq_reg[0]_22[0]. Optimizations did not improve timing on the net.
INFO: [Physopt 32-702] Processed net freq_gen2/counter10__45_i_2_0[5]. Optimizations did not improve timing on the net.
INFO: [Physopt 32-702] Processed net fsm_buzzer/r_freq_reg[0]_21[0]. Optimizations did not improve timing on the net.
INFO: [Physopt 32-702] Processed net freq_gen2/counter10__45_i_2_0[6]. Optimizations did not improve timing on the net.
INFO: [Physopt 32-702] Processed net fsm_buzzer/r_freq_reg[0]_38[0]. Optimizations did not improve timing on the net.
INFO: [Physopt 32-702] Processed net freq_gen2/counter10__45_i_2_0[7]. Optimizations did not improve timing on the net.
INFO: [Physopt 32-702] Processed net fsm_buzzer/r_freq_reg[0]_20[0]. Optimizations did not improve timing on the net.
INFO: [Physopt 32-702] Processed net freq_gen2/counter10__45_i_2_0[8]. Optimizations did not improve timing on the net.
INFO: [Physopt 32-702] Processed net fsm_buzzer/r_freq_reg[0]_19[0]. Optimizations did not improve timing on the net.
INFO: [Physopt 32-702] Processed net freq_gen2/counter10__45_i_2_0[9]. Optimizations did not improve timing on the net.
INFO: [Physopt 32-702] Processed net fsm_buzzer/r_freq_reg[0]_18[0]. Optimizations did not improve timing on the net.
INFO: [Physopt 32-702] Processed net freq_gen2/counter10__45_i_2_0[10]. Optimizations did not improve timing on the net.
INFO: [Physopt 32-702] Processed net fsm_buzzer/r_freq_reg[0]_17[0]. Optimizations did not improve timing on the net.
INFO: [Physopt 32-702] Processed net freq_gen2/counter10__45_i_2_0[11]. Optimizations did not improve timing on the net.
INFO: [Physopt 32-702] Processed net fsm_buzzer/r_freq_reg[0]_37[0]. Optimizations did not improve timing on the net.
INFO: [Physopt 32-702] Processed net freq_gen2/counter10__45_i_2_0[12]. Optimizations did not improve timing on the net.
INFO: [Physopt 32-702] Processed net freq_gen2/counter10__45_i_2_0[13]. Optimizations did not improve timing on the net.
INFO: [Physopt 32-702] Processed net fsm_buzzer/r_freq_reg[0]_35[0]. Optimizations did not improve timing on the net.
INFO: [Physopt 32-702] Processed net freq_gen2/counter10__45_i_2_0[14]. Optimizations did not improve timing on the net.
INFO: [Physopt 32-702] Processed net fsm_buzzer/r_freq_reg[0]_34[0]. Optimizations did not improve timing on the net.
INFO: [Physopt 32-702] Processed net freq_gen2/counter10__45_i_2_0[15]. Optimizations did not improve timing on the net.
INFO: [Physopt 32-702] Processed net fsm_buzzer/r_freq_reg[0]_16[0]. Optimizations did not improve timing on the net.
INFO: [Physopt 32-702] Processed net freq_gen2/counter10__40_i_2_0[0]. Optimizations did not improve timing on the net.
INFO: [Physopt 32-702] Processed net fsm_buzzer/r_freq_reg[0]_33[0]. Optimizations did not improve timing on the net.
INFO: [Physopt 32-702] Processed net freq_gen2/counter10__35_i_2_0[0]. Optimizations did not improve timing on the net.
INFO: [Physopt 32-702] Processed net freq_gen2/counter10__30_i_2_0[0]. Optimizations did not improve timing on the net.
INFO: [Physopt 32-702] Processed net fsm_buzzer/r_freq_reg[0]_32[0]. Optimizations did not improve timing on the net.
INFO: [Physopt 32-702] Processed net freq_gen2/counter10__25_i_2_0[0]. Optimizations did not improve timing on the net.
INFO: [Physopt 32-702] Processed net fsm_buzzer/r_freq_reg[0]_31[0]. Optimizations did not improve timing on the net.
INFO: [Physopt 32-702] Processed net freq_gen2/counter10__20_i_1_0[0]. Optimizations did not improve timing on the net.
INFO: [Physopt 32-702] Processed net freq_gen2/counter10__14_0[0]. Optimizations did not improve timing on the net.
INFO: [Physopt 32-702] Processed net fsm_buzzer/r_freq_reg[0]_29[0]. Optimizations did not improve timing on the net.
INFO: [Physopt 32-702] Processed net freq_gen2/r_freq_reg[3]_0[0]. Optimizations did not improve timing on the net.
INFO: [Physopt 32-702] Processed net fsm_buzzer/r_freq_reg[0]_28[0]. Optimizations did not improve timing on the net.
INFO: [Physopt 32-702] Processed net freq_gen2/r_freq_reg[3][0]. Optimizations did not improve timing on the net.
INFO: [Physopt 32-702] Processed net fsm_buzzer/r_freq_reg[0]_14[0]. Optimizations did not improve timing on the net.
INFO: [Physopt 32-702] Processed net freq_gen2/CO[0]. Optimizations did not improve timing on the net.
INFO: [Physopt 32-702] Processed net freq_gen2/p_1_in[0]. Optimizations did not improve timing on the net.
INFO: [Physopt 32-702] Processed net sysclk_IBUF. Optimizations did not improve timing on the net.
INFO: [Physopt 32-702] Processed net sysclk. Optimizations did not improve timing on the net.
INFO: [Physopt 32-619] Estimated Timing Summary | WNS=-44.131 | TNS=-463.275 |
Phase 4 Critical Path Optimization | Checksum: 24e25374f

Time (s): cpu = 00:00:03 ; elapsed = 00:00:03 . Memory (MB): peak = 2960.051 ; gain = 39.918
Netlist sorting complete. Time (s): cpu = 00:00:00 ; elapsed = 00:00:00.004 . Memory (MB): peak = 2960.051 ; gain = 0.000
INFO: [Physopt 32-603] Post Physical Optimization Timing Summary | WNS=-44.131 | TNS=-463.275 |

Summary of Physical Synthesis Optimizations
============================================


-------------------------------------------------------------------------------------------------------------------------------------------------------------
|  Optimization   |  WNS Gain (ns)  |  TNS Gain (ns)  |  Added Cells  |  Removed Cells  |  Optimized Cells/Nets  |  Dont Touch  |  Iterations  |  Elapsed   |
-------------------------------------------------------------------------------------------------------------------------------------------------------------
|  DSP Register   |          0.000  |          0.000  |            0  |              0  |                     0  |           0  |           1  |  00:00:00  |
|  Critical Path  |          0.199  |          3.383  |           22  |              0  |                     7  |           0  |           2  |  00:00:03  |
|  Total          |          0.199  |          3.383  |           22  |              0  |                     7  |           0  |           3  |  00:00:03  |
-------------------------------------------------------------------------------------------------------------------------------------------------------------


Netlist sorting complete. Time (s): cpu = 00:00:00 ; elapsed = 00:00:00 . Memory (MB): peak = 2960.051 ; gain = 0.000
Ending Physical Synthesis Task | Checksum: 21863e1fc

Time (s): cpu = 00:00:03 ; elapsed = 00:00:03 . Memory (MB): peak = 2960.051 ; gain = 39.918
INFO: [Common 17-83] Releasing license: Implementation
521 Infos, 0 Warnings, 0 Critical Warnings and 0 Errors encountered.
phys_opt_design completed successfully
INFO: [Timing 38-480] Writing timing data to binary archive.
Writing XDEF routing.
Writing XDEF routing logical nets.
Writing XDEF routing special nets.
Write XDEF Complete: Time (s): cpu = 00:00:01 ; elapsed = 00:00:00.055 . Memory (MB): peak = 2984.887 ; gain = 24.836
INFO: [Common 17-1381] The checkpoint 'D:/vivado_pj/buzzer_pj/buzzer_pj.runs/impl_1/buzzer_top_physopt.dcp' has been generated.
Command: route_design
Attempting to get a license for feature 'Implementation' and/or device 'xc7a35t'
INFO: [Common 17-349] Got license for feature 'Implementation' and/or device 'xc7a35t'
INFO: [DRC 23-27] Running DRC with 2 threads
INFO: [Vivado_Tcl 4-198] DRC finished with 0 Errors
INFO: [Vivado_Tcl 4-199] Please refer to the DRC report (report_drc) for more information.
Running DRC as a precondition to command route_design
INFO: [DRC 23-27] Running DRC with 2 threads
INFO: [Vivado_Tcl 4-198] DRC finished with 0 Errors
INFO: [Vivado_Tcl 4-199] Please refer to the DRC report (report_drc) for more information.


Starting Routing Task
INFO: [Route 35-254] Multithreading enabled for route_design using a maximum of 2 CPUs

Phase 1 Build RT Design
Checksum: PlaceDB: 58ea4156 ConstDB: 0 ShapeSum: c42486e6 RouteDB: 0
Post Restoration Checksum: NetGraph: 52a93940 | NumContArr: 3b86ec51 | Constraints: 190a55ad | Timing: 0
Phase 1 Build RT Design | Checksum: a73a7b3e

Time (s): cpu = 00:00:11 ; elapsed = 00:00:11 . Memory (MB): peak = 3063.859 ; gain = 64.840

Phase 2 Router Initialization

Phase 2.1 Fix Topology Constraints
Phase 2.1 Fix Topology Constraints | Checksum: a73a7b3e

Time (s): cpu = 00:00:11 ; elapsed = 00:00:11 . Memory (MB): peak = 3063.859 ; gain = 64.840

Phase 2.2 Pre Route Cleanup
Phase 2.2 Pre Route Cleanup | Checksum: a73a7b3e

Time (s): cpu = 00:00:11 ; elapsed = 00:00:11 . Memory (MB): peak = 3063.859 ; gain = 64.840
 Number of Nodes with overlaps = 0

Phase 2.3 Update Timing
Phase 2.3 Update Timing | Checksum: 17c36f777

Time (s): cpu = 00:00:11 ; elapsed = 00:00:11 . Memory (MB): peak = 3067.887 ; gain = 68.867
INFO: [Route 35-416] Intermediate Timing Summary | WNS=-42.604| TNS=-445.102| WHS=-0.083 | THS=-0.490 |


Router Utilization Summary
  Global Vertical Routing Utilization    = 0.000318903 %
  Global Horizontal Routing Utilization  = 0.000260281 %
  Routable Net Status*
  *Does not include unroutable nets such as driverless and loadless.
  Run report_route_status for detailed report.
  Number of Failed Nets               = 791
    (Failed Nets is the sum of unrouted and partially routed nets)
  Number of Unrouted Nets             = 787
  Number of Partially Routed Nets     = 4
  Number of Node Overlaps             = 4

Phase 2 Router Initialization | Checksum: 1ba9cc05b

Time (s): cpu = 00:00:12 ; elapsed = 00:00:11 . Memory (MB): peak = 3067.887 ; gain = 68.867

Phase 3 Initial Routing

Phase 3.1 Global Routing
Phase 3.1 Global Routing | Checksum: 1ba9cc05b

Time (s): cpu = 00:00:12 ; elapsed = 00:00:11 . Memory (MB): peak = 3067.887 ; gain = 68.867
Phase 3 Initial Routing | Checksum: 11056432c

Time (s): cpu = 00:00:12 ; elapsed = 00:00:11 . Memory (MB): peak = 3067.887 ; gain = 68.867

Phase 4 Rip-up And Reroute

Phase 4.1 Global Iteration 0
 Number of Nodes with overlaps = 238
 Number of Nodes with overlaps = 77
 Number of Nodes with overlaps = 15
 Number of Nodes with overlaps = 6
 Number of Nodes with overlaps = 2
 Number of Nodes with overlaps = 0
INFO: [Route 35-416] Intermediate Timing Summary | WNS=-45.043| TNS=-483.101| WHS=N/A    | THS=N/A    |

Phase 4.1 Global Iteration 0 | Checksum: fb409049

Time (s): cpu = 00:00:13 ; elapsed = 00:00:12 . Memory (MB): peak = 3067.887 ; gain = 68.867

Phase 4.2 Global Iteration 1
 Number of Nodes with overlaps = 267
 Number of Nodes with overlaps = 57
 Number of Nodes with overlaps = 7
 Number of Nodes with overlaps = 3
 Number of Nodes with overlaps = 1
 Number of Nodes with overlaps = 0
INFO: [Route 35-416] Intermediate Timing Summary | WNS=-45.390| TNS=-485.856| WHS=N/A    | THS=N/A    |

Phase 4.2 Global Iteration 1 | Checksum: 1cc87a8a9

Time (s): cpu = 00:00:13 ; elapsed = 00:00:13 . Memory (MB): peak = 3067.887 ; gain = 68.867
Phase 4 Rip-up And Reroute | Checksum: 1cc87a8a9

Time (s): cpu = 00:00:13 ; elapsed = 00:00:13 . Memory (MB): peak = 3067.887 ; gain = 68.867

Phase 5 Delay and Skew Optimization

Phase 5.1 Delay CleanUp

Phase 5.1.1 Update Timing
Phase 5.1.1 Update Timing | Checksum: 170db2a38

Time (s): cpu = 00:00:13 ; elapsed = 00:00:13 . Memory (MB): peak = 3067.887 ; gain = 68.867
INFO: [Route 35-416] Intermediate Timing Summary | WNS=-44.955| TNS=-481.605| WHS=N/A    | THS=N/A    |

 Number of Nodes with overlaps = 0
Phase 5.1 Delay CleanUp | Checksum: 21195f230

Time (s): cpu = 00:00:14 ; elapsed = 00:00:13 . Memory (MB): peak = 3067.887 ; gain = 68.867

Phase 5.2 Clock Skew Optimization
Phase 5.2 Clock Skew Optimization | Checksum: 21195f230

Time (s): cpu = 00:00:14 ; elapsed = 00:00:13 . Memory (MB): peak = 3067.887 ; gain = 68.867
Phase 5 Delay and Skew Optimization | Checksum: 21195f230

Time (s): cpu = 00:00:14 ; elapsed = 00:00:13 . Memory (MB): peak = 3067.887 ; gain = 68.867

Phase 6 Post Hold Fix

Phase 6.1 Hold Fix Iter

Phase 6.1.1 Update Timing
Phase 6.1.1 Update Timing | Checksum: 16c360f02

Time (s): cpu = 00:00:14 ; elapsed = 00:00:13 . Memory (MB): peak = 3067.887 ; gain = 68.867
INFO: [Route 35-416] Intermediate Timing Summary | WNS=-44.955| TNS=-481.605| WHS=0.153  | THS=0.000  |

Phase 6.1 Hold Fix Iter | Checksum: 16c360f02

Time (s): cpu = 00:00:14 ; elapsed = 00:00:13 . Memory (MB): peak = 3067.887 ; gain = 68.867
Phase 6 Post Hold Fix | Checksum: 16c360f02

Time (s): cpu = 00:00:14 ; elapsed = 00:00:13 . Memory (MB): peak = 3067.887 ; gain = 68.867

Phase 7 Route finalize

Router Utilization Summary
  Global Vertical Routing Utilization    = 0.310771 %
  Global Horizontal Routing Utilization  = 0.210567 %
  Routable Net Status*
  *Does not include unroutable nets such as driverless and loadless.
  Run report_route_status for detailed report.
  Number of Failed Nets               = 0
    (Failed Nets is the sum of unrouted and partially routed nets)
  Number of Unrouted Nets             = 0
  Number of Partially Routed Nets     = 0
  Number of Node Overlaps             = 0


--GLOBAL Congestion:
Utilization threshold used for congestion level computation: 0.85
Congestion Report
North Dir 1x1 Area, Max Cong = 25.2252%, No Congested Regions.
South Dir 1x1 Area, Max Cong = 61.2613%, No Congested Regions.
East Dir 1x1 Area, Max Cong = 26.4706%, No Congested Regions.
West Dir 1x1 Area, Max Cong = 23.5294%, No Congested Regions.

------------------------------
Reporting congestion hotspots
------------------------------
Direction: North
----------------
Congested clusters found at Level 0
Effective congestion level: 0 Aspect Ratio: 1 Sparse Ratio: 0
Direction: South
----------------
Congested clusters found at Level 0
Effective congestion level: 0 Aspect Ratio: 1 Sparse Ratio: 0
Direction: East
----------------
Congested clusters found at Level 0
Effective congestion level: 0 Aspect Ratio: 1 Sparse Ratio: 0
Direction: West
----------------
Congested clusters found at Level 0
Effective congestion level: 0 Aspect Ratio: 1 Sparse Ratio: 0

Phase 7 Route finalize | Checksum: 2446c5081

Time (s): cpu = 00:00:14 ; elapsed = 00:00:13 . Memory (MB): peak = 3067.887 ; gain = 68.867

Phase 8 Verifying routed nets

 Verification completed successfully
Phase 8 Verifying routed nets | Checksum: 2446c5081

Time (s): cpu = 00:00:14 ; elapsed = 00:00:13 . Memory (MB): peak = 3067.887 ; gain = 68.867

Phase 9 Depositing Routes
Phase 9 Depositing Routes | Checksum: 281f3aeec

Time (s): cpu = 00:00:14 ; elapsed = 00:00:13 . Memory (MB): peak = 3067.887 ; gain = 68.867

Phase 10 Post Router Timing
INFO: [Route 35-57] Estimated Timing Summary | WNS=-44.955| TNS=-481.605| WHS=0.153  | THS=0.000  |

WARNING: [Route 35-328] Router estimated timing not met.
Resolution: For a complete and accurate timing signoff, report_timing_summary must be run after route_design. Alternatively, route_design can be run with the -timing_summary option to enable a complete timing signoff at the end of route_design.
Phase 10 Post Router Timing | Checksum: 281f3aeec

Time (s): cpu = 00:00:14 ; elapsed = 00:00:13 . Memory (MB): peak = 3067.887 ; gain = 68.867
INFO: [Route 35-16] Router Completed Successfully

Phase 11 Post-Route Event Processing
Phase 11 Post-Route Event Processing | Checksum: ef75467e

Time (s): cpu = 00:00:14 ; elapsed = 00:00:13 . Memory (MB): peak = 3067.887 ; gain = 68.867

Time (s): cpu = 00:00:14 ; elapsed = 00:00:13 . Memory (MB): peak = 3067.887 ; gain = 68.867

Routing Is Done.
INFO: [Common 17-83] Releasing license: Implementation
539 Infos, 1 Warnings, 0 Critical Warnings and 0 Errors encountered.
route_design completed successfully
route_design: Time (s): cpu = 00:00:14 ; elapsed = 00:00:13 . Memory (MB): peak = 3067.887 ; gain = 83.000
INFO: [runtcl-4] Executing : report_drc -file buzzer_top_drc_routed.rpt -pb buzzer_top_drc_routed.pb -rpx buzzer_top_drc_routed.rpx
Command: report_drc -file buzzer_top_drc_routed.rpt -pb buzzer_top_drc_routed.pb -rpx buzzer_top_drc_routed.rpx
INFO: [IP_Flow 19-1839] IP Catalog is up to date.
INFO: [DRC 23-27] Running DRC with 2 threads
INFO: [Vivado_Tcl 2-168] The results of DRC are in file D:/vivado_pj/buzzer_pj/buzzer_pj.runs/impl_1/buzzer_top_drc_routed.rpt.
report_drc completed successfully
INFO: [runtcl-4] Executing : report_methodology -file buzzer_top_methodology_drc_routed.rpt -pb buzzer_top_methodology_drc_routed.pb -rpx buzzer_top_methodology_drc_routed.rpx
Command: report_methodology -file buzzer_top_methodology_drc_routed.rpt -pb buzzer_top_methodology_drc_routed.pb -rpx buzzer_top_methodology_drc_routed.rpx
INFO: [Timing 38-35] Done setting XDC timing constraints.
INFO: [DRC 23-133] Running Methodology with 2 threads
INFO: [Vivado_Tcl 2-1520] The results of Report Methodology are in file D:/vivado_pj/buzzer_pj/buzzer_pj.runs/impl_1/buzzer_top_methodology_drc_routed.rpt.
report_methodology completed successfully
INFO: [runtcl-4] Executing : report_power -file buzzer_top_power_routed.rpt -pb buzzer_top_power_summary_routed.pb -rpx buzzer_top_power_routed.rpx
Command: report_power -file buzzer_top_power_routed.rpt -pb buzzer_top_power_summary_routed.pb -rpx buzzer_top_power_routed.rpx
INFO: [Timing 38-35] Done setting XDC timing constraints.
Running Vector-less Activity Propagation...

Finished Running Vector-less Activity Propagation
549 Infos, 1 Warnings, 0 Critical Warnings and 0 Errors encountered.
report_power completed successfully
INFO: [runtcl-4] Executing : report_route_status -file buzzer_top_route_status.rpt -pb buzzer_top_route_status.pb
INFO: [runtcl-4] Executing : report_timing_summary -max_paths 10 -report_unconstrained -file buzzer_top_timing_summary_routed.rpt -pb buzzer_top_timing_summary_routed.pb -rpx buzzer_top_timing_summary_routed.rpx -warn_on_violation 
INFO: [Timing 38-91] UpdateTimingParams: Speed grade: -1, Delay Type: min_max.
INFO: [Timing 38-191] Multithreading enabled for timing update using a maximum of 2 CPUs
CRITICAL WARNING: [Timing 38-282] The design failed to meet the timing requirements. Please see the timing summary report for details on the timing violations.
INFO: [runtcl-4] Executing : report_incremental_reuse -file buzzer_top_incremental_reuse_routed.rpt
INFO: [Vivado_Tcl 4-1062] Incremental flow is disabled. No incremental reuse Info to report.
INFO: [runtcl-4] Executing : report_clock_utilization -file buzzer_top_clock_utilization_routed.rpt
INFO: [runtcl-4] Executing : report_bus_skew -warn_on_violation -file buzzer_top_bus_skew_routed.rpt -pb buzzer_top_bus_skew_routed.pb -rpx buzzer_top_bus_skew_routed.rpx
INFO: [Timing 38-91] UpdateTimingParams: Speed grade: -1, Delay Type: min_max.
INFO: [Timing 38-191] Multithreading enabled for timing update using a maximum of 2 CPUs
INFO: [Timing 38-480] Writing timing data to binary archive.
Writing XDEF routing.
Writing XDEF routing logical nets.
Writing XDEF routing special nets.
Write XDEF Complete: Time (s): cpu = 00:00:00 ; elapsed = 00:00:00.058 . Memory (MB): peak = 3093.891 ; gain = 0.000
INFO: [Common 17-1381] The checkpoint 'D:/vivado_pj/buzzer_pj/buzzer_pj.runs/impl_1/buzzer_top_routed.dcp' has been generated.
Command: write_bitstream -force buzzer_top.bit
Attempting to get a license for feature 'Implementation' and/or device 'xc7a35t'
INFO: [Common 17-349] Got license for feature 'Implementation' and/or device 'xc7a35t'
Running DRC as a precondition to command write_bitstream
INFO: [IP_Flow 19-1839] IP Catalog is up to date.
INFO: [DRC 23-27] Running DRC with 2 threads
WARNING: [DRC PDRC-153] Gated clock check: Net fsm_buzzer/next_state is a gated clock net sourced by a combinational pin fsm_buzzer/FSM_sequential_next_state_reg[3]_i_2/O, cell fsm_buzzer/FSM_sequential_next_state_reg[3]_i_2. This is not good design practice and will likely impact performance. For SLICE registers, for example, use the CE pin to control the loading of data.
INFO: [Vivado 12-3199] DRC finished with 0 Errors, 1 Warnings
INFO: [Vivado 12-3200] Please refer to the DRC report (report_drc) for more information.
INFO: [Designutils 20-2272] Running write_bitstream with 2 threads.
Loading data files...
Loading site data...
Loading route data...
Processing options...
Creating bitmap...
Creating bitstream...
Bitstream compression saved 15047584 bits.
Writing bitstream ./buzzer_top.bit...
INFO: [Vivado 12-1842] Bitgen Completed Successfully.
INFO: [Project 1-1876] WebTalk data collection is mandatory when using a ULT device. To see the specific WebTalk data collected for your design, open the usage_statistics_webtalk.html or usage_statistics_webtalk.xml file in the implementation directory.
INFO: [Common 17-83] Releasing license: Implementation
14 Infos, 1 Warnings, 0 Critical Warnings and 0 Errors encountered.
write_bitstream completed successfully
write_bitstream: Time (s): cpu = 00:00:06 ; elapsed = 00:00:06 . Memory (MB): peak = 3569.645 ; gain = 475.754
INFO: [Common 17-206] Exiting Vivado at Mon Jun 15 14:11:32 2026...

*** Running vivado
    with args -log buzzer_top.vdi -applog -m64 -product Vivado -messageDb vivado.pb -mode batch -source buzzer_top.tcl -notrace



****** Vivado v2023.1 (64-bit)
  **** SW Build 3865809 on Sun May  7 15:05:29 MDT 2023
  **** IP Build 3864474 on Sun May  7 20:36:21 MDT 2023
  **** SharedData Build 3865790 on Sun May 07 13:33:03 MDT 2023
    ** Copyright 1986-2022 Xilinx, Inc. All Rights Reserved.
    ** Copyright 2022-2023 Advanced Micro Devices, Inc. All Rights Reserved.

source buzzer_top.tcl -notrace
Command: open_checkpoint buzzer_top_routed.dcp
INFO: [Device 21-403] Loading part xc7a35tcpg236-1
Netlist sorting complete. Time (s): cpu = 00:00:00 ; elapsed = 00:00:00.003 . Memory (MB): peak = 1866.527 ; gain = 0.000
INFO: [Netlist 29-17] Analyzing 152 Unisim elements for replacement
INFO: [Netlist 29-28] Unisim Transformation completed in 0 CPU seconds
INFO: [Project 1-479] Netlist was created with Vivado 2023.1
INFO: [Project 1-570] Preparing netlist for logic optimization
INFO: [Timing 38-478] Restoring timing data from binary archive.
INFO: [Timing 38-479] Binary timing data restore complete.
INFO: [Project 1-856] Restoring constraints from binary archive.
INFO: [Project 1-853] Binary constraint restore complete.
Reading XDEF placement.
Reading placer database...
Reading XDEF routing.
Read XDEF Files: Time (s): cpu = 00:00:00 ; elapsed = 00:00:00.086 . Memory (MB): peak = 2568.031 ; gain = 6.938
Restored from archive | CPU: 0.000000 secs | Memory: 0.000000 MB |
Finished XDEF File Restore: Time (s): cpu = 00:00:00 ; elapsed = 00:00:00.086 . Memory (MB): peak = 2568.031 ; gain = 6.938
Netlist sorting complete. Time (s): cpu = 00:00:00 ; elapsed = 00:00:00 . Memory (MB): peak = 2568.031 ; gain = 0.000
INFO: [Project 1-111] Unisim Transformation Summary:
No Unisim elements were transformed.

INFO: [Project 1-604] Checkpoint was created with Vivado v2023.1 (64-bit) build 3865809
open_checkpoint: Time (s): cpu = 00:00:11 ; elapsed = 00:00:12 . Memory (MB): peak = 2568.031 ; gain = 1270.254
Command: write_bitstream -force buzzer_top.bit
Attempting to get a license for feature 'Implementation' and/or device 'xc7a35t'
INFO: [Common 17-349] Got license for feature 'Implementation' and/or device 'xc7a35t'
Running DRC as a precondition to command write_bitstream
INFO: [IP_Flow 19-234] Refreshing IP repositories
INFO: [IP_Flow 19-1704] No user IP repositories specified
INFO: [IP_Flow 19-2313] Loaded Vivado IP repository 'H:/Xilinx/Vivado/2023.1/data/ip'.
INFO: [DRC 23-27] Running DRC with 2 threads
WARNING: [DRC PDRC-153] Gated clock check: Net fsm_buzzer/next_state is a gated clock net sourced by a combinational pin fsm_buzzer/FSM_sequential_next_state_reg[3]_i_2/O, cell fsm_buzzer/FSM_sequential_next_state_reg[3]_i_2. This is not good design practice and will likely impact performance. For SLICE registers, for example, use the CE pin to control the loading of data.
INFO: [Vivado 12-3199] DRC finished with 0 Errors, 1 Warnings
INFO: [Vivado 12-3200] Please refer to the DRC report (report_drc) for more information.
INFO: [Designutils 20-2272] Running write_bitstream with 2 threads.
Loading data files...
Loading site data...
Loading route data...
Processing options...
Creating bitmap...
Creating bitstream...
Bitstream compression saved 15047584 bits.
Writing bitstream ./buzzer_top.bit...
INFO: [Vivado 12-1842] Bitgen Completed Successfully.
INFO: [Project 1-1876] WebTalk data collection is mandatory when using a ULT device. To see the specific WebTalk data collected for your design, open the usage_statistics_webtalk.html or usage_statistics_webtalk.xml file in the implementation directory.
INFO: [Common 17-83] Releasing license: Implementation
22 Infos, 1 Warnings, 0 Critical Warnings and 0 Errors encountered.
write_bitstream completed successfully
write_bitstream: Time (s): cpu = 00:00:06 ; elapsed = 00:00:06 . Memory (MB): peak = 3130.523 ; gain = 562.492
INFO: [Common 17-206] Exiting Vivado at Mon Jun 15 14:16:24 2026...
