22:27:05 DEBUG : Logs will be stored at 'H:/pwm_control_ip/workspace/IDE.log'.
22:27:12 INFO  : Launching XSCT server: xsct.bat -n  -interactive H:\pwm_control_ip\workspace\temp_xsdb_launch_script.tcl
22:27:13 INFO  : Registering command handlers for Vitis TCF services
22:27:14 INFO  : Platform repository initialization has completed.
22:27:18 INFO  : XSCT server has started successfully.
22:27:21 INFO  : Successfully done setting XSCT server connection channel  
22:27:21 INFO  : plnx-install-location is set to ''
22:27:21 INFO  : Successfully done query RDI_DATADIR 
22:27:21 INFO  : Successfully done setting workspace for the tool. 
22:27:41 INFO  : Result from executing command 'getProjects': pwm_test_wrapper
22:27:41 INFO  : Result from executing command 'getPlatforms': xilinx_vck190_base_202310_1|H:/Xilinx/Vitis/2023.1/base_platforms/xilinx_vck190_base_202310_1/xilinx_vck190_base_202310_1.xpfm;xilinx_vck190_base_dfx_202310_1|H:/Xilinx/Vitis/2023.1/base_platforms/xilinx_vck190_base_dfx_202310_1/xilinx_vck190_base_dfx_202310_1.xpfm;xilinx_vek280_es1_base_202310_1|H:/Xilinx/Vitis/2023.1/base_platforms/xilinx_vek280_es1_base_202310_1/xilinx_vek280_es1_base_202310_1.xpfm;xilinx_vmk180_base_202310_1|H:/Xilinx/Vitis/2023.1/base_platforms/xilinx_vmk180_base_202310_1/xilinx_vmk180_base_202310_1.xpfm;xilinx_zcu102_base_202310_1|H:/Xilinx/Vitis/2023.1/base_platforms/xilinx_zcu102_base_202310_1/xilinx_zcu102_base_202310_1.xpfm;xilinx_zcu102_base_dfx_202310_1|H:/Xilinx/Vitis/2023.1/base_platforms/xilinx_zcu102_base_dfx_202310_1/xilinx_zcu102_base_dfx_202310_1.xpfm;xilinx_zcu104_base_202310_1|H:/Xilinx/Vitis/2023.1/base_platforms/xilinx_zcu104_base_202310_1/xilinx_zcu104_base_202310_1.xpfm
22:27:42 WARN  : An unexpected exception occurred in the module 'platform project logging'
22:27:44 INFO  : Platform 'pwm_test_wrapper' is added to custom repositories.
22:27:47 INFO  : Platform 'pwm_test_wrapper' is added to custom repositories.
22:28:49 INFO  : Result from executing command 'getProjects': pwm_test_wrapper
22:28:49 INFO  : Result from executing command 'getPlatforms': pwm_test_wrapper|H:/pwm_control_ip/workspace/pwm_test_wrapper/export/pwm_test_wrapper/pwm_test_wrapper.xpfm;xilinx_vck190_base_202310_1|H:/Xilinx/Vitis/2023.1/base_platforms/xilinx_vck190_base_202310_1/xilinx_vck190_base_202310_1.xpfm;xilinx_vck190_base_dfx_202310_1|H:/Xilinx/Vitis/2023.1/base_platforms/xilinx_vck190_base_dfx_202310_1/xilinx_vck190_base_dfx_202310_1.xpfm;xilinx_vek280_es1_base_202310_1|H:/Xilinx/Vitis/2023.1/base_platforms/xilinx_vek280_es1_base_202310_1/xilinx_vek280_es1_base_202310_1.xpfm;xilinx_vmk180_base_202310_1|H:/Xilinx/Vitis/2023.1/base_platforms/xilinx_vmk180_base_202310_1/xilinx_vmk180_base_202310_1.xpfm;xilinx_zcu102_base_202310_1|H:/Xilinx/Vitis/2023.1/base_platforms/xilinx_zcu102_base_202310_1/xilinx_zcu102_base_202310_1.xpfm;xilinx_zcu102_base_dfx_202310_1|H:/Xilinx/Vitis/2023.1/base_platforms/xilinx_zcu102_base_dfx_202310_1/xilinx_zcu102_base_dfx_202310_1.xpfm;xilinx_zcu104_base_202310_1|H:/Xilinx/Vitis/2023.1/base_platforms/xilinx_zcu104_base_202310_1/xilinx_zcu104_base_202310_1.xpfm
22:36:31 INFO  : Checking for BSP changes to sync application flags for project 'pwm_test'...
22:36:40 INFO  : Checking for BSP changes to sync application flags for project 'pwm_test'...
10:08:27 DEBUG : Logs will be stored at 'H:/pwm_control_ip/workspace/IDE.log'.
10:08:27 INFO  : Launching XSCT server: xsct.bat -n  -interactive H:\pwm_control_ip\workspace\temp_xsdb_launch_script.tcl
10:08:29 INFO  : XSCT server has started successfully.
10:08:29 INFO  : plnx-install-location is set to ''
10:08:29 INFO  : Successfully done setting XSCT server connection channel  
10:08:29 INFO  : Successfully done setting workspace for the tool. 
10:08:29 INFO  : Successfully done query RDI_DATADIR 
10:08:29 INFO  : Registering command handlers for Vitis TCF services
10:08:30 INFO  : Platform repository initialization has completed.
10:09:01 INFO  : Hardware specification for platform project 'pwm_test_wrapper' is updated.
10:09:13 INFO  : Result from executing command 'getProjects': pwm_test_wrapper
10:09:13 INFO  : Result from executing command 'getPlatforms': pwm_test_wrapper|H:/pwm_control_ip/workspace/pwm_test_wrapper/export/pwm_test_wrapper/pwm_test_wrapper.xpfm;xilinx_vck190_base_202310_1|H:/Xilinx/Vitis/2023.1/base_platforms/xilinx_vck190_base_202310_1/xilinx_vck190_base_202310_1.xpfm;xilinx_vck190_base_dfx_202310_1|H:/Xilinx/Vitis/2023.1/base_platforms/xilinx_vck190_base_dfx_202310_1/xilinx_vck190_base_dfx_202310_1.xpfm;xilinx_vek280_es1_base_202310_1|H:/Xilinx/Vitis/2023.1/base_platforms/xilinx_vek280_es1_base_202310_1/xilinx_vek280_es1_base_202310_1.xpfm;xilinx_vmk180_base_202310_1|H:/Xilinx/Vitis/2023.1/base_platforms/xilinx_vmk180_base_202310_1/xilinx_vmk180_base_202310_1.xpfm;xilinx_zcu102_base_202310_1|H:/Xilinx/Vitis/2023.1/base_platforms/xilinx_zcu102_base_202310_1/xilinx_zcu102_base_202310_1.xpfm;xilinx_zcu102_base_dfx_202310_1|H:/Xilinx/Vitis/2023.1/base_platforms/xilinx_zcu102_base_dfx_202310_1/xilinx_zcu102_base_dfx_202310_1.xpfm;xilinx_zcu104_base_202310_1|H:/Xilinx/Vitis/2023.1/base_platforms/xilinx_zcu104_base_202310_1/xilinx_zcu104_base_202310_1.xpfm
10:09:18 INFO  : Checking for BSP changes to sync application flags for project 'pwm_test'...
10:09:19 INFO  : The hardware specification used by project 'pwm_test' is out of sync with the platform. Resource files extracted from the hardware specification will be updated.
10:09:19 INFO  : The file 'H:\pwm_control_ip\workspace\pwm_test\_ide\bitstream\pwm_test_wrapper.bit' stored in project is removed.
10:09:19 INFO  : The file 'H:\pwm_control_ip\workspace\pwm_test\_ide\bitstream\pwm_test_wrapper.mmi' stored in project is removed.
10:09:19 INFO  : The updated bitstream files are copied from platform to folder 'H:\pwm_control_ip\workspace\pwm_test\_ide\bitstream' in project 'pwm_test'.
