
*** Running vivado
    with args -log rtc_fnd_axi_rtc_axi_v1_0_0_6.vds -m64 -product Vivado -mode batch -messageDb vivado.pb -notrace -source rtc_fnd_axi_rtc_axi_v1_0_0_6.tcl



****** Vivado v2023.1 (64-bit)
  **** SW Build 3865809 on Sun May  7 15:05:29 MDT 2023
  **** IP Build 3864474 on Sun May  7 20:36:21 MDT 2023
  **** SharedData Build 3865790 on Sun May 07 13:33:03 MDT 2023
    ** Copyright 1986-2022 Xilinx, Inc. All Rights Reserved.
    ** Copyright 2022-2023 Advanced Micro Devices, Inc. All Rights Reserved.

source rtc_fnd_axi_rtc_axi_v1_0_0_6.tcl -notrace
INFO: [IP_Flow 19-234] Refreshing IP repositories
INFO: [IP_Flow 19-1700] Loaded user IP repository 'h:/Xilinx/my_ip_folder/my_fnd_ip'.
INFO: [IP_Flow 19-2313] Loaded Vivado IP repository 'H:/Xilinx/Vivado/2023.1/data/ip'.
INFO: [IP_Flow 19-6924] IPCACHE: Running cache check for IP inst: rtc_fnd_axi_rtc_axi_v1_0_0_6
Command: synth_design -top rtc_fnd_axi_rtc_axi_v1_0_0_6 -part xc7a35tcpg236-1 -incremental_mode off -mode out_of_context
Starting synth_design
Attempting to get a license for feature 'Synthesis' and/or device 'xc7a35t'
INFO: [Common 17-349] Got license for feature 'Synthesis' and/or device 'xc7a35t'
INFO: [Device 21-403] Loading part xc7a35tcpg236-1
INFO: [Synth 8-7079] Multithreading enabled for synth_design using a maximum of 2 processes.
INFO: [Synth 8-7078] Launching helper process for spawning children vivado processes
INFO: [Synth 8-7075] Helper process launched with PID 38360
---------------------------------------------------------------------------------
Starting RTL Elaboration : Time (s): cpu = 00:00:03 ; elapsed = 00:00:03 . Memory (MB): peak = 2282.766 ; gain = 409.590
---------------------------------------------------------------------------------
INFO: [Synth 8-6157] synthesizing module 'rtc_fnd_axi_rtc_axi_v1_0_0_6' [d:/vivado_pj/RTC_FND_AXI/RTC_FND_AXI.gen/sources_1/bd/rtc_fnd_axi/ip/rtc_fnd_axi_rtc_axi_v1_0_0_6/synth/rtc_fnd_axi_rtc_axi_v1_0_0_6.v:53]
INFO: [Synth 8-6157] synthesizing module 'rtc_axi_v1_0' [d:/vivado_pj/RTC_FND_AXI/RTC_FND_AXI.gen/sources_1/bd/rtc_fnd_axi/ipshared/2419/ip_repo/rtc_axi_1_0/hdl/rtc_axi_v1_0.v:4]
INFO: [Synth 8-6157] synthesizing module 'rtc_axi_v1_0_S00_rtc_AXI' [d:/vivado_pj/RTC_FND_AXI/RTC_FND_AXI.gen/sources_1/bd/rtc_fnd_axi/ipshared/2419/ip_repo/rtc_axi_1_0/hdl/rtc_axi_v1_0_S00_rtc_AXI.v:4]
INFO: [Synth 8-226] default block is never used [d:/vivado_pj/RTC_FND_AXI/RTC_FND_AXI.gen/sources_1/bd/rtc_fnd_axi/ipshared/2419/ip_repo/rtc_axi_1_0/hdl/rtc_axi_v1_0_S00_rtc_AXI.v:231]
INFO: [Synth 8-226] default block is never used [d:/vivado_pj/RTC_FND_AXI/RTC_FND_AXI.gen/sources_1/bd/rtc_fnd_axi/ipshared/2419/ip_repo/rtc_axi_1_0/hdl/rtc_axi_v1_0_S00_rtc_AXI.v:372]
INFO: [Synth 8-6157] synthesizing module 'clockdivider_10Hz' [d:/vivado_pj/RTC_FND_AXI/RTC_FND_AXI.gen/sources_1/bd/rtc_fnd_axi/ipshared/2419/ip_repo/rtc_axi_1_0/src/clockdivider_10Hz.v:23]
INFO: [Synth 8-6155] done synthesizing module 'clockdivider_10Hz' (0#1) [d:/vivado_pj/RTC_FND_AXI/RTC_FND_AXI.gen/sources_1/bd/rtc_fnd_axi/ipshared/2419/ip_repo/rtc_axi_1_0/src/clockdivider_10Hz.v:23]
INFO: [Synth 8-6157] synthesizing module 'clock' [d:/vivado_pj/RTC_FND_AXI/RTC_FND_AXI.gen/sources_1/bd/rtc_fnd_axi/ipshared/2419/ip_repo/rtc_axi_1_0/src/clock.v:3]
INFO: [Synth 8-6155] done synthesizing module 'clock' (0#1) [d:/vivado_pj/RTC_FND_AXI/RTC_FND_AXI.gen/sources_1/bd/rtc_fnd_axi/ipshared/2419/ip_repo/rtc_axi_1_0/src/clock.v:3]
INFO: [Synth 8-6155] done synthesizing module 'rtc_axi_v1_0_S00_rtc_AXI' (0#1) [d:/vivado_pj/RTC_FND_AXI/RTC_FND_AXI.gen/sources_1/bd/rtc_fnd_axi/ipshared/2419/ip_repo/rtc_axi_1_0/hdl/rtc_axi_v1_0_S00_rtc_AXI.v:4]
WARNING: [Synth 8-7071] port 'hour' of module 'rtc_axi_v1_0_S00_rtc_AXI' is unconnected for instance 'rtc_axi_v1_0_S00_rtc_AXI_inst' [d:/vivado_pj/RTC_FND_AXI/RTC_FND_AXI.gen/sources_1/bd/rtc_fnd_axi/ipshared/2419/ip_repo/rtc_axi_1_0/hdl/rtc_axi_v1_0.v:50]
WARNING: [Synth 8-7071] port 'min' of module 'rtc_axi_v1_0_S00_rtc_AXI' is unconnected for instance 'rtc_axi_v1_0_S00_rtc_AXI_inst' [d:/vivado_pj/RTC_FND_AXI/RTC_FND_AXI.gen/sources_1/bd/rtc_fnd_axi/ipshared/2419/ip_repo/rtc_axi_1_0/hdl/rtc_axi_v1_0.v:50]
WARNING: [Synth 8-7071] port 'sec' of module 'rtc_axi_v1_0_S00_rtc_AXI' is unconnected for instance 'rtc_axi_v1_0_S00_rtc_AXI_inst' [d:/vivado_pj/RTC_FND_AXI/RTC_FND_AXI.gen/sources_1/bd/rtc_fnd_axi/ipshared/2419/ip_repo/rtc_axi_1_0/hdl/rtc_axi_v1_0.v:50]
WARNING: [Synth 8-7071] port 'msec' of module 'rtc_axi_v1_0_S00_rtc_AXI' is unconnected for instance 'rtc_axi_v1_0_S00_rtc_AXI_inst' [d:/vivado_pj/RTC_FND_AXI/RTC_FND_AXI.gen/sources_1/bd/rtc_fnd_axi/ipshared/2419/ip_repo/rtc_axi_1_0/hdl/rtc_axi_v1_0.v:50]
WARNING: [Synth 8-7023] instance 'rtc_axi_v1_0_S00_rtc_AXI_inst' of module 'rtc_axi_v1_0_S00_rtc_AXI' has 25 connections declared, but only 21 given [d:/vivado_pj/RTC_FND_AXI/RTC_FND_AXI.gen/sources_1/bd/rtc_fnd_axi/ipshared/2419/ip_repo/rtc_axi_1_0/hdl/rtc_axi_v1_0.v:50]
INFO: [Synth 8-6155] done synthesizing module 'rtc_axi_v1_0' (0#1) [d:/vivado_pj/RTC_FND_AXI/RTC_FND_AXI.gen/sources_1/bd/rtc_fnd_axi/ipshared/2419/ip_repo/rtc_axi_1_0/hdl/rtc_axi_v1_0.v:4]
INFO: [Synth 8-6155] done synthesizing module 'rtc_fnd_axi_rtc_axi_v1_0_0_6' (0#1) [d:/vivado_pj/RTC_FND_AXI/RTC_FND_AXI.gen/sources_1/bd/rtc_fnd_axi/ip/rtc_fnd_axi_rtc_axi_v1_0_0_6/synth/rtc_fnd_axi_rtc_axi_v1_0_0_6.v:53]
WARNING: [Synth 8-6014] Unused sequential element axi_awaddr_reg was removed.  [d:/vivado_pj/RTC_FND_AXI/RTC_FND_AXI.gen/sources_1/bd/rtc_fnd_axi/ipshared/2419/ip_repo/rtc_axi_1_0/hdl/rtc_axi_v1_0_S00_rtc_AXI.v:170]
WARNING: [Synth 8-6014] Unused sequential element slv_reg0_reg was removed.  [d:/vivado_pj/RTC_FND_AXI/RTC_FND_AXI.gen/sources_1/bd/rtc_fnd_axi/ipshared/2419/ip_repo/rtc_axi_1_0/hdl/rtc_axi_v1_0_S00_rtc_AXI.v:223]
WARNING: [Synth 8-6014] Unused sequential element slv_reg1_reg was removed.  [d:/vivado_pj/RTC_FND_AXI/RTC_FND_AXI.gen/sources_1/bd/rtc_fnd_axi/ipshared/2419/ip_repo/rtc_axi_1_0/hdl/rtc_axi_v1_0_S00_rtc_AXI.v:224]
WARNING: [Synth 8-6014] Unused sequential element slv_reg2_reg was removed.  [d:/vivado_pj/RTC_FND_AXI/RTC_FND_AXI.gen/sources_1/bd/rtc_fnd_axi/ipshared/2419/ip_repo/rtc_axi_1_0/hdl/rtc_axi_v1_0_S00_rtc_AXI.v:225]
WARNING: [Synth 8-6014] Unused sequential element slv_reg3_reg was removed.  [d:/vivado_pj/RTC_FND_AXI/RTC_FND_AXI.gen/sources_1/bd/rtc_fnd_axi/ipshared/2419/ip_repo/rtc_axi_1_0/hdl/rtc_axi_v1_0_S00_rtc_AXI.v:226]
WARNING: [Synth 8-7129] Port S_AXI_AWADDR[3] in module rtc_axi_v1_0_S00_rtc_AXI is either unconnected or has no load
WARNING: [Synth 8-7129] Port S_AXI_AWADDR[2] in module rtc_axi_v1_0_S00_rtc_AXI is either unconnected or has no load
WARNING: [Synth 8-7129] Port S_AXI_AWADDR[1] in module rtc_axi_v1_0_S00_rtc_AXI is either unconnected or has no load
WARNING: [Synth 8-7129] Port S_AXI_AWADDR[0] in module rtc_axi_v1_0_S00_rtc_AXI is either unconnected or has no load
WARNING: [Synth 8-7129] Port S_AXI_AWPROT[2] in module rtc_axi_v1_0_S00_rtc_AXI is either unconnected or has no load
WARNING: [Synth 8-7129] Port S_AXI_AWPROT[1] in module rtc_axi_v1_0_S00_rtc_AXI is either unconnected or has no load
WARNING: [Synth 8-7129] Port S_AXI_AWPROT[0] in module rtc_axi_v1_0_S00_rtc_AXI is either unconnected or has no load
WARNING: [Synth 8-7129] Port S_AXI_WDATA[31] in module rtc_axi_v1_0_S00_rtc_AXI is either unconnected or has no load
WARNING: [Synth 8-7129] Port S_AXI_WDATA[30] in module rtc_axi_v1_0_S00_rtc_AXI is either unconnected or has no load
WARNING: [Synth 8-7129] Port S_AXI_WDATA[29] in module rtc_axi_v1_0_S00_rtc_AXI is either unconnected or has no load
WARNING: [Synth 8-7129] Port S_AXI_WDATA[28] in module rtc_axi_v1_0_S00_rtc_AXI is either unconnected or has no load
WARNING: [Synth 8-7129] Port S_AXI_WDATA[27] in module rtc_axi_v1_0_S00_rtc_AXI is either unconnected or has no load
WARNING: [Synth 8-7129] Port S_AXI_WDATA[26] in module rtc_axi_v1_0_S00_rtc_AXI is either unconnected or has no load
WARNING: [Synth 8-7129] Port S_AXI_WDATA[25] in module rtc_axi_v1_0_S00_rtc_AXI is either unconnected or has no load
WARNING: [Synth 8-7129] Port S_AXI_WDATA[24] in module rtc_axi_v1_0_S00_rtc_AXI is either unconnected or has no load
WARNING: [Synth 8-7129] Port S_AXI_WDATA[23] in module rtc_axi_v1_0_S00_rtc_AXI is either unconnected or has no load
WARNING: [Synth 8-7129] Port S_AXI_WDATA[22] in module rtc_axi_v1_0_S00_rtc_AXI is either unconnected or has no load
WARNING: [Synth 8-7129] Port S_AXI_WDATA[21] in module rtc_axi_v1_0_S00_rtc_AXI is either unconnected or has no load
WARNING: [Synth 8-7129] Port S_AXI_WDATA[20] in module rtc_axi_v1_0_S00_rtc_AXI is either unconnected or has no load
WARNING: [Synth 8-7129] Port S_AXI_WDATA[19] in module rtc_axi_v1_0_S00_rtc_AXI is either unconnected or has no load
WARNING: [Synth 8-7129] Port S_AXI_WDATA[18] in module rtc_axi_v1_0_S00_rtc_AXI is either unconnected or has no load
WARNING: [Synth 8-7129] Port S_AXI_WDATA[17] in module rtc_axi_v1_0_S00_rtc_AXI is either unconnected or has no load
WARNING: [Synth 8-7129] Port S_AXI_WDATA[16] in module rtc_axi_v1_0_S00_rtc_AXI is either unconnected or has no load
WARNING: [Synth 8-7129] Port S_AXI_WDATA[15] in module rtc_axi_v1_0_S00_rtc_AXI is either unconnected or has no load
WARNING: [Synth 8-7129] Port S_AXI_WDATA[14] in module rtc_axi_v1_0_S00_rtc_AXI is either unconnected or has no load
WARNING: [Synth 8-7129] Port S_AXI_WDATA[13] in module rtc_axi_v1_0_S00_rtc_AXI is either unconnected or has no load
WARNING: [Synth 8-7129] Port S_AXI_WDATA[12] in module rtc_axi_v1_0_S00_rtc_AXI is either unconnected or has no load
WARNING: [Synth 8-7129] Port S_AXI_WDATA[11] in module rtc_axi_v1_0_S00_rtc_AXI is either unconnected or has no load
WARNING: [Synth 8-7129] Port S_AXI_WDATA[10] in module rtc_axi_v1_0_S00_rtc_AXI is either unconnected or has no load
WARNING: [Synth 8-7129] Port S_AXI_WDATA[9] in module rtc_axi_v1_0_S00_rtc_AXI is either unconnected or has no load
WARNING: [Synth 8-7129] Port S_AXI_WDATA[8] in module rtc_axi_v1_0_S00_rtc_AXI is either unconnected or has no load
WARNING: [Synth 8-7129] Port S_AXI_WDATA[7] in module rtc_axi_v1_0_S00_rtc_AXI is either unconnected or has no load
WARNING: [Synth 8-7129] Port S_AXI_WDATA[6] in module rtc_axi_v1_0_S00_rtc_AXI is either unconnected or has no load
WARNING: [Synth 8-7129] Port S_AXI_WDATA[5] in module rtc_axi_v1_0_S00_rtc_AXI is either unconnected or has no load
WARNING: [Synth 8-7129] Port S_AXI_WDATA[4] in module rtc_axi_v1_0_S00_rtc_AXI is either unconnected or has no load
WARNING: [Synth 8-7129] Port S_AXI_WDATA[3] in module rtc_axi_v1_0_S00_rtc_AXI is either unconnected or has no load
WARNING: [Synth 8-7129] Port S_AXI_WDATA[2] in module rtc_axi_v1_0_S00_rtc_AXI is either unconnected or has no load
WARNING: [Synth 8-7129] Port S_AXI_WDATA[1] in module rtc_axi_v1_0_S00_rtc_AXI is either unconnected or has no load
WARNING: [Synth 8-7129] Port S_AXI_WDATA[0] in module rtc_axi_v1_0_S00_rtc_AXI is either unconnected or has no load
WARNING: [Synth 8-7129] Port S_AXI_WSTRB[3] in module rtc_axi_v1_0_S00_rtc_AXI is either unconnected or has no load
WARNING: [Synth 8-7129] Port S_AXI_WSTRB[2] in module rtc_axi_v1_0_S00_rtc_AXI is either unconnected or has no load
WARNING: [Synth 8-7129] Port S_AXI_WSTRB[1] in module rtc_axi_v1_0_S00_rtc_AXI is either unconnected or has no load
WARNING: [Synth 8-7129] Port S_AXI_WSTRB[0] in module rtc_axi_v1_0_S00_rtc_AXI is either unconnected or has no load
WARNING: [Synth 8-7129] Port S_AXI_ARPROT[2] in module rtc_axi_v1_0_S00_rtc_AXI is either unconnected or has no load
WARNING: [Synth 8-7129] Port S_AXI_ARPROT[1] in module rtc_axi_v1_0_S00_rtc_AXI is either unconnected or has no load
WARNING: [Synth 8-7129] Port S_AXI_ARPROT[0] in module rtc_axi_v1_0_S00_rtc_AXI is either unconnected or has no load
---------------------------------------------------------------------------------
Finished RTL Elaboration : Time (s): cpu = 00:00:04 ; elapsed = 00:00:04 . Memory (MB): peak = 2378.500 ; gain = 505.324
---------------------------------------------------------------------------------
---------------------------------------------------------------------------------
Start Handling Custom Attributes
---------------------------------------------------------------------------------
---------------------------------------------------------------------------------
Finished Handling Custom Attributes : Time (s): cpu = 00:00:04 ; elapsed = 00:00:04 . Memory (MB): peak = 2396.418 ; gain = 523.242
---------------------------------------------------------------------------------
---------------------------------------------------------------------------------
Finished RTL Optimization Phase 1 : Time (s): cpu = 00:00:04 ; elapsed = 00:00:04 . Memory (MB): peak = 2396.418 ; gain = 523.242
---------------------------------------------------------------------------------
Netlist sorting complete. Time (s): cpu = 00:00:00 ; elapsed = 00:00:00.002 . Memory (MB): peak = 2396.418 ; gain = 0.000
INFO: [Project 1-570] Preparing netlist for logic optimization

Processing XDC Constraints
Initializing timing engine
Completed Processing XDC Constraints

Netlist sorting complete. Time (s): cpu = 00:00:00 ; elapsed = 00:00:00 . Memory (MB): peak = 2497.012 ; gain = 0.000
INFO: [Project 1-111] Unisim Transformation Summary:
No Unisim elements were transformed.

Constraint Validation Runtime : Time (s): cpu = 00:00:00 ; elapsed = 00:00:00.012 . Memory (MB): peak = 2497.012 ; gain = 0.000
INFO: [Designutils 20-5008] Incremental synthesis strategy off
---------------------------------------------------------------------------------
Finished Constraint Validation : Time (s): cpu = 00:00:08 ; elapsed = 00:00:08 . Memory (MB): peak = 2497.012 ; gain = 623.836
---------------------------------------------------------------------------------
---------------------------------------------------------------------------------
Start Loading Part and Timing Information
---------------------------------------------------------------------------------
Loading part: xc7a35tcpg236-1
---------------------------------------------------------------------------------
Finished Loading Part and Timing Information : Time (s): cpu = 00:00:08 ; elapsed = 00:00:08 . Memory (MB): peak = 2497.012 ; gain = 623.836
---------------------------------------------------------------------------------
---------------------------------------------------------------------------------
Start Applying 'set_property' XDC Constraints
---------------------------------------------------------------------------------
---------------------------------------------------------------------------------
Finished applying 'set_property' XDC Constraints : Time (s): cpu = 00:00:08 ; elapsed = 00:00:08 . Memory (MB): peak = 2497.012 ; gain = 623.836
---------------------------------------------------------------------------------
---------------------------------------------------------------------------------
Finished RTL Optimization Phase 2 : Time (s): cpu = 00:00:08 ; elapsed = 00:00:09 . Memory (MB): peak = 2497.012 ; gain = 623.836
---------------------------------------------------------------------------------
---------------------------------------------------------------------------------
Start RTL Component Statistics 
---------------------------------------------------------------------------------
Detailed RTL Component Info : 
+---Adders : 
	   2 Input   23 Bit       Adders := 1     
	   2 Input    6 Bit       Adders := 2     
	   2 Input    5 Bit       Adders := 1     
	   2 Input    4 Bit       Adders := 1     
+---Registers : 
	               32 Bit    Registers := 1     
	               23 Bit    Registers := 1     
	                8 Bit    Registers := 4     
	                4 Bit    Registers := 1     
	                2 Bit    Registers := 2     
	                1 Bit    Registers := 7     
+---Muxes : 
	   3 Input   32 Bit        Muxes := 1     
	   4 Input    8 Bit        Muxes := 1     
	   2 Input    6 Bit        Muxes := 2     
	   2 Input    5 Bit        Muxes := 1     
	   2 Input    4 Bit        Muxes := 1     
	   2 Input    1 Bit        Muxes := 5     
---------------------------------------------------------------------------------
Finished RTL Component Statistics 
---------------------------------------------------------------------------------
---------------------------------------------------------------------------------
Start Part Resource Summary
---------------------------------------------------------------------------------
Part Resources:
DSPs: 90 (col length:60)
BRAMs: 100 (col length: RAMB18 60 RAMB36 30)
---------------------------------------------------------------------------------
Finished Part Resource Summary
---------------------------------------------------------------------------------
---------------------------------------------------------------------------------
Start Cross Boundary and Area Optimization
---------------------------------------------------------------------------------
WARNING: [Synth 8-7080] Parallel synthesis criteria is not met
WARNING: [Synth 8-7129] Port s00_rtc_axi_awaddr[3] in module rtc_fnd_axi_rtc_axi_v1_0_0_6 is either unconnected or has no load
WARNING: [Synth 8-7129] Port s00_rtc_axi_awaddr[2] in module rtc_fnd_axi_rtc_axi_v1_0_0_6 is either unconnected or has no load
WARNING: [Synth 8-7129] Port s00_rtc_axi_awaddr[1] in module rtc_fnd_axi_rtc_axi_v1_0_0_6 is either unconnected or has no load
WARNING: [Synth 8-7129] Port s00_rtc_axi_awaddr[0] in module rtc_fnd_axi_rtc_axi_v1_0_0_6 is either unconnected or has no load
WARNING: [Synth 8-7129] Port s00_rtc_axi_awprot[2] in module rtc_fnd_axi_rtc_axi_v1_0_0_6 is either unconnected or has no load
WARNING: [Synth 8-7129] Port s00_rtc_axi_awprot[1] in module rtc_fnd_axi_rtc_axi_v1_0_0_6 is either unconnected or has no load
WARNING: [Synth 8-7129] Port s00_rtc_axi_awprot[0] in module rtc_fnd_axi_rtc_axi_v1_0_0_6 is either unconnected or has no load
WARNING: [Synth 8-7129] Port s00_rtc_axi_wdata[31] in module rtc_fnd_axi_rtc_axi_v1_0_0_6 is either unconnected or has no load
WARNING: [Synth 8-7129] Port s00_rtc_axi_wdata[30] in module rtc_fnd_axi_rtc_axi_v1_0_0_6 is either unconnected or has no load
WARNING: [Synth 8-7129] Port s00_rtc_axi_wdata[29] in module rtc_fnd_axi_rtc_axi_v1_0_0_6 is either unconnected or has no load
WARNING: [Synth 8-7129] Port s00_rtc_axi_wdata[28] in module rtc_fnd_axi_rtc_axi_v1_0_0_6 is either unconnected or has no load
WARNING: [Synth 8-7129] Port s00_rtc_axi_wdata[27] in module rtc_fnd_axi_rtc_axi_v1_0_0_6 is either unconnected or has no load
WARNING: [Synth 8-7129] Port s00_rtc_axi_wdata[26] in module rtc_fnd_axi_rtc_axi_v1_0_0_6 is either unconnected or has no load
WARNING: [Synth 8-7129] Port s00_rtc_axi_wdata[25] in module rtc_fnd_axi_rtc_axi_v1_0_0_6 is either unconnected or has no load
WARNING: [Synth 8-7129] Port s00_rtc_axi_wdata[24] in module rtc_fnd_axi_rtc_axi_v1_0_0_6 is either unconnected or has no load
WARNING: [Synth 8-7129] Port s00_rtc_axi_wdata[23] in module rtc_fnd_axi_rtc_axi_v1_0_0_6 is either unconnected or has no load
WARNING: [Synth 8-7129] Port s00_rtc_axi_wdata[22] in module rtc_fnd_axi_rtc_axi_v1_0_0_6 is either unconnected or has no load
WARNING: [Synth 8-7129] Port s00_rtc_axi_wdata[21] in module rtc_fnd_axi_rtc_axi_v1_0_0_6 is either unconnected or has no load
WARNING: [Synth 8-7129] Port s00_rtc_axi_wdata[20] in module rtc_fnd_axi_rtc_axi_v1_0_0_6 is either unconnected or has no load
WARNING: [Synth 8-7129] Port s00_rtc_axi_wdata[19] in module rtc_fnd_axi_rtc_axi_v1_0_0_6 is either unconnected or has no load
WARNING: [Synth 8-7129] Port s00_rtc_axi_wdata[18] in module rtc_fnd_axi_rtc_axi_v1_0_0_6 is either unconnected or has no load
WARNING: [Synth 8-7129] Port s00_rtc_axi_wdata[17] in module rtc_fnd_axi_rtc_axi_v1_0_0_6 is either unconnected or has no load
WARNING: [Synth 8-7129] Port s00_rtc_axi_wdata[16] in module rtc_fnd_axi_rtc_axi_v1_0_0_6 is either unconnected or has no load
WARNING: [Synth 8-7129] Port s00_rtc_axi_wdata[15] in module rtc_fnd_axi_rtc_axi_v1_0_0_6 is either unconnected or has no load
WARNING: [Synth 8-7129] Port s00_rtc_axi_wdata[14] in module rtc_fnd_axi_rtc_axi_v1_0_0_6 is either unconnected or has no load
WARNING: [Synth 8-7129] Port s00_rtc_axi_wdata[13] in module rtc_fnd_axi_rtc_axi_v1_0_0_6 is either unconnected or has no load
WARNING: [Synth 8-7129] Port s00_rtc_axi_wdata[12] in module rtc_fnd_axi_rtc_axi_v1_0_0_6 is either unconnected or has no load
WARNING: [Synth 8-7129] Port s00_rtc_axi_wdata[11] in module rtc_fnd_axi_rtc_axi_v1_0_0_6 is either unconnected or has no load
WARNING: [Synth 8-7129] Port s00_rtc_axi_wdata[10] in module rtc_fnd_axi_rtc_axi_v1_0_0_6 is either unconnected or has no load
WARNING: [Synth 8-7129] Port s00_rtc_axi_wdata[9] in module rtc_fnd_axi_rtc_axi_v1_0_0_6 is either unconnected or has no load
WARNING: [Synth 8-7129] Port s00_rtc_axi_wdata[8] in module rtc_fnd_axi_rtc_axi_v1_0_0_6 is either unconnected or has no load
WARNING: [Synth 8-7129] Port s00_rtc_axi_wdata[7] in module rtc_fnd_axi_rtc_axi_v1_0_0_6 is either unconnected or has no load
WARNING: [Synth 8-7129] Port s00_rtc_axi_wdata[6] in module rtc_fnd_axi_rtc_axi_v1_0_0_6 is either unconnected or has no load
WARNING: [Synth 8-7129] Port s00_rtc_axi_wdata[5] in module rtc_fnd_axi_rtc_axi_v1_0_0_6 is either unconnected or has no load
WARNING: [Synth 8-7129] Port s00_rtc_axi_wdata[4] in module rtc_fnd_axi_rtc_axi_v1_0_0_6 is either unconnected or has no load
WARNING: [Synth 8-7129] Port s00_rtc_axi_wdata[3] in module rtc_fnd_axi_rtc_axi_v1_0_0_6 is either unconnected or has no load
WARNING: [Synth 8-7129] Port s00_rtc_axi_wdata[2] in module rtc_fnd_axi_rtc_axi_v1_0_0_6 is either unconnected or has no load
WARNING: [Synth 8-7129] Port s00_rtc_axi_wdata[1] in module rtc_fnd_axi_rtc_axi_v1_0_0_6 is either unconnected or has no load
WARNING: [Synth 8-7129] Port s00_rtc_axi_wdata[0] in module rtc_fnd_axi_rtc_axi_v1_0_0_6 is either unconnected or has no load
WARNING: [Synth 8-7129] Port s00_rtc_axi_wstrb[3] in module rtc_fnd_axi_rtc_axi_v1_0_0_6 is either unconnected or has no load
WARNING: [Synth 8-7129] Port s00_rtc_axi_wstrb[2] in module rtc_fnd_axi_rtc_axi_v1_0_0_6 is either unconnected or has no load
WARNING: [Synth 8-7129] Port s00_rtc_axi_wstrb[1] in module rtc_fnd_axi_rtc_axi_v1_0_0_6 is either unconnected or has no load
WARNING: [Synth 8-7129] Port s00_rtc_axi_wstrb[0] in module rtc_fnd_axi_rtc_axi_v1_0_0_6 is either unconnected or has no load
WARNING: [Synth 8-7129] Port s00_rtc_axi_arprot[2] in module rtc_fnd_axi_rtc_axi_v1_0_0_6 is either unconnected or has no load
WARNING: [Synth 8-7129] Port s00_rtc_axi_arprot[1] in module rtc_fnd_axi_rtc_axi_v1_0_0_6 is either unconnected or has no load
WARNING: [Synth 8-7129] Port s00_rtc_axi_arprot[0] in module rtc_fnd_axi_rtc_axi_v1_0_0_6 is either unconnected or has no load
---------------------------------------------------------------------------------
Finished Cross Boundary and Area Optimization : Time (s): cpu = 00:00:09 ; elapsed = 00:00:10 . Memory (MB): peak = 2497.012 ; gain = 623.836
---------------------------------------------------------------------------------
---------------------------------------------------------------------------------
Start Applying XDC Timing Constraints
---------------------------------------------------------------------------------
---------------------------------------------------------------------------------
Finished Applying XDC Timing Constraints : Time (s): cpu = 00:00:12 ; elapsed = 00:00:13 . Memory (MB): peak = 2497.012 ; gain = 623.836
---------------------------------------------------------------------------------
---------------------------------------------------------------------------------
Start Timing Optimization
---------------------------------------------------------------------------------
---------------------------------------------------------------------------------
Finished Timing Optimization : Time (s): cpu = 00:00:12 ; elapsed = 00:00:13 . Memory (MB): peak = 2497.012 ; gain = 623.836
---------------------------------------------------------------------------------
---------------------------------------------------------------------------------
Start Technology Mapping
---------------------------------------------------------------------------------
---------------------------------------------------------------------------------
Finished Technology Mapping : Time (s): cpu = 00:00:12 ; elapsed = 00:00:13 . Memory (MB): peak = 2497.012 ; gain = 623.836
---------------------------------------------------------------------------------
---------------------------------------------------------------------------------
Start IO Insertion
---------------------------------------------------------------------------------
---------------------------------------------------------------------------------
Start Flattening Before IO Insertion
---------------------------------------------------------------------------------
---------------------------------------------------------------------------------
Finished Flattening Before IO Insertion
---------------------------------------------------------------------------------
---------------------------------------------------------------------------------
Start Final Netlist Cleanup
---------------------------------------------------------------------------------
---------------------------------------------------------------------------------
Finished Final Netlist Cleanup
---------------------------------------------------------------------------------
---------------------------------------------------------------------------------
Finished IO Insertion : Time (s): cpu = 00:00:14 ; elapsed = 00:00:15 . Memory (MB): peak = 2497.012 ; gain = 623.836
---------------------------------------------------------------------------------
---------------------------------------------------------------------------------
Start Renaming Generated Instances
---------------------------------------------------------------------------------
---------------------------------------------------------------------------------
Finished Renaming Generated Instances : Time (s): cpu = 00:00:14 ; elapsed = 00:00:15 . Memory (MB): peak = 2497.012 ; gain = 623.836
---------------------------------------------------------------------------------
---------------------------------------------------------------------------------
Start Rebuilding User Hierarchy
---------------------------------------------------------------------------------
---------------------------------------------------------------------------------
Finished Rebuilding User Hierarchy : Time (s): cpu = 00:00:14 ; elapsed = 00:00:15 . Memory (MB): peak = 2497.012 ; gain = 623.836
---------------------------------------------------------------------------------
---------------------------------------------------------------------------------
Start Renaming Generated Ports
---------------------------------------------------------------------------------
---------------------------------------------------------------------------------
Finished Renaming Generated Ports : Time (s): cpu = 00:00:14 ; elapsed = 00:00:15 . Memory (MB): peak = 2497.012 ; gain = 623.836
---------------------------------------------------------------------------------
---------------------------------------------------------------------------------
Start Handling Custom Attributes
---------------------------------------------------------------------------------
---------------------------------------------------------------------------------
Finished Handling Custom Attributes : Time (s): cpu = 00:00:14 ; elapsed = 00:00:15 . Memory (MB): peak = 2497.012 ; gain = 623.836
---------------------------------------------------------------------------------
---------------------------------------------------------------------------------
Start Renaming Generated Nets
---------------------------------------------------------------------------------
---------------------------------------------------------------------------------
Finished Renaming Generated Nets : Time (s): cpu = 00:00:14 ; elapsed = 00:00:15 . Memory (MB): peak = 2497.012 ; gain = 623.836
---------------------------------------------------------------------------------
---------------------------------------------------------------------------------
Start Writing Synthesis Report
---------------------------------------------------------------------------------

Report BlackBoxes: 
+-+--------------+----------+
| |BlackBox name |Instances |
+-+--------------+----------+
+-+--------------+----------+

Report Cell Usage: 
+------+-------+------+
|      |Cell   |Count |
+------+-------+------+
|1     |CARRY4 |     6|
|2     |LUT1   |     2|
|3     |LUT2   |     2|
|4     |LUT3   |     4|
|5     |LUT4   |    15|
|6     |LUT5   |     7|
|7     |LUT6   |    20|
|8     |FDCE   |    21|
|9     |FDRE   |    37|
|10    |FDSE   |     1|
+------+-------+------+
---------------------------------------------------------------------------------
Finished Writing Synthesis Report : Time (s): cpu = 00:00:14 ; elapsed = 00:00:15 . Memory (MB): peak = 2497.012 ; gain = 623.836
---------------------------------------------------------------------------------
Synthesis finished with 0 errors, 0 critical warnings and 47 warnings.
Synthesis Optimization Runtime : Time (s): cpu = 00:00:09 ; elapsed = 00:00:14 . Memory (MB): peak = 2497.012 ; gain = 523.242
Synthesis Optimization Complete : Time (s): cpu = 00:00:14 ; elapsed = 00:00:15 . Memory (MB): peak = 2497.012 ; gain = 623.836
INFO: [Project 1-571] Translating synthesized netlist
Netlist sorting complete. Time (s): cpu = 00:00:00 ; elapsed = 00:00:00.001 . Memory (MB): peak = 2497.012 ; gain = 0.000
INFO: [Netlist 29-17] Analyzing 6 Unisim elements for replacement
INFO: [Netlist 29-28] Unisim Transformation completed in 0 CPU seconds
INFO: [Project 1-570] Preparing netlist for logic optimization
INFO: [Opt 31-138] Pushed 0 inverter(s) to 0 load pin(s).
Netlist sorting complete. Time (s): cpu = 00:00:00 ; elapsed = 00:00:00 . Memory (MB): peak = 2497.012 ; gain = 0.000
INFO: [Project 1-111] Unisim Transformation Summary:
No Unisim elements were transformed.

Synth Design complete | Checksum: a36aee0c
INFO: [Common 17-83] Releasing license: Synthesis
31 Infos, 103 Warnings, 0 Critical Warnings and 0 Errors encountered.
synth_design completed successfully
synth_design: Time (s): cpu = 00:00:17 ; elapsed = 00:00:18 . Memory (MB): peak = 2497.012 ; gain = 1003.078
INFO: [Common 17-1381] The checkpoint 'D:/vivado_pj/RTC_FND_AXI/RTC_FND_AXI.runs/rtc_fnd_axi_rtc_axi_v1_0_0_6_synth_1/rtc_fnd_axi_rtc_axi_v1_0_0_6.dcp' has been generated.
INFO: [Coretcl 2-1648] Added synthesis output to IP cache for IP rtc_fnd_axi_rtc_axi_v1_0_0_6, cache-ID = d4940255b84a08df
INFO: [Coretcl 2-1174] Renamed 4 cell refs.
INFO: [Common 17-1381] The checkpoint 'D:/vivado_pj/RTC_FND_AXI/RTC_FND_AXI.runs/rtc_fnd_axi_rtc_axi_v1_0_0_6_synth_1/rtc_fnd_axi_rtc_axi_v1_0_0_6.dcp' has been generated.
INFO: [runtcl-4] Executing : report_utilization -file rtc_fnd_axi_rtc_axi_v1_0_0_6_utilization_synth.rpt -pb rtc_fnd_axi_rtc_axi_v1_0_0_6_utilization_synth.pb
INFO: [Common 17-206] Exiting Vivado at Tue Jun  9 12:44:18 2026...
