09:52:28 **** Incremental Build of configuration Debug for project spi_test ****
make all 
'Building file: ../src/comm_task.c'
'Invoking: MicroBlaze gcc compiler'
mb-gcc -Wall -O0 -g3 -c -fmessage-length=0 -MT"src/comm_task.o" -ID:/vivado_pj/workspace_mb_spi/micBlazeAppTop/export/micBlazeAppTop/sw/micBlazeAppTop/standalone_microblaze_0/bspinclude/include -mlittle-endian -mcpu=v11.0 -mxl-soft-mul -Wl,--no-relax -ffunction-sections -fdata-sections -MMD -MP -MF"src/comm_task.d" -MT"src/comm_task.o" -o "src/comm_task.o" "../src/comm_task.c"
'Finished building: ../src/comm_task.c'
' '
'Building file: ../src/helloworld.c'
'Invoking: MicroBlaze gcc compiler'
mb-gcc -Wall -O0 -g3 -c -fmessage-length=0 -MT"src/helloworld.o" -ID:/vivado_pj/workspace_mb_spi/micBlazeAppTop/export/micBlazeAppTop/sw/micBlazeAppTop/standalone_microblaze_0/bspinclude/include -mlittle-endian -mcpu=v11.0 -mxl-soft-mul -Wl,--no-relax -ffunction-sections -fdata-sections -MMD -MP -MF"src/helloworld.d" -MT"src/helloworld.o" -o "src/helloworld.o" "../src/helloworld.c"
../src/helloworld.c: In function 'main':
../src/helloworld.c:208:9: warning: unused variable 'cnt_1s' [-Wunused-variable]
  208 |     int cnt_1s=0;
      |         ^~~~~~
'Finished building: ../src/helloworld.c'
' '
'Building file: ../src/platform.c'
'Invoking: MicroBlaze gcc compiler'
mb-gcc -Wall -O0 -g3 -c -fmessage-length=0 -MT"src/platform.o" -ID:/vivado_pj/workspace_mb_spi/micBlazeAppTop/export/micBlazeAppTop/sw/micBlazeAppTop/standalone_microblaze_0/bspinclude/include -mlittle-endian -mcpu=v11.0 -mxl-soft-mul -Wl,--no-relax -ffunction-sections -fdata-sections -MMD -MP -MF"src/platform.d" -MT"src/platform.o" -o "src/platform.o" "../src/platform.c"
'Finished building: ../src/platform.c'
' '
'Building target: spi_test.elf'
'Invoking: MicroBlaze gcc linker'
mb-gcc -Wl,-T -Wl,../src/lscript.ld -LD:/vivado_pj/workspace_mb_spi/micBlazeAppTop/export/micBlazeAppTop/sw/micBlazeAppTop/standalone_microblaze_0/bsplib/lib -mlittle-endian -mcpu=v11.0 -mxl-soft-mul -Wl,--no-relax -Wl,--gc-sections -o "spi_test.elf"  ./src/comm_task.o ./src/helloworld.o ./src/platform.o   -Wl,--start-group,-lxil,-lgcc,-lc,--end-group
'Finished building target: spi_test.elf'
' '
'Invoking: MicroBlaze Print Size'
mb-size spi_test.elf  |tee "spi_test.elf.size"
   text	   data	    bss	    dec	    hex	filename
  25640	    468	   3692	  29800	   7468	spi_test.elf
'Finished building: spi_test.elf.size'
' '

09:52:29 Build Finished (took 917ms)

