11:20:19 DEBUG : Logs will be stored at 'D:/vivado_pj/RTC_FND_AXI/workspace/IDE.log'.
11:20:25 INFO  : Launching XSCT server: xsct.bat -n  -interactive D:\vivado_pj\RTC_FND_AXI\workspace\temp_xsdb_launch_script.tcl
11:20:25 INFO  : Registering command handlers for Vitis TCF services
11:20:26 INFO  : Platform repository initialization has completed.
11:20:29 INFO  : XSCT server has started successfully.
11:20:31 INFO  : plnx-install-location is set to ''
11:20:31 INFO  : Successfully done setting XSCT server connection channel  
11:20:31 INFO  : Successfully done query RDI_DATADIR 
11:20:32 INFO  : Successfully done setting workspace for the tool. 
11:20:53 INFO  : Result from executing command 'getProjects': rtc_fnd_axi_wrapper
11:20:53 INFO  : Result from executing command 'getPlatforms': xilinx_vck190_base_202310_1|H:/Xilinx/Vitis/2023.1/base_platforms/xilinx_vck190_base_202310_1/xilinx_vck190_base_202310_1.xpfm;xilinx_vck190_base_dfx_202310_1|H:/Xilinx/Vitis/2023.1/base_platforms/xilinx_vck190_base_dfx_202310_1/xilinx_vck190_base_dfx_202310_1.xpfm;xilinx_vek280_es1_base_202310_1|H:/Xilinx/Vitis/2023.1/base_platforms/xilinx_vek280_es1_base_202310_1/xilinx_vek280_es1_base_202310_1.xpfm;xilinx_vmk180_base_202310_1|H:/Xilinx/Vitis/2023.1/base_platforms/xilinx_vmk180_base_202310_1/xilinx_vmk180_base_202310_1.xpfm;xilinx_zcu102_base_202310_1|H:/Xilinx/Vitis/2023.1/base_platforms/xilinx_zcu102_base_202310_1/xilinx_zcu102_base_202310_1.xpfm;xilinx_zcu102_base_dfx_202310_1|H:/Xilinx/Vitis/2023.1/base_platforms/xilinx_zcu102_base_dfx_202310_1/xilinx_zcu102_base_dfx_202310_1.xpfm;xilinx_zcu104_base_202310_1|H:/Xilinx/Vitis/2023.1/base_platforms/xilinx_zcu104_base_202310_1/xilinx_zcu104_base_202310_1.xpfm
11:20:54 WARN  : An unexpected exception occurred in the module 'platform project logging'
11:20:55 INFO  : Platform 'rtc_fnd_axi_wrapper' is added to custom repositories.
11:20:57 INFO  : Platform 'rtc_fnd_axi_wrapper' is added to custom repositories.
11:24:51 INFO  : Result from executing command 'getProjects': rtc_fnd_axi_wrapper
11:24:51 INFO  : Result from executing command 'getPlatforms': rtc_fnd_axi_wrapper|D:/vivado_pj/RTC_FND_AXI/workspace/rtc_fnd_axi_wrapper/export/rtc_fnd_axi_wrapper/rtc_fnd_axi_wrapper.xpfm;xilinx_vck190_base_202310_1|H:/Xilinx/Vitis/2023.1/base_platforms/xilinx_vck190_base_202310_1/xilinx_vck190_base_202310_1.xpfm;xilinx_vck190_base_dfx_202310_1|H:/Xilinx/Vitis/2023.1/base_platforms/xilinx_vck190_base_dfx_202310_1/xilinx_vck190_base_dfx_202310_1.xpfm;xilinx_vek280_es1_base_202310_1|H:/Xilinx/Vitis/2023.1/base_platforms/xilinx_vek280_es1_base_202310_1/xilinx_vek280_es1_base_202310_1.xpfm;xilinx_vmk180_base_202310_1|H:/Xilinx/Vitis/2023.1/base_platforms/xilinx_vmk180_base_202310_1/xilinx_vmk180_base_202310_1.xpfm;xilinx_zcu102_base_202310_1|H:/Xilinx/Vitis/2023.1/base_platforms/xilinx_zcu102_base_202310_1/xilinx_zcu102_base_202310_1.xpfm;xilinx_zcu102_base_dfx_202310_1|H:/Xilinx/Vitis/2023.1/base_platforms/xilinx_zcu102_base_dfx_202310_1/xilinx_zcu102_base_dfx_202310_1.xpfm;xilinx_zcu104_base_202310_1|H:/Xilinx/Vitis/2023.1/base_platforms/xilinx_zcu104_base_202310_1/xilinx_zcu104_base_202310_1.xpfm
11:24:52 INFO  : Checking for BSP changes to sync application flags for project 'rtc_fnd'...
11:25:01 INFO  : Checking for BSP changes to sync application flags for project 'rtc_fnd'...
11:37:02 INFO  : Hardware specification for platform project 'rtc_fnd_axi_wrapper' is updated.
11:37:11 INFO  : Result from executing command 'getProjects': rtc_fnd_axi_wrapper
11:37:11 INFO  : Result from executing command 'getPlatforms': rtc_fnd_axi_wrapper|D:/vivado_pj/RTC_FND_AXI/workspace/rtc_fnd_axi_wrapper/export/rtc_fnd_axi_wrapper/rtc_fnd_axi_wrapper.xpfm;xilinx_vck190_base_202310_1|H:/Xilinx/Vitis/2023.1/base_platforms/xilinx_vck190_base_202310_1/xilinx_vck190_base_202310_1.xpfm;xilinx_vck190_base_dfx_202310_1|H:/Xilinx/Vitis/2023.1/base_platforms/xilinx_vck190_base_dfx_202310_1/xilinx_vck190_base_dfx_202310_1.xpfm;xilinx_vek280_es1_base_202310_1|H:/Xilinx/Vitis/2023.1/base_platforms/xilinx_vek280_es1_base_202310_1/xilinx_vek280_es1_base_202310_1.xpfm;xilinx_vmk180_base_202310_1|H:/Xilinx/Vitis/2023.1/base_platforms/xilinx_vmk180_base_202310_1/xilinx_vmk180_base_202310_1.xpfm;xilinx_zcu102_base_202310_1|H:/Xilinx/Vitis/2023.1/base_platforms/xilinx_zcu102_base_202310_1/xilinx_zcu102_base_202310_1.xpfm;xilinx_zcu102_base_dfx_202310_1|H:/Xilinx/Vitis/2023.1/base_platforms/xilinx_zcu102_base_dfx_202310_1/xilinx_zcu102_base_dfx_202310_1.xpfm;xilinx_zcu104_base_202310_1|H:/Xilinx/Vitis/2023.1/base_platforms/xilinx_zcu104_base_202310_1/xilinx_zcu104_base_202310_1.xpfm
11:37:15 INFO  : Checking for BSP changes to sync application flags for project 'rtc_fnd'...
11:37:16 INFO  : The hardware specification used by project 'rtc_fnd' is out of sync with the platform. Resource files extracted from the hardware specification will be updated.
11:37:16 INFO  : The file 'D:\vivado_pj\RTC_FND_AXI\workspace\rtc_fnd\_ide\bitstream\rtc_fnd_axi_wrapper.bit' stored in project is removed.
11:37:16 INFO  : The file 'D:\vivado_pj\RTC_FND_AXI\workspace\rtc_fnd\_ide\bitstream\rtc_fnd_axi_wrapper.mmi' stored in project is removed.
11:37:16 INFO  : The updated bitstream files are copied from platform to folder 'D:\vivado_pj\RTC_FND_AXI\workspace\rtc_fnd\_ide\bitstream' in project 'rtc_fnd'.
11:55:03 INFO  : Hardware specification for platform project 'rtc_fnd_axi_wrapper' is updated.
11:55:10 INFO  : Result from executing command 'getProjects': rtc_fnd_axi_wrapper
11:55:10 INFO  : Result from executing command 'getPlatforms': rtc_fnd_axi_wrapper|D:/vivado_pj/RTC_FND_AXI/workspace/rtc_fnd_axi_wrapper/export/rtc_fnd_axi_wrapper/rtc_fnd_axi_wrapper.xpfm;xilinx_vck190_base_202310_1|H:/Xilinx/Vitis/2023.1/base_platforms/xilinx_vck190_base_202310_1/xilinx_vck190_base_202310_1.xpfm;xilinx_vck190_base_dfx_202310_1|H:/Xilinx/Vitis/2023.1/base_platforms/xilinx_vck190_base_dfx_202310_1/xilinx_vck190_base_dfx_202310_1.xpfm;xilinx_vek280_es1_base_202310_1|H:/Xilinx/Vitis/2023.1/base_platforms/xilinx_vek280_es1_base_202310_1/xilinx_vek280_es1_base_202310_1.xpfm;xilinx_vmk180_base_202310_1|H:/Xilinx/Vitis/2023.1/base_platforms/xilinx_vmk180_base_202310_1/xilinx_vmk180_base_202310_1.xpfm;xilinx_zcu102_base_202310_1|H:/Xilinx/Vitis/2023.1/base_platforms/xilinx_zcu102_base_202310_1/xilinx_zcu102_base_202310_1.xpfm;xilinx_zcu102_base_dfx_202310_1|H:/Xilinx/Vitis/2023.1/base_platforms/xilinx_zcu102_base_dfx_202310_1/xilinx_zcu102_base_dfx_202310_1.xpfm;xilinx_zcu104_base_202310_1|H:/Xilinx/Vitis/2023.1/base_platforms/xilinx_zcu104_base_202310_1/xilinx_zcu104_base_202310_1.xpfm
11:55:11 INFO  : Checking for BSP changes to sync application flags for project 'rtc_fnd'...
11:55:13 INFO  : The hardware specification used by project 'rtc_fnd' is out of sync with the platform. Resource files extracted from the hardware specification will be updated.
11:55:13 INFO  : The file 'D:\vivado_pj\RTC_FND_AXI\workspace\rtc_fnd\_ide\bitstream\rtc_fnd_axi_wrapper2.bit' stored in project is removed.
11:55:13 INFO  : The file 'D:\vivado_pj\RTC_FND_AXI\workspace\rtc_fnd\_ide\bitstream\rtc_fnd_axi_wrapper2.mmi' stored in project is removed.
11:55:13 INFO  : The updated bitstream files are copied from platform to folder 'D:\vivado_pj\RTC_FND_AXI\workspace\rtc_fnd\_ide\bitstream' in project 'rtc_fnd'.
11:56:41 INFO  : Checking for BSP changes to sync application flags for project 'rtc_fnd'...
11:59:57 INFO  : Checking for BSP changes to sync application flags for project 'rtc_fnd'...
12:06:51 INFO  : Hardware specification for platform project 'rtc_fnd_axi_wrapper' is updated.
12:06:59 INFO  : Result from executing command 'getProjects': rtc_fnd_axi_wrapper
12:06:59 INFO  : Result from executing command 'getPlatforms': rtc_fnd_axi_wrapper|D:/vivado_pj/RTC_FND_AXI/workspace/rtc_fnd_axi_wrapper/export/rtc_fnd_axi_wrapper/rtc_fnd_axi_wrapper.xpfm;xilinx_vck190_base_202310_1|H:/Xilinx/Vitis/2023.1/base_platforms/xilinx_vck190_base_202310_1/xilinx_vck190_base_202310_1.xpfm;xilinx_vck190_base_dfx_202310_1|H:/Xilinx/Vitis/2023.1/base_platforms/xilinx_vck190_base_dfx_202310_1/xilinx_vck190_base_dfx_202310_1.xpfm;xilinx_vek280_es1_base_202310_1|H:/Xilinx/Vitis/2023.1/base_platforms/xilinx_vek280_es1_base_202310_1/xilinx_vek280_es1_base_202310_1.xpfm;xilinx_vmk180_base_202310_1|H:/Xilinx/Vitis/2023.1/base_platforms/xilinx_vmk180_base_202310_1/xilinx_vmk180_base_202310_1.xpfm;xilinx_zcu102_base_202310_1|H:/Xilinx/Vitis/2023.1/base_platforms/xilinx_zcu102_base_202310_1/xilinx_zcu102_base_202310_1.xpfm;xilinx_zcu102_base_dfx_202310_1|H:/Xilinx/Vitis/2023.1/base_platforms/xilinx_zcu102_base_dfx_202310_1/xilinx_zcu102_base_dfx_202310_1.xpfm;xilinx_zcu104_base_202310_1|H:/Xilinx/Vitis/2023.1/base_platforms/xilinx_zcu104_base_202310_1/xilinx_zcu104_base_202310_1.xpfm
12:07:00 INFO  : Checking for BSP changes to sync application flags for project 'rtc_fnd'...
12:07:02 INFO  : The hardware specification used by project 'rtc_fnd' is out of sync with the platform. Resource files extracted from the hardware specification will be updated.
12:07:02 INFO  : The file 'D:\vivado_pj\RTC_FND_AXI\workspace\rtc_fnd\_ide\bitstream\rtc_fnd_axi_wrapper3.bit' stored in project is removed.
12:07:02 INFO  : The file 'D:\vivado_pj\RTC_FND_AXI\workspace\rtc_fnd\_ide\bitstream\rtc_fnd_axi_wrapper3.mmi' stored in project is removed.
12:07:02 INFO  : The updated bitstream files are copied from platform to folder 'D:\vivado_pj\RTC_FND_AXI\workspace\rtc_fnd\_ide\bitstream' in project 'rtc_fnd'.
12:07:25 INFO  : Checking for BSP changes to sync application flags for project 'rtc_fnd'...
12:23:44 INFO  : Hardware specification for platform project 'rtc_fnd_axi_wrapper' is updated.
12:23:52 INFO  : Result from executing command 'getProjects': rtc_fnd_axi_wrapper
12:23:52 INFO  : Result from executing command 'getPlatforms': rtc_fnd_axi_wrapper|D:/vivado_pj/RTC_FND_AXI/workspace/rtc_fnd_axi_wrapper/export/rtc_fnd_axi_wrapper/rtc_fnd_axi_wrapper.xpfm;xilinx_vck190_base_202310_1|H:/Xilinx/Vitis/2023.1/base_platforms/xilinx_vck190_base_202310_1/xilinx_vck190_base_202310_1.xpfm;xilinx_vck190_base_dfx_202310_1|H:/Xilinx/Vitis/2023.1/base_platforms/xilinx_vck190_base_dfx_202310_1/xilinx_vck190_base_dfx_202310_1.xpfm;xilinx_vek280_es1_base_202310_1|H:/Xilinx/Vitis/2023.1/base_platforms/xilinx_vek280_es1_base_202310_1/xilinx_vek280_es1_base_202310_1.xpfm;xilinx_vmk180_base_202310_1|H:/Xilinx/Vitis/2023.1/base_platforms/xilinx_vmk180_base_202310_1/xilinx_vmk180_base_202310_1.xpfm;xilinx_zcu102_base_202310_1|H:/Xilinx/Vitis/2023.1/base_platforms/xilinx_zcu102_base_202310_1/xilinx_zcu102_base_202310_1.xpfm;xilinx_zcu102_base_dfx_202310_1|H:/Xilinx/Vitis/2023.1/base_platforms/xilinx_zcu102_base_dfx_202310_1/xilinx_zcu102_base_dfx_202310_1.xpfm;xilinx_zcu104_base_202310_1|H:/Xilinx/Vitis/2023.1/base_platforms/xilinx_zcu104_base_202310_1/xilinx_zcu104_base_202310_1.xpfm
12:23:56 INFO  : Checking for BSP changes to sync application flags for project 'rtc_fnd'...
12:23:57 INFO  : The hardware specification used by project 'rtc_fnd' is out of sync with the platform. Resource files extracted from the hardware specification will be updated.
12:23:57 INFO  : The file 'D:\vivado_pj\RTC_FND_AXI\workspace\rtc_fnd\_ide\bitstream\rtc_fnd_axi_wrapper4.bit' stored in project is removed.
12:23:57 INFO  : The file 'D:\vivado_pj\RTC_FND_AXI\workspace\rtc_fnd\_ide\bitstream\rtc_fnd_axi_wrapper4.mmi' stored in project is removed.
12:23:57 INFO  : The updated bitstream files are copied from platform to folder 'D:\vivado_pj\RTC_FND_AXI\workspace\rtc_fnd\_ide\bitstream' in project 'rtc_fnd'.
12:31:05 INFO  : Hardware specification for platform project 'rtc_fnd_axi_wrapper' is updated.
12:31:14 INFO  : Result from executing command 'getProjects': rtc_fnd_axi_wrapper
12:31:14 INFO  : Result from executing command 'getPlatforms': rtc_fnd_axi_wrapper|D:/vivado_pj/RTC_FND_AXI/workspace/rtc_fnd_axi_wrapper/export/rtc_fnd_axi_wrapper/rtc_fnd_axi_wrapper.xpfm;xilinx_vck190_base_202310_1|H:/Xilinx/Vitis/2023.1/base_platforms/xilinx_vck190_base_202310_1/xilinx_vck190_base_202310_1.xpfm;xilinx_vck190_base_dfx_202310_1|H:/Xilinx/Vitis/2023.1/base_platforms/xilinx_vck190_base_dfx_202310_1/xilinx_vck190_base_dfx_202310_1.xpfm;xilinx_vek280_es1_base_202310_1|H:/Xilinx/Vitis/2023.1/base_platforms/xilinx_vek280_es1_base_202310_1/xilinx_vek280_es1_base_202310_1.xpfm;xilinx_vmk180_base_202310_1|H:/Xilinx/Vitis/2023.1/base_platforms/xilinx_vmk180_base_202310_1/xilinx_vmk180_base_202310_1.xpfm;xilinx_zcu102_base_202310_1|H:/Xilinx/Vitis/2023.1/base_platforms/xilinx_zcu102_base_202310_1/xilinx_zcu102_base_202310_1.xpfm;xilinx_zcu102_base_dfx_202310_1|H:/Xilinx/Vitis/2023.1/base_platforms/xilinx_zcu102_base_dfx_202310_1/xilinx_zcu102_base_dfx_202310_1.xpfm;xilinx_zcu104_base_202310_1|H:/Xilinx/Vitis/2023.1/base_platforms/xilinx_zcu104_base_202310_1/xilinx_zcu104_base_202310_1.xpfm
12:31:21 INFO  : Checking for BSP changes to sync application flags for project 'rtc_fnd'...
12:31:22 INFO  : The hardware specification used by project 'rtc_fnd' is out of sync with the platform. Resource files extracted from the hardware specification will be updated.
12:31:22 INFO  : The file 'D:\vivado_pj\RTC_FND_AXI\workspace\rtc_fnd\_ide\bitstream\rtc_fnd_axi_wrapper5.bit' stored in project is removed.
12:31:22 INFO  : The file 'D:\vivado_pj\RTC_FND_AXI\workspace\rtc_fnd\_ide\bitstream\rtc_fnd_axi_wrapper5.mmi' stored in project is removed.
12:31:22 INFO  : The updated bitstream files are copied from platform to folder 'D:\vivado_pj\RTC_FND_AXI\workspace\rtc_fnd\_ide\bitstream' in project 'rtc_fnd'.
12:50:21 INFO  : Hardware specification for platform project 'rtc_fnd_axi_wrapper' is updated.
12:50:33 INFO  : Result from executing command 'getProjects': rtc_fnd_axi_wrapper
12:50:33 INFO  : Result from executing command 'getPlatforms': rtc_fnd_axi_wrapper|D:/vivado_pj/RTC_FND_AXI/workspace/rtc_fnd_axi_wrapper/export/rtc_fnd_axi_wrapper/rtc_fnd_axi_wrapper.xpfm;xilinx_vck190_base_202310_1|H:/Xilinx/Vitis/2023.1/base_platforms/xilinx_vck190_base_202310_1/xilinx_vck190_base_202310_1.xpfm;xilinx_vck190_base_dfx_202310_1|H:/Xilinx/Vitis/2023.1/base_platforms/xilinx_vck190_base_dfx_202310_1/xilinx_vck190_base_dfx_202310_1.xpfm;xilinx_vek280_es1_base_202310_1|H:/Xilinx/Vitis/2023.1/base_platforms/xilinx_vek280_es1_base_202310_1/xilinx_vek280_es1_base_202310_1.xpfm;xilinx_vmk180_base_202310_1|H:/Xilinx/Vitis/2023.1/base_platforms/xilinx_vmk180_base_202310_1/xilinx_vmk180_base_202310_1.xpfm;xilinx_zcu102_base_202310_1|H:/Xilinx/Vitis/2023.1/base_platforms/xilinx_zcu102_base_202310_1/xilinx_zcu102_base_202310_1.xpfm;xilinx_zcu102_base_dfx_202310_1|H:/Xilinx/Vitis/2023.1/base_platforms/xilinx_zcu102_base_dfx_202310_1/xilinx_zcu102_base_dfx_202310_1.xpfm;xilinx_zcu104_base_202310_1|H:/Xilinx/Vitis/2023.1/base_platforms/xilinx_zcu104_base_202310_1/xilinx_zcu104_base_202310_1.xpfm
12:50:34 INFO  : Checking for BSP changes to sync application flags for project 'rtc_fnd'...
12:50:35 INFO  : The hardware specification used by project 'rtc_fnd' is out of sync with the platform. Resource files extracted from the hardware specification will be updated.
12:50:35 INFO  : The file 'D:\vivado_pj\RTC_FND_AXI\workspace\rtc_fnd\_ide\bitstream\rtc_fnd_axi_wrapper.bit' stored in project is removed.
12:50:35 INFO  : The file 'D:\vivado_pj\RTC_FND_AXI\workspace\rtc_fnd\_ide\bitstream\rtc_fnd_axi_wrapper.mmi' stored in project is removed.
12:50:35 INFO  : The updated bitstream files are copied from platform to folder 'D:\vivado_pj\RTC_FND_AXI\workspace\rtc_fnd\_ide\bitstream' in project 'rtc_fnd'.
