
*** Running vivado
    with args -log rtc_fnd_axi_axi_fnd_v1_0_0_3.vds -m64 -product Vivado -mode batch -messageDb vivado.pb -notrace -source rtc_fnd_axi_axi_fnd_v1_0_0_3.tcl



****** Vivado v2023.1 (64-bit)
  **** SW Build 3865809 on Sun May  7 15:05:29 MDT 2023
  **** IP Build 3864474 on Sun May  7 20:36:21 MDT 2023
  **** SharedData Build 3865790 on Sun May 07 13:33:03 MDT 2023
    ** Copyright 1986-2022 Xilinx, Inc. All Rights Reserved.
    ** Copyright 2022-2023 Advanced Micro Devices, Inc. All Rights Reserved.

source rtc_fnd_axi_axi_fnd_v1_0_0_3.tcl -notrace
INFO: [IP_Flow 19-234] Refreshing IP repositories
INFO: [IP_Flow 19-1700] Loaded user IP repository 'h:/Xilinx/my_ip_folder/my_fnd_ip'.
INFO: [IP_Flow 19-2313] Loaded Vivado IP repository 'H:/Xilinx/Vivado/2023.1/data/ip'.
INFO: [IP_Flow 19-6924] IPCACHE: Running cache check for IP inst: rtc_fnd_axi_axi_fnd_v1_0_0_3
Command: synth_design -top rtc_fnd_axi_axi_fnd_v1_0_0_3 -part xc7a35tcpg236-1 -incremental_mode off -mode out_of_context
Starting synth_design
Attempting to get a license for feature 'Synthesis' and/or device 'xc7a35t'
INFO: [Common 17-349] Got license for feature 'Synthesis' and/or device 'xc7a35t'
INFO: [Device 21-403] Loading part xc7a35tcpg236-1
INFO: [Synth 8-7079] Multithreading enabled for synth_design using a maximum of 2 processes.
INFO: [Synth 8-7078] Launching helper process for spawning children vivado processes
INFO: [Synth 8-7075] Helper process launched with PID 42880
INFO: [Synth 8-11241] undeclared symbol 'w_data0', assumed default net type 'wire' [d:/vivado_pj/RTC_FND_AXI/RTC_FND_AXI.gen/sources_1/bd/rtc_fnd_axi/ipshared/f251/src/axi_fnd_v1_0.v:53]
INFO: [Synth 8-11241] undeclared symbol 'w_data1', assumed default net type 'wire' [d:/vivado_pj/RTC_FND_AXI/RTC_FND_AXI.gen/sources_1/bd/rtc_fnd_axi/ipshared/f251/src/axi_fnd_v1_0.v:54]
INFO: [Synth 8-11241] undeclared symbol 'w_data2', assumed default net type 'wire' [d:/vivado_pj/RTC_FND_AXI/RTC_FND_AXI.gen/sources_1/bd/rtc_fnd_axi/ipshared/f251/src/axi_fnd_v1_0.v:55]
INFO: [Synth 8-11241] undeclared symbol 'w_data3', assumed default net type 'wire' [d:/vivado_pj/RTC_FND_AXI/RTC_FND_AXI.gen/sources_1/bd/rtc_fnd_axi/ipshared/f251/src/axi_fnd_v1_0.v:56]
INFO: [Synth 8-11241] undeclared symbol 'w_clkout', assumed default net type 'wire' [d:/vivado_pj/RTC_FND_AXI/RTC_FND_AXI.gen/sources_1/bd/rtc_fnd_axi/ipshared/f251/src/axi_fnd_v1_0.v:82]
INFO: [Synth 8-11241] undeclared symbol 'w_counter', assumed default net type 'wire' [d:/vivado_pj/RTC_FND_AXI/RTC_FND_AXI.gen/sources_1/bd/rtc_fnd_axi/ipshared/f251/src/axi_fnd_v1_0.v:84]
WARNING: [Synth 8-8895] 'w_counter' is already implicitly declared on line 84 [d:/vivado_pj/RTC_FND_AXI/RTC_FND_AXI.gen/sources_1/bd/rtc_fnd_axi/ipshared/f251/src/axi_fnd_v1_0.v:87]
WARNING: [Synth 8-8895] 'w_clkout' is already implicitly declared on line 82 [d:/vivado_pj/RTC_FND_AXI/RTC_FND_AXI.gen/sources_1/bd/rtc_fnd_axi/ipshared/f251/src/axi_fnd_v1_0.v:94]
INFO: [Synth 8-11241] undeclared symbol 'w_datafnd', assumed default net type 'wire' [d:/vivado_pj/RTC_FND_AXI/RTC_FND_AXI.gen/sources_1/bd/rtc_fnd_axi/ipshared/f251/src/axi_fnd_v1_0.v:102]
WARNING: [Synth 8-8895] 'w_data0' is already implicitly declared on line 53 [d:/vivado_pj/RTC_FND_AXI/RTC_FND_AXI.gen/sources_1/bd/rtc_fnd_axi/ipshared/f251/src/axi_fnd_v1_0.v:105]
WARNING: [Synth 8-8895] 'w_data1' is already implicitly declared on line 54 [d:/vivado_pj/RTC_FND_AXI/RTC_FND_AXI.gen/sources_1/bd/rtc_fnd_axi/ipshared/f251/src/axi_fnd_v1_0.v:106]
WARNING: [Synth 8-8895] 'w_data2' is already implicitly declared on line 55 [d:/vivado_pj/RTC_FND_AXI/RTC_FND_AXI.gen/sources_1/bd/rtc_fnd_axi/ipshared/f251/src/axi_fnd_v1_0.v:107]
WARNING: [Synth 8-8895] 'w_data3' is already implicitly declared on line 56 [d:/vivado_pj/RTC_FND_AXI/RTC_FND_AXI.gen/sources_1/bd/rtc_fnd_axi/ipshared/f251/src/axi_fnd_v1_0.v:108]
WARNING: [Synth 8-8895] 'w_datafnd' is already implicitly declared on line 102 [d:/vivado_pj/RTC_FND_AXI/RTC_FND_AXI.gen/sources_1/bd/rtc_fnd_axi/ipshared/f251/src/axi_fnd_v1_0.v:109]
---------------------------------------------------------------------------------
Starting RTL Elaboration : Time (s): cpu = 00:00:03 ; elapsed = 00:00:03 . Memory (MB): peak = 2281.996 ; gain = 407.609
---------------------------------------------------------------------------------
INFO: [Synth 8-6157] synthesizing module 'rtc_fnd_axi_axi_fnd_v1_0_0_3' [d:/vivado_pj/RTC_FND_AXI/RTC_FND_AXI.gen/sources_1/bd/rtc_fnd_axi/ip/rtc_fnd_axi_axi_fnd_v1_0_0_3/synth/rtc_fnd_axi_axi_fnd_v1_0_0_3.v:53]
INFO: [Synth 8-6157] synthesizing module 'axi_fnd_v1_0' [d:/vivado_pj/RTC_FND_AXI/RTC_FND_AXI.gen/sources_1/bd/rtc_fnd_axi/ipshared/f251/src/axi_fnd_v1_0.v:4]
INFO: [Synth 8-6157] synthesizing module 'axi_fnd_v1_0_S00_fnd_AXI' [d:/vivado_pj/RTC_FND_AXI/RTC_FND_AXI.gen/sources_1/bd/rtc_fnd_axi/ipshared/f251/src/axi_fnd_v1_0_S00_fnd_AXI.v:4]
INFO: [Synth 8-226] default block is never used [d:/vivado_pj/RTC_FND_AXI/RTC_FND_AXI.gen/sources_1/bd/rtc_fnd_axi/ipshared/f251/src/axi_fnd_v1_0_S00_fnd_AXI.v:234]
INFO: [Synth 8-226] default block is never used [d:/vivado_pj/RTC_FND_AXI/RTC_FND_AXI.gen/sources_1/bd/rtc_fnd_axi/ipshared/f251/src/axi_fnd_v1_0_S00_fnd_AXI.v:375]
INFO: [Synth 8-6155] done synthesizing module 'axi_fnd_v1_0_S00_fnd_AXI' (0#1) [d:/vivado_pj/RTC_FND_AXI/RTC_FND_AXI.gen/sources_1/bd/rtc_fnd_axi/ipshared/f251/src/axi_fnd_v1_0_S00_fnd_AXI.v:4]
INFO: [Synth 8-6157] synthesizing module 'counter' [d:/vivado_pj/RTC_FND_AXI/RTC_FND_AXI.gen/sources_1/bd/rtc_fnd_axi/ipshared/f251/src/counter.v:23]
INFO: [Synth 8-6155] done synthesizing module 'counter' (0#1) [d:/vivado_pj/RTC_FND_AXI/RTC_FND_AXI.gen/sources_1/bd/rtc_fnd_axi/ipshared/f251/src/counter.v:23]
INFO: [Synth 8-6157] synthesizing module 'clockdivder' [d:/vivado_pj/RTC_FND_AXI/RTC_FND_AXI.gen/sources_1/bd/rtc_fnd_axi/ipshared/f251/src/clockdivder.v:2]
INFO: [Synth 8-6155] done synthesizing module 'clockdivder' (0#1) [d:/vivado_pj/RTC_FND_AXI/RTC_FND_AXI.gen/sources_1/bd/rtc_fnd_axi/ipshared/f251/src/clockdivder.v:2]
INFO: [Synth 8-6157] synthesizing module 'datamux4x1' [d:/vivado_pj/RTC_FND_AXI/RTC_FND_AXI.gen/sources_1/bd/rtc_fnd_axi/ipshared/f251/src/datamux4x1.v:3]
WARNING: [Synth 8-567] referenced signal 'ina' should be on the sensitivity list [d:/vivado_pj/RTC_FND_AXI/RTC_FND_AXI.gen/sources_1/bd/rtc_fnd_axi/ipshared/f251/src/datamux4x1.v:9]
WARNING: [Synth 8-567] referenced signal 'inb' should be on the sensitivity list [d:/vivado_pj/RTC_FND_AXI/RTC_FND_AXI.gen/sources_1/bd/rtc_fnd_axi/ipshared/f251/src/datamux4x1.v:9]
WARNING: [Synth 8-567] referenced signal 'inc' should be on the sensitivity list [d:/vivado_pj/RTC_FND_AXI/RTC_FND_AXI.gen/sources_1/bd/rtc_fnd_axi/ipshared/f251/src/datamux4x1.v:9]
WARNING: [Synth 8-567] referenced signal 'ind' should be on the sensitivity list [d:/vivado_pj/RTC_FND_AXI/RTC_FND_AXI.gen/sources_1/bd/rtc_fnd_axi/ipshared/f251/src/datamux4x1.v:9]
INFO: [Synth 8-6155] done synthesizing module 'datamux4x1' (0#1) [d:/vivado_pj/RTC_FND_AXI/RTC_FND_AXI.gen/sources_1/bd/rtc_fnd_axi/ipshared/f251/src/datamux4x1.v:3]
INFO: [Synth 8-6157] synthesizing module 'mux4x1' [d:/vivado_pj/RTC_FND_AXI/RTC_FND_AXI.gen/sources_1/bd/rtc_fnd_axi/ipshared/f251/src/mux4x1.v:3]
INFO: [Synth 8-6155] done synthesizing module 'mux4x1' (0#1) [d:/vivado_pj/RTC_FND_AXI/RTC_FND_AXI.gen/sources_1/bd/rtc_fnd_axi/ipshared/f251/src/mux4x1.v:3]
INFO: [Synth 8-6157] synthesizing module 'fnddecoder' [d:/vivado_pj/RTC_FND_AXI/RTC_FND_AXI.gen/sources_1/bd/rtc_fnd_axi/ipshared/f251/src/fnddecoder.v:3]
INFO: [Synth 8-226] default block is never used [d:/vivado_pj/RTC_FND_AXI/RTC_FND_AXI.gen/sources_1/bd/rtc_fnd_axi/ipshared/f251/src/fnddecoder.v:9]
INFO: [Synth 8-6155] done synthesizing module 'fnddecoder' (0#1) [d:/vivado_pj/RTC_FND_AXI/RTC_FND_AXI.gen/sources_1/bd/rtc_fnd_axi/ipshared/f251/src/fnddecoder.v:3]
INFO: [Synth 8-6155] done synthesizing module 'axi_fnd_v1_0' (0#1) [d:/vivado_pj/RTC_FND_AXI/RTC_FND_AXI.gen/sources_1/bd/rtc_fnd_axi/ipshared/f251/src/axi_fnd_v1_0.v:4]
INFO: [Synth 8-6155] done synthesizing module 'rtc_fnd_axi_axi_fnd_v1_0_0_3' (0#1) [d:/vivado_pj/RTC_FND_AXI/RTC_FND_AXI.gen/sources_1/bd/rtc_fnd_axi/ip/rtc_fnd_axi_axi_fnd_v1_0_0_3/synth/rtc_fnd_axi_axi_fnd_v1_0_0_3.v:53]
WARNING: [Synth 8-7137] Register clk1000Hz_reg in module clockdivder has both Set and reset with same priority. This may cause simulation mismatches. Consider rewriting code  [d:/vivado_pj/RTC_FND_AXI/RTC_FND_AXI.gen/sources_1/bd/rtc_fnd_axi/ipshared/f251/src/clockdivder.v:15]
WARNING: [Synth 8-7129] Port S_AXI_AWPROT[2] in module axi_fnd_v1_0_S00_fnd_AXI is either unconnected or has no load
WARNING: [Synth 8-7129] Port S_AXI_AWPROT[1] in module axi_fnd_v1_0_S00_fnd_AXI is either unconnected or has no load
WARNING: [Synth 8-7129] Port S_AXI_AWPROT[0] in module axi_fnd_v1_0_S00_fnd_AXI is either unconnected or has no load
WARNING: [Synth 8-7129] Port S_AXI_ARPROT[2] in module axi_fnd_v1_0_S00_fnd_AXI is either unconnected or has no load
WARNING: [Synth 8-7129] Port S_AXI_ARPROT[1] in module axi_fnd_v1_0_S00_fnd_AXI is either unconnected or has no load
WARNING: [Synth 8-7129] Port S_AXI_ARPROT[0] in module axi_fnd_v1_0_S00_fnd_AXI is either unconnected or has no load
---------------------------------------------------------------------------------
Finished RTL Elaboration : Time (s): cpu = 00:00:04 ; elapsed = 00:00:04 . Memory (MB): peak = 2378.684 ; gain = 504.297
---------------------------------------------------------------------------------
---------------------------------------------------------------------------------
Start Handling Custom Attributes
---------------------------------------------------------------------------------
---------------------------------------------------------------------------------
Finished Handling Custom Attributes : Time (s): cpu = 00:00:04 ; elapsed = 00:00:04 . Memory (MB): peak = 2378.684 ; gain = 504.297
---------------------------------------------------------------------------------
---------------------------------------------------------------------------------
Finished RTL Optimization Phase 1 : Time (s): cpu = 00:00:04 ; elapsed = 00:00:04 . Memory (MB): peak = 2378.684 ; gain = 504.297
---------------------------------------------------------------------------------
Netlist sorting complete. Time (s): cpu = 00:00:00 ; elapsed = 00:00:00.004 . Memory (MB): peak = 2378.684 ; gain = 0.000
INFO: [Project 1-570] Preparing netlist for logic optimization

Processing XDC Constraints
Initializing timing engine
Completed Processing XDC Constraints

Netlist sorting complete. Time (s): cpu = 00:00:00 ; elapsed = 00:00:00.001 . Memory (MB): peak = 2441.695 ; gain = 0.000
INFO: [Project 1-111] Unisim Transformation Summary:
No Unisim elements were transformed.

Constraint Validation Runtime : Time (s): cpu = 00:00:00 ; elapsed = 00:00:00.014 . Memory (MB): peak = 2442.227 ; gain = 0.531
INFO: [Designutils 20-5008] Incremental synthesis strategy off
---------------------------------------------------------------------------------
Finished Constraint Validation : Time (s): cpu = 00:00:08 ; elapsed = 00:00:09 . Memory (MB): peak = 2442.227 ; gain = 567.840
---------------------------------------------------------------------------------
---------------------------------------------------------------------------------
Start Loading Part and Timing Information
---------------------------------------------------------------------------------
Loading part: xc7a35tcpg236-1
---------------------------------------------------------------------------------
Finished Loading Part and Timing Information : Time (s): cpu = 00:00:08 ; elapsed = 00:00:09 . Memory (MB): peak = 2442.227 ; gain = 567.840
---------------------------------------------------------------------------------
---------------------------------------------------------------------------------
Start Applying 'set_property' XDC Constraints
---------------------------------------------------------------------------------
---------------------------------------------------------------------------------
Finished applying 'set_property' XDC Constraints : Time (s): cpu = 00:00:08 ; elapsed = 00:00:09 . Memory (MB): peak = 2442.227 ; gain = 567.840
---------------------------------------------------------------------------------
---------------------------------------------------------------------------------
Finished RTL Optimization Phase 2 : Time (s): cpu = 00:00:08 ; elapsed = 00:00:09 . Memory (MB): peak = 2442.227 ; gain = 567.840
---------------------------------------------------------------------------------
---------------------------------------------------------------------------------
Start RTL Component Statistics 
---------------------------------------------------------------------------------
Detailed RTL Component Info : 
+---Adders : 
	   2 Input   26 Bit       Adders := 1     
	   2 Input    2 Bit       Adders := 1     
+---Registers : 
	               32 Bit    Registers := 5     
	               26 Bit    Registers := 1     
	                4 Bit    Registers := 2     
	                2 Bit    Registers := 3     
	                1 Bit    Registers := 7     
+---Muxes : 
	   2 Input   32 Bit        Muxes := 4     
	   4 Input   32 Bit        Muxes := 5     
	   2 Input   26 Bit        Muxes := 1     
	   4 Input    4 Bit        Muxes := 2     
	   2 Input    1 Bit        Muxes := 5     
---------------------------------------------------------------------------------
Finished RTL Component Statistics 
---------------------------------------------------------------------------------
---------------------------------------------------------------------------------
Start Part Resource Summary
---------------------------------------------------------------------------------
Part Resources:
DSPs: 90 (col length:60)
BRAMs: 100 (col length: RAMB18 60 RAMB36 30)
---------------------------------------------------------------------------------
Finished Part Resource Summary
---------------------------------------------------------------------------------
---------------------------------------------------------------------------------
Start Cross Boundary and Area Optimization
---------------------------------------------------------------------------------
WARNING: [Synth 8-7080] Parallel synthesis criteria is not met
INFO: [Synth 8-3917] design rtc_fnd_axi_axi_fnd_v1_0_0_3 has port fnd[7] driven by constant 0
WARNING: [Synth 8-7129] Port s00_fnd_axi_awprot[2] in module rtc_fnd_axi_axi_fnd_v1_0_0_3 is either unconnected or has no load
WARNING: [Synth 8-7129] Port s00_fnd_axi_awprot[1] in module rtc_fnd_axi_axi_fnd_v1_0_0_3 is either unconnected or has no load
WARNING: [Synth 8-7129] Port s00_fnd_axi_awprot[0] in module rtc_fnd_axi_axi_fnd_v1_0_0_3 is either unconnected or has no load
WARNING: [Synth 8-7129] Port s00_fnd_axi_arprot[2] in module rtc_fnd_axi_axi_fnd_v1_0_0_3 is either unconnected or has no load
WARNING: [Synth 8-7129] Port s00_fnd_axi_arprot[1] in module rtc_fnd_axi_axi_fnd_v1_0_0_3 is either unconnected or has no load
WARNING: [Synth 8-7129] Port s00_fnd_axi_arprot[0] in module rtc_fnd_axi_axi_fnd_v1_0_0_3 is either unconnected or has no load
---------------------------------------------------------------------------------
Finished Cross Boundary and Area Optimization : Time (s): cpu = 00:00:09 ; elapsed = 00:00:10 . Memory (MB): peak = 2442.227 ; gain = 567.840
---------------------------------------------------------------------------------
---------------------------------------------------------------------------------
Start Applying XDC Timing Constraints
---------------------------------------------------------------------------------
---------------------------------------------------------------------------------
Finished Applying XDC Timing Constraints : Time (s): cpu = 00:00:12 ; elapsed = 00:00:14 . Memory (MB): peak = 2442.227 ; gain = 567.840
---------------------------------------------------------------------------------
---------------------------------------------------------------------------------
Start Timing Optimization
---------------------------------------------------------------------------------
---------------------------------------------------------------------------------
Finished Timing Optimization : Time (s): cpu = 00:00:12 ; elapsed = 00:00:14 . Memory (MB): peak = 2442.227 ; gain = 567.840
---------------------------------------------------------------------------------
---------------------------------------------------------------------------------
Start Technology Mapping
---------------------------------------------------------------------------------
---------------------------------------------------------------------------------
Finished Technology Mapping : Time (s): cpu = 00:00:12 ; elapsed = 00:00:14 . Memory (MB): peak = 2442.227 ; gain = 567.840
---------------------------------------------------------------------------------
---------------------------------------------------------------------------------
Start IO Insertion
---------------------------------------------------------------------------------
---------------------------------------------------------------------------------
Start Flattening Before IO Insertion
---------------------------------------------------------------------------------
---------------------------------------------------------------------------------
Finished Flattening Before IO Insertion
---------------------------------------------------------------------------------
---------------------------------------------------------------------------------
Start Final Netlist Cleanup
---------------------------------------------------------------------------------
---------------------------------------------------------------------------------
Finished Final Netlist Cleanup
---------------------------------------------------------------------------------
---------------------------------------------------------------------------------
Finished IO Insertion : Time (s): cpu = 00:00:15 ; elapsed = 00:00:16 . Memory (MB): peak = 2442.227 ; gain = 567.840
---------------------------------------------------------------------------------
---------------------------------------------------------------------------------
Start Renaming Generated Instances
---------------------------------------------------------------------------------
---------------------------------------------------------------------------------
Finished Renaming Generated Instances : Time (s): cpu = 00:00:15 ; elapsed = 00:00:16 . Memory (MB): peak = 2442.227 ; gain = 567.840
---------------------------------------------------------------------------------
---------------------------------------------------------------------------------
Start Rebuilding User Hierarchy
---------------------------------------------------------------------------------
---------------------------------------------------------------------------------
Finished Rebuilding User Hierarchy : Time (s): cpu = 00:00:15 ; elapsed = 00:00:16 . Memory (MB): peak = 2442.227 ; gain = 567.840
---------------------------------------------------------------------------------
---------------------------------------------------------------------------------
Start Renaming Generated Ports
---------------------------------------------------------------------------------
---------------------------------------------------------------------------------
Finished Renaming Generated Ports : Time (s): cpu = 00:00:15 ; elapsed = 00:00:16 . Memory (MB): peak = 2442.227 ; gain = 567.840
---------------------------------------------------------------------------------
---------------------------------------------------------------------------------
Start Handling Custom Attributes
---------------------------------------------------------------------------------
---------------------------------------------------------------------------------
Finished Handling Custom Attributes : Time (s): cpu = 00:00:15 ; elapsed = 00:00:16 . Memory (MB): peak = 2442.227 ; gain = 567.840
---------------------------------------------------------------------------------
---------------------------------------------------------------------------------
Start Renaming Generated Nets
---------------------------------------------------------------------------------
---------------------------------------------------------------------------------
Finished Renaming Generated Nets : Time (s): cpu = 00:00:15 ; elapsed = 00:00:16 . Memory (MB): peak = 2442.227 ; gain = 567.840
---------------------------------------------------------------------------------
---------------------------------------------------------------------------------
Start Writing Synthesis Report
---------------------------------------------------------------------------------

Report BlackBoxes: 
+-+--------------+----------+
| |BlackBox name |Instances |
+-+--------------+----------+
+-+--------------+----------+

Report Cell Usage: 
+------+-------+------+
|      |Cell   |Count |
+------+-------+------+
|1     |CARRY4 |     7|
|2     |LUT1   |     3|
|3     |LUT2   |    31|
|4     |LUT3   |     2|
|5     |LUT4   |    34|
|6     |LUT6   |    42|
|7     |FDCE   |    28|
|8     |FDRE   |   170|
|9     |FDSE   |     1|
+------+-------+------+
---------------------------------------------------------------------------------
Finished Writing Synthesis Report : Time (s): cpu = 00:00:15 ; elapsed = 00:00:16 . Memory (MB): peak = 2442.227 ; gain = 567.840
---------------------------------------------------------------------------------
Synthesis finished with 0 errors, 0 critical warnings and 7 warnings.
Synthesis Optimization Runtime : Time (s): cpu = 00:00:10 ; elapsed = 00:00:15 . Memory (MB): peak = 2442.227 ; gain = 504.297
Synthesis Optimization Complete : Time (s): cpu = 00:00:15 ; elapsed = 00:00:16 . Memory (MB): peak = 2442.227 ; gain = 567.840
INFO: [Project 1-571] Translating synthesized netlist
Netlist sorting complete. Time (s): cpu = 00:00:00 ; elapsed = 00:00:00.002 . Memory (MB): peak = 2442.227 ; gain = 0.000
INFO: [Netlist 29-17] Analyzing 7 Unisim elements for replacement
INFO: [Netlist 29-28] Unisim Transformation completed in 0 CPU seconds
INFO: [Project 1-570] Preparing netlist for logic optimization
INFO: [Opt 31-138] Pushed 0 inverter(s) to 0 load pin(s).
Netlist sorting complete. Time (s): cpu = 00:00:00 ; elapsed = 00:00:00 . Memory (MB): peak = 2442.227 ; gain = 0.000
INFO: [Project 1-111] Unisim Transformation Summary:
No Unisim elements were transformed.

Synth Design complete | Checksum: edf4f1cc
INFO: [Common 17-83] Releasing license: Synthesis
46 Infos, 25 Warnings, 0 Critical Warnings and 0 Errors encountered.
synth_design completed successfully
synth_design: Time (s): cpu = 00:00:17 ; elapsed = 00:00:19 . Memory (MB): peak = 2442.227 ; gain = 949.371
INFO: [Common 17-1381] The checkpoint 'D:/vivado_pj/RTC_FND_AXI/RTC_FND_AXI.runs/rtc_fnd_axi_axi_fnd_v1_0_0_3_synth_1/rtc_fnd_axi_axi_fnd_v1_0_0_3.dcp' has been generated.
INFO: [Coretcl 2-1648] Added synthesis output to IP cache for IP rtc_fnd_axi_axi_fnd_v1_0_0_3, cache-ID = 5d18d13a5f63b582
INFO: [Coretcl 2-1174] Renamed 4 cell refs.
INFO: [Common 17-1381] The checkpoint 'D:/vivado_pj/RTC_FND_AXI/RTC_FND_AXI.runs/rtc_fnd_axi_axi_fnd_v1_0_0_3_synth_1/rtc_fnd_axi_axi_fnd_v1_0_0_3.dcp' has been generated.
INFO: [runtcl-4] Executing : report_utilization -file rtc_fnd_axi_axi_fnd_v1_0_0_3_utilization_synth.rpt -pb rtc_fnd_axi_axi_fnd_v1_0_0_3_utilization_synth.pb
INFO: [Common 17-206] Exiting Vivado at Tue Jun  9 12:36:53 2026...
