16:28:27 DEBUG : Logs will be stored at 'D:/vivado_pj/workspace/IDE.log'.
16:28:29 INFO  : Launching XSCT server: xsct.bat -n  -interactive D:\vivado_pj\workspace\temp_xsdb_launch_script.tcl
16:28:29 INFO  : Registering command handlers for Vitis TCF services
16:28:30 INFO  : Platform repository initialization has completed.
16:28:31 INFO  : XSCT server has started successfully.
16:28:31 INFO  : plnx-install-location is set to ''
16:28:31 INFO  : Successfully done setting XSCT server connection channel  
16:28:31 INFO  : Successfully done query RDI_DATADIR 
16:28:31 INFO  : Successfully done setting workspace for the tool. 
16:31:01 DEBUG : Logs will be stored at 'D:/vivado_pj/workspace/IDE.log'.
16:31:03 INFO  : Launching XSCT server: xsct.bat -n  -interactive D:\vivado_pj\workspace\temp_xsdb_launch_script.tcl
16:31:03 INFO  : Registering command handlers for Vitis TCF services
16:31:04 INFO  : Platform repository initialization has completed.
16:31:05 INFO  : XSCT server has started successfully.
16:31:05 INFO  : Successfully done setting XSCT server connection channel  
16:31:05 INFO  : plnx-install-location is set to ''
16:31:05 INFO  : Successfully done query RDI_DATADIR 
16:31:05 INFO  : Successfully done setting workspace for the tool. 
16:32:18 INFO  : Result from executing command 'getProjects': mb1_block_wrapper
16:32:18 INFO  : Result from executing command 'getPlatforms': xilinx_vck190_base_202220_1|D:/Xilinx/Vitis/2022.2/base_platforms/xilinx_vck190_base_202220_1/xilinx_vck190_base_202220_1.xpfm;xilinx_vck190_base_dfx_202220_1|D:/Xilinx/Vitis/2022.2/base_platforms/xilinx_vck190_base_dfx_202220_1/xilinx_vck190_base_dfx_202220_1.xpfm;xilinx_vmk180_base_202220_1|D:/Xilinx/Vitis/2022.2/base_platforms/xilinx_vmk180_base_202220_1/xilinx_vmk180_base_202220_1.xpfm;xilinx_zcu102_base_202220_1|D:/Xilinx/Vitis/2022.2/base_platforms/xilinx_zcu102_base_202220_1/xilinx_zcu102_base_202220_1.xpfm;xilinx_zcu102_base_dfx_202220_1|D:/Xilinx/Vitis/2022.2/base_platforms/xilinx_zcu102_base_dfx_202220_1/xilinx_zcu102_base_dfx_202220_1.xpfm;xilinx_zcu104_base_202220_1|D:/Xilinx/Vitis/2022.2/base_platforms/xilinx_zcu104_base_202220_1/xilinx_zcu104_base_202220_1.xpfm
16:32:19 WARN  : An unexpected exception occurred in the module 'platform project logging'
16:32:20 INFO  : Platform 'mb1_block_wrapper' is added to custom repositories.
16:32:21 INFO  : Platform 'mb1_block_wrapper' is added to custom repositories.
16:33:37 INFO  : Result from executing command 'getProjects': mb1_block_wrapper
16:33:37 INFO  : Result from executing command 'getPlatforms': mb1_block_wrapper|D:/vivado_pj/workspace/mb1_block_wrapper/export/mb1_block_wrapper/mb1_block_wrapper.xpfm;xilinx_vck190_base_202220_1|D:/Xilinx/Vitis/2022.2/base_platforms/xilinx_vck190_base_202220_1/xilinx_vck190_base_202220_1.xpfm;xilinx_vck190_base_dfx_202220_1|D:/Xilinx/Vitis/2022.2/base_platforms/xilinx_vck190_base_dfx_202220_1/xilinx_vck190_base_dfx_202220_1.xpfm;xilinx_vmk180_base_202220_1|D:/Xilinx/Vitis/2022.2/base_platforms/xilinx_vmk180_base_202220_1/xilinx_vmk180_base_202220_1.xpfm;xilinx_zcu102_base_202220_1|D:/Xilinx/Vitis/2022.2/base_platforms/xilinx_zcu102_base_202220_1/xilinx_zcu102_base_202220_1.xpfm;xilinx_zcu102_base_dfx_202220_1|D:/Xilinx/Vitis/2022.2/base_platforms/xilinx_zcu102_base_dfx_202220_1/xilinx_zcu102_base_dfx_202220_1.xpfm;xilinx_zcu104_base_202220_1|D:/Xilinx/Vitis/2022.2/base_platforms/xilinx_zcu104_base_202220_1/xilinx_zcu104_base_202220_1.xpfm
16:33:38 INFO  : Checking for BSP changes to sync application flags for project 'ledIntrrupt'...
21:24:28 DEBUG : Logs will be stored at 'C:/vivado_pj/workspace/IDE.log'.
21:24:29 INFO  : Launching XSCT server: xsct.bat -n  -interactive C:\vivado_pj\workspace\temp_xsdb_launch_script.tcl
21:24:32 INFO  : XSCT server has started successfully.
21:24:32 INFO  : Successfully done setting XSCT server connection channel  
21:24:32 INFO  : plnx-install-location is set to ''
21:24:32 INFO  : Successfully done setting workspace for the tool. 
21:24:35 INFO  : Platform repository initialization has completed.
21:24:41 INFO  : Registering command handlers for Vitis TCF services
21:24:41 INFO  : Successfully done query RDI_DATADIR 
21:24:41 WARN  : Failed to identify the type of project 'RemoteSystemsTempFiles'. Skipping...
21:24:41 WARN  : The following projects could not be identified as Vitis projects and will not be managed by the tool:
	RemoteSystemsTempFiles
09:54:41 DEBUG : Logs will be stored at 'D:/vivado_pj/workspace/IDE.log'.
09:56:09 DEBUG : Logs will be stored at 'D:/vivado_pj/workspace/IDE.log'.
09:57:49 DEBUG : Logs will be stored at 'D:/vivado_pj/workspace/IDE.log'.
09:59:22 DEBUG : Logs will be stored at 'D:/vivado_pj/workspace/IDE.log'.
09:59:23 INFO  : Launching XSCT server: xsct.bat -n  -interactive D:\vivado_pj\workspace\temp_xsdb_launch_script.tcl
09:59:27 INFO  : Registering command handlers for Vitis TCF services
09:59:27 INFO  : XSCT server has started successfully.
09:59:27 INFO  : plnx-install-location is set to ''
09:59:28 INFO  : Platform repository initialization has completed.
09:59:31 INFO  : Successfully done setting XSCT server connection channel  
09:59:31 INFO  : Successfully done query RDI_DATADIR 
09:59:31 INFO  : Successfully done setting workspace for the tool. 
10:32:16 INFO  : Result from executing command 'getProjects': mb1_block_wrapper
10:32:16 INFO  : Result from executing command 'getPlatforms': xilinx_vck190_base_202310_1|G:/Xilinx/Vitis/2023.1/base_platforms/xilinx_vck190_base_202310_1/xilinx_vck190_base_202310_1.xpfm;xilinx_vck190_base_dfx_202310_1|G:/Xilinx/Vitis/2023.1/base_platforms/xilinx_vck190_base_dfx_202310_1/xilinx_vck190_base_dfx_202310_1.xpfm;xilinx_vek280_es1_base_202310_1|G:/Xilinx/Vitis/2023.1/base_platforms/xilinx_vek280_es1_base_202310_1/xilinx_vek280_es1_base_202310_1.xpfm;xilinx_vmk180_base_202310_1|G:/Xilinx/Vitis/2023.1/base_platforms/xilinx_vmk180_base_202310_1/xilinx_vmk180_base_202310_1.xpfm;xilinx_zcu102_base_202310_1|G:/Xilinx/Vitis/2023.1/base_platforms/xilinx_zcu102_base_202310_1/xilinx_zcu102_base_202310_1.xpfm;xilinx_zcu102_base_dfx_202310_1|G:/Xilinx/Vitis/2023.1/base_platforms/xilinx_zcu102_base_dfx_202310_1/xilinx_zcu102_base_dfx_202310_1.xpfm;xilinx_zcu104_base_202310_1|G:/Xilinx/Vitis/2023.1/base_platforms/xilinx_zcu104_base_202310_1/xilinx_zcu104_base_202310_1.xpfm
10:32:17 INFO  : Checking for BSP changes to sync application flags for project 'ledIntrrupt'...
10:33:02 INFO  : Checking for BSP changes to sync application flags for project 'ledIntrrupt'...
10:33:12 INFO  : Checking for BSP changes to sync application flags for project 'ledIntrrupt'...
10:33:29 INFO  : Checking for BSP changes to sync application flags for project 'ledIntrrupt'...
10:33:44 INFO  : Checking for BSP changes to sync application flags for project 'ledIntrrupt'...
10:33:48 INFO  : Checking for BSP changes to sync application flags for project 'ledIntrrupt'...
10:34:04 INFO  : Checking for BSP changes to sync application flags for project 'ledIntrrupt'...
10:36:06 INFO  : Checking for BSP changes to sync application flags for project 'ledIntrrupt'...
10:50:53 INFO  : Checking for BSP changes to sync application flags for project 'ledIntrrupt'...
10:51:04 INFO  : Checking for BSP changes to sync application flags for project 'ledIntrrupt'...
10:58:08 INFO  : Checking for BSP changes to sync application flags for project 'ledIntrrupt'...
